<testsuites id="" name="" tests="103" failures="86" skipped="0" errors="0" time="4110.594663">
<testsuite name="mapbyregion.mbhpages.ts" timestamp="2024-06-14T15:04:44.957Z" hostname="chrome" tests="1" failures="1" skipped="0" time="90.123" errors="0">
<testcase name="map by region test" classname="mapbyregion.mbhpages.ts" time="90.123">
<properties>
<property name="slow" value="">
</property>
</properties>
<failure message="mapbyregion.mbhpages.ts:7:5 map by region test" type="FAILURE">
<![CDATA[  [chrome] › mapbyregion.mbhpages.ts:7:5 › map by region test ──────────────────────────────────────

    Test timeout of 90000ms exceeded.

    attachment #1: screenshot (image/png) ──────────────────────────────────────────────────────────
    test-results\mapbyregion.mbhpages.ts-map-by-region-test-chrome\test-failed-1.png
    ────────────────────────────────────────────────────────────────────────────────────────────────

    attachment #2: video (video/webm) ──────────────────────────────────────────────────────────────
    test-results\mapbyregion.mbhpages.ts-map-by-region-test-chrome\video.webm
    ────────────────────────────────────────────────────────────────────────────────────────────────
]]>
</failure>
<system-out>
<![CDATA[
[[ATTACHMENT|test-results\mapbyregion.mbhpages.ts-map-by-region-test-chrome\test-failed-1.png]]

[[ATTACHMENT|test-results\mapbyregion.mbhpages.ts-map-by-region-test-chrome\video.webm]]
]]>
</system-out>
</testcase>
</testsuite>
<testsuite name="mbhaddnewusers.mbhpages.ts" timestamp="2024-06-14T15:04:44.957Z" hostname="chrome" tests="1" failures="1" skipped="0" time="95.558" errors="0">
<testcase name="add new users" classname="mbhaddnewusers.mbhpages.ts" time="95.558">
<properties>
<property name="slow" value="">
</property>
</properties>
<failure message="mbhaddnewusers.mbhpages.ts:7:5 add new users" type="FAILURE">
<![CDATA[  [chrome] › mbhaddnewusers.mbhpages.ts:7:5 › add new users ────────────────────────────────────────

    Test timeout of 90000ms exceeded.

    Error: locator.click: Test timeout of 90000ms exceeded.
    Call log:
      - waiting for getByLabel('First Name *')


       at classes\usersPage.ts:44

      42 |     async newUser(fname,lname,email,cadmin,contents,users,clinical,reports,mapping,ustatus){
      43 |         //first name
    > 44 |         await this.page.getByLabel('First Name *').click();
         |                                                    ^
      45 |         await this.page.getByLabel('First Name *').fill(fname);
      46 |         //last name
      47 |         await this.page.getByLabel('Last Name *').click();

        at UsersPage.newUser (C:\Users\white\work\mbh-playwright\classes\usersPage.ts:44:52)
        at C:\Users\white\work\mbh-playwright\mbhaddnewusers.mbhpages.ts:22:17

    attachment #1: screenshot (image/png) ──────────────────────────────────────────────────────────
    test-results\mbhaddnewusers.mbhpages.ts-add-new-users-chrome\test-failed-1.png
    ────────────────────────────────────────────────────────────────────────────────────────────────

    attachment #2: video (video/webm) ──────────────────────────────────────────────────────────────
    test-results\mbhaddnewusers.mbhpages.ts-add-new-users-chrome\video.webm
    ────────────────────────────────────────────────────────────────────────────────────────────────
]]>
</failure>
<system-out>
<![CDATA[
[[ATTACHMENT|test-results\mbhaddnewusers.mbhpages.ts-add-new-users-chrome\test-failed-1.png]]

[[ATTACHMENT|test-results\mbhaddnewusers.mbhpages.ts-add-new-users-chrome\video.webm]]
]]>
</system-out>
</testcase>
</testsuite>
<testsuite name="mbhaddpatient.mbhpages.ts" timestamp="2024-06-14T15:04:44.957Z" hostname="chrome" tests="3" failures="3" skipped="0" time="288.164" errors="0">
<testcase name="addpatient" classname="mbhaddpatient.mbhpages.ts" time="96.064">
<properties>
<property name="slow" value="">
</property>
</properties>
<failure message="mbhaddpatient.mbhpages.ts:8:5 addpatient" type="FAILURE">
<![CDATA[  [chrome] › mbhaddpatient.mbhpages.ts:8:5 › addpatient ────────────────────────────────────────────

    Test timeout of 90000ms exceeded.

    Error: locator.click: Test timeout of 90000ms exceeded.
    Call log:
      - waiting for getByLabel('First Name *')


       at classes\patientsPage.ts:168

      166 |          //Required fields only
      167 |          //first name 
    > 168 |         await this.page.getByLabel('First Name *').click();
          |                                                    ^
      169 |         await this.page.getByLabel('First Name *').fill(fname);
      170 |          //last name 
      171 |          await this.page.getByLabel('Last Name *').click();

        at PatientsPage.addPatient (C:\Users\white\work\mbh-playwright\classes\patientsPage.ts:168:52)
        at C:\Users\white\work\mbh-playwright\mbhaddpatient.mbhpages.ts:22:5

    attachment #1: screenshot (image/png) ──────────────────────────────────────────────────────────
    test-results\mbhaddpatient.mbhpages.ts-addpatient-chrome\test-failed-1.png
    ────────────────────────────────────────────────────────────────────────────────────────────────

    attachment #2: video (video/webm) ──────────────────────────────────────────────────────────────
    test-results\mbhaddpatient.mbhpages.ts-addpatient-chrome\video.webm
    ────────────────────────────────────────────────────────────────────────────────────────────────
]]>
</failure>
<system-out>
<![CDATA[
[[ATTACHMENT|test-results\mbhaddpatient.mbhpages.ts-addpatient-chrome\test-failed-1.png]]

[[ATTACHMENT|test-results\mbhaddpatient.mbhpages.ts-addpatient-chrome\video.webm]]
]]>
</system-out>
</testcase>
<testcase name="add edit patient" classname="mbhaddpatient.mbhpages.ts" time="96.004">
<properties>
<property name="slow" value="">
</property>
</properties>
<failure message="mbhaddpatient.mbhpages.ts:31:5 add edit patient" type="FAILURE">
<![CDATA[  [chrome] › mbhaddpatient.mbhpages.ts:31:5 › add edit patient ─────────────────────────────────────

    Test timeout of 90000ms exceeded.

    Error: locator.click: Test timeout of 90000ms exceeded.
    Call log:
      - waiting for getByLabel('First Name *')


       at classes\patientsPage.ts:168

      166 |          //Required fields only
      167 |          //first name 
    > 168 |         await this.page.getByLabel('First Name *').click();
          |                                                    ^
      169 |         await this.page.getByLabel('First Name *').fill(fname);
      170 |          //last name 
      171 |          await this.page.getByLabel('Last Name *').click();

        at PatientsPage.addPatient (C:\Users\white\work\mbh-playwright\classes\patientsPage.ts:168:52)
        at C:\Users\white\work\mbh-playwright\mbhaddpatient.mbhpages.ts:45:5

    attachment #1: screenshot (image/png) ──────────────────────────────────────────────────────────
    test-results\mbhaddpatient.mbhpages.ts-add-edit-patient-chrome\test-failed-1.png
    ────────────────────────────────────────────────────────────────────────────────────────────────

    attachment #2: video (video/webm) ──────────────────────────────────────────────────────────────
    test-results\mbhaddpatient.mbhpages.ts-add-edit-patient-chrome\video.webm
    ────────────────────────────────────────────────────────────────────────────────────────────────
]]>
</failure>
<system-out>
<![CDATA[
[[ATTACHMENT|test-results\mbhaddpatient.mbhpages.ts-add-edit-patient-chrome\test-failed-1.png]]

[[ATTACHMENT|test-results\mbhaddpatient.mbhpages.ts-add-edit-patient-chrome\video.webm]]
]]>
</system-out>
</testcase>
<testcase name="new patient height and weight test" classname="mbhaddpatient.mbhpages.ts" time="96.096">
<properties>
<property name="slow" value="">
</property>
</properties>
<failure message="mbhaddpatient.mbhpages.ts:58:5 new patient height and weight test" type="FAILURE">
<![CDATA[  [chrome] › mbhaddpatient.mbhpages.ts:58:5 › new patient height and weight test ───────────────────

    Test timeout of 90000ms exceeded.

    Error: locator.click: Test timeout of 90000ms exceeded.
    Call log:
      - waiting for getByLabel('First Name *')


       at classes\patientsPage.ts:168

      166 |          //Required fields only
      167 |          //first name 
    > 168 |         await this.page.getByLabel('First Name *').click();
          |                                                    ^
      169 |         await this.page.getByLabel('First Name *').fill(fname);
      170 |          //last name 
      171 |          await this.page.getByLabel('Last Name *').click();

        at PatientsPage.addPatient (C:\Users\white\work\mbh-playwright\classes\patientsPage.ts:168:52)
        at C:\Users\white\work\mbh-playwright\mbhaddpatient.mbhpages.ts:72:5

    attachment #1: screenshot (image/png) ──────────────────────────────────────────────────────────
    test-results\mbhaddpatient.mbhpages.ts-new-patient-height-and-weight-test-chrome\test-failed-1.png
    ────────────────────────────────────────────────────────────────────────────────────────────────

    attachment #2: video (video/webm) ──────────────────────────────────────────────────────────────
    test-results\mbhaddpatient.mbhpages.ts-new-patient-height-and-weight-test-chrome\video.webm
    ────────────────────────────────────────────────────────────────────────────────────────────────
]]>
</failure>
<system-out>
<![CDATA[
[[ATTACHMENT|test-results\mbhaddpatient.mbhpages.ts-new-patient-height-and-weight-test-chrome\test-failed-1.png]]

[[ATTACHMENT|test-results\mbhaddpatient.mbhpages.ts-new-patient-height-and-weight-test-chrome\video.webm]]
]]>
</system-out>
</testcase>
</testsuite>
<testsuite name="mbhaddprovider.mbhpages.ts" timestamp="2024-06-14T15:04:44.957Z" hostname="chrome" tests="2" failures="2" skipped="0" time="191.715" errors="0">
<testcase name="addprovider" classname="mbhaddprovider.mbhpages.ts" time="95.73">
<properties>
<property name="slow" value="">
</property>
</properties>
<failure message="mbhaddprovider.mbhpages.ts:7:5 addprovider" type="FAILURE">
<![CDATA[  [chrome] › mbhaddprovider.mbhpages.ts:7:5 › addprovider ──────────────────────────────────────────

    Test timeout of 90000ms exceeded.

    Error: locator.click: Test timeout of 90000ms exceeded.
    Call log:
      - waiting for getByLabel('First Name *')


       at classes\providersPage.ts:38

      36 |             
      37 |         //first name (required)
    > 38 |         await this.page.getByLabel('First Name *').click();
         |                                                    ^
      39 |         await this.page.getByLabel('First Name *').fill(fname);     
      40 |         //middle name
      41 |         await this.page.getByLabel('Middle Name').click();

        at ProvidersPage.editAddProviderInfo (C:\Users\white\work\mbh-playwright\classes\providersPage.ts:38:52)
        at C:\Users\white\work\mbh-playwright\mbhaddprovider.mbhpages.ts:22:21

    attachment #1: screenshot (image/png) ──────────────────────────────────────────────────────────
    test-results\mbhaddprovider.mbhpages.ts-addprovider-chrome\test-failed-1.png
    ────────────────────────────────────────────────────────────────────────────────────────────────

    attachment #2: video (video/webm) ──────────────────────────────────────────────────────────────
    test-results\mbhaddprovider.mbhpages.ts-addprovider-chrome\video.webm
    ────────────────────────────────────────────────────────────────────────────────────────────────
]]>
</failure>
<system-out>
<![CDATA[
[[ATTACHMENT|test-results\mbhaddprovider.mbhpages.ts-addprovider-chrome\test-failed-1.png]]

[[ATTACHMENT|test-results\mbhaddprovider.mbhpages.ts-addprovider-chrome\video.webm]]
]]>
</system-out>
</testcase>
<testcase name="provider regression testing" classname="mbhaddprovider.mbhpages.ts" time="95.985">
<properties>
<property name="slow" value="">
</property>
</properties>
<failure message="mbhaddprovider.mbhpages.ts:31:5 provider regression testing" type="FAILURE">
<![CDATA[  [chrome] › mbhaddprovider.mbhpages.ts:31:5 › provider regression testing ─────────────────────────

    Test timeout of 90000ms exceeded.

    Error: locator.click: Test timeout of 90000ms exceeded.
    Call log:
      - waiting for getByLabel('First Name *')


       at classes\providersPage.ts:38

      36 |             
      37 |         //first name (required)
    > 38 |         await this.page.getByLabel('First Name *').click();
         |                                                    ^
      39 |         await this.page.getByLabel('First Name *').fill(fname);     
      40 |         //middle name
      41 |         await this.page.getByLabel('Middle Name').click();

        at ProvidersPage.editAddProviderInfo (C:\Users\white\work\mbh-playwright\classes\providersPage.ts:38:52)
        at C:\Users\white\work\mbh-playwright\mbhaddprovider.mbhpages.ts:46:21

    attachment #1: screenshot (image/png) ──────────────────────────────────────────────────────────
    test-results\mbhaddprovider.mbhpages.ts-provider-regression-testing-chrome\test-failed-1.png
    ────────────────────────────────────────────────────────────────────────────────────────────────

    attachment #2: video (video/webm) ──────────────────────────────────────────────────────────────
    test-results\mbhaddprovider.mbhpages.ts-provider-regression-testing-chrome\video.webm
    ────────────────────────────────────────────────────────────────────────────────────────────────
]]>
</failure>
<system-out>
<![CDATA[
[[ATTACHMENT|test-results\mbhaddprovider.mbhpages.ts-provider-regression-testing-chrome\test-failed-1.png]]

[[ATTACHMENT|test-results\mbhaddprovider.mbhpages.ts-provider-regression-testing-chrome\video.webm]]
]]>
</system-out>
</testcase>
</testsuite>
<testsuite name="mbhassignvisit.mbhpages.ts" timestamp="2024-06-14T15:04:44.957Z" hostname="chrome" tests="2" failures="0" skipped="0" time="43.987" errors="0">
<testcase name="test assign visit" classname="mbhassignvisit.mbhpages.ts" time="23.451">
<properties>
<property name="slow" value="">
</property>
</properties>
<system-out>
<![CDATA[
[[ATTACHMENT|test-results\mbhassignvisit.mbhpages.ts-test-assign-visit-chrome\test-finished-1.png]]

[[ATTACHMENT|test-results\mbhassignvisit.mbhpages.ts-test-assign-visit-chrome\video.webm]]
]]>
</system-out>
</testcase>
<testcase name="test unassign visit" classname="mbhassignvisit.mbhpages.ts" time="20.536">
<properties>
<property name="slow" value="">
</property>
</properties>
<system-out>
<![CDATA[
[[ATTACHMENT|test-results\mbhassignvisit.mbhpages.ts-test-unassign-visit-chrome\test-finished-1.png]]

[[ATTACHMENT|test-results\mbhassignvisit.mbhpages.ts-test-unassign-visit-chrome\video.webm]]
]]>
</system-out>
</testcase>
</testsuite>
<testsuite name="mbhcasetype.mbhpages.ts" timestamp="2024-06-14T15:04:44.957Z" hostname="chrome" tests="3" failures="3" skipped="0" time="270.303" errors="0">
<testcase name="delete case type" classname="mbhcasetype.mbhpages.ts" time="90.096">
<properties>
<property name="slow" value="">
</property>
</properties>
<failure message="mbhcasetype.mbhpages.ts:7:5 delete case type" type="FAILURE">
<![CDATA[  [chrome] › mbhcasetype.mbhpages.ts:7:5 › delete case type ────────────────────────────────────────

    Test timeout of 90000ms exceeded.

    attachment #1: screenshot (image/png) ──────────────────────────────────────────────────────────
    test-results\mbhcasetype.mbhpages.ts-delete-case-type-chrome\test-failed-1.png
    ────────────────────────────────────────────────────────────────────────────────────────────────

    attachment #2: video (video/webm) ──────────────────────────────────────────────────────────────
    test-results\mbhcasetype.mbhpages.ts-delete-case-type-chrome\video.webm
    ────────────────────────────────────────────────────────────────────────────────────────────────
]]>
</failure>
<system-out>
<![CDATA[
[[ATTACHMENT|test-results\mbhcasetype.mbhpages.ts-delete-case-type-chrome\test-failed-1.png]]

[[ATTACHMENT|test-results\mbhcasetype.mbhpages.ts-delete-case-type-chrome\video.webm]]
]]>
</system-out>
</testcase>
<testcase name="add/save case type" classname="mbhcasetype.mbhpages.ts" time="90.111">
<properties>
<property name="slow" value="">
</property>
</properties>
<failure message="mbhcasetype.mbhpages.ts:27:5 add/save case type" type="FAILURE">
<![CDATA[  [chrome] › mbhcasetype.mbhpages.ts:27:5 › add/save case type ─────────────────────────────────────

    Test timeout of 90000ms exceeded.

    attachment #1: screenshot (image/png) ──────────────────────────────────────────────────────────
    test-results\mbhcasetype.mbhpages.ts-add-save-case-type-chrome\test-failed-1.png
    ────────────────────────────────────────────────────────────────────────────────────────────────

    attachment #2: video (video/webm) ──────────────────────────────────────────────────────────────
    test-results\mbhcasetype.mbhpages.ts-add-save-case-type-chrome\video.webm
    ────────────────────────────────────────────────────────────────────────────────────────────────
]]>
</failure>
<system-out>
<![CDATA[
[[ATTACHMENT|test-results\mbhcasetype.mbhpages.ts-add-save-case-type-chrome\test-failed-1.png]]

[[ATTACHMENT|test-results\mbhcasetype.mbhpages.ts-add-save-case-type-chrome\video.webm]]
]]>
</system-out>
</testcase>
<testcase name="search/edit case type" classname="mbhcasetype.mbhpages.ts" time="90.096">
<properties>
<property name="slow" value="">
</property>
</properties>
<failure message="mbhcasetype.mbhpages.ts:48:5 search/edit case type" type="FAILURE">
<![CDATA[  [chrome] › mbhcasetype.mbhpages.ts:48:5 › search/edit case type ──────────────────────────────────

    Test timeout of 90000ms exceeded.

    attachment #1: screenshot (image/png) ──────────────────────────────────────────────────────────
    test-results\mbhcasetype.mbhpages.ts-search-edit-case-type-chrome\test-failed-1.png
    ────────────────────────────────────────────────────────────────────────────────────────────────

    attachment #2: video (video/webm) ──────────────────────────────────────────────────────────────
    test-results\mbhcasetype.mbhpages.ts-search-edit-case-type-chrome\video.webm
    ────────────────────────────────────────────────────────────────────────────────────────────────
]]>
</failure>
<system-out>
<![CDATA[
[[ATTACHMENT|test-results\mbhcasetype.mbhpages.ts-search-edit-case-type-chrome\test-failed-1.png]]

[[ATTACHMENT|test-results\mbhcasetype.mbhpages.ts-search-edit-case-type-chrome\video.webm]]
]]>
</system-out>
</testcase>
</testsuite>
<testsuite name="mbhcasetypesmapping.mbhpages.ts" timestamp="2024-06-14T15:04:44.957Z" hostname="chrome" tests="6" failures="3" skipped="0" time="232.963" errors="0">
<testcase name="check pagination on case type mapping page" classname="mbhcasetypesmapping.mbhpages.ts" time="11.164">
<properties>
<property name="slow" value="">
</property>
</properties>
<system-out>
<![CDATA[
[[ATTACHMENT|test-results\mbhcasetypesmapping.mbhpag-deb3b-n-on-case-type-mapping-page-chrome\test-finished-1.png]]

[[ATTACHMENT|test-results\mbhcasetypesmapping.mbhpag-deb3b-n-on-case-type-mapping-page-chrome\video.webm]]
]]>
</system-out>
</testcase>
<testcase name="pagination after search" classname="mbhcasetypesmapping.mbhpages.ts" time="90.115">
<properties>
<property name="slow" value="">
</property>
</properties>
<failure message="mbhcasetypesmapping.mbhpages.ts:25:5 pagination after search" type="FAILURE">
<![CDATA[  [chrome] › mbhcasetypesmapping.mbhpages.ts:25:5 › pagination after search ────────────────────────

    Test timeout of 90000ms exceeded.

    attachment #1: screenshot (image/png) ──────────────────────────────────────────────────────────
    test-results\mbhcasetypesmapping.mbhpages.ts-pagination-after-search-chrome\test-failed-1.png
    ────────────────────────────────────────────────────────────────────────────────────────────────

    attachment #2: video (video/webm) ──────────────────────────────────────────────────────────────
    test-results\mbhcasetypesmapping.mbhpages.ts-pagination-after-search-chrome\video.webm
    ────────────────────────────────────────────────────────────────────────────────────────────────
]]>
</failure>
<system-out>
<![CDATA[
[[ATTACHMENT|test-results\mbhcasetypesmapping.mbhpages.ts-pagination-after-search-chrome\test-failed-1.png]]

[[ATTACHMENT|test-results\mbhcasetypesmapping.mbhpages.ts-pagination-after-search-chrome\video.webm]]
]]>
</system-out>
</testcase>
<testcase name="pagination after filter" classname="mbhcasetypesmapping.mbhpages.ts" time="14.446">
<properties>
<property name="slow" value="">
</property>
</properties>
<failure message="mbhcasetypesmapping.mbhpages.ts:47:5 pagination after filter" type="FAILURE">
<![CDATA[  [chrome] › mbhcasetypesmapping.mbhpages.ts:47:5 › pagination after filter ────────────────────────

    Error: locator.click: Error: strict mode violation: getByText('CARDIO') resolved to 2 elements:
        1) <div _ngcontent-ng-c209578509="">CARDIOVERSION, WITH TRANSESOPHAGEAL ECHOCARDIOGRAM</div> aka getByText('CARDIOVERSION, WITH')
        2) <span class="mdc-list-item__primary-text"> CARDIO </span> aka getByText('CARDIO', { exact: true })

    Call log:
      - waiting for getByText('CARDIO')


       at classes\casetypesmappingPage.ts:49

      47 |     async searchTypeDropDown(casetype: string){
      48 |         await this.page.getByLabel('Case Type').locator('div').nth(2).click();
    > 49 |         await this.page.getByText(casetype).click();
         |                                             ^
      50 |     /**Case Type Key
      51 |      * unmapped
      52 |      * exclude

        at CasetypesmappingPage.searchTypeDropDown (C:\Users\white\work\mbh-playwright\classes\casetypesmappingPage.ts:49:45)
        at C:\Users\white\work\mbh-playwright\mbhcasetypesmapping.mbhpages.ts:63:5

    attachment #1: screenshot (image/png) ──────────────────────────────────────────────────────────
    test-results\mbhcasetypesmapping.mbhpages.ts-pagination-after-filter-chrome\test-failed-1.png
    ────────────────────────────────────────────────────────────────────────────────────────────────

    attachment #2: video (video/webm) ──────────────────────────────────────────────────────────────
    test-results\mbhcasetypesmapping.mbhpages.ts-pagination-after-filter-chrome\video.webm
    ────────────────────────────────────────────────────────────────────────────────────────────────
]]>
</failure>
<system-out>
<![CDATA[
[[ATTACHMENT|test-results\mbhcasetypesmapping.mbhpages.ts-pagination-after-filter-chrome\test-failed-1.png]]

[[ATTACHMENT|test-results\mbhcasetypesmapping.mbhpages.ts-pagination-after-filter-chrome\video.webm]]
]]>
</system-out>
</testcase>
<testcase name="map case type" classname="mbhcasetypesmapping.mbhpages.ts" time="90.12">
<properties>
<property name="slow" value="">
</property>
</properties>
<failure message="mbhcasetypesmapping.mbhpages.ts:69:5 map case type" type="FAILURE">
<![CDATA[  [chrome] › mbhcasetypesmapping.mbhpages.ts:69:5 › map case type ──────────────────────────────────

    Test timeout of 90000ms exceeded.

    attachment #1: screenshot (image/png) ──────────────────────────────────────────────────────────
    test-results\mbhcasetypesmapping.mbhpages.ts-map-case-type-chrome\test-failed-1.png
    ────────────────────────────────────────────────────────────────────────────────────────────────

    attachment #2: video (video/webm) ──────────────────────────────────────────────────────────────
    test-results\mbhcasetypesmapping.mbhpages.ts-map-case-type-chrome\video.webm
    ────────────────────────────────────────────────────────────────────────────────────────────────
]]>
</failure>
<system-out>
<![CDATA[
[[ATTACHMENT|test-results\mbhcasetypesmapping.mbhpages.ts-map-case-type-chrome\test-failed-1.png]]

[[ATTACHMENT|test-results\mbhcasetypesmapping.mbhpages.ts-map-case-type-chrome\video.webm]]
]]>
</system-out>
</testcase>
<testcase name="upload case type mappings" classname="mbhcasetypesmapping.mbhpages.ts" time="14.957">
<properties>
<property name="slow" value="">
</property>
</properties>
<system-out>
<![CDATA[
[[ATTACHMENT|test-results\mbhcasetypesmapping.mbhpages.ts-upload-case-type-mappings-chrome\test-finished-1.png]]

[[ATTACHMENT|test-results\mbhcasetypesmapping.mbhpages.ts-upload-case-type-mappings-chrome\video.webm]]
]]>
</system-out>
</testcase>
<testcase name="download case type mappings" classname="mbhcasetypesmapping.mbhpages.ts" time="12.161">
<properties>
<property name="slow" value="">
</property>
</properties>
<system-out>
<![CDATA[
[[ATTACHMENT|test-results\mbhcasetypesmapping.mbhpages.ts-download-case-type-mappings-chrome\test-finished-1.png]]

[[ATTACHMENT|test-results\mbhcasetypesmapping.mbhpages.ts-download-case-type-mappings-chrome\video.webm]]
]]>
</system-out>
</testcase>
</testsuite>
<testsuite name="mbhcompletecase.mbhpages.ts" timestamp="2024-06-14T15:04:44.957Z" hostname="chrome" tests="10" failures="9" skipped="0" time="844.105" errors="0">
<testcase name="complete surgical treated no followup" classname="mbhcompletecase.mbhpages.ts" time="90.104">
<properties>
<property name="slow" value="">
</property>
</properties>
<failure message="mbhcompletecase.mbhpages.ts:7:5 complete surgical treated no followup" type="FAILURE">
<![CDATA[  [chrome] › mbhcompletecase.mbhpages.ts:7:5 › complete surgical treated no followup ───────────────

    Test timeout of 90000ms exceeded.

    attachment #1: screenshot (image/png) ──────────────────────────────────────────────────────────
    test-results\mbhcompletecase.mbhpages.t-f2ab1-urgical-treated-no-followup-chrome\test-failed-1.png
    ────────────────────────────────────────────────────────────────────────────────────────────────

    attachment #2: video (video/webm) ──────────────────────────────────────────────────────────────
    test-results\mbhcompletecase.mbhpages.t-f2ab1-urgical-treated-no-followup-chrome\video.webm
    ────────────────────────────────────────────────────────────────────────────────────────────────
]]>
</failure>
<system-out>
<![CDATA[
[[ATTACHMENT|test-results\mbhcompletecase.mbhpages.t-f2ab1-urgical-treated-no-followup-chrome\test-failed-1.png]]

[[ATTACHMENT|test-results\mbhcompletecase.mbhpages.t-f2ab1-urgical-treated-no-followup-chrome\video.webm]]
]]>
</system-out>
</testcase>
<testcase name="complete surgical treated followup" classname="mbhcompletecase.mbhpages.ts" time="90.111">
<properties>
<property name="slow" value="">
</property>
</properties>
<failure message="mbhcompletecase.mbhpages.ts:31:5 complete surgical treated followup" type="FAILURE">
<![CDATA[  [chrome] › mbhcompletecase.mbhpages.ts:31:5 › complete surgical treated followup ─────────────────

    Test timeout of 90000ms exceeded.

    attachment #1: screenshot (image/png) ──────────────────────────────────────────────────────────
    test-results\mbhcompletecase.mbhpages.t-db467-e-surgical-treated-followup-chrome\test-failed-1.png
    ────────────────────────────────────────────────────────────────────────────────────────────────

    attachment #2: video (video/webm) ──────────────────────────────────────────────────────────────
    test-results\mbhcompletecase.mbhpages.t-db467-e-surgical-treated-followup-chrome\video.webm
    ────────────────────────────────────────────────────────────────────────────────────────────────
]]>
</failure>
<system-out>
<![CDATA[
[[ATTACHMENT|test-results\mbhcompletecase.mbhpages.t-db467-e-surgical-treated-followup-chrome\test-failed-1.png]]

[[ATTACHMENT|test-results\mbhcompletecase.mbhpages.t-db467-e-surgical-treated-followup-chrome\video.webm]]
]]>
</system-out>
</testcase>
<testcase name="complete surgical not treated no followup" classname="mbhcompletecase.mbhpages.ts" time="90.105">
<properties>
<property name="slow" value="">
</property>
</properties>
<failure message="mbhcompletecase.mbhpages.ts:55:5 complete surgical not treated no followup" type="FAILURE">
<![CDATA[  [chrome] › mbhcompletecase.mbhpages.ts:55:5 › complete surgical not treated no followup ──────────

    Test timeout of 90000ms exceeded.

    attachment #1: screenshot (image/png) ──────────────────────────────────────────────────────────
    test-results\mbhcompletecase.mbhpages.t-cad9a-cal-not-treated-no-followup-chrome\test-failed-1.png
    ────────────────────────────────────────────────────────────────────────────────────────────────

    attachment #2: video (video/webm) ──────────────────────────────────────────────────────────────
    test-results\mbhcompletecase.mbhpages.t-cad9a-cal-not-treated-no-followup-chrome\video.webm
    ────────────────────────────────────────────────────────────────────────────────────────────────
]]>
</failure>
<system-out>
<![CDATA[
[[ATTACHMENT|test-results\mbhcompletecase.mbhpages.t-cad9a-cal-not-treated-no-followup-chrome\test-failed-1.png]]

[[ATTACHMENT|test-results\mbhcompletecase.mbhpages.t-cad9a-cal-not-treated-no-followup-chrome\video.webm]]
]]>
</system-out>
</testcase>
<testcase name="complete surgical not treated followup" classname="mbhcompletecase.mbhpages.ts" time="90.108">
<properties>
<property name="slow" value="">
</property>
</properties>
<failure message="mbhcompletecase.mbhpages.ts:79:5 complete surgical not treated followup" type="FAILURE">
<![CDATA[  [chrome] › mbhcompletecase.mbhpages.ts:79:5 › complete surgical not treated followup ─────────────

    Test timeout of 90000ms exceeded.

    attachment #1: screenshot (image/png) ──────────────────────────────────────────────────────────
    test-results\mbhcompletecase.mbhpages.t-56139-rgical-not-treated-followup-chrome\test-failed-1.png
    ────────────────────────────────────────────────────────────────────────────────────────────────

    attachment #2: video (video/webm) ──────────────────────────────────────────────────────────────
    test-results\mbhcompletecase.mbhpages.t-56139-rgical-not-treated-followup-chrome\video.webm
    ────────────────────────────────────────────────────────────────────────────────────────────────
]]>
</failure>
<system-out>
<![CDATA[
[[ATTACHMENT|test-results\mbhcompletecase.mbhpages.t-56139-rgical-not-treated-followup-chrome\test-failed-1.png]]

[[ATTACHMENT|test-results\mbhcompletecase.mbhpages.t-56139-rgical-not-treated-followup-chrome\video.webm]]
]]>
</system-out>
</testcase>
<testcase name="complete nonsurgical treated no followup" classname="mbhcompletecase.mbhpages.ts" time="90.105">
<properties>
<property name="slow" value="">
</property>
</properties>
<failure message="mbhcompletecase.mbhpages.ts:103:5 complete nonsurgical treated no followup" type="FAILURE">
<![CDATA[  [chrome] › mbhcompletecase.mbhpages.ts:103:5 › complete nonsurgical treated no followup ──────────

    Test timeout of 90000ms exceeded.

    attachment #1: screenshot (image/png) ──────────────────────────────────────────────────────────
    test-results\mbhcompletecase.mbhpages.t-3912c-urgical-treated-no-followup-chrome\test-failed-1.png
    ────────────────────────────────────────────────────────────────────────────────────────────────

    attachment #2: video (video/webm) ──────────────────────────────────────────────────────────────
    test-results\mbhcompletecase.mbhpages.t-3912c-urgical-treated-no-followup-chrome\video.webm
    ────────────────────────────────────────────────────────────────────────────────────────────────
]]>
</failure>
<system-out>
<![CDATA[
[[ATTACHMENT|test-results\mbhcompletecase.mbhpages.t-3912c-urgical-treated-no-followup-chrome\test-failed-1.png]]

[[ATTACHMENT|test-results\mbhcompletecase.mbhpages.t-3912c-urgical-treated-no-followup-chrome\video.webm]]
]]>
</system-out>
</testcase>
<testcase name="complete nonsurgical treated followup" classname="mbhcompletecase.mbhpages.ts" time="95.066">
<properties>
<property name="slow" value="">
</property>
</properties>
<failure message="mbhcompletecase.mbhpages.ts:127:5 complete nonsurgical treated followup" type="FAILURE">
<![CDATA[  [chrome] › mbhcompletecase.mbhpages.ts:127:5 › complete nonsurgical treated followup ─────────────

    Test timeout of 90000ms exceeded.

    Error: locator.click: Test timeout of 90000ms exceeded.
    Call log:
      - waiting for locator('div').filter({ hasText: /^TreatedComplete Case Type \*$/ }).nth(1)


       at classes\worklistPage.ts:720

      718 |     async completeNonSurgicalVisit(completeType,treatment?,untreatedtype?,followup?,freason?,freasonfill?,specialty?,fyear?,fmonth?,fday?){
      719 |         await this.page.getByRole('button', {name: 'Complete Case'}).click();
    > 720 |         await this.page.locator('div').filter({ hasText: /^TreatedComplete Case Type \*$/ }).nth(1).click();
          |                                                                                                     ^
      721 |         await this.page.getByRole('option',{name:completeType,exact:true}).click();
      722 |         /**completeType
      723 |          * Treated

        at WorklistPage.completeNonSurgicalVisit (C:\Users\white\work\mbh-playwright\classes\worklistPage.ts:720:101)
        at C:\Users\white\work\mbh-playwright\mbhcompletecase.mbhpages.ts:145:5

    attachment #1: screenshot (image/png) ──────────────────────────────────────────────────────────
    test-results\mbhcompletecase.mbhpages.t-61354-onsurgical-treated-followup-chrome\test-failed-1.png
    ────────────────────────────────────────────────────────────────────────────────────────────────

    attachment #2: video (video/webm) ──────────────────────────────────────────────────────────────
    test-results\mbhcompletecase.mbhpages.t-61354-onsurgical-treated-followup-chrome\video.webm
    ────────────────────────────────────────────────────────────────────────────────────────────────
]]>
</failure>
<system-out>
<![CDATA[
[[ATTACHMENT|test-results\mbhcompletecase.mbhpages.t-61354-onsurgical-treated-followup-chrome\test-failed-1.png]]

[[ATTACHMENT|test-results\mbhcompletecase.mbhpages.t-61354-onsurgical-treated-followup-chrome\video.webm]]
]]>
</system-out>
</testcase>
<testcase name="complete nonsurgical not treated no followup" classname="mbhcompletecase.mbhpages.ts" time="90.106">
<properties>
<property name="slow" value="">
</property>
</properties>
<failure message="mbhcompletecase.mbhpages.ts:160:5 complete nonsurgical not treated no followup" type="FAILURE">
<![CDATA[  [chrome] › mbhcompletecase.mbhpages.ts:160:5 › complete nonsurgical not treated no followup ──────

    Test timeout of 90000ms exceeded.

    attachment #1: screenshot (image/png) ──────────────────────────────────────────────────────────
    test-results\mbhcompletecase.mbhpages.t-0d1cf-cal-not-treated-no-followup-chrome\test-failed-1.png
    ────────────────────────────────────────────────────────────────────────────────────────────────

    attachment #2: video (video/webm) ──────────────────────────────────────────────────────────────
    test-results\mbhcompletecase.mbhpages.t-0d1cf-cal-not-treated-no-followup-chrome\video.webm
    ────────────────────────────────────────────────────────────────────────────────────────────────
]]>
</failure>
<system-out>
<![CDATA[
[[ATTACHMENT|test-results\mbhcompletecase.mbhpages.t-0d1cf-cal-not-treated-no-followup-chrome\test-failed-1.png]]

[[ATTACHMENT|test-results\mbhcompletecase.mbhpages.t-0d1cf-cal-not-treated-no-followup-chrome\video.webm]]
]]>
</system-out>
</testcase>
<testcase name="complete nonsurgical not treated followup" classname="mbhcompletecase.mbhpages.ts" time="90.104">
<properties>
<property name="slow" value="">
</property>
</properties>
<failure message="mbhcompletecase.mbhpages.ts:184:5 complete nonsurgical not treated followup" type="FAILURE">
<![CDATA[  [chrome] › mbhcompletecase.mbhpages.ts:184:5 › complete nonsurgical not treated followup ─────────

    Test timeout of 90000ms exceeded.

    attachment #1: screenshot (image/png) ──────────────────────────────────────────────────────────
    test-results\mbhcompletecase.mbhpages.t-34029-rgical-not-treated-followup-chrome\test-failed-1.png
    ────────────────────────────────────────────────────────────────────────────────────────────────

    attachment #2: video (video/webm) ──────────────────────────────────────────────────────────────
    test-results\mbhcompletecase.mbhpages.t-34029-rgical-not-treated-followup-chrome\video.webm
    ────────────────────────────────────────────────────────────────────────────────────────────────
]]>
</failure>
<system-out>
<![CDATA[
[[ATTACHMENT|test-results\mbhcompletecase.mbhpages.t-34029-rgical-not-treated-followup-chrome\test-failed-1.png]]

[[ATTACHMENT|test-results\mbhcompletecase.mbhpages.t-34029-rgical-not-treated-followup-chrome\video.webm]]
]]>
</system-out>
</testcase>
<testcase name="test complete visit workflow" classname="mbhcompletecase.mbhpages.ts" time="22.629">
<properties>
<property name="slow" value="">
</property>
</properties>
<system-out>
<![CDATA[
[[ATTACHMENT|test-results\mbhcompletecase.mbhpages.ts-test-complete-visit-workflow-chrome\test-finished-1.png]]

[[ATTACHMENT|test-results\mbhcompletecase.mbhpages.ts-test-complete-visit-workflow-chrome\video.webm]]
]]>
</system-out>
</testcase>
<testcase name="test nonsurgical followup icon" classname="mbhcompletecase.mbhpages.ts" time="95.667">
<properties>
<property name="slow" value="">
</property>
</properties>
<failure message="mbhcompletecase.mbhpages.ts:232:5 test nonsurgical followup icon" type="FAILURE">
<![CDATA[  [chrome] › mbhcompletecase.mbhpages.ts:232:5 › test nonsurgical followup icon ────────────────────

    Test timeout of 90000ms exceeded.

    Error: locator.click: Test timeout of 90000ms exceeded.
    Call log:
      - waiting for locator('div').filter({ hasText: /^TreatedComplete Case Type \*$/ }).nth(1)


       at classes\worklistPage.ts:720

      718 |     async completeNonSurgicalVisit(completeType,treatment?,untreatedtype?,followup?,freason?,freasonfill?,specialty?,fyear?,fmonth?,fday?){
      719 |         await this.page.getByRole('button', {name: 'Complete Case'}).click();
    > 720 |         await this.page.locator('div').filter({ hasText: /^TreatedComplete Case Type \*$/ }).nth(1).click();
          |                                                                                                     ^
      721 |         await this.page.getByRole('option',{name:completeType,exact:true}).click();
      722 |         /**completeType
      723 |          * Treated

        at WorklistPage.completeNonSurgicalVisit (C:\Users\white\work\mbh-playwright\classes\worklistPage.ts:720:101)
        at C:\Users\white\work\mbh-playwright\mbhcompletecase.mbhpages.ts:253:5

    attachment #1: screenshot (image/png) ──────────────────────────────────────────────────────────
    test-results\mbhcompletecase.mbhpages.ts-test-nonsurgical-followup-icon-chrome\test-failed-1.png
    ────────────────────────────────────────────────────────────────────────────────────────────────

    attachment #2: video (video/webm) ──────────────────────────────────────────────────────────────
    test-results\mbhcompletecase.mbhpages.ts-test-nonsurgical-followup-icon-chrome\video.webm
    ────────────────────────────────────────────────────────────────────────────────────────────────
]]>
</failure>
<system-out>
<![CDATA[
[[ATTACHMENT|test-results\mbhcompletecase.mbhpages.ts-test-nonsurgical-followup-icon-chrome\test-failed-1.png]]

[[ATTACHMENT|test-results\mbhcompletecase.mbhpages.ts-test-nonsurgical-followup-icon-chrome\video.webm]]
]]>
</system-out>
</testcase>
</testsuite>
<testsuite name="mbhdashboardgcalc.mbhpages.ts" timestamp="2024-06-14T15:04:44.957Z" hostname="chrome" tests="6" failures="6" skipped="0" time="576.852" errors="0">
<testcase name="ganzoni calc negative kg test" classname="mbhdashboardgcalc.mbhpages.ts" time="96.068">
<properties>
<property name="slow" value="">
</property>
</properties>
<failure message="mbhdashboardgcalc.mbhpages.ts:6:5 ganzoni calc negative kg test" type="FAILURE">
<![CDATA[  [chrome] › mbhdashboardgcalc.mbhpages.ts:6:5 › ganzoni calc negative kg test ─────────────────────

    Test timeout of 90000ms exceeded.

    Error: locator.click: Test timeout of 90000ms exceeded.
    Call log:
      - waiting for getByLabel('Weight *')


       at classes\dashboardPage.ts:199

      197 |             await this.page.locator('#mat-radio-3').click();
      198 |             //enter kg weight
    > 199 |             await this.page.getByLabel('Weight *').click();
          |                                                    ^
      200 |             await this.page.getByLabel('Weight *').fill(weight);
      201 |         }
      202 |         else{

        at DashboardPage.ganzoniCalculator (C:\Users\white\work\mbh-playwright\classes\dashboardPage.ts:199:52)
        at C:\Users\white\work\mbh-playwright\mbhdashboardgcalc.mbhpages.ts:17:5

    attachment #1: screenshot (image/png) ──────────────────────────────────────────────────────────
    test-results\mbhdashboardgcalc.mbhpages.ts-ganzoni-calc-negative-kg-test-chrome\test-failed-1.png
    ────────────────────────────────────────────────────────────────────────────────────────────────

    attachment #2: video (video/webm) ──────────────────────────────────────────────────────────────
    test-results\mbhdashboardgcalc.mbhpages.ts-ganzoni-calc-negative-kg-test-chrome\video.webm
    ────────────────────────────────────────────────────────────────────────────────────────────────
]]>
</failure>
<system-out>
<![CDATA[
[[ATTACHMENT|test-results\mbhdashboardgcalc.mbhpages.ts-ganzoni-calc-negative-kg-test-chrome\test-failed-1.png]]

[[ATTACHMENT|test-results\mbhdashboardgcalc.mbhpages.ts-ganzoni-calc-negative-kg-test-chrome\video.webm]]
]]>
</system-out>
</testcase>
<testcase name="ganzoni calc negative lbs test" classname="mbhdashboardgcalc.mbhpages.ts" time="96.064">
<properties>
<property name="slow" value="">
</property>
</properties>
<failure message="mbhdashboardgcalc.mbhpages.ts:21:5 ganzoni calc negative lbs test" type="FAILURE">
<![CDATA[  [chrome] › mbhdashboardgcalc.mbhpages.ts:21:5 › ganzoni calc negative lbs test ───────────────────

    Test timeout of 90000ms exceeded.

    Error: locator.click: Test timeout of 90000ms exceeded.
    Call log:
      - waiting for getByLabel('Weight *')


       at classes\dashboardPage.ts:204

      202 |         else{
      203 |             //enter lbs weight
    > 204 |             await this.page.getByLabel('Weight *').click();
          |                                                    ^
      205 |             await this.page.getByLabel('Weight *').fill(weight);
      206 |         }
      207 |         //enter current hgb

        at DashboardPage.ganzoniCalculator (C:\Users\white\work\mbh-playwright\classes\dashboardPage.ts:204:52)
        at C:\Users\white\work\mbh-playwright\mbhdashboardgcalc.mbhpages.ts:32:5

    attachment #1: screenshot (image/png) ──────────────────────────────────────────────────────────
    test-results\mbhdashboardgcalc.mbhpages.ts-ganzoni-calc-negative-lbs-test-chrome\test-failed-1.png
    ────────────────────────────────────────────────────────────────────────────────────────────────

    attachment #2: video (video/webm) ──────────────────────────────────────────────────────────────
    test-results\mbhdashboardgcalc.mbhpages.ts-ganzoni-calc-negative-lbs-test-chrome\video.webm
    ────────────────────────────────────────────────────────────────────────────────────────────────
]]>
</failure>
<system-out>
<![CDATA[
[[ATTACHMENT|test-results\mbhdashboardgcalc.mbhpages.ts-ganzoni-calc-negative-lbs-test-chrome\test-failed-1.png]]

[[ATTACHMENT|test-results\mbhdashboardgcalc.mbhpages.ts-ganzoni-calc-negative-lbs-test-chrome\video.webm]]
]]>
</system-out>
</testcase>
<testcase name="ganzoni calc decimal kg test" classname="mbhdashboardgcalc.mbhpages.ts" time="95.989">
<properties>
<property name="slow" value="">
</property>
</properties>
<failure message="mbhdashboardgcalc.mbhpages.ts:35:5 ganzoni calc decimal kg test" type="FAILURE">
<![CDATA[  [chrome] › mbhdashboardgcalc.mbhpages.ts:35:5 › ganzoni calc decimal kg test ─────────────────────

    Test timeout of 90000ms exceeded.

    Error: locator.click: Test timeout of 90000ms exceeded.
    Call log:
      - waiting for getByLabel('Weight *')


       at classes\dashboardPage.ts:199

      197 |             await this.page.locator('#mat-radio-3').click();
      198 |             //enter kg weight
    > 199 |             await this.page.getByLabel('Weight *').click();
          |                                                    ^
      200 |             await this.page.getByLabel('Weight *').fill(weight);
      201 |         }
      202 |         else{

        at DashboardPage.ganzoniCalculator (C:\Users\white\work\mbh-playwright\classes\dashboardPage.ts:199:52)
        at C:\Users\white\work\mbh-playwright\mbhdashboardgcalc.mbhpages.ts:46:5

    attachment #1: screenshot (image/png) ──────────────────────────────────────────────────────────
    test-results\mbhdashboardgcalc.mbhpages.ts-ganzoni-calc-decimal-kg-test-chrome\test-failed-1.png
    ────────────────────────────────────────────────────────────────────────────────────────────────

    attachment #2: video (video/webm) ──────────────────────────────────────────────────────────────
    test-results\mbhdashboardgcalc.mbhpages.ts-ganzoni-calc-decimal-kg-test-chrome\video.webm
    ────────────────────────────────────────────────────────────────────────────────────────────────
]]>
</failure>
<system-out>
<![CDATA[
[[ATTACHMENT|test-results\mbhdashboardgcalc.mbhpages.ts-ganzoni-calc-decimal-kg-test-chrome\test-failed-1.png]]

[[ATTACHMENT|test-results\mbhdashboardgcalc.mbhpages.ts-ganzoni-calc-decimal-kg-test-chrome\video.webm]]
]]>
</system-out>
</testcase>
<testcase name="ganzoni calc decimal lbs test" classname="mbhdashboardgcalc.mbhpages.ts" time="96.226">
<properties>
<property name="slow" value="">
</property>
</properties>
<failure message="mbhdashboardgcalc.mbhpages.ts:49:5 ganzoni calc decimal lbs test" type="FAILURE">
<![CDATA[  [chrome] › mbhdashboardgcalc.mbhpages.ts:49:5 › ganzoni calc decimal lbs test ────────────────────

    Test timeout of 90000ms exceeded.

    Error: locator.click: Test timeout of 90000ms exceeded.
    Call log:
      - waiting for getByLabel('Weight *')


       at classes\dashboardPage.ts:204

      202 |         else{
      203 |             //enter lbs weight
    > 204 |             await this.page.getByLabel('Weight *').click();
          |                                                    ^
      205 |             await this.page.getByLabel('Weight *').fill(weight);
      206 |         }
      207 |         //enter current hgb

        at DashboardPage.ganzoniCalculator (C:\Users\white\work\mbh-playwright\classes\dashboardPage.ts:204:52)
        at C:\Users\white\work\mbh-playwright\mbhdashboardgcalc.mbhpages.ts:60:5

    attachment #1: screenshot (image/png) ──────────────────────────────────────────────────────────
    test-results\mbhdashboardgcalc.mbhpages.ts-ganzoni-calc-decimal-lbs-test-chrome\test-failed-1.png
    ────────────────────────────────────────────────────────────────────────────────────────────────

    attachment #2: video (video/webm) ──────────────────────────────────────────────────────────────
    test-results\mbhdashboardgcalc.mbhpages.ts-ganzoni-calc-decimal-lbs-test-chrome\video.webm
    ────────────────────────────────────────────────────────────────────────────────────────────────
]]>
</failure>
<system-out>
<![CDATA[
[[ATTACHMENT|test-results\mbhdashboardgcalc.mbhpages.ts-ganzoni-calc-decimal-lbs-test-chrome\test-failed-1.png]]

[[ATTACHMENT|test-results\mbhdashboardgcalc.mbhpages.ts-ganzoni-calc-decimal-lbs-test-chrome\video.webm]]
]]>
</system-out>
</testcase>
<testcase name="ganzoni calc higher current hgb for kg test" classname="mbhdashboardgcalc.mbhpages.ts" time="96.229">
<properties>
<property name="slow" value="">
</property>
</properties>
<failure message="mbhdashboardgcalc.mbhpages.ts:63:5 ganzoni calc higher current hgb for kg test" type="FAILURE">
<![CDATA[  [chrome] › mbhdashboardgcalc.mbhpages.ts:63:5 › ganzoni calc higher current hgb for kg test ──────

    Test timeout of 90000ms exceeded.

    Error: locator.click: Test timeout of 90000ms exceeded.
    Call log:
      - waiting for getByLabel('Weight *')


       at classes\dashboardPage.ts:199

      197 |             await this.page.locator('#mat-radio-3').click();
      198 |             //enter kg weight
    > 199 |             await this.page.getByLabel('Weight *').click();
          |                                                    ^
      200 |             await this.page.getByLabel('Weight *').fill(weight);
      201 |         }
      202 |         else{

        at DashboardPage.ganzoniCalculator (C:\Users\white\work\mbh-playwright\classes\dashboardPage.ts:199:52)
        at C:\Users\white\work\mbh-playwright\mbhdashboardgcalc.mbhpages.ts:74:5

    attachment #1: screenshot (image/png) ──────────────────────────────────────────────────────────
    test-results\mbhdashboardgcalc.mbhpages-dc386-her-current-hgb-for-kg-test-chrome\test-failed-1.png
    ────────────────────────────────────────────────────────────────────────────────────────────────

    attachment #2: video (video/webm) ──────────────────────────────────────────────────────────────
    test-results\mbhdashboardgcalc.mbhpages-dc386-her-current-hgb-for-kg-test-chrome\video.webm
    ────────────────────────────────────────────────────────────────────────────────────────────────
]]>
</failure>
<system-out>
<![CDATA[
[[ATTACHMENT|test-results\mbhdashboardgcalc.mbhpages-dc386-her-current-hgb-for-kg-test-chrome\test-failed-1.png]]

[[ATTACHMENT|test-results\mbhdashboardgcalc.mbhpages-dc386-her-current-hgb-for-kg-test-chrome\video.webm]]
]]>
</system-out>
</testcase>
<testcase name="ganzoni calc higher current hgb for lbs test" classname="mbhdashboardgcalc.mbhpages.ts" time="96.276">
<properties>
<property name="slow" value="">
</property>
</properties>
<failure message="mbhdashboardgcalc.mbhpages.ts:77:5 ganzoni calc higher current hgb for lbs test" type="FAILURE">
<![CDATA[  [chrome] › mbhdashboardgcalc.mbhpages.ts:77:5 › ganzoni calc higher current hgb for lbs test ─────

    Test timeout of 90000ms exceeded.

    Error: locator.click: Test timeout of 90000ms exceeded.
    Call log:
      - waiting for getByLabel('Weight *')


       at classes\dashboardPage.ts:204

      202 |         else{
      203 |             //enter lbs weight
    > 204 |             await this.page.getByLabel('Weight *').click();
          |                                                    ^
      205 |             await this.page.getByLabel('Weight *').fill(weight);
      206 |         }
      207 |         //enter current hgb

        at DashboardPage.ganzoniCalculator (C:\Users\white\work\mbh-playwright\classes\dashboardPage.ts:204:52)
        at C:\Users\white\work\mbh-playwright\mbhdashboardgcalc.mbhpages.ts:88:5

    attachment #1: screenshot (image/png) ──────────────────────────────────────────────────────────
    test-results\mbhdashboardgcalc.mbhpages-2a219-er-current-hgb-for-lbs-test-chrome\test-failed-1.png
    ────────────────────────────────────────────────────────────────────────────────────────────────

    attachment #2: video (video/webm) ──────────────────────────────────────────────────────────────
    test-results\mbhdashboardgcalc.mbhpages-2a219-er-current-hgb-for-lbs-test-chrome\video.webm
    ────────────────────────────────────────────────────────────────────────────────────────────────
]]>
</failure>
<system-out>
<![CDATA[
[[ATTACHMENT|test-results\mbhdashboardgcalc.mbhpages-2a219-er-current-hgb-for-lbs-test-chrome\test-failed-1.png]]

[[ATTACHMENT|test-results\mbhdashboardgcalc.mbhpages-2a219-er-current-hgb-for-lbs-test-chrome\video.webm]]
]]>
</system-out>
</testcase>
</testsuite>
<testsuite name="mbhdocumentpreview.mbhpages.ts" timestamp="2024-06-14T15:04:44.957Z" hostname="chrome" tests="1" failures="1" skipped="0" time="96.539" errors="0">
<testcase name="document preview" classname="mbhdocumentpreview.mbhpages.ts" time="96.539">
<properties>
<property name="slow" value="">
</property>
</properties>
<failure message="mbhdocumentpreview.mbhpages.ts:7:5 document preview" type="FAILURE">
<![CDATA[  [chrome] › mbhdocumentpreview.mbhpages.ts:7:5 › document preview ─────────────────────────────────

    Test timeout of 90000ms exceeded.

    Error: locator.focus: Test timeout of 90000ms exceeded.
    Call log:
      - waiting for getByText('Sam Smyth', { exact: true }).first()


       at classes\worklistPage.ts:190

      188 |     // select patient visit from worklist
      189 |     async selectPatientfromSearch(patient){
    > 190 |         await this.page.getByText(patient,{exact:true}).first().focus();
          |                                                                 ^
      191 |         await this.page.getByText(patient,{exact:true}).first().click();
      192 |     }
      193 |     async backarrow(){

        at WorklistPage.selectPatientfromSearch (C:\Users\white\work\mbh-playwright\classes\worklistPage.ts:190:65)
        at C:\Users\white\work\mbh-playwright\mbhdocumentpreview.mbhpages.ts:22:20

    attachment #1: screenshot (image/png) ──────────────────────────────────────────────────────────
    test-results\mbhdocumentpreview.mbhpages.ts-document-preview-chrome\test-failed-1.png
    ────────────────────────────────────────────────────────────────────────────────────────────────

    attachment #2: video (video/webm) ──────────────────────────────────────────────────────────────
    test-results\mbhdocumentpreview.mbhpages.ts-document-preview-chrome\video.webm
    ────────────────────────────────────────────────────────────────────────────────────────────────
]]>
</failure>
<system-out>
<![CDATA[
[[ATTACHMENT|test-results\mbhdocumentpreview.mbhpages.ts-document-preview-chrome\test-failed-1.png]]

[[ATTACHMENT|test-results\mbhdocumentpreview.mbhpages.ts-document-preview-chrome\video.webm]]
]]>
</system-out>
</testcase>
</testsuite>
<testsuite name="mbhdocuments.mbhpages.ts" timestamp="2024-06-14T15:04:44.957Z" hostname="chrome" tests="3" failures="3" skipped="0" time="208.468" errors="0">
<testcase name="upload document" classname="mbhdocuments.mbhpages.ts" time="95.787">
<properties>
<property name="slow" value="">
</property>
</properties>
<failure message="mbhdocuments.mbhpages.ts:7:5 upload document" type="FAILURE">
<![CDATA[  [chrome] › mbhdocuments.mbhpages.ts:7:5 › upload document ────────────────────────────────────────

    Test timeout of 90000ms exceeded.

    Error: locator.click: Test timeout of 90000ms exceeded.
    Call log:
      - waiting for getByLabel('Document Name *')


       at classes\documentsPage.ts:180

      178 |       async newStaticDoc(docname,desc,doctype,casetype,docstat){
      179 |         //document name (fillable)
    > 180 |         await this.page.getByLabel('Document Name *').click();
          |                                                       ^
      181 |         await this.page.getByLabel('Document Name *').fill(docname);
      182 |         //document description (fillable)
      183 |         await this.page.getByLabel('Description *').click();

        at DocumentsPage.newStaticDoc (C:\Users\white\work\mbh-playwright\classes\documentsPage.ts:180:55)
        at C:\Users\white\work\mbh-playwright\mbhdocuments.mbhpages.ts:22:20

    attachment #1: screenshot (image/png) ──────────────────────────────────────────────────────────
    test-results\mbhdocuments.mbhpages.ts-upload-document-chrome\test-failed-1.png
    ────────────────────────────────────────────────────────────────────────────────────────────────

    attachment #2: video (video/webm) ──────────────────────────────────────────────────────────────
    test-results\mbhdocuments.mbhpages.ts-upload-document-chrome\video.webm
    ────────────────────────────────────────────────────────────────────────────────────────────────
]]>
</failure>
<system-out>
<![CDATA[
[[ATTACHMENT|test-results\mbhdocuments.mbhpages.ts-upload-document-chrome\test-failed-1.png]]

[[ATTACHMENT|test-results\mbhdocuments.mbhpages.ts-upload-document-chrome\video.webm]]
]]>
</system-out>
</testcase>
<testcase name="preview document" classname="mbhdocuments.mbhpages.ts" time="16.352">
<properties>
<property name="slow" value="">
</property>
</properties>
<failure message="mbhdocuments.mbhpages.ts:26:5 preview document" type="FAILURE">
<![CDATA[  [chrome] › mbhdocuments.mbhpages.ts:26:5 › preview document ──────────────────────────────────────

    Error: locator.click: Error: strict mode violation: getByText('Playwright Test Document', { exact: true }) resolved to 5 elements:
        1) <div class="cellText ng-star-inserted">Playwright Test Document</div> aka getByRole('link', { name: 'Playwright Test Document' }).first()
        2) <div class="cellText ng-star-inserted">Playwright Test Document</div> aka getByRole('link', { name: 'Playwright Test Document' }).nth(1)
        3) <div class="cellText ng-star-inserted">Playwright Test Document</div> aka getByRole('link', { name: 'Playwright Test Document' }).nth(2)
        4) <div class="cellText ng-star-inserted">Playwright Test Document</div> aka getByRole('link', { name: 'Playwright Test Document' }).nth(3)
        5) <div class="cellText ng-star-inserted">Playwright Test Document</div> aka getByRole('link', { name: 'Playwright Test Document' }).nth(4)

    Call log:
      - waiting for getByText('Playwright Test Document', { exact: true })


       at classes\documentsPage.ts:56

      54 |     //document name (clickable)
      55 |     async selectDocFromList(docname){
    > 56 |         await this.page.getByText(docname,{exact:true}).click();
         |                                                         ^
      57 |     }
      58 |      //preview button
      59 |      async previewdoc(){

        at DocumentsPage.selectDocFromList (C:\Users\white\work\mbh-playwright\classes\documentsPage.ts:56:57)
        at C:\Users\white\work\mbh-playwright\mbhdocuments.mbhpages.ts:41:20

    attachment #1: screenshot (image/png) ──────────────────────────────────────────────────────────
    test-results\mbhdocuments.mbhpages.ts-preview-document-chrome\test-failed-1.png
    ────────────────────────────────────────────────────────────────────────────────────────────────

    attachment #2: video (video/webm) ──────────────────────────────────────────────────────────────
    test-results\mbhdocuments.mbhpages.ts-preview-document-chrome\video.webm
    ────────────────────────────────────────────────────────────────────────────────────────────────
]]>
</failure>
<system-out>
<![CDATA[
[[ATTACHMENT|test-results\mbhdocuments.mbhpages.ts-preview-document-chrome\test-failed-1.png]]

[[ATTACHMENT|test-results\mbhdocuments.mbhpages.ts-preview-document-chrome\video.webm]]
]]>
</system-out>
</testcase>
<testcase name="add/edit/delete document" classname="mbhdocuments.mbhpages.ts" time="96.329">
<properties>
<property name="slow" value="">
</property>
</properties>
<failure message="mbhdocuments.mbhpages.ts:45:5 add/edit/delete document" type="FAILURE">
<![CDATA[  [chrome] › mbhdocuments.mbhpages.ts:45:5 › add/edit/delete document ──────────────────────────────

    Test timeout of 90000ms exceeded.

    Error: locator.click: Test timeout of 90000ms exceeded.
    Call log:
      - waiting for getByLabel('Document Name *')


       at classes\documentsPage.ts:69

      67 |     async addEditDoc(docname,desc,doctype,casetype,docstat){
      68 |         //document name (fillable)
    > 69 |         await this.page.getByLabel('Document Name *').click();
         |                                                       ^
      70 |         await this.page.getByLabel('Document Name *').fill(docname);
      71 |         //document description (fillable)
      72 |         await this.page.getByLabel('Description *').click();

        at DocumentsPage.addEditDoc (C:\Users\white\work\mbh-playwright\classes\documentsPage.ts:69:55)
        at C:\Users\white\work\mbh-playwright\mbhdocuments.mbhpages.ts:62:20

    attachment #1: screenshot (image/png) ──────────────────────────────────────────────────────────
    test-results\mbhdocuments.mbhpages.ts-add-edit-delete-document-chrome\test-failed-1.png
    ────────────────────────────────────────────────────────────────────────────────────────────────

    attachment #2: video (video/webm) ──────────────────────────────────────────────────────────────
    test-results\mbhdocuments.mbhpages.ts-add-edit-delete-document-chrome\video.webm
    ────────────────────────────────────────────────────────────────────────────────────────────────
]]>
</failure>
<system-out>
<![CDATA[
[[ATTACHMENT|test-results\mbhdocuments.mbhpages.ts-add-edit-delete-document-chrome\test-failed-1.png]]

[[ATTACHMENT|test-results\mbhdocuments.mbhpages.ts-add-edit-delete-document-chrome\video.webm]]
]]>
</system-out>
</testcase>
</testsuite>
<testsuite name="mbheditexistingnonsurgical.mbhpages.ts" timestamp="2024-06-14T15:04:44.957Z" hostname="chrome" tests="1" failures="1" skipped="0" time="95.386" errors="0">
<testcase name="edit existing non surgical" classname="mbheditexistingnonsurgical.mbhpages.ts" time="95.386">
<properties>
<property name="slow" value="">
</property>
</properties>
<failure message="mbheditexistingnonsurgical.mbhpages.ts:7:5 edit existing non surgical" type="FAILURE">
<![CDATA[  [chrome] › mbheditexistingnonsurgical.mbhpages.ts:7:5 › edit existing non surgical ───────────────

    Test timeout of 90000ms exceeded.

    Error: locator.click: Test timeout of 90000ms exceeded.
    Call log:
      - waiting for locator('#mat-checkbox-6 > .mat-checkbox-layout > .mat-checkbox-inner-container')


       at classes\worklistPage.ts:560

      558 |          //*Existing */
      559 |          //select the existing check box
    > 560 |          await this.page.locator('#mat-checkbox-6 > .mat-checkbox-layout > .mat-checkbox-inner-container').click();
          |                                                                                                            ^
      561 |          //search field for patient or mrn
      562 |          await this.page.getByLabel('Patient / MRN').click();
      563 |          await this.page.getByRole('combobox', { name: 'Patient / MRN' }).fill(mrn);

        at WorklistPage.scheduleChronicVisit (C:\Users\white\work\mbh-playwright\classes\worklistPage.ts:560:108)
        at C:\Users\white\work\mbh-playwright\mbheditexistingnonsurgical.mbhpages.ts:22:5

    attachment #1: screenshot (image/png) ──────────────────────────────────────────────────────────
    test-results\mbheditexistingnonsurgical-38661--edit-existing-non-surgical-chrome\test-failed-1.png
    ────────────────────────────────────────────────────────────────────────────────────────────────

    attachment #2: video (video/webm) ──────────────────────────────────────────────────────────────
    test-results\mbheditexistingnonsurgical-38661--edit-existing-non-surgical-chrome\video.webm
    ────────────────────────────────────────────────────────────────────────────────────────────────
]]>
</failure>
<system-out>
<![CDATA[
[[ATTACHMENT|test-results\mbheditexistingnonsurgical-38661--edit-existing-non-surgical-chrome\test-failed-1.png]]

[[ATTACHMENT|test-results\mbheditexistingnonsurgical-38661--edit-existing-non-surgical-chrome\video.webm]]
]]>
</system-out>
</testcase>
</testsuite>
<testsuite name="mbheditexistingsurgical.mbhpages.ts" timestamp="2024-06-14T15:04:44.957Z" hostname="chrome" tests="1" failures="1" skipped="0" time="95.411" errors="0">
<testcase name="edit existing surgical" classname="mbheditexistingsurgical.mbhpages.ts" time="95.411">
<properties>
<property name="slow" value="">
</property>
</properties>
<failure message="mbheditexistingsurgical.mbhpages.ts:7:5 edit existing surgical" type="FAILURE">
<![CDATA[  [chrome] › mbheditexistingsurgical.mbhpages.ts:7:5 › edit existing surgical ──────────────────────

    Test timeout of 90000ms exceeded.

    Error: locator.click: Test timeout of 90000ms exceeded.
    Call log:
      - waiting for locator('#mat-checkbox-6 > .mat-checkbox-layout > .mat-checkbox-inner-container')


       at classes\worklistPage.ts:335

      333 |          //*Existing */
      334 |          //select the existing check box
    > 335 |          await this.page.locator('#mat-checkbox-6 > .mat-checkbox-layout > .mat-checkbox-inner-container').click();
          |                                                                                                            ^
      336 |          //search field for patient or mrn
      337 |          await this.page.getByLabel('Patient / MRN').click();
      338 |          await this.page.getByRole('combobox', { name: 'Patient / MRN' }).fill(mrn);

        at WorklistPage.scheduleSurgicalVisit (C:\Users\white\work\mbh-playwright\classes\worklistPage.ts:335:108)
        at C:\Users\white\work\mbh-playwright\mbheditexistingsurgical.mbhpages.ts:22:5

    attachment #1: screenshot (image/png) ──────────────────────────────────────────────────────────
    test-results\mbheditexistingsurgical.mbhpages.ts-edit-existing-surgical-chrome\test-failed-1.png
    ────────────────────────────────────────────────────────────────────────────────────────────────

    attachment #2: video (video/webm) ──────────────────────────────────────────────────────────────
    test-results\mbheditexistingsurgical.mbhpages.ts-edit-existing-surgical-chrome\video.webm
    ────────────────────────────────────────────────────────────────────────────────────────────────
]]>
</failure>
<system-out>
<![CDATA[
[[ATTACHMENT|test-results\mbheditexistingsurgical.mbhpages.ts-edit-existing-surgical-chrome\test-failed-1.png]]

[[ATTACHMENT|test-results\mbheditexistingsurgical.mbhpages.ts-edit-existing-surgical-chrome\video.webm]]
]]>
</system-out>
</testcase>
</testsuite>
<testsuite name="mbheditpatienthw.mbhpages.ts" timestamp="2024-06-14T15:04:44.957Z" hostname="chrome" tests="2" failures="2" skipped="0" time="191.957" errors="0">
<testcase name="edit patient height and weight" classname="mbheditpatienthw.mbhpages.ts" time="95.712">
<properties>
<property name="slow" value="">
</property>
</properties>
<failure message="mbheditpatienthw.mbhpages.ts:7:5 edit patient height and weight" type="FAILURE">
<![CDATA[  [chrome] › mbheditpatienthw.mbhpages.ts:7:5 › edit patient height and weight ─────────────────────

    Test timeout of 90000ms exceeded.

    Error: locator.click: Test timeout of 90000ms exceeded.
    Call log:
      - waiting for getByLabel('Change Description *')


       at classes\worklistPage.ts:826

      824 |         await this.page.getByRole('button',{name:'Edit Patient'}).click();
      825 |          //change description note box
    > 826 |         await this.page.getByLabel('Change Description *').click();
          |                                                            ^
      827 |         await this.page.getByLabel('Change Description *').fill(changeDesc)
      828 |     }
      829 |     //edit patient information

        at WorklistPage.editPatientDetails (C:\Users\white\work\mbh-playwright\classes\worklistPage.ts:826:60)
        at C:\Users\white\work\mbh-playwright\mbheditpatienthw.mbhpages.ts:24:5

    attachment #1: screenshot (image/png) ──────────────────────────────────────────────────────────
    test-results\mbheditpatienthw.mbhpages.ts-edit-patient-height-and-weight-chrome\test-failed-1.png
    ────────────────────────────────────────────────────────────────────────────────────────────────

    attachment #2: video (video/webm) ──────────────────────────────────────────────────────────────
    test-results\mbheditpatienthw.mbhpages.ts-edit-patient-height-and-weight-chrome\video.webm
    ────────────────────────────────────────────────────────────────────────────────────────────────
]]>
</failure>
<system-out>
<![CDATA[
[[ATTACHMENT|test-results\mbheditpatienthw.mbhpages.ts-edit-patient-height-and-weight-chrome\test-failed-1.png]]

[[ATTACHMENT|test-results\mbheditpatienthw.mbhpages.ts-edit-patient-height-and-weight-chrome\video.webm]]
]]>
</system-out>
</testcase>
<testcase name="edit toggles" classname="mbheditpatienthw.mbhpages.ts" time="96.245">
<properties>
<property name="slow" value="">
</property>
</properties>
<failure message="mbheditpatienthw.mbhpages.ts:36:5 edit toggles" type="FAILURE">
<![CDATA[  [chrome] › mbheditpatienthw.mbhpages.ts:36:5 › edit toggles ──────────────────────────────────────

    Test timeout of 90000ms exceeded.

    Error: locator.click: Test timeout of 90000ms exceeded.
    Call log:
      - waiting for locator('id=mat-slide-toggle-1')


       at classes\worklistPage.ts:856

      854 |     //Invasive Treatment Toggle
      855 |     async invasiveToggle(){
    > 856 |         await this.page.locator('id=mat-slide-toggle-1').click()
          |                                                          ^
      857 |         await this.page.getByTitle('Invasive').screenshot({path:'invasive.png'});
      858 |     }
      859 |

        at WorklistPage.invasiveToggle (C:\Users\white\work\mbh-playwright\classes\worklistPage.ts:856:58)
        at C:\Users\white\work\mbh-playwright\mbheditpatienthw.mbhpages.ts:53:20

    attachment #1: screenshot (image/png) ──────────────────────────────────────────────────────────
    test-results\mbheditpatienthw.mbhpages.ts-edit-toggles-chrome\test-failed-1.png
    ────────────────────────────────────────────────────────────────────────────────────────────────

    attachment #2: video (video/webm) ──────────────────────────────────────────────────────────────
    test-results\mbheditpatienthw.mbhpages.ts-edit-toggles-chrome\video.webm
    ────────────────────────────────────────────────────────────────────────────────────────────────
]]>
</failure>
<system-out>
<![CDATA[
[[ATTACHMENT|test-results\mbheditpatienthw.mbhpages.ts-edit-toggles-chrome\test-failed-1.png]]

[[ATTACHMENT|test-results\mbheditpatienthw.mbhpages.ts-edit-toggles-chrome\video.webm]]
]]>
</system-out>
</testcase>
</testsuite>
<testsuite name="mbheditpatientnonsurgical.mbhpages.ts" timestamp="2024-06-14T15:04:44.957Z" hostname="chrome" tests="1" failures="1" skipped="0" time="95.728" errors="0">
<testcase name="edit patient non surgical" classname="mbheditpatientnonsurgical.mbhpages.ts" time="95.728">
<properties>
<property name="slow" value="">
</property>
</properties>
<failure message="mbheditpatientnonsurgical.mbhpages.ts:7:5 edit patient non surgical" type="FAILURE">
<![CDATA[  [chrome] › mbheditpatientnonsurgical.mbhpages.ts:7:5 › edit patient non surgical ─────────────────

    Test timeout of 90000ms exceeded.

    Error: locator.click: Test timeout of 90000ms exceeded.
    Call log:
      - waiting for getByLabel('Change Description *')


       at classes\worklistPage.ts:826

      824 |         await this.page.getByRole('button',{name:'Edit Patient'}).click();
      825 |          //change description note box
    > 826 |         await this.page.getByLabel('Change Description *').click();
          |                                                            ^
      827 |         await this.page.getByLabel('Change Description *').fill(changeDesc)
      828 |     }
      829 |     //edit patient information

        at WorklistPage.editPatientDetails (C:\Users\white\work\mbh-playwright\classes\worklistPage.ts:826:60)
        at C:\Users\white\work\mbh-playwright\mbheditpatientnonsurgical.mbhpages.ts:24:5

    attachment #1: screenshot (image/png) ──────────────────────────────────────────────────────────
    test-results\mbheditpatientnonsurgical.-cbd5b-s-edit-patient-non-surgical-chrome\test-failed-1.png
    ────────────────────────────────────────────────────────────────────────────────────────────────

    attachment #2: video (video/webm) ──────────────────────────────────────────────────────────────
    test-results\mbheditpatientnonsurgical.-cbd5b-s-edit-patient-non-surgical-chrome\video.webm
    ────────────────────────────────────────────────────────────────────────────────────────────────
]]>
</failure>
<system-out>
<![CDATA[
[[ATTACHMENT|test-results\mbheditpatientnonsurgical.-cbd5b-s-edit-patient-non-surgical-chrome\test-failed-1.png]]

[[ATTACHMENT|test-results\mbheditpatientnonsurgical.-cbd5b-s-edit-patient-non-surgical-chrome\video.webm]]
]]>
</system-out>
</testcase>
</testsuite>
<testsuite name="mbheditpatientsurgical.mbhpages.ts" timestamp="2024-06-14T15:04:44.957Z" hostname="chrome" tests="3" failures="2" skipped="0" time="242.056" errors="0">
<testcase name="edit patient surgical" classname="mbheditpatientsurgical.mbhpages.ts" time="95.806">
<properties>
<property name="slow" value="">
</property>
</properties>
<failure message="mbheditpatientsurgical.mbhpages.ts:8:5 edit patient surgical" type="FAILURE">
<![CDATA[  [chrome] › mbheditpatientsurgical.mbhpages.ts:8:5 › edit patient surgical ────────────────────────

    Test timeout of 90000ms exceeded.

    Error: locator.click: Test timeout of 90000ms exceeded.
    Call log:
      - waiting for getByLabel('Change Description *')


       at classes\worklistPage.ts:826

      824 |         await this.page.getByRole('button',{name:'Edit Patient'}).click();
      825 |          //change description note box
    > 826 |         await this.page.getByLabel('Change Description *').click();
          |                                                            ^
      827 |         await this.page.getByLabel('Change Description *').fill(changeDesc)
      828 |     }
      829 |     //edit patient information

        at WorklistPage.editPatientDetails (C:\Users\white\work\mbh-playwright\classes\worklistPage.ts:826:60)
        at C:\Users\white\work\mbh-playwright\mbheditpatientsurgical.mbhpages.ts:25:5

    attachment #1: screenshot (image/png) ──────────────────────────────────────────────────────────
    test-results\mbheditpatientsurgical.mbhpages.ts-edit-patient-surgical-chrome\test-failed-1.png
    ────────────────────────────────────────────────────────────────────────────────────────────────

    attachment #2: video (video/webm) ──────────────────────────────────────────────────────────────
    test-results\mbheditpatientsurgical.mbhpages.ts-edit-patient-surgical-chrome\video.webm
    ────────────────────────────────────────────────────────────────────────────────────────────────
]]>
</failure>
<system-out>
<![CDATA[
[[ATTACHMENT|test-results\mbheditpatientsurgical.mbhpages.ts-edit-patient-surgical-chrome\test-failed-1.png]]

[[ATTACHMENT|test-results\mbheditpatientsurgical.mbhpages.ts-edit-patient-surgical-chrome\video.webm]]
]]>
</system-out>
</testcase>
<testcase name="verify latest labs" classname="mbheditpatientsurgical.mbhpages.ts" time="18.823">
<properties>
<property name="slow" value="">
</property>
</properties>
<system-out>
<![CDATA[
[[ATTACHMENT|test-results\mbheditpatientsurgical.mbhpages.ts-verify-latest-labs-chrome\test-finished-1.png]]

[[ATTACHMENT|test-results\mbheditpatientsurgical.mbhpages.ts-verify-latest-labs-chrome\video.webm]]
]]>
</system-out>
</testcase>
<testcase name="verify latest labs after add" classname="mbheditpatientsurgical.mbhpages.ts" time="127.427">
<properties>
<property name="slow" value="">
</property>
</properties>
<failure message="mbheditpatientsurgical.mbhpages.ts:55:5 verify latest labs after add" type="FAILURE">
<![CDATA[  [chrome] › mbheditpatientsurgical.mbhpages.ts:55:5 › verify latest labs after add ────────────────

    Test timeout of 120000ms exceeded.

    Error: locator.click: Test timeout of 120000ms exceeded.
    Call log:
      - waiting for locator('.mat-checkbox-inner-container').first()


       at classes\worklistPage.ts:245

      243 |          //*New */
      244 |          //select the new check box
    > 245 |          await this.page.locator('.mat-checkbox-inner-container').first().click();
          |                                                                           ^
      246 |          //first name
      247 |          await this.page.getByLabel('First Name *').click();
      248 |          await this.page.getByLabel('First Name *').fill(fname);

        at WorklistPage.scheduleSurgicalVisit (C:\Users\white\work\mbh-playwright\classes\worklistPage.ts:245:75)
        at C:\Users\white\work\mbh-playwright\mbheditpatientsurgical.mbhpages.ts:71:5

    attachment #1: screenshot (image/png) ──────────────────────────────────────────────────────────
    test-results\mbheditpatientsurgical.mbh-5d554-erify-latest-labs-after-add-chrome\test-failed-1.png
    ────────────────────────────────────────────────────────────────────────────────────────────────

    attachment #2: video (video/webm) ──────────────────────────────────────────────────────────────
    test-results\mbheditpatientsurgical.mbh-5d554-erify-latest-labs-after-add-chrome\video.webm
    ────────────────────────────────────────────────────────────────────────────────────────────────
]]>
</failure>
<system-out>
<![CDATA[
[[ATTACHMENT|test-results\mbheditpatientsurgical.mbh-5d554-erify-latest-labs-after-add-chrome\test-failed-1.png]]

[[ATTACHMENT|test-results\mbheditpatientsurgical.mbh-5d554-erify-latest-labs-after-add-chrome\video.webm]]
]]>
</system-out>
</testcase>
</testsuite>
<testsuite name="mbheditprovidersNPI.mbhpages.ts" timestamp="2024-06-14T15:04:44.957Z" hostname="chrome" tests="1" failures="1" skipped="0" time="96.411" errors="0">
<testcase name="edit provider NPI" classname="mbheditprovidersNPI.mbhpages.ts" time="96.411">
<properties>
<property name="slow" value="">
</property>
</properties>
<failure message="mbheditprovidersNPI.mbhpages.ts:7:5 edit provider NPI" type="FAILURE">
<![CDATA[  [chrome] › mbheditprovidersNPI.mbhpages.ts:7:5 › edit provider NPI ───────────────────────────────

    Test timeout of 90000ms exceeded.

    Error: locator.click: Test timeout of 90000ms exceeded.
    Call log:
      - waiting for getByLabel('NPI *')


       at classes\providersPage.ts:106

      104 |     //edit provider's NPI
      105 |     async editProviderNPI(npi){
    > 106 |         await this.page.getByLabel('NPI *').click();
          |                                             ^
      107 |         await this.page.getByLabel('NPI *').fill(npi);
      108 |     }
      109 |             //save provider button

        at ProvidersPage.editProviderNPI (C:\Users\white\work\mbh-playwright\classes\providersPage.ts:106:45)
        at C:\Users\white\work\mbh-playwright\mbheditprovidersNPI.mbhpages.ts:22:21

    attachment #1: screenshot (image/png) ──────────────────────────────────────────────────────────
    test-results\mbheditprovidersNPI.mbhpages.ts-edit-provider-NPI-chrome\test-failed-1.png
    ────────────────────────────────────────────────────────────────────────────────────────────────

    attachment #2: video (video/webm) ──────────────────────────────────────────────────────────────
    test-results\mbheditprovidersNPI.mbhpages.ts-edit-provider-NPI-chrome\video.webm
    ────────────────────────────────────────────────────────────────────────────────────────────────
]]>
</failure>
<system-out>
<![CDATA[
[[ATTACHMENT|test-results\mbheditprovidersNPI.mbhpages.ts-edit-provider-NPI-chrome\test-failed-1.png]]

[[ATTACHMENT|test-results\mbheditprovidersNPI.mbhpages.ts-edit-provider-NPI-chrome\video.webm]]
]]>
</system-out>
</testcase>
</testsuite>
<testsuite name="mbhemailtemplates.mbhpages.ts" timestamp="2024-06-14T15:04:44.957Z" hostname="chrome" tests="2" failures="1" skipped="0" time="108.512" errors="0">
<testcase name="search,edit email template" classname="mbhemailtemplates.mbhpages.ts" time="95.942">
<properties>
<property name="slow" value="">
</property>
</properties>
<failure message="mbhemailtemplates.mbhpages.ts:7:5 search,edit email template" type="FAILURE">
<![CDATA[  [chrome] › mbhemailtemplates.mbhpages.ts:7:5 › search,edit email template ────────────────────────

    Test timeout of 90000ms exceeded.

    Error: locator.click: Test timeout of 90000ms exceeded.
    Call log:
      - waiting for getByLabel('Search email template')
      -   locator resolved to <input matinput="" id="mat-input-0" ngdefaultcontrol=""…/>
      - attempting click action
      -   waiting for element to be visible, enabled and stable
      -   element is visible, enabled and stable
      -   scrolling into view if needed
      -   done scrolling
      -   <mat-label _ngcontent-ng-c1203864546="" class="ng-tns-c3736…>Search email template</mat-label> from <div matformfieldnotchedoutline="" class="mdc-notched…>…</div> subtree intercepts pointer events
      - retrying click action, attempt #1
      -   waiting for element to be visible, enabled and stable
      -   element is visible, enabled and stable
      -   scrolling into view if needed
      -   done scrolling
      -   <mat-label _ngcontent-ng-c1203864546="" class="ng-tns-c3736…>Search email template</mat-label> from <div matformfieldnotchedoutline="" class="mdc-notched…>…</div> subtree intercepts pointer events
      - retrying click action, attempt #2
      -   waiting 20ms
      -   waiting for element to be visible, enabled and stable
      -   element is visible, enabled and stable
      -   scrolling into view if needed
      -   done scrolling
      -   <mat-label _ngcontent-ng-c1203864546="" class="ng-tns-c3736…>Search email template</mat-label> from <div matformfieldnotchedoutline="" class="mdc-notched…>…</div> subtree intercepts pointer events
      - retrying click action, attempt #3
      -   waiting 100ms
      -   waiting for element to be visible, enabled and stable
      -   element is visible, enabled and stable
      -   scrolling into view if needed
      -   done scrolling
      -   <mat-label _ngcontent-ng-c1203864546="" class="ng-tns-c3736…>Search email template</mat-label> from <div matformfieldnotchedoutline="" class="mdc-notched…>…</div> subtree intercepts pointer events
      - retrying click action, attempt #4
      -   waiting 100ms
      -   waiting for element to be visible, enabled and stable
      -   element is visible, enabled and stable
      -   scrolling into view if needed
      -   done scrolling
      -   <mat-label _ngcontent-ng-c1203864546="" class="ng-tns-c3736…>Search email template</mat-label> from <div matformfieldnotchedoutline="" class="mdc-notched…>…</div> subtree intercepts pointer events
      - retrying click action, attempt #5
      -   waiting 500ms
      -   waiting for element to be visible, enabled and stable
      -   element is visible, enabled and stable
      -   scrolling into view if needed
      -   done scrolling
      -   <mat-label _ngcontent-ng-c1203864546="" class="ng-tns-c3736…>Search email template</mat-label> from <div matformfieldnotchedoutline="" class="mdc-notched…>…</div> subtree intercepts pointer events
      - retrying click action, attempt #6
      -   waiting 500ms
      -   waiting for element to be visible, enabled and stable
      -   element is visible, enabled and stable
      -   scrolling into view if needed
      -   done scrolling
      -   <mat-label _ngcontent-ng-c1203864546="" class="ng-tns-c3736…>Search email template</mat-label> from <div matformfieldnotchedoutline="" class="mdc-notched…>…</div> subtree intercepts pointer events
      - retrying click action, attempt #7
      -   waiting 500ms
      -   waiting for element to be visible, enabled and stable
      -   element is visible, enabled and stable
      -   scrolling into view if needed
      -   done scrolling
      -   <mat-label _ngcontent-ng-c1203864546="" class="ng-tns-c3736…>Search email template</mat-label> from <div matformfieldnotchedoutline="" class="mdc-notched…>…</div> subtree intercepts pointer events
      - retrying click action, attempt #8
      -   waiting 500ms
      -   waiting for element to be visible, enabled and stable
      -   element is visible, enabled and stable
      -   scrolling into view if needed
      -   done scrolling
      -   <mat-label _ngcontent-ng-c1203864546="" class="ng-tns-c3736…>Search email template</mat-label> from <div matformfieldnotchedoutline="" class="mdc-notched…>…</div> subtree intercepts pointer events
      - retrying click action, attempt #9
      -   waiting 500ms
      -   waiting for element to be visible, enabled and stable
      -   element is visible, enabled and stable
      -   scrolling into view if needed
      -   done scrolling
      -   <mat-label _ngcontent-ng-c1203864546="" class="ng-tns-c3736…>Search email template</mat-label> from <div matformfieldnotchedoutline="" class="mdc-notched…>…</div> subtree intercepts pointer events
      - retrying click action, attempt #10
      -   waiting 500ms
      -   waiting for element to be visible, enabled and stable
      -   element is visible, enabled and stable
      -   scrolling into view if needed
      -   done scrolling
      -   <mat-label _ngcontent-ng-c1203864546="" class="ng-tns-c3736…>Search email template</mat-label> from <div matformfieldnotchedoutline="" class="mdc-notched…>…</div> subtree intercepts pointer events
      - retrying click action, attempt #11
      -   waiting 500ms
      -   waiting for element to be visible, enabled and stable
      -   element is visible, enabled and stable
      -   scrolling into view if needed
      -   done scrolling
      -   <mat-label _ngcontent-ng-c1203864546="" class="ng-tns-c3736…>Search email template</mat-label> from <div matformfieldnotchedoutline="" class="mdc-notched…>…</div> subtree intercepts pointer events
      - retrying click action, attempt #12
      -   waiting 500ms
      -   waiting for element to be visible, enabled and stable
      -   element is visible, enabled and stable
      -   scrolling into view if needed
      -   done scrolling
      -   <mat-label _ngcontent-ng-c1203864546="" class="ng-tns-c3736…>Search email template</mat-label> from <div matformfieldnotchedoutline="" class="mdc-notched…>…</div> subtree intercepts pointer events
      - retrying click action, attempt #13
      -   waiting 500ms
      -   waiting for element to be visible, enabled and stable
      -   element is visible, enabled and stable
      -   scrolling into view if needed
      -   done scrolling
      -   <mat-label _ngcontent-ng-c1203864546="" class="ng-tns-c3736…>Search email template</mat-label> from <div matformfieldnotchedoutline="" class="mdc-notched…>…</div> subtree intercepts pointer events
      - retrying click action, attempt #14
      -   waiting 500ms
      -   waiting for element to be visible, enabled and stable
      -   element is visible, enabled and stable
      -   scrolling into view if needed
      -   done scrolling
      -   <mat-label _ngcontent-ng-c1203864546="" class="ng-tns-c3736…>Search email template</mat-label> from <div matformfieldnotchedoutline="" class="mdc-notched…>…</div> subtree intercepts pointer events
      - retrying click action, attempt #15
      -   waiting 500ms
      -   waiting for element to be visible, enabled and stable
      -   element is visible, enabled and stable
      -   scrolling into view if needed
      -   done scrolling
      -   <mat-label _ngcontent-ng-c1203864546="" class="ng-tns-c3736…>Search email template</mat-label> from <div matformfieldnotchedoutline="" class="mdc-notched…>…</div> subtree intercepts pointer events
      - retrying click action, attempt #16
      -   waiting 500ms
      -   waiting for element to be visible, enabled and stable
      -   element is visible, enabled and stable
      -   scrolling into view if needed
      -   done scrolling
      -   <mat-label _ngcontent-ng-c1203864546="" class="ng-tns-c3736…>Search email template</mat-label> from <div matformfieldnotchedoutline="" class="mdc-notched…>…</div> subtree intercepts pointer events
      - retrying click action, attempt #17
      -   waiting 500ms
      -   waiting for element to be visible, enabled and stable
      -   element is visible, enabled and stable
      -   scrolling into view if needed
      -   done scrolling
      -   <mat-label _ngcontent-ng-c1203864546="" class="ng-tns-c3736…>Search email template</mat-label> from <div matformfieldnotchedoutline="" class="mdc-notched…>…</div> subtree intercepts pointer events
      - retrying click action, attempt #18
      -   waiting 500ms
      -   waiting for element to be visible, enabled and stable
      -   element is visible, enabled and stable
      -   scrolling into view if needed
      -   done scrolling
      -   <mat-label _ngcontent-ng-c1203864546="" class="ng-tns-c3736…>Search email template</mat-label> from <div matformfieldnotchedoutline="" class="mdc-notched…>…</div> subtree intercepts pointer events
      - retrying click action, attempt #19
      -   waiting 500ms
      -   waiting for element to be visible, enabled and stable
      -   element is visible, enabled and stable
      -   scrolling into view if needed
      -   done scrolling
      -   <mat-label _ngcontent-ng-c1203864546="" class="ng-tns-c3736…>Search email template</mat-label> from <div matformfieldnotchedoutline="" class="mdc-notched…>…</div> subtree intercepts pointer events
      - retrying click action, attempt #20
      -   waiting 500ms
      -   waiting for element to be visible, enabled and stable
      -   element is visible, enabled and stable
      -   scrolling into view if needed
      -   done scrolling
      -   <mat-label _ngcontent-ng-c1203864546="" class="ng-tns-c3736…>Search email template</mat-label> from <div matformfieldnotchedoutline="" class="mdc-notched…>…</div> subtree intercepts pointer events
      - retrying click action, attempt #21
      -   waiting 500ms
      -   waiting for element to be visible, enabled and stable
      -   element is visible, enabled and stable
      -   scrolling into view if needed
      -   done scrolling
      -   <mat-label _ngcontent-ng-c1203864546="" class="ng-tns-c3736…>Search email template</mat-label> from <div matformfieldnotchedoutline="" class="mdc-notched…>…</div> subtree intercepts pointer events
      - retrying click action, attempt #22
      -   waiting 500ms
      -   waiting for element to be visible, enabled and stable
      -   element is visible, enabled and stable
      -   scrolling into view if needed
      -   done scrolling
      -   <mat-label _ngcontent-ng-c1203864546="" class="ng-tns-c3736…>Search email template</mat-label> from <div matformfieldnotchedoutline="" class="mdc-notched…>…</div> subtree intercepts pointer events
      - retrying click action, attempt #23
      -   waiting 500ms
      -   waiting for element to be visible, enabled and stable
      -   element is visible, enabled and stable
      -   scrolling into view if needed
      -   done scrolling
      -   <mat-label _ngcontent-ng-c1203864546="" class="ng-tns-c3736…>Search email template</mat-label> from <div matformfieldnotchedoutline="" class="mdc-notched…>…</div> subtree intercepts pointer events
      - retrying click action, attempt #24
      -   waiting 500ms
      -   waiting for element to be visible, enabled and stable
      -   element is visible, enabled and stable
      -   scrolling into view if needed
      -   done scrolling
      -   <mat-label _ngcontent-ng-c1203864546="" class="ng-tns-c3736…>Search email template</mat-label> from <div matformfieldnotchedoutline="" class="mdc-notched…>…</div> subtree intercepts pointer events
      - retrying click action, attempt #25
      -   waiting 500ms
      -   waiting for element to be visible, enabled and stable
      -   element is visible, enabled and stable
      -   scrolling into view if needed
      -   done scrolling
      -   <mat-label _ngcontent-ng-c1203864546="" class="ng-tns-c3736…>Search email template</mat-label> from <div matformfieldnotchedoutline="" class="mdc-notched…>…</div> subtree intercepts pointer events
      - retrying click action, attempt #26
      -   waiting 500ms
      -   waiting for element to be visible, enabled and stable
      -   element is visible, enabled and stable
      -   scrolling into view if needed
      -   done scrolling
      -   <mat-label _ngcontent-ng-c1203864546="" class="ng-tns-c3736…>Search email template</mat-label> from <div matformfieldnotchedoutline="" class="mdc-notched…>…</div> subtree intercepts pointer events
      - retrying click action, attempt #27
      -   waiting 500ms
      -   waiting for element to be visible, enabled and stable
      -   element is visible, enabled and stable
      -   scrolling into view if needed
      -   done scrolling
      -   <mat-label _ngcontent-ng-c1203864546="" class="ng-tns-c3736…>Search email template</mat-label> from <div matformfieldnotchedoutline="" class="mdc-notched…>…</div> subtree intercepts pointer events
      - retrying click action, attempt #28
      -   waiting 500ms
      -   waiting for element to be visible, enabled and stable
      -   element is visible, enabled and stable
      -   scrolling into view if needed
      -   done scrolling
      -   <mat-label _ngcontent-ng-c1203864546="" class="ng-tns-c3736…>Search email template</mat-label> from <div matformfieldnotchedoutline="" class="mdc-notched…>…</div> subtree intercepts pointer events
      - retrying click action, attempt #29
      -   waiting 500ms
      -   waiting for element to be visible, enabled and stable
      -   element is visible, enabled and stable
      -   scrolling into view if needed
      -   done scrolling
      -   <mat-label _ngcontent-ng-c1203864546="" class="ng-tns-c3736…>Search email template</mat-label> from <div matformfieldnotchedoutline="" class="mdc-notched…>…</div> subtree intercepts pointer events
      - retrying click action, attempt #30
      -   waiting 500ms
      -   waiting for element to be visible, enabled and stable
      -   element is visible, enabled and stable
      -   scrolling into view if needed
      -   done scrolling
      -   <mat-label _ngcontent-ng-c1203864546="" class="ng-tns-c3736…>Search email template</mat-label> from <div matformfieldnotchedoutline="" class="mdc-notched…>…</div> subtree intercepts pointer events
      - retrying click action, attempt #31
      -   waiting 500ms
      -   waiting for element to be visible, enabled and stable
      -   element is visible, enabled and stable
      -   scrolling into view if needed
      -   done scrolling
      -   <mat-label _ngcontent-ng-c1203864546="" class="ng-tns-c3736…>Search email template</mat-label> from <div matformfieldnotchedoutline="" class="mdc-notched…>…</div> subtree intercepts pointer events
      - retrying click action, attempt #32
      -   waiting 500ms
      -   waiting for element to be visible, enabled and stable
      -   element is visible, enabled and stable
      -   scrolling into view if needed
      -   done scrolling
      -   <mat-label _ngcontent-ng-c1203864546="" class="ng-tns-c3736…>Search email template</mat-label> from <div matformfieldnotchedoutline="" class="mdc-notched…>…</div> subtree intercepts pointer events
      - retrying click action, attempt #33
      -   waiting 500ms
      -   waiting for element to be visible, enabled and stable
      -   element is visible, enabled and stable
      -   scrolling into view if needed
      -   done scrolling
      -   <mat-label _ngcontent-ng-c1203864546="" class="ng-tns-c3736…>Search email template</mat-label> from <div matformfieldnotchedoutline="" class="mdc-notched…>…</div> subtree intercepts pointer events
      - retrying click action, attempt #34
      -   waiting 500ms
      -   waiting for element to be visible, enabled and stable
      -   element is visible, enabled and stable
      -   scrolling into view if needed
      -   done scrolling
      -   <mat-label _ngcontent-ng-c1203864546="" class="ng-tns-c3736…>Search email template</mat-label> from <div matformfieldnotchedoutline="" class="mdc-notched…>…</div> subtree intercepts pointer events
      - retrying click action, attempt #35
      -   waiting 500ms
      -   waiting for element to be visible, enabled and stable
      -   element is visible, enabled and stable
      -   scrolling into view if needed
      -   done scrolling
      -   <mat-label _ngcontent-ng-c1203864546="" class="ng-tns-c3736…>Search email template</mat-label> from <div matformfieldnotchedoutline="" class="mdc-notched…>…</div> subtree intercepts pointer events
      - retrying click action, attempt #36
      -   waiting 500ms
      -   waiting for element to be visible, enabled and stable
      -   element is visible, enabled and stable
      -   scrolling into view if needed
      -   done scrolling
      -   <mat-label _ngcontent-ng-c1203864546="" class="ng-tns-c3736…>Search email template</mat-label> from <div matformfieldnotchedoutline="" class="mdc-notched…>…</div> subtree intercepts pointer events
      - retrying click action, attempt #37
      -   waiting 500ms
      -   waiting for element to be visible, enabled and stable
      -   element is visible, enabled and stable
      -   scrolling into view if needed
      -   done scrolling
      -   <mat-label _ngcontent-ng-c1203864546="" class="ng-tns-c3736…>Search email template</mat-label> from <div matformfieldnotchedoutline="" class="mdc-notched…>…</div> subtree intercepts pointer events
      - retrying click action, attempt #38
      -   waiting 500ms
      -   waiting for element to be visible, enabled and stable
      -   element is visible, enabled and stable
      -   scrolling into view if needed
      -   done scrolling
      -   <mat-label _ngcontent-ng-c1203864546="" class="ng-tns-c3736…>Search email template</mat-label> from <div matformfieldnotchedoutline="" class="mdc-notched…>…</div> subtree intercepts pointer events
      - retrying click action, attempt #39
      -   waiting 500ms
      -   waiting for element to be visible, enabled and stable
      -   element is visible, enabled and stable
      -   scrolling into view if needed
      -   done scrolling
      -   <mat-label _ngcontent-ng-c1203864546="" class="ng-tns-c3736…>Search email template</mat-label> from <div matformfieldnotchedoutline="" class="mdc-notched…>…</div> subtree intercepts pointer events
      - retrying click action, attempt #40
      -   waiting 500ms
      -   waiting for element to be visible, enabled and stable
      -   element is visible, enabled and stable
      -   scrolling into view if needed
      -   done scrolling
      -   <mat-label _ngcontent-ng-c1203864546="" class="ng-tns-c3736…>Search email template</mat-label> from <div matformfieldnotchedoutline="" class="mdc-notched…>…</div> subtree intercepts pointer events
      - retrying click action, attempt #41
      -   waiting 500ms
      -   waiting for element to be visible, enabled and stable
      -   element is visible, enabled and stable
      -   scrolling into view if needed
      -   done scrolling
      -   <mat-label _ngcontent-ng-c1203864546="" class="ng-tns-c3736…>Search email template</mat-label> from <div matformfieldnotchedoutline="" class="mdc-notched…>…</div> subtree intercepts pointer events
      - retrying click action, attempt #42
      -   waiting 500ms
      -   waiting for element to be visible, enabled and stable
      -   element is visible, enabled and stable
      -   scrolling into view if needed
      -   done scrolling
      -   <mat-label _ngcontent-ng-c1203864546="" class="ng-tns-c3736…>Search email template</mat-label> from <div matformfieldnotchedoutline="" class="mdc-notched…>…</div> subtree intercepts pointer events
      - retrying click action, attempt #43
      -   waiting 500ms
      -   waiting for element to be visible, enabled and stable
      -   element is visible, enabled and stable
      -   scrolling into view if needed
      -   done scrolling
      -   <mat-label _ngcontent-ng-c1203864546="" class="ng-tns-c3736…>Search email template</mat-label> from <div matformfieldnotchedoutline="" class="mdc-notched…>…</div> subtree intercepts pointer events
      - retrying click action, attempt #44
      -   waiting 500ms
      -   waiting for element to be visible, enabled and stable
      -   element is visible, enabled and stable
      -   scrolling into view if needed
      -   done scrolling
      -   <mat-label _ngcontent-ng-c1203864546="" class="ng-tns-c3736…>Search email template</mat-label> from <div matformfieldnotchedoutline="" class="mdc-notched…>…</div> subtree intercepts pointer events
      - retrying click action, attempt #45
      -   waiting 500ms
      -   waiting for element to be visible, enabled and stable
      -   element is visible, enabled and stable
      -   scrolling into view if needed
      -   done scrolling
      -   <mat-label _ngcontent-ng-c1203864546="" class="ng-tns-c3736…>Search email template</mat-label> from <div matformfieldnotchedoutline="" class="mdc-notched…>…</div> subtree intercepts pointer events
      - retrying click action, attempt #46
      -   waiting 500ms
      -   waiting for element to be visible, enabled and stable
      -   element is visible, enabled and stable
      -   scrolling into view if needed
      -   done scrolling
      -   <mat-label _ngcontent-ng-c1203864546="" class="ng-tns-c3736…>Search email template</mat-label> from <div matformfieldnotchedoutline="" class="mdc-notched…>…</div> subtree intercepts pointer events
      - retrying click action, attempt #47
      -   waiting 500ms
      -   waiting for element to be visible, enabled and stable
      -   element is visible, enabled and stable
      -   scrolling into view if needed
      -   done scrolling
      -   <mat-label _ngcontent-ng-c1203864546="" class="ng-tns-c3736…>Search email template</mat-label> from <div matformfieldnotchedoutline="" class="mdc-notched…>…</div> subtree intercepts pointer events
      - retrying click action, attempt #48
      -   waiting 500ms
      -   waiting for element to be visible, enabled and stable
      -   element is visible, enabled and stable
      -   scrolling into view if needed
      -   done scrolling
      -   <mat-label _ngcontent-ng-c1203864546="" class="ng-tns-c3736…>Search email template</mat-label> from <div matformfieldnotchedoutline="" class="mdc-notched…>…</div> subtree intercepts pointer events
      - retrying click action, attempt #49
      -   waiting 500ms
      -   waiting for element to be visible, enabled and stable
      -   element is visible, enabled and stable
      -   scrolling into view if needed
      -   done scrolling
      -   <mat-label _ngcontent-ng-c1203864546="" class="ng-tns-c3736…>Search email template</mat-label> from <div matformfieldnotchedoutline="" class="mdc-notched…>…</div> subtree intercepts pointer events
      - retrying click action, attempt #50
      -   waiting 500ms
      -   waiting for element to be visible, enabled and stable
      -   element is visible, enabled and stable
      -   scrolling into view if needed
      -   done scrolling
      -   <mat-label _ngcontent-ng-c1203864546="" class="ng-tns-c3736…>Search email template</mat-label> from <div matformfieldnotchedoutline="" class="mdc-notched…>…</div> subtree intercepts pointer events
      - retrying click action, attempt #51
      -   waiting 500ms
      -   waiting for element to be visible, enabled and stable
      -   element is visible, enabled and stable
      -   scrolling into view if needed
      -   done scrolling
      -   <mat-label _ngcontent-ng-c1203864546="" class="ng-tns-c3736…>Search email template</mat-label> from <div matformfieldnotchedoutline="" class="mdc-notched…>…</div> subtree intercepts pointer events
      - retrying click action, attempt #52
      -   waiting 500ms
      -   waiting for element to be visible, enabled and stable
      -   element is visible, enabled and stable
      -   scrolling into view if needed
      -   done scrolling
      -   <mat-label _ngcontent-ng-c1203864546="" class="ng-tns-c3736…>Search email template</mat-label> from <div matformfieldnotchedoutline="" class="mdc-notched…>…</div> subtree intercepts pointer events
      - retrying click action, attempt #53
      -   waiting 500ms
      -   waiting for element to be visible, enabled and stable
      -   element is visible, enabled and stable
      -   scrolling into view if needed
      -   done scrolling
      -   <mat-label _ngcontent-ng-c1203864546="" class="ng-tns-c3736…>Search email template</mat-label> from <div matformfieldnotchedoutline="" class="mdc-notched…>…</div> subtree intercepts pointer events
      - retrying click action, attempt #54
      -   waiting 500ms
      -   waiting for element to be visible, enabled and stable
      -   element is visible, enabled and stable
      -   scrolling into view if needed
      -   done scrolling
      -   <mat-label _ngcontent-ng-c1203864546="" class="ng-tns-c3736…>Search email template</mat-label> from <div matformfieldnotchedoutline="" class="mdc-notched…>…</div> subtree intercepts pointer events
      - retrying click action, attempt #55
      -   waiting 500ms
      -   waiting for element to be visible, enabled and stable
      -   element is visible, enabled and stable
      -   scrolling into view if needed
      -   done scrolling
      -   <mat-label _ngcontent-ng-c1203864546="" class="ng-tns-c3736…>Search email template</mat-label> from <div matformfieldnotchedoutline="" class="mdc-notched…>…</div> subtree intercepts pointer events
      - retrying click action, attempt #56
      -   waiting 500ms
      -   waiting for element to be visible, enabled and stable
      -   element is visible, enabled and stable
      -   scrolling into view if needed
      -   done scrolling
      -   <mat-label _ngcontent-ng-c1203864546="" class="ng-tns-c3736…>Search email template</mat-label> from <div matformfieldnotchedoutline="" class="mdc-notched…>…</div> subtree intercepts pointer events
      - retrying click action, attempt #57
      -   waiting 500ms
      -   waiting for element to be visible, enabled and stable
      -   element is visible, enabled and stable
      -   scrolling into view if needed
      -   done scrolling
      -   <mat-label _ngcontent-ng-c1203864546="" class="ng-tns-c3736…>Search email template</mat-label> from <div matformfieldnotchedoutline="" class="mdc-notched…>…</div> subtree intercepts pointer events
      - retrying click action, attempt #58
      -   waiting 500ms
      -   waiting for element to be visible, enabled and stable
      -   element is visible, enabled and stable
      -   scrolling into view if needed
      -   done scrolling
      -   <mat-label _ngcontent-ng-c1203864546="" class="ng-tns-c3736…>Search email template</mat-label> from <div matformfieldnotchedoutline="" class="mdc-notched…>…</div> subtree intercepts pointer events
      - retrying click action, attempt #59
      -   waiting 500ms
      -   waiting for element to be visible, enabled and stable
      -   element is visible, enabled and stable
      -   scrolling into view if needed
      -   done scrolling
      -   <mat-label _ngcontent-ng-c1203864546="" class="ng-tns-c3736…>Search email template</mat-label> from <div matformfieldnotchedoutline="" class="mdc-notched…>…</div> subtree intercepts pointer events
      - retrying click action, attempt #60
      -   waiting 500ms
      -   waiting for element to be visible, enabled and stable
      -   element is visible, enabled and stable
      -   scrolling into view if needed
      -   done scrolling
      -   <mat-label _ngcontent-ng-c1203864546="" class="ng-tns-c3736…>Search email template</mat-label> from <div matformfieldnotchedoutline="" class="mdc-notched…>…</div> subtree intercepts pointer events
      - retrying click action, attempt #61
      -   waiting 500ms
      -   waiting for element to be visible, enabled and stable
      -   element is visible, enabled and stable
      -   scrolling into view if needed
      -   done scrolling
      -   <mat-label _ngcontent-ng-c1203864546="" class="ng-tns-c3736…>Search email template</mat-label> from <div matformfieldnotchedoutline="" class="mdc-notched…>…</div> subtree intercepts pointer events
      - retrying click action, attempt #62
      -   waiting 500ms
      -   waiting for element to be visible, enabled and stable
      -   element is visible, enabled and stable
      -   scrolling into view if needed
      -   done scrolling
      -   <mat-label _ngcontent-ng-c1203864546="" class="ng-tns-c3736…>Search email template</mat-label> from <div matformfieldnotchedoutline="" class="mdc-notched…>…</div> subtree intercepts pointer events
      - retrying click action, attempt #63
      -   waiting 500ms
      -   waiting for element to be visible, enabled and stable
      -   element is visible, enabled and stable
      -   scrolling into view if needed
      -   done scrolling
      -   <mat-label _ngcontent-ng-c1203864546="" class="ng-tns-c3736…>Search email template</mat-label> from <div matformfieldnotchedoutline="" class="mdc-notched…>…</div> subtree intercepts pointer events
      - retrying click action, attempt #64
      -   waiting 500ms
      -   waiting for element to be visible, enabled and stable
      -   element is visible, enabled and stable
      -   scrolling into view if needed
      -   done scrolling
      -   <mat-label _ngcontent-ng-c1203864546="" class="ng-tns-c3736…>Search email template</mat-label> from <div matformfieldnotchedoutline="" class="mdc-notched…>…</div> subtree intercepts pointer events
      - retrying click action, attempt #65
      -   waiting 500ms
      -   waiting for element to be visible, enabled and stable
      -   element is visible, enabled and stable
      -   scrolling into view if needed
      -   done scrolling
      -   <mat-label _ngcontent-ng-c1203864546="" class="ng-tns-c3736…>Search email template</mat-label> from <div matformfieldnotchedoutline="" class="mdc-notched…>…</div> subtree intercepts pointer events
      - retrying click action, attempt #66
      -   waiting 500ms
      -   waiting for element to be visible, enabled and stable
      -   element is visible, enabled and stable
      -   scrolling into view if needed
      -   done scrolling
      -   <mat-label _ngcontent-ng-c1203864546="" class="ng-tns-c3736…>Search email template</mat-label> from <div matformfieldnotchedoutline="" class="mdc-notched…>…</div> subtree intercepts pointer events
      - retrying click action, attempt #67
      -   waiting 500ms
      -   waiting for element to be visible, enabled and stable
      -   element is visible, enabled and stable
      -   scrolling into view if needed
      -   done scrolling
      -   <mat-label _ngcontent-ng-c1203864546="" class="ng-tns-c3736…>Search email template</mat-label> from <div matformfieldnotchedoutline="" class="mdc-notched…>…</div> subtree intercepts pointer events
      - retrying click action, attempt #68
      -   waiting 500ms
      -   waiting for element to be visible, enabled and stable
      -   element is visible, enabled and stable
      -   scrolling into view if needed
      -   done scrolling
      -   <mat-label _ngcontent-ng-c1203864546="" class="ng-tns-c3736…>Search email template</mat-label> from <div matformfieldnotchedoutline="" class="mdc-notched…>…</div> subtree intercepts pointer events
      - retrying click action, attempt #69
      -   waiting 500ms
      -   waiting for element to be visible, enabled and stable
      -   element is visible, enabled and stable
      -   scrolling into view if needed
      -   done scrolling
      -   <mat-label _ngcontent-ng-c1203864546="" class="ng-tns-c3736…>Search email template</mat-label> from <div matformfieldnotchedoutline="" class="mdc-notched…>…</div> subtree intercepts pointer events
      - retrying click action, attempt #70
      -   waiting 500ms
      -   waiting for element to be visible, enabled and stable
      -   element is visible, enabled and stable
      -   scrolling into view if needed
      -   done scrolling
      -   <mat-label _ngcontent-ng-c1203864546="" class="ng-tns-c3736…>Search email template</mat-label> from <div matformfieldnotchedoutline="" class="mdc-notched…>…</div> subtree intercepts pointer events
      - retrying click action, attempt #71
      -   waiting 500ms
      -   waiting for element to be visible, enabled and stable
      -   element is visible, enabled and stable
      -   scrolling into view if needed
      -   done scrolling
      -   <mat-label _ngcontent-ng-c1203864546="" class="ng-tns-c3736…>Search email template</mat-label> from <div matformfieldnotchedoutline="" class="mdc-notched…>…</div> subtree intercepts pointer events
      - retrying click action, attempt #72
      -   waiting 500ms
      -   waiting for element to be visible, enabled and stable
      -   element is visible, enabled and stable
      -   scrolling into view if needed
      -   done scrolling
      -   <mat-label _ngcontent-ng-c1203864546="" class="ng-tns-c3736…>Search email template</mat-label> from <div matformfieldnotchedoutline="" class="mdc-notched…>…</div> subtree intercepts pointer events
      - retrying click action, attempt #73
      -   waiting 500ms
      -   waiting for element to be visible, enabled and stable
      -   element is visible, enabled and stable
      -   scrolling into view if needed
      -   done scrolling
      -   <mat-label _ngcontent-ng-c1203864546="" class="ng-tns-c3736…>Search email template</mat-label> from <div matformfieldnotchedoutline="" class="mdc-notched…>…</div> subtree intercepts pointer events
      - retrying click action, attempt #74
      -   waiting 500ms
      -   waiting for element to be visible, enabled and stable
      -   element is visible, enabled and stable
      -   scrolling into view if needed
      -   done scrolling
      -   <mat-label _ngcontent-ng-c1203864546="" class="ng-tns-c3736…>Search email template</mat-label> from <div matformfieldnotchedoutline="" class="mdc-notched…>…</div> subtree intercepts pointer events
      - retrying click action, attempt #75
      -   waiting 500ms
      -   waiting for element to be visible, enabled and stable
      -   element is visible, enabled and stable
      -   scrolling into view if needed
      -   done scrolling
      -   <mat-label _ngcontent-ng-c1203864546="" class="ng-tns-c3736…>Search email template</mat-label> from <div matformfieldnotchedoutline="" class="mdc-notched…>…</div> subtree intercepts pointer events
      - retrying click action, attempt #76
      -   waiting 500ms
      -   waiting for element to be visible, enabled and stable
      -   element is visible, enabled and stable
      -   scrolling into view if needed
      -   done scrolling
      -   <mat-label _ngcontent-ng-c1203864546="" class="ng-tns-c3736…>Search email template</mat-label> from <div matformfieldnotchedoutline="" class="mdc-notched…>…</div> subtree intercepts pointer events
      - retrying click action, attempt #77
      -   waiting 500ms
      -   waiting for element to be visible, enabled and stable
      -   element is visible, enabled and stable
      -   scrolling into view if needed
      -   done scrolling
      -   <mat-label _ngcontent-ng-c1203864546="" class="ng-tns-c3736…>Search email template</mat-label> from <div matformfieldnotchedoutline="" class="mdc-notched…>…</div> subtree intercepts pointer events
      - retrying click action, attempt #78
      -   waiting 500ms
      -   waiting for element to be visible, enabled and stable
      -   element is visible, enabled and stable
      -   scrolling into view if needed
      -   done scrolling
      -   <mat-label _ngcontent-ng-c1203864546="" class="ng-tns-c3736…>Search email template</mat-label> from <div matformfieldnotchedoutline="" class="mdc-notched…>…</div> subtree intercepts pointer events
      - retrying click action, attempt #79
      -   waiting 500ms
      -   waiting for element to be visible, enabled and stable
      -   element is visible, enabled and stable
      -   scrolling into view if needed
      -   done scrolling
      -   <mat-label _ngcontent-ng-c1203864546="" class="ng-tns-c3736…>Search email template</mat-label> from <div matformfieldnotchedoutline="" class="mdc-notched…>…</div> subtree intercepts pointer events
      - retrying click action, attempt #80
      -   waiting 500ms
      -   waiting for element to be visible, enabled and stable
      -   element is visible, enabled and stable
      -   scrolling into view if needed
      -   done scrolling
      -   <mat-label _ngcontent-ng-c1203864546="" class="ng-tns-c3736…>Search email template</mat-label> from <div matformfieldnotchedoutline="" class="mdc-notched…>…</div> subtree intercepts pointer events
      - retrying click action, attempt #81
      -   waiting 500ms
      -   waiting for element to be visible, enabled and stable
      -   element is visible, enabled and stable
      -   scrolling into view if needed
      -   done scrolling
      -   <mat-label _ngcontent-ng-c1203864546="" class="ng-tns-c3736…>Search email template</mat-label> from <div matformfieldnotchedoutline="" class="mdc-notched…>…</div> subtree intercepts pointer events
      - retrying click action, attempt #82
      -   waiting 500ms
      -   waiting for element to be visible, enabled and stable
      -   element is visible, enabled and stable
      -   scrolling into view if needed
      -   done scrolling
      -   <mat-label _ngcontent-ng-c1203864546="" class="ng-tns-c3736…>Search email template</mat-label> from <div matformfieldnotchedoutline="" class="mdc-notched…>…</div> subtree intercepts pointer events
      - retrying click action, attempt #83
      -   waiting 500ms
      -   waiting for element to be visible, enabled and stable
      -   element is visible, enabled and stable
      -   scrolling into view if needed
      -   done scrolling
      -   <mat-label _ngcontent-ng-c1203864546="" class="ng-tns-c3736…>Search email template</mat-label> from <div matformfieldnotchedoutline="" class="mdc-notched…>…</div> subtree intercepts pointer events
      - retrying click action, attempt #84
      -   waiting 500ms
      -   waiting for element to be visible, enabled and stable
      -   element is visible, enabled and stable
      -   scrolling into view if needed
      -   done scrolling
      -   <mat-label _ngcontent-ng-c1203864546="" class="ng-tns-c3736…>Search email template</mat-label> from <div matformfieldnotchedoutline="" class="mdc-notched…>…</div> subtree intercepts pointer events
      - retrying click action, attempt #85
      -   waiting 500ms
      -   waiting for element to be visible, enabled and stable
      -   element is visible, enabled and stable
      -   scrolling into view if needed
      -   done scrolling
      -   <mat-label _ngcontent-ng-c1203864546="" class="ng-tns-c3736…>Search email template</mat-label> from <div matformfieldnotchedoutline="" class="mdc-notched…>…</div> subtree intercepts pointer events
      - retrying click action, attempt #86
      -   waiting 500ms
      -   waiting for element to be visible, enabled and stable
      -   element is visible, enabled and stable
      -   scrolling into view if needed
      -   done scrolling
      -   <mat-label _ngcontent-ng-c1203864546="" class="ng-tns-c3736…>Search email template</mat-label> from <div matformfieldnotchedoutline="" class="mdc-notched…>…</div> subtree intercepts pointer events
      - retrying click action, attempt #87
      -   waiting 500ms
      -   waiting for element to be visible, enabled and stable
      -   element is visible, enabled and stable
      -   scrolling into view if needed
      -   done scrolling
      -   <mat-label _ngcontent-ng-c1203864546="" class="ng-tns-c3736…>Search email template</mat-label> from <div matformfieldnotchedoutline="" class="mdc-notched…>…</div> subtree intercepts pointer events
      - retrying click action, attempt #88
      -   waiting 500ms
      -   waiting for element to be visible, enabled and stable
      -   element is visible, enabled and stable
      -   scrolling into view if needed
      -   done scrolling
      -   <mat-label _ngcontent-ng-c1203864546="" class="ng-tns-c3736…>Search email template</mat-label> from <div matformfieldnotchedoutline="" class="mdc-notched…>…</div> subtree intercepts pointer events
      - retrying click action, attempt #89
      -   waiting 500ms
      -   waiting for element to be visible, enabled and stable
      -   element is visible, enabled and stable
      -   scrolling into view if needed
      -   done scrolling
      -   <mat-label _ngcontent-ng-c1203864546="" class="ng-tns-c3736…>Search email template</mat-label> from <div matformfieldnotchedoutline="" class="mdc-notched…>…</div> subtree intercepts pointer events
      - retrying click action, attempt #90
      -   waiting 500ms
      -   waiting for element to be visible, enabled and stable
      -   element is visible, enabled and stable
      -   scrolling into view if needed
      -   done scrolling
      -   <mat-label _ngcontent-ng-c1203864546="" class="ng-tns-c3736…>Search email template</mat-label> from <div matformfieldnotchedoutline="" class="mdc-notched…>…</div> subtree intercepts pointer events
      - retrying click action, attempt #91
      -   waiting 500ms
      -   waiting for element to be visible, enabled and stable
      -   element is visible, enabled and stable
      -   scrolling into view if needed
      -   done scrolling
      -   <mat-label _ngcontent-ng-c1203864546="" class="ng-tns-c3736…>Search email template</mat-label> from <div matformfieldnotchedoutline="" class="mdc-notched…>…</div> subtree intercepts pointer events
      - retrying click action, attempt #92
      -   waiting 500ms
      -   waiting for element to be visible, enabled and stable
      -   element is visible, enabled and stable
      -   scrolling into view if needed
      -   done scrolling
      -   <mat-label _ngcontent-ng-c1203864546="" class="ng-tns-c3736…>Search email template</mat-label> from <div matformfieldnotchedoutline="" class="mdc-notched…>…</div> subtree intercepts pointer events
      - retrying click action, attempt #93
      -   waiting 500ms
      -   waiting for element to be visible, enabled and stable
      -   element is visible, enabled and stable
      -   scrolling into view if needed
      -   done scrolling
      -   <mat-label _ngcontent-ng-c1203864546="" class="ng-tns-c3736…>Search email template</mat-label> from <div matformfieldnotchedoutline="" class="mdc-notched…>…</div> subtree intercepts pointer events
      - retrying click action, attempt #94
      -   waiting 500ms
      -   waiting for element to be visible, enabled and stable
      -   element is visible, enabled and stable
      -   scrolling into view if needed
      -   done scrolling
      -   <mat-label _ngcontent-ng-c1203864546="" class="ng-tns-c3736…>Search email template</mat-label> from <div matformfieldnotchedoutline="" class="mdc-notched…>…</div> subtree intercepts pointer events
      - retrying click action, attempt #95
      -   waiting 500ms
      -   waiting for element to be visible, enabled and stable
      -   element is visible, enabled and stable
      -   scrolling into view if needed
      -   done scrolling
      -   <mat-label _ngcontent-ng-c1203864546="" class="ng-tns-c3736…>Search email template</mat-label> from <div matformfieldnotchedoutline="" class="mdc-notched…>…</div> subtree intercepts pointer events
      - retrying click action, attempt #96
      -   waiting 500ms
      -   waiting for element to be visible, enabled and stable
      -   element is visible, enabled and stable
      -   scrolling into view if needed
      -   done scrolling
      -   <mat-label _ngcontent-ng-c1203864546="" class="ng-tns-c3736…>Search email template</mat-label> from <div matformfieldnotchedoutline="" class="mdc-notched…>…</div> subtree intercepts pointer events
      - retrying click action, attempt #97
      -   waiting 500ms
      -   waiting for element to be visible, enabled and stable
      -   element is visible, enabled and stable
      -   scrolling into view if needed
      -   done scrolling
      -   <mat-label _ngcontent-ng-c1203864546="" class="ng-tns-c3736…>Search email template</mat-label> from <div matformfieldnotchedoutline="" class="mdc-notched…>…</div> subtree intercepts pointer events
      - retrying click action, attempt #98
      -   waiting 500ms
      -   waiting for element to be visible, enabled and stable
      -   element is visible, enabled and stable
      -   scrolling into view if needed
      -   done scrolling
      -   <mat-label _ngcontent-ng-c1203864546="" class="ng-tns-c3736…>Search email template</mat-label> from <div matformfieldnotchedoutline="" class="mdc-notched…>…</div> subtree intercepts pointer events
      - retrying click action, attempt #99
      -   waiting 500ms
      -   waiting for element to be visible, enabled and stable
      -   element is visible, enabled and stable
      -   scrolling into view if needed
      -   done scrolling
      -   <mat-label _ngcontent-ng-c1203864546="" class="ng-tns-c3736…>Search email template</mat-label> from <div matformfieldnotchedoutline="" class="mdc-notched…>…</div> subtree intercepts pointer events
      - retrying click action, attempt #100
      -   waiting 500ms
      -   waiting for element to be visible, enabled and stable
      -   element is visible, enabled and stable
      -   scrolling into view if needed
      -   done scrolling
      -   <mat-label _ngcontent-ng-c1203864546="" class="ng-tns-c3736…>Search email template</mat-label> from <div matformfieldnotchedoutline="" class="mdc-notched…>…</div> subtree intercepts pointer events
      - retrying click action, attempt #101
      -   waiting 500ms
      -   waiting for element to be visible, enabled and stable
      -   element is visible, enabled and stable
      -   scrolling into view if needed
      -   done scrolling
      -   <mat-label _ngcontent-ng-c1203864546="" class="ng-tns-c3736…>Search email template</mat-label> from <div matformfieldnotchedoutline="" class="mdc-notched…>…</div> subtree intercepts pointer events
      - retrying click action, attempt #102
      -   waiting 500ms
      -   waiting for element to be visible, enabled and stable
      -   element is visible, enabled and stable
      -   scrolling into view if needed
      -   done scrolling
      -   <mat-label _ngcontent-ng-c1203864546="" class="ng-tns-c3736…>Search email template</mat-label> from <div matformfieldnotchedoutline="" class="mdc-notched…>…</div> subtree intercepts pointer events
      - retrying click action, attempt #103
      -   waiting 500ms
      -   waiting for element to be visible, enabled and stable
      -   element is visible, enabled and stable
      -   scrolling into view if needed
      -   done scrolling
      -   <mat-label _ngcontent-ng-c1203864546="" class="ng-tns-c3736…>Search email template</mat-label> from <div matformfieldnotchedoutline="" class="mdc-notched…>…</div> subtree intercepts pointer events
      - retrying click action, attempt #104
      -   waiting 500ms
      -   waiting for element to be visible, enabled and stable
      -   element is visible, enabled and stable
      -   scrolling into view if needed
      -   done scrolling
      -   <mat-label _ngcontent-ng-c1203864546="" class="ng-tns-c3736…>Search email template</mat-label> from <div matformfieldnotchedoutline="" class="mdc-notched…>…</div> subtree intercepts pointer events
      - retrying click action, attempt #105
      -   waiting 500ms
      -   waiting for element to be visible, enabled and stable
      -   element is visible, enabled and stable
      -   scrolling into view if needed
      -   done scrolling
      -   <mat-label _ngcontent-ng-c1203864546="" class="ng-tns-c3736…>Search email template</mat-label> from <div matformfieldnotchedoutline="" class="mdc-notched…>…</div> subtree intercepts pointer events
      - retrying click action, attempt #106
      -   waiting 500ms
      -   waiting for element to be visible, enabled and stable
      -   element is visible, enabled and stable
      -   scrolling into view if needed
      -   done scrolling
      -   <mat-label _ngcontent-ng-c1203864546="" class="ng-tns-c3736…>Search email template</mat-label> from <div matformfieldnotchedoutline="" class="mdc-notched…>…</div> subtree intercepts pointer events
      - retrying click action, attempt #107
      -   waiting 500ms
      -   waiting for element to be visible, enabled and stable
      -   element is visible, enabled and stable
      -   scrolling into view if needed
      -   done scrolling
      -   <mat-label _ngcontent-ng-c1203864546="" class="ng-tns-c3736…>Search email template</mat-label> from <div matformfieldnotchedoutline="" class="mdc-notched…>…</div> subtree intercepts pointer events
      - retrying click action, attempt #108
      -   waiting 500ms
      -   waiting for element to be visible, enabled and stable
      -   element is visible, enabled and stable
      -   scrolling into view if needed
      -   done scrolling
      -   <mat-label _ngcontent-ng-c1203864546="" class="ng-tns-c3736…>Search email template</mat-label> from <div matformfieldnotchedoutline="" class="mdc-notched…>…</div> subtree intercepts pointer events
      - retrying click action, attempt #109
      -   waiting 500ms
      -   waiting for element to be visible, enabled and stable
      -   element is visible, enabled and stable
      -   scrolling into view if needed
      -   done scrolling
      -   <mat-label _ngcontent-ng-c1203864546="" class="ng-tns-c3736…>Search email template</mat-label> from <div matformfieldnotchedoutline="" class="mdc-notched…>…</div> subtree intercepts pointer events
      - retrying click action, attempt #110
      -   waiting 500ms
      -   waiting for element to be visible, enabled and stable
      -   element is visible, enabled and stable
      -   scrolling into view if needed
      -   done scrolling
      -   <mat-label _ngcontent-ng-c1203864546="" class="ng-tns-c3736…>Search email template</mat-label> from <div matformfieldnotchedoutline="" class="mdc-notched…>…</div> subtree intercepts pointer events
      - retrying click action, attempt #111
      -   waiting 500ms
      -   waiting for element to be visible, enabled and stable
      -   element is visible, enabled and stable
      -   scrolling into view if needed
      -   done scrolling
      -   <mat-label _ngcontent-ng-c1203864546="" class="ng-tns-c3736…>Search email template</mat-label> from <div matformfieldnotchedoutline="" class="mdc-notched…>…</div> subtree intercepts pointer events
      - retrying click action, attempt #112
      -   waiting 500ms
      -   waiting for element to be visible, enabled and stable
      -   element is visible, enabled and stable
      -   scrolling into view if needed
      -   done scrolling
      -   <mat-label _ngcontent-ng-c1203864546="" class="ng-tns-c3736…>Search email template</mat-label> from <div matformfieldnotchedoutline="" class="mdc-notched…>…</div> subtree intercepts pointer events
      - retrying click action, attempt #113
      -   waiting 500ms
      -   waiting for element to be visible, enabled and stable
      -   element is visible, enabled and stable
      -   scrolling into view if needed
      -   done scrolling
      -   <mat-label _ngcontent-ng-c1203864546="" class="ng-tns-c3736…>Search email template</mat-label> from <div matformfieldnotchedoutline="" class="mdc-notched…>…</div> subtree intercepts pointer events
      - retrying click action, attempt #114
      -   waiting 500ms
      -   waiting for element to be visible, enabled and stable
      -   element is visible, enabled and stable
      -   scrolling into view if needed
      -   done scrolling
      -   <mat-label _ngcontent-ng-c1203864546="" class="ng-tns-c3736…>Search email template</mat-label> from <div matformfieldnotchedoutline="" class="mdc-notched…>…</div> subtree intercepts pointer events
      - retrying click action, attempt #115
      -   waiting 500ms
      -   waiting for element to be visible, enabled and stable
      -   element is visible, enabled and stable
      -   scrolling into view if needed
      -   done scrolling
      -   <mat-label _ngcontent-ng-c1203864546="" class="ng-tns-c3736…>Search email template</mat-label> from <div matformfieldnotchedoutline="" class="mdc-notched…>…</div> subtree intercepts pointer events
      - retrying click action, attempt #116
      -   waiting 500ms
      -   waiting for element to be visible, enabled and stable
      -   element is visible, enabled and stable
      -   scrolling into view if needed
      -   done scrolling
      -   <mat-label _ngcontent-ng-c1203864546="" class="ng-tns-c3736…>Search email template</mat-label> from <div matformfieldnotchedoutline="" class="mdc-notched…>…</div> subtree intercepts pointer events
      - retrying click action, attempt #117
      -   waiting 500ms
      -   waiting for element to be visible, enabled and stable
      -   element is visible, enabled and stable
      -   scrolling into view if needed
      -   done scrolling
      -   <mat-label _ngcontent-ng-c1203864546="" class="ng-tns-c3736…>Search email template</mat-label> from <div matformfieldnotchedoutline="" class="mdc-notched…>…</div> subtree intercepts pointer events
      - retrying click action, attempt #118
      -   waiting 500ms
      -   waiting for element to be visible, enabled and stable
      -   element is visible, enabled and stable
      -   scrolling into view if needed
      -   done scrolling
      -   <mat-label _ngcontent-ng-c1203864546="" class="ng-tns-c3736…>Search email template</mat-label> from <div matformfieldnotchedoutline="" class="mdc-notched…>…</div> subtree intercepts pointer events
      - retrying click action, attempt #119
      -   waiting 500ms
      -   waiting for element to be visible, enabled and stable
      -   element is visible, enabled and stable
      -   scrolling into view if needed
      -   done scrolling
      -   <mat-label _ngcontent-ng-c1203864546="" class="ng-tns-c3736…>Search email template</mat-label> from <div matformfieldnotchedoutline="" class="mdc-notched…>…</div> subtree intercepts pointer events
      - retrying click action, attempt #120
      -   waiting 500ms
      -   waiting for element to be visible, enabled and stable
      -   element is visible, enabled and stable
      -   scrolling into view if needed
      -   done scrolling
      -   <mat-label _ngcontent-ng-c1203864546="" class="ng-tns-c3736…>Search email template</mat-label> from <div matformfieldnotchedoutline="" class="mdc-notched…>…</div> subtree intercepts pointer events
      - retrying click action, attempt #121
      -   waiting 500ms
      -   waiting for element to be visible, enabled and stable
      -   element is visible, enabled and stable
      -   scrolling into view if needed
      -   done scrolling
      -   <mat-label _ngcontent-ng-c1203864546="" class="ng-tns-c3736…>Search email template</mat-label> from <div matformfieldnotchedoutline="" class="mdc-notched…>…</div> subtree intercepts pointer events
      - retrying click action, attempt #122
      -   waiting 500ms
      -   waiting for element to be visible, enabled and stable
      -   element is visible, enabled and stable
      -   scrolling into view if needed
      -   done scrolling
      -   <mat-label _ngcontent-ng-c1203864546="" class="ng-tns-c3736…>Search email template</mat-label> from <div matformfieldnotchedoutline="" class="mdc-notched…>…</div> subtree intercepts pointer events
      - retrying click action, attempt #123
      -   waiting 500ms
      -   waiting for element to be visible, enabled and stable
      -   element is visible, enabled and stable
      -   scrolling into view if needed
      -   done scrolling
      -   <mat-label _ngcontent-ng-c1203864546="" class="ng-tns-c3736…>Search email template</mat-label> from <div matformfieldnotchedoutline="" class="mdc-notched…>…</div> subtree intercepts pointer events
      - retrying click action, attempt #124
      -   waiting 500ms
      -   waiting for element to be visible, enabled and stable
      -   element is visible, enabled and stable
      -   scrolling into view if needed
      -   done scrolling
      -   <mat-label _ngcontent-ng-c1203864546="" class="ng-tns-c3736…>Search email template</mat-label> from <div matformfieldnotchedoutline="" class="mdc-notched…>…</div> subtree intercepts pointer events
      - retrying click action, attempt #125
      -   waiting 500ms
      -   waiting for element to be visible, enabled and stable
      -   element is visible, enabled and stable
      -   scrolling into view if needed
      -   done scrolling
      -   <mat-label _ngcontent-ng-c1203864546="" class="ng-tns-c3736…>Search email template</mat-label> from <div matformfieldnotchedoutline="" class="mdc-notched…>…</div> subtree intercepts pointer events
      - retrying click action, attempt #126
      -   waiting 500ms
      -   waiting for element to be visible, enabled and stable
      -   element is visible, enabled and stable
      -   scrolling into view if needed
      -   done scrolling
      -   <mat-label _ngcontent-ng-c1203864546="" class="ng-tns-c3736…>Search email template</mat-label> from <div matformfieldnotchedoutline="" class="mdc-notched…>…</div> subtree intercepts pointer events
      - retrying click action, attempt #127
      -   waiting 500ms
      -   waiting for element to be visible, enabled and stable
      -   element is visible, enabled and stable
      -   scrolling into view if needed
      -   done scrolling
      -   <mat-label _ngcontent-ng-c1203864546="" class="ng-tns-c3736…>Search email template</mat-label> from <div matformfieldnotchedoutline="" class="mdc-notched…>…</div> subtree intercepts pointer events
      - retrying click action, attempt #128
      -   waiting 500ms
      -   waiting for element to be visible, enabled and stable
      -   element is visible, enabled and stable
      -   scrolling into view if needed
      -   done scrolling
      -   <mat-label _ngcontent-ng-c1203864546="" class="ng-tns-c3736…>Search email template</mat-label> from <div matformfieldnotchedoutline="" class="mdc-notched…>…</div> subtree intercepts pointer events
      - retrying click action, attempt #129
      -   waiting 500ms
      -   waiting for element to be visible, enabled and stable
      -   element is visible, enabled and stable
      -   scrolling into view if needed
      -   done scrolling
      -   <mat-label _ngcontent-ng-c1203864546="" class="ng-tns-c3736…>Search email template</mat-label> from <div matformfieldnotchedoutline="" class="mdc-notched…>…</div> subtree intercepts pointer events
      - retrying click action, attempt #130
      -   waiting 500ms
      -   waiting for element to be visible, enabled and stable
      -   element is visible, enabled and stable
      -   scrolling into view if needed
      -   done scrolling
      -   <mat-label _ngcontent-ng-c1203864546="" class="ng-tns-c3736…>Search email template</mat-label> from <div matformfieldnotchedoutline="" class="mdc-notched…>…</div> subtree intercepts pointer events
      - retrying click action, attempt #131
      -   waiting 500ms
      -   waiting for element to be visible, enabled and stable
      -   element is visible, enabled and stable
      -   scrolling into view if needed
      -   done scrolling
      -   <mat-label _ngcontent-ng-c1203864546="" class="ng-tns-c3736…>Search email template</mat-label> from <div matformfieldnotchedoutline="" class="mdc-notched…>…</div> subtree intercepts pointer events
      - retrying click action, attempt #132
      -   waiting 500ms
      -   waiting for element to be visible, enabled and stable
      -   element is visible, enabled and stable
      -   scrolling into view if needed
      -   done scrolling
      -   <mat-label _ngcontent-ng-c1203864546="" class="ng-tns-c3736…>Search email template</mat-label> from <div matformfieldnotchedoutline="" class="mdc-notched…>…</div> subtree intercepts pointer events
      - retrying click action, attempt #133
      -   waiting 500ms
      -   waiting for element to be visible, enabled and stable
      -   element is visible, enabled and stable
      -   scrolling into view if needed
      -   done scrolling
      -   <mat-label _ngcontent-ng-c1203864546="" class="ng-tns-c3736…>Search email template</mat-label> from <div matformfieldnotchedoutline="" class="mdc-notched…>…</div> subtree intercepts pointer events
      - retrying click action, attempt #134
      -   waiting 500ms
      -   waiting for element to be visible, enabled and stable
      -   element is visible, enabled and stable
      -   scrolling into view if needed
      -   done scrolling
      -   <mat-label _ngcontent-ng-c1203864546="" class="ng-tns-c3736…>Search email template</mat-label> from <div matformfieldnotchedoutline="" class="mdc-notched…>…</div> subtree intercepts pointer events
      - retrying click action, attempt #135
      -   waiting 500ms
      -   waiting for element to be visible, enabled and stable
      -   element is visible, enabled and stable
      -   scrolling into view if needed
      -   done scrolling
      -   <mat-label _ngcontent-ng-c1203864546="" class="ng-tns-c3736…>Search email template</mat-label> from <div matformfieldnotchedoutline="" class="mdc-notched…>…</div> subtree intercepts pointer events
      - retrying click action, attempt #136
      -   waiting 500ms
      -   waiting for element to be visible, enabled and stable
      -   element is visible, enabled and stable
      -   scrolling into view if needed
      -   done scrolling
      -   <mat-label _ngcontent-ng-c1203864546="" class="ng-tns-c3736…>Search email template</mat-label> from <div matformfieldnotchedoutline="" class="mdc-notched…>…</div> subtree intercepts pointer events
      - retrying click action, attempt #137
      -   waiting 500ms
      -   waiting for element to be visible, enabled and stable
      -   element is visible, enabled and stable
      -   scrolling into view if needed
      -   done scrolling
      -   <mat-label _ngcontent-ng-c1203864546="" class="ng-tns-c3736…>Search email template</mat-label> from <div matformfieldnotchedoutline="" class="mdc-notched…>…</div> subtree intercepts pointer events
      - retrying click action, attempt #138
      -   waiting 500ms
      -   waiting for element to be visible, enabled and stable
      -   element is visible, enabled and stable
      -   scrolling into view if needed
      -   done scrolling
      -   <mat-label _ngcontent-ng-c1203864546="" class="ng-tns-c3736…>Search email template</mat-label> from <div matformfieldnotchedoutline="" class="mdc-notched…>…</div> subtree intercepts pointer events
      - retrying click action, attempt #139
      -   waiting 500ms
      -   waiting for element to be visible, enabled and stable
      -   element is visible, enabled and stable
      -   scrolling into view if needed
      -   done scrolling
      -   <mat-label _ngcontent-ng-c1203864546="" class="ng-tns-c3736…>Search email template</mat-label> from <div matformfieldnotchedoutline="" class="mdc-notched…>…</div> subtree intercepts pointer events
      - retrying click action, attempt #140
      -   waiting 500ms
      -   waiting for element to be visible, enabled and stable
      -   element is visible, enabled and stable
      -   scrolling into view if needed
      -   done scrolling
      -   <mat-label _ngcontent-ng-c1203864546="" class="ng-tns-c3736…>Search email template</mat-label> from <div matformfieldnotchedoutline="" class="mdc-notched…>…</div> subtree intercepts pointer events
      - retrying click action, attempt #141
      -   waiting 500ms
      -   waiting for element to be visible, enabled and stable
      -   element is visible, enabled and stable
      -   scrolling into view if needed
      -   done scrolling
      -   <mat-label _ngcontent-ng-c1203864546="" class="ng-tns-c3736…>Search email template</mat-label> from <div matformfieldnotchedoutline="" class="mdc-notched…>…</div> subtree intercepts pointer events
      - retrying click action, attempt #142
      -   waiting 500ms
      -   waiting for element to be visible, enabled and stable
      -   element is visible, enabled and stable
      -   scrolling into view if needed
      -   done scrolling
      -   <mat-label _ngcontent-ng-c1203864546="" class="ng-tns-c3736…>Search email template</mat-label> from <div matformfieldnotchedoutline="" class="mdc-notched…>…</div> subtree intercepts pointer events
      - retrying click action, attempt #143
      -   waiting 500ms
      -   waiting for element to be visible, enabled and stable
      -   element is visible, enabled and stable
      -   scrolling into view if needed
      -   done scrolling
      -   <mat-label _ngcontent-ng-c1203864546="" class="ng-tns-c3736…>Search email template</mat-label> from <div matformfieldnotchedoutline="" class="mdc-notched…>…</div> subtree intercepts pointer events
      - retrying click action, attempt #144
      -   waiting 500ms
      -   waiting for element to be visible, enabled and stable
      -   element is visible, enabled and stable
      -   scrolling into view if needed
      -   done scrolling
      -   <mat-label _ngcontent-ng-c1203864546="" class="ng-tns-c3736…>Search email template</mat-label> from <div matformfieldnotchedoutline="" class="mdc-notched…>…</div> subtree intercepts pointer events
      - retrying click action, attempt #145
      -   waiting 500ms
      -   waiting for element to be visible, enabled and stable
      -   element is visible, enabled and stable
      -   scrolling into view if needed
      -   done scrolling
      -   <mat-label _ngcontent-ng-c1203864546="" class="ng-tns-c3736…>Search email template</mat-label> from <div matformfieldnotchedoutline="" class="mdc-notched…>…</div> subtree intercepts pointer events
      - retrying click action, attempt #146
      -   waiting 500ms
      -   waiting for element to be visible, enabled and stable
      -   element is visible, enabled and stable
      -   scrolling into view if needed
      -   done scrolling
      -   <mat-label _ngcontent-ng-c1203864546="" class="ng-tns-c3736…>Search email template</mat-label> from <div matformfieldnotchedoutline="" class="mdc-notched…>…</div> subtree intercepts pointer events
      - retrying click action, attempt #147
      -   waiting 500ms
      -   waiting for element to be visible, enabled and stable
      -   element is visible, enabled and stable
      -   scrolling into view if needed
      -   done scrolling
      -   <mat-label _ngcontent-ng-c1203864546="" class="ng-tns-c3736…>Search email template</mat-label> from <div matformfieldnotchedoutline="" class="mdc-notched…>…</div> subtree intercepts pointer events
      - retrying click action, attempt #148
      -   waiting 500ms
      -   waiting for element to be visible, enabled and stable
      -   element is visible, enabled and stable
      -   scrolling into view if needed
      -   done scrolling
      -   <mat-label _ngcontent-ng-c1203864546="" class="ng-tns-c3736…>Search email template</mat-label> from <div matformfieldnotchedoutline="" class="mdc-notched…>…</div> subtree intercepts pointer events
      - retrying click action, attempt #149
      -   waiting 500ms
      -   waiting for element to be visible, enabled and stable
      -   element is visible, enabled and stable
      -   scrolling into view if needed
      -   done scrolling
      -   <mat-label _ngcontent-ng-c1203864546="" class="ng-tns-c3736…>Search email template</mat-label> from <div matformfieldnotchedoutline="" class="mdc-notched…>…</div> subtree intercepts pointer events
      - retrying click action, attempt #150
      -   waiting 500ms


       at classes\emailtemplatesPage.ts:22

      20 |     //search email template (fillable)
      21 |     async searchEmailTemplate(templateName){
    > 22 |         await this.page.getByLabel('Search email template').click();
         |                                                             ^
      23 |         await this.page.getByLabel('Search email template').fill(templateName);
      24 |         await this.page.getByLabel('Search email template').press('Enter');
      25 |     }

        at EmailtemplatesPage.searchEmailTemplate (C:\Users\white\work\mbh-playwright\classes\emailtemplatesPage.ts:22:61)
        at C:\Users\white\work\mbh-playwright\mbhemailtemplates.mbhpages.ts:21:21

    attachment #1: screenshot (image/png) ──────────────────────────────────────────────────────────
    test-results\mbhemailtemplates.mbhpages.ts-search-edit-email-template-chrome\test-failed-1.png
    ────────────────────────────────────────────────────────────────────────────────────────────────

    attachment #2: video (video/webm) ──────────────────────────────────────────────────────────────
    test-results\mbhemailtemplates.mbhpages.ts-search-edit-email-template-chrome\video.webm
    ────────────────────────────────────────────────────────────────────────────────────────────────
]]>
</failure>
<system-out>
<![CDATA[
[[ATTACHMENT|test-results\mbhemailtemplates.mbhpages.ts-search-edit-email-template-chrome\test-failed-1.png]]

[[ATTACHMENT|test-results\mbhemailtemplates.mbhpages.ts-search-edit-email-template-chrome\video.webm]]
]]>
</system-out>
</testcase>
<testcase name="test email template between clients" classname="mbhemailtemplates.mbhpages.ts" time="12.57">
<properties>
<property name="slow" value="">
</property>
</properties>
<system-out>
<![CDATA[
[[ATTACHMENT|test-results\mbhemailtemplates.mbhpages-3288d-il-template-between-clients-chrome\test-finished-1.png]]

[[ATTACHMENT|test-results\mbhemailtemplates.mbhpages-3288d-il-template-between-clients-chrome\video.webm]]
]]>
</system-out>
</testcase>
</testsuite>
<testsuite name="mbhfacilitytest.mbhpages.ts" timestamp="2024-06-14T15:04:44.957Z" hostname="chrome" tests="5" failures="4" skipped="0" time="379.535" errors="0">
<testcase name="facility regression testing" classname="mbhfacilitytest.mbhpages.ts" time="90.093">
<properties>
<property name="slow" value="">
</property>
</properties>
<failure message="mbhfacilitytest.mbhpages.ts:17:5 facility regression testing" type="FAILURE">
<![CDATA[  [chrome] › mbhfacilitytest.mbhpages.ts:17:5 › facility regression testing ────────────────────────

    Test timeout of 90000ms exceeded.

    attachment #1: screenshot (image/png) ──────────────────────────────────────────────────────────
    test-results\mbhfacilitytest.mbhpages.ts-facility-regression-testing-chrome\test-failed-1.png
    ────────────────────────────────────────────────────────────────────────────────────────────────

    attachment #2: video (video/webm) ──────────────────────────────────────────────────────────────
    test-results\mbhfacilitytest.mbhpages.ts-facility-regression-testing-chrome\video.webm
    ────────────────────────────────────────────────────────────────────────────────────────────────
]]>
</failure>
<system-out>
<![CDATA[
[[ATTACHMENT|test-results\mbhfacilitytest.mbhpages.ts-facility-regression-testing-chrome\test-failed-1.png]]

[[ATTACHMENT|test-results\mbhfacilitytest.mbhpages.ts-facility-regression-testing-chrome\video.webm]]
]]>
</system-out>
</testcase>
<testcase name="test creating unique facility" classname="mbhfacilitytest.mbhpages.ts" time="90.137">
<properties>
<property name="slow" value="">
</property>
</properties>
<failure message="mbhfacilitytest.mbhpages.ts:56:5 test creating unique facility" type="FAILURE">
<![CDATA[  [chrome] › mbhfacilitytest.mbhpages.ts:56:5 › test creating unique facility ──────────────────────

    Test timeout of 90000ms exceeded.

    attachment #1: screenshot (image/png) ──────────────────────────────────────────────────────────
    test-results\mbhfacilitytest.mbhpages.ts-test-creating-unique-facility-chrome\test-failed-1.png
    ────────────────────────────────────────────────────────────────────────────────────────────────

    attachment #2: video (video/webm) ──────────────────────────────────────────────────────────────
    test-results\mbhfacilitytest.mbhpages.ts-test-creating-unique-facility-chrome\video.webm
    ────────────────────────────────────────────────────────────────────────────────────────────────
]]>
</failure>
<system-out>
<![CDATA[
[[ATTACHMENT|test-results\mbhfacilitytest.mbhpages.ts-test-creating-unique-facility-chrome\test-failed-1.png]]

[[ATTACHMENT|test-results\mbhfacilitytest.mbhpages.ts-test-creating-unique-facility-chrome\video.webm]]
]]>
</system-out>
</testcase>
<testcase name="test facility create" classname="mbhfacilitytest.mbhpages.ts" time="90.116">
<properties>
<property name="slow" value="">
</property>
</properties>
<failure message="mbhfacilitytest.mbhpages.ts:83:5 test facility create" type="FAILURE">
<![CDATA[  [chrome] › mbhfacilitytest.mbhpages.ts:83:5 › test facility create ───────────────────────────────

    Test timeout of 90000ms exceeded.

    attachment #1: screenshot (image/png) ──────────────────────────────────────────────────────────
    test-results\mbhfacilitytest.mbhpages.ts-test-facility-create-chrome\test-failed-1.png
    ────────────────────────────────────────────────────────────────────────────────────────────────

    attachment #2: video (video/webm) ──────────────────────────────────────────────────────────────
    test-results\mbhfacilitytest.mbhpages.ts-test-facility-create-chrome\video.webm
    ────────────────────────────────────────────────────────────────────────────────────────────────
]]>
</failure>
<system-out>
<![CDATA[
[[ATTACHMENT|test-results\mbhfacilitytest.mbhpages.ts-test-facility-create-chrome\test-failed-1.png]]

[[ATTACHMENT|test-results\mbhfacilitytest.mbhpages.ts-test-facility-create-chrome\video.webm]]
]]>
</system-out>
</testcase>
<testcase name="test facility edit" classname="mbhfacilitytest.mbhpages.ts" time="96.189">
<properties>
<property name="slow" value="">
</property>
</properties>
<failure message="mbhfacilitytest.mbhpages.ts:104:5 test facility edit" type="FAILURE">
<![CDATA[  [chrome] › mbhfacilitytest.mbhpages.ts:104:5 › test facility edit ────────────────────────────────

    Test timeout of 90000ms exceeded.

    Error: locator.click: Test timeout of 90000ms exceeded.
    Call log:
      - waiting for getByText('QA Facility 3')


       at classes\facilitiesPage.ts:51

      49 |     //select facility
      50 |     async selectFacility(facility){
    > 51 |         await this.page.getByText(facility).click();
         |                                             ^
      52 |     }
      53 |     //select location
      54 |     async selectLocation(location){

        at FacilitiesPage.selectFacility (C:\Users\white\work\mbh-playwright\classes\facilitiesPage.ts:51:45)
        at C:\Users\white\work\mbh-playwright\mbhfacilitytest.mbhpages.ts:119:20

    attachment #1: screenshot (image/png) ──────────────────────────────────────────────────────────
    test-results\mbhfacilitytest.mbhpages.ts-test-facility-edit-chrome\test-failed-1.png
    ────────────────────────────────────────────────────────────────────────────────────────────────

    attachment #2: video (video/webm) ──────────────────────────────────────────────────────────────
    test-results\mbhfacilitytest.mbhpages.ts-test-facility-edit-chrome\video.webm
    ────────────────────────────────────────────────────────────────────────────────────────────────
]]>
</failure>
<system-out>
<![CDATA[
[[ATTACHMENT|test-results\mbhfacilitytest.mbhpages.ts-test-facility-edit-chrome\test-failed-1.png]]

[[ATTACHMENT|test-results\mbhfacilitytest.mbhpages.ts-test-facility-edit-chrome\video.webm]]
]]>
</system-out>
</testcase>
<testcase name="test facility delete" classname="mbhfacilitytest.mbhpages.ts" time="13">
<properties>
<property name="slow" value="">
</property>
</properties>
<system-out>
<![CDATA[
[[ATTACHMENT|test-results\mbhfacilitytest.mbhpages.ts-test-facility-delete-chrome\test-finished-1.png]]

[[ATTACHMENT|test-results\mbhfacilitytest.mbhpages.ts-test-facility-delete-chrome\video.webm]]
]]>
</system-out>
</testcase>
</testsuite>
<testsuite name="mbhfilterdashboard.mbhpages.ts" timestamp="2024-06-14T15:04:44.957Z" hostname="chrome" tests="3" failures="3" skipped="0" time="132.46" errors="0">
<testcase name="filter dashboard data" classname="mbhfilterdashboard.mbhpages.ts" time="14.021">
<properties>
<property name="slow" value="">
</property>
</properties>
<failure message="mbhfilterdashboard.mbhpages.ts:7:5 filter dashboard data" type="FAILURE">
<![CDATA[  [chrome] › mbhfilterdashboard.mbhpages.ts:7:5 › filter dashboard data ────────────────────────────

    Error: Screenshot comparison failed:

      58 pixels (ratio 0.05 of all image pixels) are different.

    Expected: C:\Users\white\work\mbh-playwright\mbhfilterdashboard.mbhpages.ts-snapshots\basescreenshot-chrome-win32.png
    Received: C:\Users\white\work\mbh-playwright\test-results\mbhfilterdashboard.mbhpages.ts-filter-dashboard-data-chrome\basescreenshot-actual.png
        Diff: C:\Users\white\work\mbh-playwright\test-results\mbhfilterdashboard.mbhpages.ts-filter-dashboard-data-chrome\basescreenshot-diff.png


       at classes\dashboardPage.ts:188

      186 |
      187 |     async datacomparison(){
    > 188 |         expect(await this.page.getByTitle('User Login').screenshot()).toMatchSnapshot('basescreenshot.png');
          |                                                                       ^
      189 |     }
      190 |
      191 |     async ganzoniCalculator(weightype,weight, curHgb){

        at DashboardPage.datacomparison (C:\Users\white\work\mbh-playwright\classes\dashboardPage.ts:188:71)
        at C:\Users\white\work\mbh-playwright\mbhfilterdashboard.mbhpages.ts:19:5

    attachment #1: basescreenshot-expected.png (image/png) ─────────────────────────────────────────
    mbhfilterdashboard.mbhpages.ts-snapshots\basescreenshot-chrome-win32.png
    ────────────────────────────────────────────────────────────────────────────────────────────────

    attachment #2: basescreenshot-actual.png (image/png) ───────────────────────────────────────────
    test-results\mbhfilterdashboard.mbhpages.ts-filter-dashboard-data-chrome\basescreenshot-actual.png
    ────────────────────────────────────────────────────────────────────────────────────────────────

    attachment #3: basescreenshot-diff.png (image/png) ─────────────────────────────────────────────
    test-results\mbhfilterdashboard.mbhpages.ts-filter-dashboard-data-chrome\basescreenshot-diff.png
    ────────────────────────────────────────────────────────────────────────────────────────────────

    attachment #4: screenshot (image/png) ──────────────────────────────────────────────────────────
    test-results\mbhfilterdashboard.mbhpages.ts-filter-dashboard-data-chrome\test-failed-1.png
    ────────────────────────────────────────────────────────────────────────────────────────────────

    attachment #5: video (video/webm) ──────────────────────────────────────────────────────────────
    test-results\mbhfilterdashboard.mbhpages.ts-filter-dashboard-data-chrome\video.webm
    ────────────────────────────────────────────────────────────────────────────────────────────────
]]>
</failure>
<system-out>
<![CDATA[
[[ATTACHMENT|mbhfilterdashboard.mbhpages.ts-snapshots\basescreenshot-chrome-win32.png]]

[[ATTACHMENT|test-results\mbhfilterdashboard.mbhpages.ts-filter-dashboard-data-chrome\basescreenshot-actual.png]]

[[ATTACHMENT|test-results\mbhfilterdashboard.mbhpages.ts-filter-dashboard-data-chrome\basescreenshot-diff.png]]

[[ATTACHMENT|test-results\mbhfilterdashboard.mbhpages.ts-filter-dashboard-data-chrome\test-failed-1.png]]

[[ATTACHMENT|test-results\mbhfilterdashboard.mbhpages.ts-filter-dashboard-data-chrome\video.webm]]
]]>
</system-out>
</testcase>
<testcase name="filter screenshot comparison" classname="mbhfilterdashboard.mbhpages.ts" time="21.994">
<properties>
<property name="slow" value="">
</property>
</properties>
<failure message="mbhfilterdashboard.mbhpages.ts:23:5 filter screenshot comparison" type="FAILURE">
<![CDATA[  [chrome] › mbhfilterdashboard.mbhpages.ts:23:5 › filter screenshot comparison ────────────────────

    Error: Screenshot comparison failed:

      1 pixels (ratio 0.01 of all image pixels) are different.

    Expected: C:\Users\white\work\mbh-playwright\mbhfilterdashboard.mbhpages.ts-snapshots\basescreenshot-chrome-win32.png
    Received: C:\Users\white\work\mbh-playwright\test-results\mbhfilterdashboard.mbhpages.ts-filter-screenshot-comparison-chrome\basescreenshot-actual.png
        Diff: C:\Users\white\work\mbh-playwright\test-results\mbhfilterdashboard.mbhpages.ts-filter-screenshot-comparison-chrome\basescreenshot-diff.png


       at classes\dashboardPage.ts:188

      186 |
      187 |     async datacomparison(){
    > 188 |         expect(await this.page.getByTitle('User Login').screenshot()).toMatchSnapshot('basescreenshot.png');
          |                                                                       ^
      189 |     }
      190 |
      191 |     async ganzoniCalculator(weightype,weight, curHgb){

        at DashboardPage.datacomparison (C:\Users\white\work\mbh-playwright\classes\dashboardPage.ts:188:71)
        at C:\Users\white\work\mbh-playwright\mbhfilterdashboard.mbhpages.ts:35:5

    attachment #1: basescreenshot-expected.png (image/png) ─────────────────────────────────────────
    mbhfilterdashboard.mbhpages.ts-snapshots\basescreenshot-chrome-win32.png
    ────────────────────────────────────────────────────────────────────────────────────────────────

    attachment #2: basescreenshot-actual.png (image/png) ───────────────────────────────────────────
    test-results\mbhfilterdashboard.mbhpages.ts-filter-screenshot-comparison-chrome\basescreenshot-actual.png
    ────────────────────────────────────────────────────────────────────────────────────────────────

    attachment #3: basescreenshot-diff.png (image/png) ─────────────────────────────────────────────
    test-results\mbhfilterdashboard.mbhpages.ts-filter-screenshot-comparison-chrome\basescreenshot-diff.png
    ────────────────────────────────────────────────────────────────────────────────────────────────

    attachment #4: screenshot (image/png) ──────────────────────────────────────────────────────────
    test-results\mbhfilterdashboard.mbhpages.ts-filter-screenshot-comparison-chrome\test-failed-1.png
    ────────────────────────────────────────────────────────────────────────────────────────────────

    attachment #5: video (video/webm) ──────────────────────────────────────────────────────────────
    test-results\mbhfilterdashboard.mbhpages.ts-filter-screenshot-comparison-chrome\video.webm
    ────────────────────────────────────────────────────────────────────────────────────────────────
]]>
</failure>
<system-out>
<![CDATA[
[[ATTACHMENT|mbhfilterdashboard.mbhpages.ts-snapshots\basescreenshot-chrome-win32.png]]

[[ATTACHMENT|test-results\mbhfilterdashboard.mbhpages.ts-filter-screenshot-comparison-chrome\basescreenshot-actual.png]]

[[ATTACHMENT|test-results\mbhfilterdashboard.mbhpages.ts-filter-screenshot-comparison-chrome\basescreenshot-diff.png]]

[[ATTACHMENT|test-results\mbhfilterdashboard.mbhpages.ts-filter-screenshot-comparison-chrome\test-failed-1.png]]

[[ATTACHMENT|test-results\mbhfilterdashboard.mbhpages.ts-filter-screenshot-comparison-chrome\video.webm]]
]]>
</system-out>
</testcase>
<testcase name="reset cache test" classname="mbhfilterdashboard.mbhpages.ts" time="96.445">
<properties>
<property name="slow" value="">
</property>
</properties>
<failure message="mbhfilterdashboard.mbhpages.ts:38:5 reset cache test" type="FAILURE">
<![CDATA[  [chrome] › mbhfilterdashboard.mbhpages.ts:38:5 › reset cache test ────────────────────────────────

    Test timeout of 90000ms exceeded.

    Error: locator.focus: Test timeout of 90000ms exceeded.
    Call log:
      - waiting for getByLabel('Weight *')


       at classes\dashboardPage.ts:183

      181 |     }
      182 |     async dataverify(num){
    > 183 |         await this.page.getByLabel('Weight *').focus();
          |                                                ^
      184 |         await this.page.screenshot({path:'dataverify' + num + '.png'}); 
      185 |     }
      186 |

        at DashboardPage.dataverify (C:\Users\white\work\mbh-playwright\classes\dashboardPage.ts:183:48)
        at C:\Users\white\work\mbh-playwright\mbhfilterdashboard.mbhpages.ts:50:21

    attachment #1: screenshot (image/png) ──────────────────────────────────────────────────────────
    test-results\mbhfilterdashboard.mbhpages.ts-reset-cache-test-chrome\test-failed-1.png
    ────────────────────────────────────────────────────────────────────────────────────────────────

    attachment #2: video (video/webm) ──────────────────────────────────────────────────────────────
    test-results\mbhfilterdashboard.mbhpages.ts-reset-cache-test-chrome\video.webm
    ────────────────────────────────────────────────────────────────────────────────────────────────
]]>
</failure>
<system-out>
<![CDATA[
[[ATTACHMENT|test-results\mbhfilterdashboard.mbhpages.ts-reset-cache-test-chrome\test-failed-1.png]]

[[ATTACHMENT|test-results\mbhfilterdashboard.mbhpages.ts-reset-cache-test-chrome\video.webm]]
]]>
</system-out>
</testcase>
</testsuite>
<testsuite name="mbhhgbicon.mbhpages.ts" timestamp="2024-06-14T15:04:44.957Z" hostname="chrome" tests="1" failures="1" skipped="0" time="90.107" errors="0">
<testcase name="Hgb icon match" classname="mbhhgbicon.mbhpages.ts" time="90.107">
<properties>
<property name="slow" value="">
</property>
</properties>
<failure message="mbhhgbicon.mbhpages.ts:8:5 Hgb icon match" type="FAILURE">
<![CDATA[  [chrome] › mbhhgbicon.mbhpages.ts:8:5 › Hgb icon match ───────────────────────────────────────────

    Test timeout of 90000ms exceeded.

    attachment #1: screenshot (image/png) ──────────────────────────────────────────────────────────
    test-results\mbhhgbicon.mbhpages.ts-Hgb-icon-match-chrome\test-failed-1.png
    ────────────────────────────────────────────────────────────────────────────────────────────────

    attachment #2: video (video/webm) ──────────────────────────────────────────────────────────────
    test-results\mbhhgbicon.mbhpages.ts-Hgb-icon-match-chrome\video.webm
    ────────────────────────────────────────────────────────────────────────────────────────────────
]]>
</failure>
<system-out>
<![CDATA[
[[ATTACHMENT|test-results\mbhhgbicon.mbhpages.ts-Hgb-icon-match-chrome\test-failed-1.png]]

[[ATTACHMENT|test-results\mbhhgbicon.mbhpages.ts-Hgb-icon-match-chrome\video.webm]]
]]>
</system-out>
</testcase>
</testsuite>
<testsuite name="mbhlabtype.mbhpages.ts" timestamp="2024-06-14T15:04:44.957Z" hostname="chrome" tests="3" failures="3" skipped="0" time="276.517" errors="0">
<testcase name="add lab type" classname="mbhlabtype.mbhpages.ts" time="96.25">
<properties>
<property name="slow" value="">
</property>
</properties>
<failure message="mbhlabtype.mbhpages.ts:7:5 add lab type" type="FAILURE">
<![CDATA[  [chrome] › mbhlabtype.mbhpages.ts:7:5 › add lab type ─────────────────────────────────────────────

    Test timeout of 90000ms exceeded.

    Error: locator.click: Test timeout of 90000ms exceeded.
    Call log:
      - waiting for getByLabel('Test Name *')


       at classes\labtypesPage.ts:48

      46 |         
      47 |         //Test Name (fillable)
    > 48 |         await this.page.getByLabel('Test Name *').click();
         |                                                   ^
      49 |         await this.page.getByLabel('Test Name *').fill(testname)//testtype
      50 |         //Unit of Measure (fillable)
      51 |         await this.page.getByLabel('Unit of Measure *').click();

        at LabtypesPage.addLabType (C:\Users\white\work\mbh-playwright\classes\labtypesPage.ts:48:51)
        at C:\Users\white\work\mbh-playwright\mbhlabtype.mbhpages.ts:21:5

    attachment #1: screenshot (image/png) ──────────────────────────────────────────────────────────
    test-results\mbhlabtype.mbhpages.ts-add-lab-type-chrome\test-failed-1.png
    ────────────────────────────────────────────────────────────────────────────────────────────────

    attachment #2: video (video/webm) ──────────────────────────────────────────────────────────────
    test-results\mbhlabtype.mbhpages.ts-add-lab-type-chrome\video.webm
    ────────────────────────────────────────────────────────────────────────────────────────────────
]]>
</failure>
<system-out>
<![CDATA[
[[ATTACHMENT|test-results\mbhlabtype.mbhpages.ts-add-lab-type-chrome\test-failed-1.png]]

[[ATTACHMENT|test-results\mbhlabtype.mbhpages.ts-add-lab-type-chrome\video.webm]]
]]>
</system-out>
</testcase>
<testcase name="edit lab type" classname="mbhlabtype.mbhpages.ts" time="90.146">
<properties>
<property name="slow" value="">
</property>
</properties>
<failure message="mbhlabtype.mbhpages.ts:30:5 edit lab type" type="FAILURE">
<![CDATA[  [chrome] › mbhlabtype.mbhpages.ts:30:5 › edit lab type ───────────────────────────────────────────

    Test timeout of 90000ms exceeded.

    attachment #1: screenshot (image/png) ──────────────────────────────────────────────────────────
    test-results\mbhlabtype.mbhpages.ts-edit-lab-type-chrome\test-failed-1.png
    ────────────────────────────────────────────────────────────────────────────────────────────────

    attachment #2: video (video/webm) ──────────────────────────────────────────────────────────────
    test-results\mbhlabtype.mbhpages.ts-edit-lab-type-chrome\video.webm
    ────────────────────────────────────────────────────────────────────────────────────────────────
]]>
</failure>
<system-out>
<![CDATA[
[[ATTACHMENT|test-results\mbhlabtype.mbhpages.ts-edit-lab-type-chrome\test-failed-1.png]]

[[ATTACHMENT|test-results\mbhlabtype.mbhpages.ts-edit-lab-type-chrome\video.webm]]
]]>
</system-out>
</testcase>
<testcase name="delete lab type" classname="mbhlabtype.mbhpages.ts" time="90.121">
<properties>
<property name="slow" value="">
</property>
</properties>
<failure message="mbhlabtype.mbhpages.ts:55:5 delete lab type" type="FAILURE">
<![CDATA[  [chrome] › mbhlabtype.mbhpages.ts:55:5 › delete lab type ─────────────────────────────────────────

    Test timeout of 90000ms exceeded.

    attachment #1: screenshot (image/png) ──────────────────────────────────────────────────────────
    test-results\mbhlabtype.mbhpages.ts-delete-lab-type-chrome\test-failed-1.png
    ────────────────────────────────────────────────────────────────────────────────────────────────

    attachment #2: video (video/webm) ──────────────────────────────────────────────────────────────
    test-results\mbhlabtype.mbhpages.ts-delete-lab-type-chrome\video.webm
    ────────────────────────────────────────────────────────────────────────────────────────────────
]]>
</failure>
<system-out>
<![CDATA[
[[ATTACHMENT|test-results\mbhlabtype.mbhpages.ts-delete-lab-type-chrome\test-failed-1.png]]

[[ATTACHMENT|test-results\mbhlabtype.mbhpages.ts-delete-lab-type-chrome\video.webm]]
]]>
</system-out>
</testcase>
</testsuite>
<testsuite name="mbhlabtypesmapping.mbhpages.ts" timestamp="2024-06-14T15:04:44.957Z" hostname="chrome" tests="5" failures="3" skipped="0" time="302.309" errors="0">
<testcase name="pagination after search" classname="mbhlabtypesmapping.mbhpages.ts" time="90.137">
<properties>
<property name="slow" value="">
</property>
</properties>
<failure message="mbhlabtypesmapping.mbhpages.ts:7:5 pagination after search" type="FAILURE">
<![CDATA[  [chrome] › mbhlabtypesmapping.mbhpages.ts:7:5 › pagination after search ──────────────────────────

    Test timeout of 90000ms exceeded.

    attachment #1: screenshot (image/png) ──────────────────────────────────────────────────────────
    test-results\mbhlabtypesmapping.mbhpages.ts-pagination-after-search-chrome\test-failed-1.png
    ────────────────────────────────────────────────────────────────────────────────────────────────

    attachment #2: video (video/webm) ──────────────────────────────────────────────────────────────
    test-results\mbhlabtypesmapping.mbhpages.ts-pagination-after-search-chrome\video.webm
    ────────────────────────────────────────────────────────────────────────────────────────────────
]]>
</failure>
<system-out>
<![CDATA[
[[ATTACHMENT|test-results\mbhlabtypesmapping.mbhpages.ts-pagination-after-search-chrome\test-failed-1.png]]

[[ATTACHMENT|test-results\mbhlabtypesmapping.mbhpages.ts-pagination-after-search-chrome\video.webm]]
]]>
</system-out>
</testcase>
<testcase name="pagination after filter" classname="mbhlabtypesmapping.mbhpages.ts" time="18.916">
<properties>
<property name="slow" value="">
</property>
</properties>
<system-out>
<![CDATA[
[[ATTACHMENT|test-results\mbhlabtypesmapping.mbhpages.ts-pagination-after-filter-chrome\test-finished-1.png]]

[[ATTACHMENT|test-results\mbhlabtypesmapping.mbhpages.ts-pagination-after-filter-chrome\video.webm]]
]]>
</system-out>
</testcase>
<testcase name="download mappings" classname="mbhlabtypesmapping.mbhpages.ts" time="13.001">
<properties>
<property name="slow" value="">
</property>
</properties>
<system-out>
<![CDATA[
[[ATTACHMENT|test-results\mbhlabtypesmapping.mbhpages.ts-download-mappings-chrome\test-finished-1.png]]

[[ATTACHMENT|test-results\mbhlabtypesmapping.mbhpages.ts-download-mappings-chrome\video.webm]]
]]>
</system-out>
</testcase>
<testcase name="upload mappings" classname="mbhlabtypesmapping.mbhpages.ts" time="90.16">
<properties>
<property name="slow" value="">
</property>
</properties>
<failure message="mbhlabtypesmapping.mbhpages.ts:68:5 upload mappings" type="FAILURE">
<![CDATA[  [chrome] › mbhlabtypesmapping.mbhpages.ts:68:5 › upload mappings ─────────────────────────────────

    Test timeout of 90000ms exceeded.

    attachment #1: screenshot (image/png) ──────────────────────────────────────────────────────────
    test-results\mbhlabtypesmapping.mbhpages.ts-upload-mappings-chrome\test-failed-1.png
    ────────────────────────────────────────────────────────────────────────────────────────────────

    attachment #2: video (video/webm) ──────────────────────────────────────────────────────────────
    test-results\mbhlabtypesmapping.mbhpages.ts-upload-mappings-chrome\video.webm
    ────────────────────────────────────────────────────────────────────────────────────────────────
]]>
</failure>
<system-out>
<![CDATA[
[[ATTACHMENT|test-results\mbhlabtypesmapping.mbhpages.ts-upload-mappings-chrome\test-failed-1.png]]

[[ATTACHMENT|test-results\mbhlabtypesmapping.mbhpages.ts-upload-mappings-chrome\video.webm]]
]]>
</system-out>
</testcase>
<testcase name="map lab type" classname="mbhlabtypesmapping.mbhpages.ts" time="90.095">
<properties>
<property name="slow" value="">
</property>
</properties>
<failure message="mbhlabtypesmapping.mbhpages.ts:87:5 map lab type" type="FAILURE">
<![CDATA[  [chrome] › mbhlabtypesmapping.mbhpages.ts:87:5 › map lab type ────────────────────────────────────

    Test timeout of 90000ms exceeded.

    attachment #1: screenshot (image/png) ──────────────────────────────────────────────────────────
    test-results\mbhlabtypesmapping.mbhpages.ts-map-lab-type-chrome\test-failed-1.png
    ────────────────────────────────────────────────────────────────────────────────────────────────

    attachment #2: video (video/webm) ──────────────────────────────────────────────────────────────
    test-results\mbhlabtypesmapping.mbhpages.ts-map-lab-type-chrome\video.webm
    ────────────────────────────────────────────────────────────────────────────────────────────────
]]>
</failure>
<system-out>
<![CDATA[
[[ATTACHMENT|test-results\mbhlabtypesmapping.mbhpages.ts-map-lab-type-chrome\test-failed-1.png]]

[[ATTACHMENT|test-results\mbhlabtypesmapping.mbhpages.ts-map-lab-type-chrome\video.webm]]
]]>
</system-out>
</testcase>
</testsuite>
<testsuite name="mbhlabvalue.mbhpages.ts" timestamp="2024-06-14T15:04:44.957Z" hostname="chrome" tests="1" failures="1" skipped="0" time="90.102" errors="0">
<testcase name="labvalue" classname="mbhlabvalue.mbhpages.ts" time="90.102">
<properties>
<property name="slow" value="">
</property>
</properties>
<failure message="mbhlabvalue.mbhpages.ts:8:5 labvalue" type="FAILURE">
<![CDATA[  [chrome] › mbhlabvalue.mbhpages.ts:8:5 › labvalue ────────────────────────────────────────────────

    Test timeout of 90000ms exceeded.

    attachment #1: screenshot (image/png) ──────────────────────────────────────────────────────────
    test-results\mbhlabvalue.mbhpages.ts-labvalue-chrome\test-failed-1.png
    ────────────────────────────────────────────────────────────────────────────────────────────────

    attachment #2: video (video/webm) ──────────────────────────────────────────────────────────────
    test-results\mbhlabvalue.mbhpages.ts-labvalue-chrome\video.webm
    ────────────────────────────────────────────────────────────────────────────────────────────────
]]>
</failure>
<system-out>
<![CDATA[
[[ATTACHMENT|test-results\mbhlabvalue.mbhpages.ts-labvalue-chrome\test-failed-1.png]]

[[ATTACHMENT|test-results\mbhlabvalue.mbhpages.ts-labvalue-chrome\video.webm]]
]]>
</system-out>
</testcase>
</testsuite>
<testsuite name="mbhlastvisitschnewsurgical.mbhpages.ts" timestamp="2024-06-14T15:04:44.957Z" hostname="chrome" tests="1" failures="1" skipped="0" time="95.325" errors="0">
<testcase name="surgical visit" classname="mbhlastvisitschnewsurgical.mbhpages.ts" time="95.325">
<properties>
<property name="slow" value="">
</property>
</properties>
<failure message="mbhlastvisitschnewsurgical.mbhpages.ts:8:5 surgical visit" type="FAILURE">
<![CDATA[  [chrome] › mbhlastvisitschnewsurgical.mbhpages.ts:8:5 › surgical visit ───────────────────────────

    Test timeout of 90000ms exceeded.

    Error: locator.click: Test timeout of 90000ms exceeded.
    Call log:
      - waiting for locator('.mat-checkbox-inner-container').first()


       at classes\worklistPage.ts:245

      243 |          //*New */
      244 |          //select the new check box
    > 245 |          await this.page.locator('.mat-checkbox-inner-container').first().click();
          |                                                                           ^
      246 |          //first name
      247 |          await this.page.getByLabel('First Name *').click();
      248 |          await this.page.getByLabel('First Name *').fill(fname);

        at WorklistPage.scheduleSurgicalVisit (C:\Users\white\work\mbh-playwright\classes\worklistPage.ts:245:75)
        at C:\Users\white\work\mbh-playwright\mbhlastvisitschnewsurgical.mbhpages.ts:23:5

    attachment #1: screenshot (image/png) ──────────────────────────────────────────────────────────
    test-results\mbhlastvisitschnewsurgical.mbhpages.ts-surgical-visit-chrome\test-failed-1.png
    ────────────────────────────────────────────────────────────────────────────────────────────────

    attachment #2: video (video/webm) ──────────────────────────────────────────────────────────────
    test-results\mbhlastvisitschnewsurgical.mbhpages.ts-surgical-visit-chrome\video.webm
    ────────────────────────────────────────────────────────────────────────────────────────────────
]]>
</failure>
<system-out>
<![CDATA[
[[ATTACHMENT|test-results\mbhlastvisitschnewsurgical.mbhpages.ts-surgical-visit-chrome\test-failed-1.png]]

[[ATTACHMENT|test-results\mbhlastvisitschnewsurgical.mbhpages.ts-surgical-visit-chrome\video.webm]]
]]>
</system-out>
</testcase>
</testsuite>
<testsuite name="mbhlogin.mbhpages.ts" timestamp="2024-06-14T15:04:44.957Z" hostname="chrome" tests="1" failures="0" skipped="0" time="5.362" errors="0">
<testcase name="login" classname="mbhlogin.mbhpages.ts" time="5.362">
<properties>
<property name="slow" value="">
</property>
</properties>
<system-out>
<![CDATA[
[[ATTACHMENT|test-results\mbhlogin.mbhpages.ts-login-chrome\test-finished-1.png]]

[[ATTACHMENT|test-results\mbhlogin.mbhpages.ts-login-chrome\video.webm]]
]]>
</system-out>
</testcase>
</testsuite>
<testsuite name="mbhpatientlabsfilter.mbhpages.ts" timestamp="2024-06-14T15:04:44.957Z" hostname="chrome" tests="3" failures="3" skipped="0" time="288.896" errors="0">
<testcase name="filter patients labs" classname="mbhpatientlabsfilter.mbhpages.ts" time="96.155">
<properties>
<property name="slow" value="">
</property>
</properties>
<failure message="mbhpatientlabsfilter.mbhpages.ts:9:5 filter patients labs" type="FAILURE">
<![CDATA[  [chrome] › mbhpatientlabsfilter.mbhpages.ts:9:5 › filter patients labs ───────────────────────────

    Test timeout of 90000ms exceeded.

    Error: locator.click: Test timeout of 90000ms exceeded.
    Call log:
      - waiting for getByLabel('Search Patient name , mrn')
      -   locator resolved to <input matinput="" id="mat-input-0" aria-invalid="false…/>
      - attempting click action
      -   waiting for element to be visible, enabled and stable
      -   element is visible, enabled and stable
      -   scrolling into view if needed
      -   done scrolling
      -   <mat-label _ngcontent-ng-c2013501738="" class="ng-tns-c3736…>Search Patient name , mrn</mat-label> from <div matformfieldnotchedoutline="" class="mdc-notched…>…</div> subtree intercepts pointer events
      - retrying click action, attempt #1
      -   waiting for element to be visible, enabled and stable
      -   element is visible, enabled and stable
      -   scrolling into view if needed
      -   done scrolling
      -   <mat-label _ngcontent-ng-c2013501738="" class="ng-tns-c3736…>Search Patient name , mrn</mat-label> from <div matformfieldnotchedoutline="" class="mdc-notched…>…</div> subtree intercepts pointer events
      - retrying click action, attempt #2
      -   waiting 20ms
      -   waiting for element to be visible, enabled and stable
      -   element is visible, enabled and stable
      -   scrolling into view if needed
      -   done scrolling
      -   <mat-label _ngcontent-ng-c2013501738="" class="ng-tns-c3736…>Search Patient name , mrn</mat-label> from <div matformfieldnotchedoutline="" class="mdc-notched…>…</div> subtree intercepts pointer events
      - retrying click action, attempt #3
      -   waiting 100ms
      -   waiting for element to be visible, enabled and stable
      -   element is visible, enabled and stable
      -   scrolling into view if needed
      -   done scrolling
      -   <mat-label _ngcontent-ng-c2013501738="" class="ng-tns-c3736…>Search Patient name , mrn</mat-label> from <div matformfieldnotchedoutline="" class="mdc-notched…>…</div> subtree intercepts pointer events
      - retrying click action, attempt #4
      -   waiting 100ms
      -   waiting for element to be visible, enabled and stable
      -   element is visible, enabled and stable
      -   scrolling into view if needed
      -   done scrolling
      -   <mat-label _ngcontent-ng-c2013501738="" class="ng-tns-c3736…>Search Patient name , mrn</mat-label> from <div matformfieldnotchedoutline="" class="mdc-notched…>…</div> subtree intercepts pointer events
      - retrying click action, attempt #5
      -   waiting 500ms
      -   waiting for element to be visible, enabled and stable
      -   element is visible, enabled and stable
      -   scrolling into view if needed
      -   done scrolling
      -   <mat-label _ngcontent-ng-c2013501738="" class="ng-tns-c3736…>Search Patient name , mrn</mat-label> from <div matformfieldnotchedoutline="" class="mdc-notched…>…</div> subtree intercepts pointer events
      - retrying click action, attempt #6
      -   waiting 500ms
      -   waiting for element to be visible, enabled and stable
      -   element is visible, enabled and stable
      -   scrolling into view if needed
      -   done scrolling
      -   <mat-label _ngcontent-ng-c2013501738="" class="ng-tns-c3736…>Search Patient name , mrn</mat-label> from <div matformfieldnotchedoutline="" class="mdc-notched…>…</div> subtree intercepts pointer events
      - retrying click action, attempt #7
      -   waiting 500ms
      -   waiting for element to be visible, enabled and stable
      -   element is visible, enabled and stable
      -   scrolling into view if needed
      -   done scrolling
      -   <mat-label _ngcontent-ng-c2013501738="" class="ng-tns-c3736…>Search Patient name , mrn</mat-label> from <div matformfieldnotchedoutline="" class="mdc-notched…>…</div> subtree intercepts pointer events
      - retrying click action, attempt #8
      -   waiting 500ms
      -   waiting for element to be visible, enabled and stable
      -   element is visible, enabled and stable
      -   scrolling into view if needed
      -   done scrolling
      -   <mat-label _ngcontent-ng-c2013501738="" class="ng-tns-c3736…>Search Patient name , mrn</mat-label> from <div matformfieldnotchedoutline="" class="mdc-notched…>…</div> subtree intercepts pointer events
      - retrying click action, attempt #9
      -   waiting 500ms
      -   waiting for element to be visible, enabled and stable
      -   element is visible, enabled and stable
      -   scrolling into view if needed
      -   done scrolling
      -   <mat-label _ngcontent-ng-c2013501738="" class="ng-tns-c3736…>Search Patient name , mrn</mat-label> from <div matformfieldnotchedoutline="" class="mdc-notched…>…</div> subtree intercepts pointer events
      - retrying click action, attempt #10
      -   waiting 500ms
      -   waiting for element to be visible, enabled and stable
      -   element is visible, enabled and stable
      -   scrolling into view if needed
      -   done scrolling
      -   <mat-label _ngcontent-ng-c2013501738="" class="ng-tns-c3736…>Search Patient name , mrn</mat-label> from <div matformfieldnotchedoutline="" class="mdc-notched…>…</div> subtree intercepts pointer events
      - retrying click action, attempt #11
      -   waiting 500ms
      -   waiting for element to be visible, enabled and stable
      -   element is visible, enabled and stable
      -   scrolling into view if needed
      -   done scrolling
      -   <mat-label _ngcontent-ng-c2013501738="" class="ng-tns-c3736…>Search Patient name , mrn</mat-label> from <div matformfieldnotchedoutline="" class="mdc-notched…>…</div> subtree intercepts pointer events
      - retrying click action, attempt #12
      -   waiting 500ms
      -   waiting for element to be visible, enabled and stable
      -   element is visible, enabled and stable
      -   scrolling into view if needed
      -   done scrolling
      -   <mat-label _ngcontent-ng-c2013501738="" class="ng-tns-c3736…>Search Patient name , mrn</mat-label> from <div matformfieldnotchedoutline="" class="mdc-notched…>…</div> subtree intercepts pointer events
      - retrying click action, attempt #13
      -   waiting 500ms
      -   waiting for element to be visible, enabled and stable
      -   element is visible, enabled and stable
      -   scrolling into view if needed
      -   done scrolling
      -   <mat-label _ngcontent-ng-c2013501738="" class="ng-tns-c3736…>Search Patient name , mrn</mat-label> from <div matformfieldnotchedoutline="" class="mdc-notched…>…</div> subtree intercepts pointer events
      - retrying click action, attempt #14
      -   waiting 500ms
      -   waiting for element to be visible, enabled and stable
      -   element is visible, enabled and stable
      -   scrolling into view if needed
      -   done scrolling
      -   <mat-label _ngcontent-ng-c2013501738="" class="ng-tns-c3736…>Search Patient name , mrn</mat-label> from <div matformfieldnotchedoutline="" class="mdc-notched…>…</div> subtree intercepts pointer events
      - retrying click action, attempt #15
      -   waiting 500ms
      -   waiting for element to be visible, enabled and stable
      -   element is visible, enabled and stable
      -   scrolling into view if needed
      -   done scrolling
      -   <mat-label _ngcontent-ng-c2013501738="" class="ng-tns-c3736…>Search Patient name , mrn</mat-label> from <div matformfieldnotchedoutline="" class="mdc-notched…>…</div> subtree intercepts pointer events
      - retrying click action, attempt #16
      -   waiting 500ms
      -   waiting for element to be visible, enabled and stable
      -   element is visible, enabled and stable
      -   scrolling into view if needed
      -   done scrolling
      -   <mat-label _ngcontent-ng-c2013501738="" class="ng-tns-c3736…>Search Patient name , mrn</mat-label> from <div matformfieldnotchedoutline="" class="mdc-notched…>…</div> subtree intercepts pointer events
      - retrying click action, attempt #17
      -   waiting 500ms
      -   waiting for element to be visible, enabled and stable
      -   element is visible, enabled and stable
      -   scrolling into view if needed
      -   done scrolling
      -   <mat-label _ngcontent-ng-c2013501738="" class="ng-tns-c3736…>Search Patient name , mrn</mat-label> from <div matformfieldnotchedoutline="" class="mdc-notched…>…</div> subtree intercepts pointer events
      - retrying click action, attempt #18
      -   waiting 500ms
      -   waiting for element to be visible, enabled and stable
      -   element is visible, enabled and stable
      -   scrolling into view if needed
      -   done scrolling
      -   <mat-label _ngcontent-ng-c2013501738="" class="ng-tns-c3736…>Search Patient name , mrn</mat-label> from <div matformfieldnotchedoutline="" class="mdc-notched…>…</div> subtree intercepts pointer events
      - retrying click action, attempt #19
      -   waiting 500ms
      -   waiting for element to be visible, enabled and stable
      -   element is visible, enabled and stable
      -   scrolling into view if needed
      -   done scrolling
      -   <mat-label _ngcontent-ng-c2013501738="" class="ng-tns-c3736…>Search Patient name , mrn</mat-label> from <div matformfieldnotchedoutline="" class="mdc-notched…>…</div> subtree intercepts pointer events
      - retrying click action, attempt #20
      -   waiting 500ms
      -   waiting for element to be visible, enabled and stable
      -   element is visible, enabled and stable
      -   scrolling into view if needed
      -   done scrolling
      -   <mat-label _ngcontent-ng-c2013501738="" class="ng-tns-c3736…>Search Patient name , mrn</mat-label> from <div matformfieldnotchedoutline="" class="mdc-notched…>…</div> subtree intercepts pointer events
      - retrying click action, attempt #21
      -   waiting 500ms
      -   waiting for element to be visible, enabled and stable
      -   element is visible, enabled and stable
      -   scrolling into view if needed
      -   done scrolling
      -   <mat-label _ngcontent-ng-c2013501738="" class="ng-tns-c3736…>Search Patient name , mrn</mat-label> from <div matformfieldnotchedoutline="" class="mdc-notched…>…</div> subtree intercepts pointer events
      - retrying click action, attempt #22
      -   waiting 500ms
      -   waiting for element to be visible, enabled and stable
      -   element is visible, enabled and stable
      -   scrolling into view if needed
      -   done scrolling
      -   <mat-label _ngcontent-ng-c2013501738="" class="ng-tns-c3736…>Search Patient name , mrn</mat-label> from <div matformfieldnotchedoutline="" class="mdc-notched…>…</div> subtree intercepts pointer events
      - retrying click action, attempt #23
      -   waiting 500ms
      -   waiting for element to be visible, enabled and stable
      -   element is visible, enabled and stable
      -   scrolling into view if needed
      -   done scrolling
      -   <mat-label _ngcontent-ng-c2013501738="" class="ng-tns-c3736…>Search Patient name , mrn</mat-label> from <div matformfieldnotchedoutline="" class="mdc-notched…>…</div> subtree intercepts pointer events
      - retrying click action, attempt #24
      -   waiting 500ms
      -   waiting for element to be visible, enabled and stable
      -   element is visible, enabled and stable
      -   scrolling into view if needed
      -   done scrolling
      -   <mat-label _ngcontent-ng-c2013501738="" class="ng-tns-c3736…>Search Patient name , mrn</mat-label> from <div matformfieldnotchedoutline="" class="mdc-notched…>…</div> subtree intercepts pointer events
      - retrying click action, attempt #25
      -   waiting 500ms
      -   waiting for element to be visible, enabled and stable
      -   element is visible, enabled and stable
      -   scrolling into view if needed
      -   done scrolling
      -   <mat-label _ngcontent-ng-c2013501738="" class="ng-tns-c3736…>Search Patient name , mrn</mat-label> from <div matformfieldnotchedoutline="" class="mdc-notched…>…</div> subtree intercepts pointer events
      - retrying click action, attempt #26
      -   waiting 500ms
      -   waiting for element to be visible, enabled and stable
      -   element is visible, enabled and stable
      -   scrolling into view if needed
      -   done scrolling
      -   <mat-label _ngcontent-ng-c2013501738="" class="ng-tns-c3736…>Search Patient name , mrn</mat-label> from <div matformfieldnotchedoutline="" class="mdc-notched…>…</div> subtree intercepts pointer events
      - retrying click action, attempt #27
      -   waiting 500ms
      -   waiting for element to be visible, enabled and stable
      -   element is visible, enabled and stable
      -   scrolling into view if needed
      -   done scrolling
      -   <mat-label _ngcontent-ng-c2013501738="" class="ng-tns-c3736…>Search Patient name , mrn</mat-label> from <div matformfieldnotchedoutline="" class="mdc-notched…>…</div> subtree intercepts pointer events
      - retrying click action, attempt #28
      -   waiting 500ms
      -   waiting for element to be visible, enabled and stable
      -   element is visible, enabled and stable
      -   scrolling into view if needed
      -   done scrolling
      -   <mat-label _ngcontent-ng-c2013501738="" class="ng-tns-c3736…>Search Patient name , mrn</mat-label> from <div matformfieldnotchedoutline="" class="mdc-notched…>…</div> subtree intercepts pointer events
      - retrying click action, attempt #29
      -   waiting 500ms
      -   waiting for element to be visible, enabled and stable
      -   element is visible, enabled and stable
      -   scrolling into view if needed
      -   done scrolling
      -   <mat-label _ngcontent-ng-c2013501738="" class="ng-tns-c3736…>Search Patient name , mrn</mat-label> from <div matformfieldnotchedoutline="" class="mdc-notched…>…</div> subtree intercepts pointer events
      - retrying click action, attempt #30
      -   waiting 500ms
      -   waiting for element to be visible, enabled and stable
      -   element is visible, enabled and stable
      -   scrolling into view if needed
      -   done scrolling
      -   <mat-label _ngcontent-ng-c2013501738="" class="ng-tns-c3736…>Search Patient name , mrn</mat-label> from <div matformfieldnotchedoutline="" class="mdc-notched…>…</div> subtree intercepts pointer events
      - retrying click action, attempt #31
      -   waiting 500ms
      -   waiting for element to be visible, enabled and stable
      -   element is visible, enabled and stable
      -   scrolling into view if needed
      -   done scrolling
      -   <mat-label _ngcontent-ng-c2013501738="" class="ng-tns-c3736…>Search Patient name , mrn</mat-label> from <div matformfieldnotchedoutline="" class="mdc-notched…>…</div> subtree intercepts pointer events
      - retrying click action, attempt #32
      -   waiting 500ms
      -   waiting for element to be visible, enabled and stable
      -   element is visible, enabled and stable
      -   scrolling into view if needed
      -   done scrolling
      -   <mat-label _ngcontent-ng-c2013501738="" class="ng-tns-c3736…>Search Patient name , mrn</mat-label> from <div matformfieldnotchedoutline="" class="mdc-notched…>…</div> subtree intercepts pointer events
      - retrying click action, attempt #33
      -   waiting 500ms
      -   waiting for element to be visible, enabled and stable
      -   element is visible, enabled and stable
      -   scrolling into view if needed
      -   done scrolling
      -   <mat-label _ngcontent-ng-c2013501738="" class="ng-tns-c3736…>Search Patient name , mrn</mat-label> from <div matformfieldnotchedoutline="" class="mdc-notched…>…</div> subtree intercepts pointer events
      - retrying click action, attempt #34
      -   waiting 500ms
      -   waiting for element to be visible, enabled and stable
      -   element is visible, enabled and stable
      -   scrolling into view if needed
      -   done scrolling
      -   <mat-label _ngcontent-ng-c2013501738="" class="ng-tns-c3736…>Search Patient name , mrn</mat-label> from <div matformfieldnotchedoutline="" class="mdc-notched…>…</div> subtree intercepts pointer events
      - retrying click action, attempt #35
      -   waiting 500ms
      -   waiting for element to be visible, enabled and stable
      -   element is visible, enabled and stable
      -   scrolling into view if needed
      -   done scrolling
      -   <mat-label _ngcontent-ng-c2013501738="" class="ng-tns-c3736…>Search Patient name , mrn</mat-label> from <div matformfieldnotchedoutline="" class="mdc-notched…>…</div> subtree intercepts pointer events
      - retrying click action, attempt #36
      -   waiting 500ms
      -   waiting for element to be visible, enabled and stable
      -   element is visible, enabled and stable
      -   scrolling into view if needed
      -   done scrolling
      -   <mat-label _ngcontent-ng-c2013501738="" class="ng-tns-c3736…>Search Patient name , mrn</mat-label> from <div matformfieldnotchedoutline="" class="mdc-notched…>…</div> subtree intercepts pointer events
      - retrying click action, attempt #37
      -   waiting 500ms
      -   waiting for element to be visible, enabled and stable
      -   element is visible, enabled and stable
      -   scrolling into view if needed
      -   done scrolling
      -   <mat-label _ngcontent-ng-c2013501738="" class="ng-tns-c3736…>Search Patient name , mrn</mat-label> from <div matformfieldnotchedoutline="" class="mdc-notched…>…</div> subtree intercepts pointer events
      - retrying click action, attempt #38
      -   waiting 500ms
      -   waiting for element to be visible, enabled and stable
      -   element is visible, enabled and stable
      -   scrolling into view if needed
      -   done scrolling
      -   <mat-label _ngcontent-ng-c2013501738="" class="ng-tns-c3736…>Search Patient name , mrn</mat-label> from <div matformfieldnotchedoutline="" class="mdc-notched…>…</div> subtree intercepts pointer events
      - retrying click action, attempt #39
      -   waiting 500ms
      -   waiting for element to be visible, enabled and stable
      -   element is visible, enabled and stable
      -   scrolling into view if needed
      -   done scrolling
      -   <mat-label _ngcontent-ng-c2013501738="" class="ng-tns-c3736…>Search Patient name , mrn</mat-label> from <div matformfieldnotchedoutline="" class="mdc-notched…>…</div> subtree intercepts pointer events
      - retrying click action, attempt #40
      -   waiting 500ms
      -   waiting for element to be visible, enabled and stable
      -   element is visible, enabled and stable
      -   scrolling into view if needed
      -   done scrolling
      -   <mat-label _ngcontent-ng-c2013501738="" class="ng-tns-c3736…>Search Patient name , mrn</mat-label> from <div matformfieldnotchedoutline="" class="mdc-notched…>…</div> subtree intercepts pointer events
      - retrying click action, attempt #41
      -   waiting 500ms
      -   waiting for element to be visible, enabled and stable
      -   element is visible, enabled and stable
      -   scrolling into view if needed
      -   done scrolling
      -   <mat-label _ngcontent-ng-c2013501738="" class="ng-tns-c3736…>Search Patient name , mrn</mat-label> from <div matformfieldnotchedoutline="" class="mdc-notched…>…</div> subtree intercepts pointer events
      - retrying click action, attempt #42
      -   waiting 500ms
      -   waiting for element to be visible, enabled and stable
      -   element is visible, enabled and stable
      -   scrolling into view if needed
      -   done scrolling
      -   <mat-label _ngcontent-ng-c2013501738="" class="ng-tns-c3736…>Search Patient name , mrn</mat-label> from <div matformfieldnotchedoutline="" class="mdc-notched…>…</div> subtree intercepts pointer events
      - retrying click action, attempt #43
      -   waiting 500ms
      -   waiting for element to be visible, enabled and stable
      -   element is visible, enabled and stable
      -   scrolling into view if needed
      -   done scrolling
      -   <mat-label _ngcontent-ng-c2013501738="" class="ng-tns-c3736…>Search Patient name , mrn</mat-label> from <div matformfieldnotchedoutline="" class="mdc-notched…>…</div> subtree intercepts pointer events
      - retrying click action, attempt #44
      -   waiting 500ms
      -   waiting for element to be visible, enabled and stable
      -   element is visible, enabled and stable
      -   scrolling into view if needed
      -   done scrolling
      -   <mat-label _ngcontent-ng-c2013501738="" class="ng-tns-c3736…>Search Patient name , mrn</mat-label> from <div matformfieldnotchedoutline="" class="mdc-notched…>…</div> subtree intercepts pointer events
      - retrying click action, attempt #45
      -   waiting 500ms
      -   waiting for element to be visible, enabled and stable
      -   element is visible, enabled and stable
      -   scrolling into view if needed
      -   done scrolling
      -   <mat-label _ngcontent-ng-c2013501738="" class="ng-tns-c3736…>Search Patient name , mrn</mat-label> from <div matformfieldnotchedoutline="" class="mdc-notched…>…</div> subtree intercepts pointer events
      - retrying click action, attempt #46
      -   waiting 500ms
      -   waiting for element to be visible, enabled and stable
      -   element is visible, enabled and stable
      -   scrolling into view if needed
      -   done scrolling
      -   <mat-label _ngcontent-ng-c2013501738="" class="ng-tns-c3736…>Search Patient name , mrn</mat-label> from <div matformfieldnotchedoutline="" class="mdc-notched…>…</div> subtree intercepts pointer events
      - retrying click action, attempt #47
      -   waiting 500ms
      -   waiting for element to be visible, enabled and stable
      -   element is visible, enabled and stable
      -   scrolling into view if needed
      -   done scrolling
      -   <mat-label _ngcontent-ng-c2013501738="" class="ng-tns-c3736…>Search Patient name , mrn</mat-label> from <div matformfieldnotchedoutline="" class="mdc-notched…>…</div> subtree intercepts pointer events
      - retrying click action, attempt #48
      -   waiting 500ms
      -   waiting for element to be visible, enabled and stable
      -   element is visible, enabled and stable
      -   scrolling into view if needed
      -   done scrolling
      -   <mat-label _ngcontent-ng-c2013501738="" class="ng-tns-c3736…>Search Patient name , mrn</mat-label> from <div matformfieldnotchedoutline="" class="mdc-notched…>…</div> subtree intercepts pointer events
      - retrying click action, attempt #49
      -   waiting 500ms
      -   waiting for element to be visible, enabled and stable
      -   element is visible, enabled and stable
      -   scrolling into view if needed
      -   done scrolling
      -   <mat-label _ngcontent-ng-c2013501738="" class="ng-tns-c3736…>Search Patient name , mrn</mat-label> from <div matformfieldnotchedoutline="" class="mdc-notched…>…</div> subtree intercepts pointer events
      - retrying click action, attempt #50
      -   waiting 500ms
      -   waiting for element to be visible, enabled and stable
      -   element is visible, enabled and stable
      -   scrolling into view if needed
      -   done scrolling
      -   <mat-label _ngcontent-ng-c2013501738="" class="ng-tns-c3736…>Search Patient name , mrn</mat-label> from <div matformfieldnotchedoutline="" class="mdc-notched…>…</div> subtree intercepts pointer events
      - retrying click action, attempt #51
      -   waiting 500ms
      -   waiting for element to be visible, enabled and stable
      -   element is visible, enabled and stable
      -   scrolling into view if needed
      -   done scrolling
      -   <mat-label _ngcontent-ng-c2013501738="" class="ng-tns-c3736…>Search Patient name , mrn</mat-label> from <div matformfieldnotchedoutline="" class="mdc-notched…>…</div> subtree intercepts pointer events
      - retrying click action, attempt #52
      -   waiting 500ms
      -   waiting for element to be visible, enabled and stable
      -   element is visible, enabled and stable
      -   scrolling into view if needed
      -   done scrolling
      -   <mat-label _ngcontent-ng-c2013501738="" class="ng-tns-c3736…>Search Patient name , mrn</mat-label> from <div matformfieldnotchedoutline="" class="mdc-notched…>…</div> subtree intercepts pointer events
      - retrying click action, attempt #53
      -   waiting 500ms
      -   waiting for element to be visible, enabled and stable
      -   element is visible, enabled and stable
      -   scrolling into view if needed
      -   done scrolling
      -   <mat-label _ngcontent-ng-c2013501738="" class="ng-tns-c3736…>Search Patient name , mrn</mat-label> from <div matformfieldnotchedoutline="" class="mdc-notched…>…</div> subtree intercepts pointer events
      - retrying click action, attempt #54
      -   waiting 500ms
      -   waiting for element to be visible, enabled and stable
      -   element is visible, enabled and stable
      -   scrolling into view if needed
      -   done scrolling
      -   <mat-label _ngcontent-ng-c2013501738="" class="ng-tns-c3736…>Search Patient name , mrn</mat-label> from <div matformfieldnotchedoutline="" class="mdc-notched…>…</div> subtree intercepts pointer events
      - retrying click action, attempt #55
      -   waiting 500ms
      -   waiting for element to be visible, enabled and stable
      -   element is visible, enabled and stable
      -   scrolling into view if needed
      -   done scrolling
      -   <mat-label _ngcontent-ng-c2013501738="" class="ng-tns-c3736…>Search Patient name , mrn</mat-label> from <div matformfieldnotchedoutline="" class="mdc-notched…>…</div> subtree intercepts pointer events
      - retrying click action, attempt #56
      -   waiting 500ms
      -   waiting for element to be visible, enabled and stable
      -   element is visible, enabled and stable
      -   scrolling into view if needed
      -   done scrolling
      -   <mat-label _ngcontent-ng-c2013501738="" class="ng-tns-c3736…>Search Patient name , mrn</mat-label> from <div matformfieldnotchedoutline="" class="mdc-notched…>…</div> subtree intercepts pointer events
      - retrying click action, attempt #57
      -   waiting 500ms
      -   waiting for element to be visible, enabled and stable
      -   element is visible, enabled and stable
      -   scrolling into view if needed
      -   done scrolling
      -   <mat-label _ngcontent-ng-c2013501738="" class="ng-tns-c3736…>Search Patient name , mrn</mat-label> from <div matformfieldnotchedoutline="" class="mdc-notched…>…</div> subtree intercepts pointer events
      - retrying click action, attempt #58
      -   waiting 500ms
      -   waiting for element to be visible, enabled and stable
      -   element is visible, enabled and stable
      -   scrolling into view if needed
      -   done scrolling
      -   <mat-label _ngcontent-ng-c2013501738="" class="ng-tns-c3736…>Search Patient name , mrn</mat-label> from <div matformfieldnotchedoutline="" class="mdc-notched…>…</div> subtree intercepts pointer events
      - retrying click action, attempt #59
      -   waiting 500ms
      -   waiting for element to be visible, enabled and stable
      -   element is visible, enabled and stable
      -   scrolling into view if needed
      -   done scrolling
      -   <mat-label _ngcontent-ng-c2013501738="" class="ng-tns-c3736…>Search Patient name , mrn</mat-label> from <div matformfieldnotchedoutline="" class="mdc-notched…>…</div> subtree intercepts pointer events
      - retrying click action, attempt #60
      -   waiting 500ms
      -   waiting for element to be visible, enabled and stable
      -   element is visible, enabled and stable
      -   scrolling into view if needed
      -   done scrolling
      -   <mat-label _ngcontent-ng-c2013501738="" class="ng-tns-c3736…>Search Patient name , mrn</mat-label> from <div matformfieldnotchedoutline="" class="mdc-notched…>…</div> subtree intercepts pointer events
      - retrying click action, attempt #61
      -   waiting 500ms
      -   waiting for element to be visible, enabled and stable
      -   element is visible, enabled and stable
      -   scrolling into view if needed
      -   done scrolling
      -   <mat-label _ngcontent-ng-c2013501738="" class="ng-tns-c3736…>Search Patient name , mrn</mat-label> from <div matformfieldnotchedoutline="" class="mdc-notched…>…</div> subtree intercepts pointer events
      - retrying click action, attempt #62
      -   waiting 500ms
      -   waiting for element to be visible, enabled and stable
      -   element is visible, enabled and stable
      -   scrolling into view if needed
      -   done scrolling
      -   <mat-label _ngcontent-ng-c2013501738="" class="ng-tns-c3736…>Search Patient name , mrn</mat-label> from <div matformfieldnotchedoutline="" class="mdc-notched…>…</div> subtree intercepts pointer events
      - retrying click action, attempt #63
      -   waiting 500ms
      -   waiting for element to be visible, enabled and stable
      -   element is visible, enabled and stable
      -   scrolling into view if needed
      -   done scrolling
      -   <mat-label _ngcontent-ng-c2013501738="" class="ng-tns-c3736…>Search Patient name , mrn</mat-label> from <div matformfieldnotchedoutline="" class="mdc-notched…>…</div> subtree intercepts pointer events
      - retrying click action, attempt #64
      -   waiting 500ms
      -   waiting for element to be visible, enabled and stable
      -   element is visible, enabled and stable
      -   scrolling into view if needed
      -   done scrolling
      -   <mat-label _ngcontent-ng-c2013501738="" class="ng-tns-c3736…>Search Patient name , mrn</mat-label> from <div matformfieldnotchedoutline="" class="mdc-notched…>…</div> subtree intercepts pointer events
      - retrying click action, attempt #65
      -   waiting 500ms
      -   waiting for element to be visible, enabled and stable
      -   element is visible, enabled and stable
      -   scrolling into view if needed
      -   done scrolling
      -   <mat-label _ngcontent-ng-c2013501738="" class="ng-tns-c3736…>Search Patient name , mrn</mat-label> from <div matformfieldnotchedoutline="" class="mdc-notched…>…</div> subtree intercepts pointer events
      - retrying click action, attempt #66
      -   waiting 500ms
      -   waiting for element to be visible, enabled and stable
      -   element is visible, enabled and stable
      -   scrolling into view if needed
      -   done scrolling
      -   <mat-label _ngcontent-ng-c2013501738="" class="ng-tns-c3736…>Search Patient name , mrn</mat-label> from <div matformfieldnotchedoutline="" class="mdc-notched…>…</div> subtree intercepts pointer events
      - retrying click action, attempt #67
      -   waiting 500ms
      -   waiting for element to be visible, enabled and stable
      -   element is visible, enabled and stable
      -   scrolling into view if needed
      -   done scrolling
      -   <mat-label _ngcontent-ng-c2013501738="" class="ng-tns-c3736…>Search Patient name , mrn</mat-label> from <div matformfieldnotchedoutline="" class="mdc-notched…>…</div> subtree intercepts pointer events
      - retrying click action, attempt #68
      -   waiting 500ms
      -   waiting for element to be visible, enabled and stable
      -   element is visible, enabled and stable
      -   scrolling into view if needed
      -   done scrolling
      -   <mat-label _ngcontent-ng-c2013501738="" class="ng-tns-c3736…>Search Patient name , mrn</mat-label> from <div matformfieldnotchedoutline="" class="mdc-notched…>…</div> subtree intercepts pointer events
      - retrying click action, attempt #69
      -   waiting 500ms
      -   waiting for element to be visible, enabled and stable
      -   element is visible, enabled and stable
      -   scrolling into view if needed
      -   done scrolling
      -   <mat-label _ngcontent-ng-c2013501738="" class="ng-tns-c3736…>Search Patient name , mrn</mat-label> from <div matformfieldnotchedoutline="" class="mdc-notched…>…</div> subtree intercepts pointer events
      - retrying click action, attempt #70
      -   waiting 500ms
      -   waiting for element to be visible, enabled and stable
      -   element is visible, enabled and stable
      -   scrolling into view if needed
      -   done scrolling
      -   <mat-label _ngcontent-ng-c2013501738="" class="ng-tns-c3736…>Search Patient name , mrn</mat-label> from <div matformfieldnotchedoutline="" class="mdc-notched…>…</div> subtree intercepts pointer events
      - retrying click action, attempt #71
      -   waiting 500ms
      -   waiting for element to be visible, enabled and stable
      -   element is visible, enabled and stable
      -   scrolling into view if needed
      -   done scrolling
      -   <mat-label _ngcontent-ng-c2013501738="" class="ng-tns-c3736…>Search Patient name , mrn</mat-label> from <div matformfieldnotchedoutline="" class="mdc-notched…>…</div> subtree intercepts pointer events
      - retrying click action, attempt #72
      -   waiting 500ms
      -   waiting for element to be visible, enabled and stable
      -   element is visible, enabled and stable
      -   scrolling into view if needed
      -   done scrolling
      -   <mat-label _ngcontent-ng-c2013501738="" class="ng-tns-c3736…>Search Patient name , mrn</mat-label> from <div matformfieldnotchedoutline="" class="mdc-notched…>…</div> subtree intercepts pointer events
      - retrying click action, attempt #73
      -   waiting 500ms
      -   waiting for element to be visible, enabled and stable
      -   element is visible, enabled and stable
      -   scrolling into view if needed
      -   done scrolling
      -   <mat-label _ngcontent-ng-c2013501738="" class="ng-tns-c3736…>Search Patient name , mrn</mat-label> from <div matformfieldnotchedoutline="" class="mdc-notched…>…</div> subtree intercepts pointer events
      - retrying click action, attempt #74
      -   waiting 500ms
      -   waiting for element to be visible, enabled and stable
      -   element is visible, enabled and stable
      -   scrolling into view if needed
      -   done scrolling
      -   <mat-label _ngcontent-ng-c2013501738="" class="ng-tns-c3736…>Search Patient name , mrn</mat-label> from <div matformfieldnotchedoutline="" class="mdc-notched…>…</div> subtree intercepts pointer events
      - retrying click action, attempt #75
      -   waiting 500ms
      -   waiting for element to be visible, enabled and stable
      -   element is visible, enabled and stable
      -   scrolling into view if needed
      -   done scrolling
      -   <mat-label _ngcontent-ng-c2013501738="" class="ng-tns-c3736…>Search Patient name , mrn</mat-label> from <div matformfieldnotchedoutline="" class="mdc-notched…>…</div> subtree intercepts pointer events
      - retrying click action, attempt #76
      -   waiting 500ms
      -   waiting for element to be visible, enabled and stable
      -   element is visible, enabled and stable
      -   scrolling into view if needed
      -   done scrolling
      -   <mat-label _ngcontent-ng-c2013501738="" class="ng-tns-c3736…>Search Patient name , mrn</mat-label> from <div matformfieldnotchedoutline="" class="mdc-notched…>…</div> subtree intercepts pointer events
      - retrying click action, attempt #77
      -   waiting 500ms
      -   waiting for element to be visible, enabled and stable
      -   element is visible, enabled and stable
      -   scrolling into view if needed
      -   done scrolling
      -   <mat-label _ngcontent-ng-c2013501738="" class="ng-tns-c3736…>Search Patient name , mrn</mat-label> from <div matformfieldnotchedoutline="" class="mdc-notched…>…</div> subtree intercepts pointer events
      - retrying click action, attempt #78
      -   waiting 500ms
      -   waiting for element to be visible, enabled and stable
      -   element is visible, enabled and stable
      -   scrolling into view if needed
      -   done scrolling
      -   <mat-label _ngcontent-ng-c2013501738="" class="ng-tns-c3736…>Search Patient name , mrn</mat-label> from <div matformfieldnotchedoutline="" class="mdc-notched…>…</div> subtree intercepts pointer events
      - retrying click action, attempt #79
      -   waiting 500ms
      -   waiting for element to be visible, enabled and stable
      -   element is visible, enabled and stable
      -   scrolling into view if needed
      -   done scrolling
      -   <mat-label _ngcontent-ng-c2013501738="" class="ng-tns-c3736…>Search Patient name , mrn</mat-label> from <div matformfieldnotchedoutline="" class="mdc-notched…>…</div> subtree intercepts pointer events
      - retrying click action, attempt #80
      -   waiting 500ms
      -   waiting for element to be visible, enabled and stable
      -   element is visible, enabled and stable
      -   scrolling into view if needed
      -   done scrolling
      -   <mat-label _ngcontent-ng-c2013501738="" class="ng-tns-c3736…>Search Patient name , mrn</mat-label> from <div matformfieldnotchedoutline="" class="mdc-notched…>…</div> subtree intercepts pointer events
      - retrying click action, attempt #81
      -   waiting 500ms
      -   waiting for element to be visible, enabled and stable
      -   element is visible, enabled and stable
      -   scrolling into view if needed
      -   done scrolling
      -   <mat-label _ngcontent-ng-c2013501738="" class="ng-tns-c3736…>Search Patient name , mrn</mat-label> from <div matformfieldnotchedoutline="" class="mdc-notched…>…</div> subtree intercepts pointer events
      - retrying click action, attempt #82
      -   waiting 500ms
      -   waiting for element to be visible, enabled and stable
      -   element is visible, enabled and stable
      -   scrolling into view if needed
      -   done scrolling
      -   <mat-label _ngcontent-ng-c2013501738="" class="ng-tns-c3736…>Search Patient name , mrn</mat-label> from <div matformfieldnotchedoutline="" class="mdc-notched…>…</div> subtree intercepts pointer events
      - retrying click action, attempt #83
      -   waiting 500ms
      -   waiting for element to be visible, enabled and stable
      -   element is visible, enabled and stable
      -   scrolling into view if needed
      -   done scrolling
      -   <mat-label _ngcontent-ng-c2013501738="" class="ng-tns-c3736…>Search Patient name , mrn</mat-label> from <div matformfieldnotchedoutline="" class="mdc-notched…>…</div> subtree intercepts pointer events
      - retrying click action, attempt #84
      -   waiting 500ms
      -   waiting for element to be visible, enabled and stable
      -   element is visible, enabled and stable
      -   scrolling into view if needed
      -   done scrolling
      -   <mat-label _ngcontent-ng-c2013501738="" class="ng-tns-c3736…>Search Patient name , mrn</mat-label> from <div matformfieldnotchedoutline="" class="mdc-notched…>…</div> subtree intercepts pointer events
      - retrying click action, attempt #85
      -   waiting 500ms
      -   waiting for element to be visible, enabled and stable
      -   element is visible, enabled and stable
      -   scrolling into view if needed
      -   done scrolling
      -   <mat-label _ngcontent-ng-c2013501738="" class="ng-tns-c3736…>Search Patient name , mrn</mat-label> from <div matformfieldnotchedoutline="" class="mdc-notched…>…</div> subtree intercepts pointer events
      - retrying click action, attempt #86
      -   waiting 500ms
      -   waiting for element to be visible, enabled and stable
      -   element is visible, enabled and stable
      -   scrolling into view if needed
      -   done scrolling
      -   <mat-label _ngcontent-ng-c2013501738="" class="ng-tns-c3736…>Search Patient name , mrn</mat-label> from <div matformfieldnotchedoutline="" class="mdc-notched…>…</div> subtree intercepts pointer events
      - retrying click action, attempt #87
      -   waiting 500ms
      -   waiting for element to be visible, enabled and stable
      -   element is visible, enabled and stable
      -   scrolling into view if needed
      -   done scrolling
      -   <mat-label _ngcontent-ng-c2013501738="" class="ng-tns-c3736…>Search Patient name , mrn</mat-label> from <div matformfieldnotchedoutline="" class="mdc-notched…>…</div> subtree intercepts pointer events
      - retrying click action, attempt #88
      -   waiting 500ms
      -   waiting for element to be visible, enabled and stable
      -   element is visible, enabled and stable
      -   scrolling into view if needed
      -   done scrolling
      -   <mat-label _ngcontent-ng-c2013501738="" class="ng-tns-c3736…>Search Patient name , mrn</mat-label> from <div matformfieldnotchedoutline="" class="mdc-notched…>…</div> subtree intercepts pointer events
      - retrying click action, attempt #89
      -   waiting 500ms
      -   waiting for element to be visible, enabled and stable
      -   element is visible, enabled and stable
      -   scrolling into view if needed
      -   done scrolling
      -   <mat-label _ngcontent-ng-c2013501738="" class="ng-tns-c3736…>Search Patient name , mrn</mat-label> from <div matformfieldnotchedoutline="" class="mdc-notched…>…</div> subtree intercepts pointer events
      - retrying click action, attempt #90
      -   waiting 500ms
      -   waiting for element to be visible, enabled and stable
      -   element is visible, enabled and stable
      -   scrolling into view if needed
      -   done scrolling
      -   <mat-label _ngcontent-ng-c2013501738="" class="ng-tns-c3736…>Search Patient name , mrn</mat-label> from <div matformfieldnotchedoutline="" class="mdc-notched…>…</div> subtree intercepts pointer events
      - retrying click action, attempt #91
      -   waiting 500ms
      -   waiting for element to be visible, enabled and stable
      -   element is visible, enabled and stable
      -   scrolling into view if needed
      -   done scrolling
      -   <mat-label _ngcontent-ng-c2013501738="" class="ng-tns-c3736…>Search Patient name , mrn</mat-label> from <div matformfieldnotchedoutline="" class="mdc-notched…>…</div> subtree intercepts pointer events
      - retrying click action, attempt #92
      -   waiting 500ms
      -   waiting for element to be visible, enabled and stable
      -   element is visible, enabled and stable
      -   scrolling into view if needed
      -   done scrolling
      -   <mat-label _ngcontent-ng-c2013501738="" class="ng-tns-c3736…>Search Patient name , mrn</mat-label> from <div matformfieldnotchedoutline="" class="mdc-notched…>…</div> subtree intercepts pointer events
      - retrying click action, attempt #93
      -   waiting 500ms
      -   waiting for element to be visible, enabled and stable
      -   element is visible, enabled and stable
      -   scrolling into view if needed
      -   done scrolling
      -   <mat-label _ngcontent-ng-c2013501738="" class="ng-tns-c3736…>Search Patient name , mrn</mat-label> from <div matformfieldnotchedoutline="" class="mdc-notched…>…</div> subtree intercepts pointer events
      - retrying click action, attempt #94
      -   waiting 500ms
      -   waiting for element to be visible, enabled and stable
      -   element is visible, enabled and stable
      -   scrolling into view if needed
      -   done scrolling
      -   <mat-label _ngcontent-ng-c2013501738="" class="ng-tns-c3736…>Search Patient name , mrn</mat-label> from <div matformfieldnotchedoutline="" class="mdc-notched…>…</div> subtree intercepts pointer events
      - retrying click action, attempt #95
      -   waiting 500ms
      -   waiting for element to be visible, enabled and stable
      -   element is visible, enabled and stable
      -   scrolling into view if needed
      -   done scrolling
      -   <mat-label _ngcontent-ng-c2013501738="" class="ng-tns-c3736…>Search Patient name , mrn</mat-label> from <div matformfieldnotchedoutline="" class="mdc-notched…>…</div> subtree intercepts pointer events
      - retrying click action, attempt #96
      -   waiting 500ms
      -   waiting for element to be visible, enabled and stable
      -   element is visible, enabled and stable
      -   scrolling into view if needed
      -   done scrolling
      -   <mat-label _ngcontent-ng-c2013501738="" class="ng-tns-c3736…>Search Patient name , mrn</mat-label> from <div matformfieldnotchedoutline="" class="mdc-notched…>…</div> subtree intercepts pointer events
      - retrying click action, attempt #97
      -   waiting 500ms
      -   waiting for element to be visible, enabled and stable
      -   element is visible, enabled and stable
      -   scrolling into view if needed
      -   done scrolling
      -   <mat-label _ngcontent-ng-c2013501738="" class="ng-tns-c3736…>Search Patient name , mrn</mat-label> from <div matformfieldnotchedoutline="" class="mdc-notched…>…</div> subtree intercepts pointer events
      - retrying click action, attempt #98
      -   waiting 500ms
      -   waiting for element to be visible, enabled and stable
      -   element is visible, enabled and stable
      -   scrolling into view if needed
      -   done scrolling
      -   <mat-label _ngcontent-ng-c2013501738="" class="ng-tns-c3736…>Search Patient name , mrn</mat-label> from <div matformfieldnotchedoutline="" class="mdc-notched…>…</div> subtree intercepts pointer events
      - retrying click action, attempt #99
      -   waiting 500ms
      -   waiting for element to be visible, enabled and stable
      -   element is visible, enabled and stable
      -   scrolling into view if needed
      -   done scrolling
      -   <mat-label _ngcontent-ng-c2013501738="" class="ng-tns-c3736…>Search Patient name , mrn</mat-label> from <div matformfieldnotchedoutline="" class="mdc-notched…>…</div> subtree intercepts pointer events
      - retrying click action, attempt #100
      -   waiting 500ms
      -   waiting for element to be visible, enabled and stable
      -   element is visible, enabled and stable
      -   scrolling into view if needed
      -   done scrolling
      -   <mat-label _ngcontent-ng-c2013501738="" class="ng-tns-c3736…>Search Patient name , mrn</mat-label> from <div matformfieldnotchedoutline="" class="mdc-notched…>…</div> subtree intercepts pointer events
      - retrying click action, attempt #101
      -   waiting 500ms
      -   waiting for element to be visible, enabled and stable
      -   element is visible, enabled and stable
      -   scrolling into view if needed
      -   done scrolling
      -   <mat-label _ngcontent-ng-c2013501738="" class="ng-tns-c3736…>Search Patient name , mrn</mat-label> from <div matformfieldnotchedoutline="" class="mdc-notched…>…</div> subtree intercepts pointer events
      - retrying click action, attempt #102
      -   waiting 500ms
      -   waiting for element to be visible, enabled and stable
      -   element is visible, enabled and stable
      -   scrolling into view if needed
      -   done scrolling
      -   <mat-label _ngcontent-ng-c2013501738="" class="ng-tns-c3736…>Search Patient name , mrn</mat-label> from <div matformfieldnotchedoutline="" class="mdc-notched…>…</div> subtree intercepts pointer events
      - retrying click action, attempt #103
      -   waiting 500ms
      -   waiting for element to be visible, enabled and stable
      -   element is visible, enabled and stable
      -   scrolling into view if needed
      -   done scrolling
      -   <mat-label _ngcontent-ng-c2013501738="" class="ng-tns-c3736…>Search Patient name , mrn</mat-label> from <div matformfieldnotchedoutline="" class="mdc-notched…>…</div> subtree intercepts pointer events
      - retrying click action, attempt #104
      -   waiting 500ms
      -   waiting for element to be visible, enabled and stable
      -   element is visible, enabled and stable
      -   scrolling into view if needed
      -   done scrolling
      -   <mat-label _ngcontent-ng-c2013501738="" class="ng-tns-c3736…>Search Patient name , mrn</mat-label> from <div matformfieldnotchedoutline="" class="mdc-notched…>…</div> subtree intercepts pointer events
      - retrying click action, attempt #105
      -   waiting 500ms
      -   waiting for element to be visible, enabled and stable
      -   element is visible, enabled and stable
      -   scrolling into view if needed
      -   done scrolling
      -   <mat-label _ngcontent-ng-c2013501738="" class="ng-tns-c3736…>Search Patient name , mrn</mat-label> from <div matformfieldnotchedoutline="" class="mdc-notched…>…</div> subtree intercepts pointer events
      - retrying click action, attempt #106
      -   waiting 500ms
      -   waiting for element to be visible, enabled and stable
      -   element is visible, enabled and stable
      -   scrolling into view if needed
      -   done scrolling
      -   <mat-label _ngcontent-ng-c2013501738="" class="ng-tns-c3736…>Search Patient name , mrn</mat-label> from <div matformfieldnotchedoutline="" class="mdc-notched…>…</div> subtree intercepts pointer events
      - retrying click action, attempt #107
      -   waiting 500ms
      -   waiting for element to be visible, enabled and stable
      -   element is visible, enabled and stable
      -   scrolling into view if needed
      -   done scrolling
      -   <mat-label _ngcontent-ng-c2013501738="" class="ng-tns-c3736…>Search Patient name , mrn</mat-label> from <div matformfieldnotchedoutline="" class="mdc-notched…>…</div> subtree intercepts pointer events
      - retrying click action, attempt #108
      -   waiting 500ms
      -   waiting for element to be visible, enabled and stable
      -   element is visible, enabled and stable
      -   scrolling into view if needed
      -   done scrolling
      -   <mat-label _ngcontent-ng-c2013501738="" class="ng-tns-c3736…>Search Patient name , mrn</mat-label> from <div matformfieldnotchedoutline="" class="mdc-notched…>…</div> subtree intercepts pointer events
      - retrying click action, attempt #109
      -   waiting 500ms
      -   waiting for element to be visible, enabled and stable
      -   element is visible, enabled and stable
      -   scrolling into view if needed
      -   done scrolling
      -   <mat-label _ngcontent-ng-c2013501738="" class="ng-tns-c3736…>Search Patient name , mrn</mat-label> from <div matformfieldnotchedoutline="" class="mdc-notched…>…</div> subtree intercepts pointer events
      - retrying click action, attempt #110
      -   waiting 500ms
      -   waiting for element to be visible, enabled and stable
      -   element is visible, enabled and stable
      -   scrolling into view if needed
      -   done scrolling
      -   <mat-label _ngcontent-ng-c2013501738="" class="ng-tns-c3736…>Search Patient name , mrn</mat-label> from <div matformfieldnotchedoutline="" class="mdc-notched…>…</div> subtree intercepts pointer events
      - retrying click action, attempt #111
      -   waiting 500ms
      -   waiting for element to be visible, enabled and stable
      -   element is visible, enabled and stable
      -   scrolling into view if needed
      -   done scrolling
      -   <mat-label _ngcontent-ng-c2013501738="" class="ng-tns-c3736…>Search Patient name , mrn</mat-label> from <div matformfieldnotchedoutline="" class="mdc-notched…>…</div> subtree intercepts pointer events
      - retrying click action, attempt #112
      -   waiting 500ms
      -   waiting for element to be visible, enabled and stable
      -   element is visible, enabled and stable
      -   scrolling into view if needed
      -   done scrolling
      -   <mat-label _ngcontent-ng-c2013501738="" class="ng-tns-c3736…>Search Patient name , mrn</mat-label> from <div matformfieldnotchedoutline="" class="mdc-notched…>…</div> subtree intercepts pointer events
      - retrying click action, attempt #113
      -   waiting 500ms
      -   waiting for element to be visible, enabled and stable
      -   element is visible, enabled and stable
      -   scrolling into view if needed
      -   done scrolling
      -   <mat-label _ngcontent-ng-c2013501738="" class="ng-tns-c3736…>Search Patient name , mrn</mat-label> from <div matformfieldnotchedoutline="" class="mdc-notched…>…</div> subtree intercepts pointer events
      - retrying click action, attempt #114
      -   waiting 500ms
      -   waiting for element to be visible, enabled and stable
      -   element is visible, enabled and stable
      -   scrolling into view if needed
      -   done scrolling
      -   <mat-label _ngcontent-ng-c2013501738="" class="ng-tns-c3736…>Search Patient name , mrn</mat-label> from <div matformfieldnotchedoutline="" class="mdc-notched…>…</div> subtree intercepts pointer events
      - retrying click action, attempt #115
      -   waiting 500ms
      -   waiting for element to be visible, enabled and stable
      -   element is visible, enabled and stable
      -   scrolling into view if needed
      -   done scrolling
      -   <mat-label _ngcontent-ng-c2013501738="" class="ng-tns-c3736…>Search Patient name , mrn</mat-label> from <div matformfieldnotchedoutline="" class="mdc-notched…>…</div> subtree intercepts pointer events
      - retrying click action, attempt #116
      -   waiting 500ms
      -   waiting for element to be visible, enabled and stable
      -   element is visible, enabled and stable
      -   scrolling into view if needed
      -   done scrolling
      -   <mat-label _ngcontent-ng-c2013501738="" class="ng-tns-c3736…>Search Patient name , mrn</mat-label> from <div matformfieldnotchedoutline="" class="mdc-notched…>…</div> subtree intercepts pointer events
      - retrying click action, attempt #117
      -   waiting 500ms
      -   waiting for element to be visible, enabled and stable
      -   element is visible, enabled and stable
      -   scrolling into view if needed
      -   done scrolling
      -   <mat-label _ngcontent-ng-c2013501738="" class="ng-tns-c3736…>Search Patient name , mrn</mat-label> from <div matformfieldnotchedoutline="" class="mdc-notched…>…</div> subtree intercepts pointer events
      - retrying click action, attempt #118
      -   waiting 500ms
      -   waiting for element to be visible, enabled and stable
      -   element is visible, enabled and stable
      -   scrolling into view if needed
      -   done scrolling
      -   <mat-label _ngcontent-ng-c2013501738="" class="ng-tns-c3736…>Search Patient name , mrn</mat-label> from <div matformfieldnotchedoutline="" class="mdc-notched…>…</div> subtree intercepts pointer events
      - retrying click action, attempt #119
      -   waiting 500ms
      -   waiting for element to be visible, enabled and stable
      -   element is visible, enabled and stable
      -   scrolling into view if needed
      -   done scrolling
      -   <mat-label _ngcontent-ng-c2013501738="" class="ng-tns-c3736…>Search Patient name , mrn</mat-label> from <div matformfieldnotchedoutline="" class="mdc-notched…>…</div> subtree intercepts pointer events
      - retrying click action, attempt #120
      -   waiting 500ms
      -   waiting for element to be visible, enabled and stable
      -   element is visible, enabled and stable
      -   scrolling into view if needed
      -   done scrolling
      -   <mat-label _ngcontent-ng-c2013501738="" class="ng-tns-c3736…>Search Patient name , mrn</mat-label> from <div matformfieldnotchedoutline="" class="mdc-notched…>…</div> subtree intercepts pointer events
      - retrying click action, attempt #121
      -   waiting 500ms
      -   waiting for element to be visible, enabled and stable
      -   element is visible, enabled and stable
      -   scrolling into view if needed
      -   done scrolling
      -   <mat-label _ngcontent-ng-c2013501738="" class="ng-tns-c3736…>Search Patient name , mrn</mat-label> from <div matformfieldnotchedoutline="" class="mdc-notched…>…</div> subtree intercepts pointer events
      - retrying click action, attempt #122
      -   waiting 500ms
      -   waiting for element to be visible, enabled and stable
      -   element is visible, enabled and stable
      -   scrolling into view if needed
      -   done scrolling
      -   <mat-label _ngcontent-ng-c2013501738="" class="ng-tns-c3736…>Search Patient name , mrn</mat-label> from <div matformfieldnotchedoutline="" class="mdc-notched…>…</div> subtree intercepts pointer events
      - retrying click action, attempt #123
      -   waiting 500ms
      -   waiting for element to be visible, enabled and stable
      -   element is visible, enabled and stable
      -   scrolling into view if needed
      -   done scrolling
      -   <mat-label _ngcontent-ng-c2013501738="" class="ng-tns-c3736…>Search Patient name , mrn</mat-label> from <div matformfieldnotchedoutline="" class="mdc-notched…>…</div> subtree intercepts pointer events
      - retrying click action, attempt #124
      -   waiting 500ms
      -   waiting for element to be visible, enabled and stable
      -   element is visible, enabled and stable
      -   scrolling into view if needed
      -   done scrolling
      -   <mat-label _ngcontent-ng-c2013501738="" class="ng-tns-c3736…>Search Patient name , mrn</mat-label> from <div matformfieldnotchedoutline="" class="mdc-notched…>…</div> subtree intercepts pointer events
      - retrying click action, attempt #125
      -   waiting 500ms
      -   waiting for element to be visible, enabled and stable
      -   element is visible, enabled and stable
      -   scrolling into view if needed
      -   done scrolling
      -   <mat-label _ngcontent-ng-c2013501738="" class="ng-tns-c3736…>Search Patient name , mrn</mat-label> from <div matformfieldnotchedoutline="" class="mdc-notched…>…</div> subtree intercepts pointer events
      - retrying click action, attempt #126
      -   waiting 500ms
      -   waiting for element to be visible, enabled and stable
      -   element is visible, enabled and stable
      -   scrolling into view if needed
      -   done scrolling
      -   <mat-label _ngcontent-ng-c2013501738="" class="ng-tns-c3736…>Search Patient name , mrn</mat-label> from <div matformfieldnotchedoutline="" class="mdc-notched…>…</div> subtree intercepts pointer events
      - retrying click action, attempt #127
      -   waiting 500ms
      -   waiting for element to be visible, enabled and stable
      -   element is visible, enabled and stable
      -   scrolling into view if needed
      -   done scrolling
      -   <mat-label _ngcontent-ng-c2013501738="" class="ng-tns-c3736…>Search Patient name , mrn</mat-label> from <div matformfieldnotchedoutline="" class="mdc-notched…>…</div> subtree intercepts pointer events
      - retrying click action, attempt #128
      -   waiting 500ms
      -   waiting for element to be visible, enabled and stable
      -   element is visible, enabled and stable
      -   scrolling into view if needed
      -   done scrolling
      -   <mat-label _ngcontent-ng-c2013501738="" class="ng-tns-c3736…>Search Patient name , mrn</mat-label> from <div matformfieldnotchedoutline="" class="mdc-notched…>…</div> subtree intercepts pointer events
      - retrying click action, attempt #129
      -   waiting 500ms
      -   waiting for element to be visible, enabled and stable
      -   element is visible, enabled and stable
      -   scrolling into view if needed
      -   done scrolling
      -   <mat-label _ngcontent-ng-c2013501738="" class="ng-tns-c3736…>Search Patient name , mrn</mat-label> from <div matformfieldnotchedoutline="" class="mdc-notched…>…</div> subtree intercepts pointer events
      - retrying click action, attempt #130
      -   waiting 500ms
      -   waiting for element to be visible, enabled and stable
      -   element is visible, enabled and stable
      -   scrolling into view if needed
      -   done scrolling
      -   <mat-label _ngcontent-ng-c2013501738="" class="ng-tns-c3736…>Search Patient name , mrn</mat-label> from <div matformfieldnotchedoutline="" class="mdc-notched…>…</div> subtree intercepts pointer events
      - retrying click action, attempt #131
      -   waiting 500ms
      -   waiting for element to be visible, enabled and stable
      -   element is visible, enabled and stable
      -   scrolling into view if needed
      -   done scrolling
      -   <mat-label _ngcontent-ng-c2013501738="" class="ng-tns-c3736…>Search Patient name , mrn</mat-label> from <div matformfieldnotchedoutline="" class="mdc-notched…>…</div> subtree intercepts pointer events
      - retrying click action, attempt #132
      -   waiting 500ms
      -   waiting for element to be visible, enabled and stable
      -   element is visible, enabled and stable
      -   scrolling into view if needed
      -   done scrolling
      -   <mat-label _ngcontent-ng-c2013501738="" class="ng-tns-c3736…>Search Patient name , mrn</mat-label> from <div matformfieldnotchedoutline="" class="mdc-notched…>…</div> subtree intercepts pointer events
      - retrying click action, attempt #133
      -   waiting 500ms
      -   waiting for element to be visible, enabled and stable
      -   element is visible, enabled and stable
      -   scrolling into view if needed
      -   done scrolling
      -   <mat-label _ngcontent-ng-c2013501738="" class="ng-tns-c3736…>Search Patient name , mrn</mat-label> from <div matformfieldnotchedoutline="" class="mdc-notched…>…</div> subtree intercepts pointer events
      - retrying click action, attempt #134
      -   waiting 500ms
      -   waiting for element to be visible, enabled and stable
      -   element is visible, enabled and stable
      -   scrolling into view if needed
      -   done scrolling
      -   <mat-label _ngcontent-ng-c2013501738="" class="ng-tns-c3736…>Search Patient name , mrn</mat-label> from <div matformfieldnotchedoutline="" class="mdc-notched…>…</div> subtree intercepts pointer events
      - retrying click action, attempt #135
      -   waiting 500ms
      -   waiting for element to be visible, enabled and stable
      -   element is visible, enabled and stable
      -   scrolling into view if needed
      -   done scrolling
      -   <mat-label _ngcontent-ng-c2013501738="" class="ng-tns-c3736…>Search Patient name , mrn</mat-label> from <div matformfieldnotchedoutline="" class="mdc-notched…>…</div> subtree intercepts pointer events
      - retrying click action, attempt #136
      -   waiting 500ms
      -   waiting for element to be visible, enabled and stable
      -   element is visible, enabled and stable
      -   scrolling into view if needed
      -   done scrolling
      -   <mat-label _ngcontent-ng-c2013501738="" class="ng-tns-c3736…>Search Patient name , mrn</mat-label> from <div matformfieldnotchedoutline="" class="mdc-notched…>…</div> subtree intercepts pointer events
      - retrying click action, attempt #137
      -   waiting 500ms
      -   waiting for element to be visible, enabled and stable
      -   element is visible, enabled and stable
      -   scrolling into view if needed
      -   done scrolling
      -   <mat-label _ngcontent-ng-c2013501738="" class="ng-tns-c3736…>Search Patient name , mrn</mat-label> from <div matformfieldnotchedoutline="" class="mdc-notched…>…</div> subtree intercepts pointer events
      - retrying click action, attempt #138
      -   waiting 500ms
      -   waiting for element to be visible, enabled and stable
      -   element is visible, enabled and stable
      -   scrolling into view if needed
      -   done scrolling
      -   <mat-label _ngcontent-ng-c2013501738="" class="ng-tns-c3736…>Search Patient name , mrn</mat-label> from <div matformfieldnotchedoutline="" class="mdc-notched…>…</div> subtree intercepts pointer events
      - retrying click action, attempt #139
      -   waiting 500ms
      -   waiting for element to be visible, enabled and stable
      -   element is visible, enabled and stable
      -   scrolling into view if needed
      -   done scrolling
      -   <mat-label _ngcontent-ng-c2013501738="" class="ng-tns-c3736…>Search Patient name , mrn</mat-label> from <div matformfieldnotchedoutline="" class="mdc-notched…>…</div> subtree intercepts pointer events
      - retrying click action, attempt #140
      -   waiting 500ms
      -   waiting for element to be visible, enabled and stable
      -   element is visible, enabled and stable
      -   scrolling into view if needed
      -   done scrolling
      -   <mat-label _ngcontent-ng-c2013501738="" class="ng-tns-c3736…>Search Patient name , mrn</mat-label> from <div matformfieldnotchedoutline="" class="mdc-notched…>…</div> subtree intercepts pointer events
      - retrying click action, attempt #141
      -   waiting 500ms
      -   waiting for element to be visible, enabled and stable
      -   element is visible, enabled and stable
      -   scrolling into view if needed
      -   done scrolling
      -   <mat-label _ngcontent-ng-c2013501738="" class="ng-tns-c3736…>Search Patient name , mrn</mat-label> from <div matformfieldnotchedoutline="" class="mdc-notched…>…</div> subtree intercepts pointer events
      - retrying click action, attempt #142
      -   waiting 500ms
      -   waiting for element to be visible, enabled and stable
      -   element is visible, enabled and stable
      -   scrolling into view if needed
      -   done scrolling
      -   <mat-label _ngcontent-ng-c2013501738="" class="ng-tns-c3736…>Search Patient name , mrn</mat-label> from <div matformfieldnotchedoutline="" class="mdc-notched…>…</div> subtree intercepts pointer events
      - retrying click action, attempt #143
      -   waiting 500ms
      -   waiting for element to be visible, enabled and stable
      -   element is visible, enabled and stable
      -   scrolling into view if needed
      -   done scrolling
      -   <mat-label _ngcontent-ng-c2013501738="" class="ng-tns-c3736…>Search Patient name , mrn</mat-label> from <div matformfieldnotchedoutline="" class="mdc-notched…>…</div> subtree intercepts pointer events
      - retrying click action, attempt #144
      -   waiting 500ms
      -   waiting for element to be visible, enabled and stable
      -   element is visible, enabled and stable
      -   scrolling into view if needed
      -   done scrolling
      -   <mat-label _ngcontent-ng-c2013501738="" class="ng-tns-c3736…>Search Patient name , mrn</mat-label> from <div matformfieldnotchedoutline="" class="mdc-notched…>…</div> subtree intercepts pointer events
      - retrying click action, attempt #145
      -   waiting 500ms
      -   waiting for element to be visible, enabled and stable
      -   element is visible, enabled and stable
      -   scrolling into view if needed
      -   done scrolling
      -   <mat-label _ngcontent-ng-c2013501738="" class="ng-tns-c3736…>Search Patient name , mrn</mat-label> from <div matformfieldnotchedoutline="" class="mdc-notched…>…</div> subtree intercepts pointer events
      - retrying click action, attempt #146
      -   waiting 500ms
      -   waiting for element to be visible, enabled and stable
      -   element is visible, enabled and stable
      -   scrolling into view if needed
      -   done scrolling
      -   <mat-label _ngcontent-ng-c2013501738="" class="ng-tns-c3736…>Search Patient name , mrn</mat-label> from <div matformfieldnotchedoutline="" class="mdc-notched…>…</div> subtree intercepts pointer events
      - retrying click action, attempt #147
      -   waiting 500ms
      -   waiting for element to be visible, enabled and stable
      -   element is visible, enabled and stable
      -   scrolling into view if needed
      -   done scrolling
      -   <mat-label _ngcontent-ng-c2013501738="" class="ng-tns-c3736…>Search Patient name , mrn</mat-label> from <div matformfieldnotchedoutline="" class="mdc-notched…>…</div> subtree intercepts pointer events
      - retrying click action, attempt #148
      -   waiting 500ms
      -   waiting for element to be visible, enabled and stable
      -   element is visible, enabled and stable
      -   scrolling into view if needed
      -   done scrolling
      -   <mat-label _ngcontent-ng-c2013501738="" class="ng-tns-c3736…>Search Patient name , mrn</mat-label> from <div matformfieldnotchedoutline="" class="mdc-notched…>…</div> subtree intercepts pointer events
      - retrying click action, attempt #149
      -   waiting 500ms
      -   waiting for element to be visible, enabled and stable
      -   element is visible, enabled and stable
      -   scrolling into view if needed
      -   done scrolling
      -   <mat-label _ngcontent-ng-c2013501738="" class="ng-tns-c3736…>Search Patient name , mrn</mat-label> from <div matformfieldnotchedoutline="" class="mdc-notched…>…</div> subtree intercepts pointer events
      - retrying click action, attempt #150
      -   waiting 500ms


       at classes\patientsPage.ts:54

      52 |     //search patient name (fillable)
      53 |     async searchPatient(patient){
    > 54 |         await this.page.getByLabel('Search Patient name , mrn').click();
         |                                                                 ^
      55 |         await this.page.getByLabel('Search Patient name , mrn').fill(patient);
      56 |         await this.page.getByLabel('Search Patient name , mrn').press('Enter');
      57 |     }

        at PatientsPage.searchPatient (C:\Users\white\work\mbh-playwright\classes\patientsPage.ts:54:65)
        at C:\Users\white\work\mbh-playwright\mbhpatientlabsfilter.mbhpages.ts:23:20

    attachment #1: screenshot (image/png) ──────────────────────────────────────────────────────────
    test-results\mbhpatientlabsfilter.mbhpages.ts-filter-patients-labs-chrome\test-failed-1.png
    ────────────────────────────────────────────────────────────────────────────────────────────────

    attachment #2: video (video/webm) ──────────────────────────────────────────────────────────────
    test-results\mbhpatientlabsfilter.mbhpages.ts-filter-patients-labs-chrome\video.webm
    ────────────────────────────────────────────────────────────────────────────────────────────────
]]>
</failure>
<system-out>
<![CDATA[
[[ATTACHMENT|test-results\mbhpatientlabsfilter.mbhpages.ts-filter-patients-labs-chrome\test-failed-1.png]]

[[ATTACHMENT|test-results\mbhpatientlabsfilter.mbhpages.ts-filter-patients-labs-chrome\video.webm]]
]]>
</system-out>
</testcase>
<testcase name="add patients lab" classname="mbhpatientlabsfilter.mbhpages.ts" time="96.183">
<properties>
<property name="slow" value="">
</property>
</properties>
<failure message="mbhpatientlabsfilter.mbhpages.ts:30:5 add patients lab" type="FAILURE">
<![CDATA[  [chrome] › mbhpatientlabsfilter.mbhpages.ts:30:5 › add patients lab ──────────────────────────────

    Test timeout of 90000ms exceeded.

    Error: locator.click: Test timeout of 90000ms exceeded.
    Call log:
      - waiting for getByLabel('Search Patient name , mrn')
      -   locator resolved to <input matinput="" id="mat-input-0" aria-invalid="false…/>
      - attempting click action
      -   waiting for element to be visible, enabled and stable
      -   element is visible, enabled and stable
      -   scrolling into view if needed
      -   done scrolling
      -   <mat-label _ngcontent-ng-c2013501738="" class="ng-tns-c3736…>Search Patient name , mrn</mat-label> from <div matformfieldnotchedoutline="" class="mdc-notched…>…</div> subtree intercepts pointer events
      - retrying click action, attempt #1
      -   waiting for element to be visible, enabled and stable
      -   element is visible, enabled and stable
      -   scrolling into view if needed
      -   done scrolling
      -   <mat-label _ngcontent-ng-c2013501738="" class="ng-tns-c3736…>Search Patient name , mrn</mat-label> from <div matformfieldnotchedoutline="" class="mdc-notched…>…</div> subtree intercepts pointer events
      - retrying click action, attempt #2
      -   waiting 20ms
      -   waiting for element to be visible, enabled and stable
      -   element is visible, enabled and stable
      -   scrolling into view if needed
      -   done scrolling
      -   <mat-label _ngcontent-ng-c2013501738="" class="ng-tns-c3736…>Search Patient name , mrn</mat-label> from <div matformfieldnotchedoutline="" class="mdc-notched…>…</div> subtree intercepts pointer events
      - retrying click action, attempt #3
      -   waiting 100ms
      -   waiting for element to be visible, enabled and stable
      -   element is visible, enabled and stable
      -   scrolling into view if needed
      -   done scrolling
      -   <mat-label _ngcontent-ng-c2013501738="" class="ng-tns-c3736…>Search Patient name , mrn</mat-label> from <div matformfieldnotchedoutline="" class="mdc-notched…>…</div> subtree intercepts pointer events
      - retrying click action, attempt #4
      -   waiting 100ms
      -   waiting for element to be visible, enabled and stable
      -   element is visible, enabled and stable
      -   scrolling into view if needed
      -   done scrolling
      -   <mat-label _ngcontent-ng-c2013501738="" class="ng-tns-c3736…>Search Patient name , mrn</mat-label> from <div matformfieldnotchedoutline="" class="mdc-notched…>…</div> subtree intercepts pointer events
      - retrying click action, attempt #5
      -   waiting 500ms
      -   waiting for element to be visible, enabled and stable
      -   element is visible, enabled and stable
      -   scrolling into view if needed
      -   done scrolling
      -   <mat-label _ngcontent-ng-c2013501738="" class="ng-tns-c3736…>Search Patient name , mrn</mat-label> from <div matformfieldnotchedoutline="" class="mdc-notched…>…</div> subtree intercepts pointer events
      - retrying click action, attempt #6
      -   waiting 500ms
      -   waiting for element to be visible, enabled and stable
      -   element is visible, enabled and stable
      -   scrolling into view if needed
      -   done scrolling
      -   <mat-label _ngcontent-ng-c2013501738="" class="ng-tns-c3736…>Search Patient name , mrn</mat-label> from <div matformfieldnotchedoutline="" class="mdc-notched…>…</div> subtree intercepts pointer events
      - retrying click action, attempt #7
      -   waiting 500ms
      -   waiting for element to be visible, enabled and stable
      -   element is visible, enabled and stable
      -   scrolling into view if needed
      -   done scrolling
      -   <mat-label _ngcontent-ng-c2013501738="" class="ng-tns-c3736…>Search Patient name , mrn</mat-label> from <div matformfieldnotchedoutline="" class="mdc-notched…>…</div> subtree intercepts pointer events
      - retrying click action, attempt #8
      -   waiting 500ms
      -   waiting for element to be visible, enabled and stable
      -   element is visible, enabled and stable
      -   scrolling into view if needed
      -   done scrolling
      -   <mat-label _ngcontent-ng-c2013501738="" class="ng-tns-c3736…>Search Patient name , mrn</mat-label> from <div matformfieldnotchedoutline="" class="mdc-notched…>…</div> subtree intercepts pointer events
      - retrying click action, attempt #9
      -   waiting 500ms
      -   waiting for element to be visible, enabled and stable
      -   element is visible, enabled and stable
      -   scrolling into view if needed
      -   done scrolling
      -   <mat-label _ngcontent-ng-c2013501738="" class="ng-tns-c3736…>Search Patient name , mrn</mat-label> from <div matformfieldnotchedoutline="" class="mdc-notched…>…</div> subtree intercepts pointer events
      - retrying click action, attempt #10
      -   waiting 500ms
      -   waiting for element to be visible, enabled and stable
      -   element is visible, enabled and stable
      -   scrolling into view if needed
      -   done scrolling
      -   <mat-label _ngcontent-ng-c2013501738="" class="ng-tns-c3736…>Search Patient name , mrn</mat-label> from <div matformfieldnotchedoutline="" class="mdc-notched…>…</div> subtree intercepts pointer events
      - retrying click action, attempt #11
      -   waiting 500ms
      -   waiting for element to be visible, enabled and stable
      -   element is visible, enabled and stable
      -   scrolling into view if needed
      -   done scrolling
      -   <mat-label _ngcontent-ng-c2013501738="" class="ng-tns-c3736…>Search Patient name , mrn</mat-label> from <div matformfieldnotchedoutline="" class="mdc-notched…>…</div> subtree intercepts pointer events
      - retrying click action, attempt #12
      -   waiting 500ms
      -   waiting for element to be visible, enabled and stable
      -   element is visible, enabled and stable
      -   scrolling into view if needed
      -   done scrolling
      -   <mat-label _ngcontent-ng-c2013501738="" class="ng-tns-c3736…>Search Patient name , mrn</mat-label> from <div matformfieldnotchedoutline="" class="mdc-notched…>…</div> subtree intercepts pointer events
      - retrying click action, attempt #13
      -   waiting 500ms
      -   waiting for element to be visible, enabled and stable
      -   element is visible, enabled and stable
      -   scrolling into view if needed
      -   done scrolling
      -   <mat-label _ngcontent-ng-c2013501738="" class="ng-tns-c3736…>Search Patient name , mrn</mat-label> from <div matformfieldnotchedoutline="" class="mdc-notched…>…</div> subtree intercepts pointer events
      - retrying click action, attempt #14
      -   waiting 500ms
      -   waiting for element to be visible, enabled and stable
      -   element is visible, enabled and stable
      -   scrolling into view if needed
      -   done scrolling
      -   <mat-label _ngcontent-ng-c2013501738="" class="ng-tns-c3736…>Search Patient name , mrn</mat-label> from <div matformfieldnotchedoutline="" class="mdc-notched…>…</div> subtree intercepts pointer events
      - retrying click action, attempt #15
      -   waiting 500ms
      -   waiting for element to be visible, enabled and stable
      -   element is visible, enabled and stable
      -   scrolling into view if needed
      -   done scrolling
      -   <mat-label _ngcontent-ng-c2013501738="" class="ng-tns-c3736…>Search Patient name , mrn</mat-label> from <div matformfieldnotchedoutline="" class="mdc-notched…>…</div> subtree intercepts pointer events
      - retrying click action, attempt #16
      -   waiting 500ms
      -   waiting for element to be visible, enabled and stable
      -   element is visible, enabled and stable
      -   scrolling into view if needed
      -   done scrolling
      -   <mat-label _ngcontent-ng-c2013501738="" class="ng-tns-c3736…>Search Patient name , mrn</mat-label> from <div matformfieldnotchedoutline="" class="mdc-notched…>…</div> subtree intercepts pointer events
      - retrying click action, attempt #17
      -   waiting 500ms
      -   waiting for element to be visible, enabled and stable
      -   element is visible, enabled and stable
      -   scrolling into view if needed
      -   done scrolling
      -   <mat-label _ngcontent-ng-c2013501738="" class="ng-tns-c3736…>Search Patient name , mrn</mat-label> from <div matformfieldnotchedoutline="" class="mdc-notched…>…</div> subtree intercepts pointer events
      - retrying click action, attempt #18
      -   waiting 500ms
      -   waiting for element to be visible, enabled and stable
      -   element is visible, enabled and stable
      -   scrolling into view if needed
      -   done scrolling
      -   <mat-label _ngcontent-ng-c2013501738="" class="ng-tns-c3736…>Search Patient name , mrn</mat-label> from <div matformfieldnotchedoutline="" class="mdc-notched…>…</div> subtree intercepts pointer events
      - retrying click action, attempt #19
      -   waiting 500ms
      -   waiting for element to be visible, enabled and stable
      -   element is visible, enabled and stable
      -   scrolling into view if needed
      -   done scrolling
      -   <mat-label _ngcontent-ng-c2013501738="" class="ng-tns-c3736…>Search Patient name , mrn</mat-label> from <div matformfieldnotchedoutline="" class="mdc-notched…>…</div> subtree intercepts pointer events
      - retrying click action, attempt #20
      -   waiting 500ms
      -   waiting for element to be visible, enabled and stable
      -   element is visible, enabled and stable
      -   scrolling into view if needed
      -   done scrolling
      -   <mat-label _ngcontent-ng-c2013501738="" class="ng-tns-c3736…>Search Patient name , mrn</mat-label> from <div matformfieldnotchedoutline="" class="mdc-notched…>…</div> subtree intercepts pointer events
      - retrying click action, attempt #21
      -   waiting 500ms
      -   waiting for element to be visible, enabled and stable
      -   element is visible, enabled and stable
      -   scrolling into view if needed
      -   done scrolling
      -   <mat-label _ngcontent-ng-c2013501738="" class="ng-tns-c3736…>Search Patient name , mrn</mat-label> from <div matformfieldnotchedoutline="" class="mdc-notched…>…</div> subtree intercepts pointer events
      - retrying click action, attempt #22
      -   waiting 500ms
      -   waiting for element to be visible, enabled and stable
      -   element is visible, enabled and stable
      -   scrolling into view if needed
      -   done scrolling
      -   <mat-label _ngcontent-ng-c2013501738="" class="ng-tns-c3736…>Search Patient name , mrn</mat-label> from <div matformfieldnotchedoutline="" class="mdc-notched…>…</div> subtree intercepts pointer events
      - retrying click action, attempt #23
      -   waiting 500ms
      -   waiting for element to be visible, enabled and stable
      -   element is visible, enabled and stable
      -   scrolling into view if needed
      -   done scrolling
      -   <mat-label _ngcontent-ng-c2013501738="" class="ng-tns-c3736…>Search Patient name , mrn</mat-label> from <div matformfieldnotchedoutline="" class="mdc-notched…>…</div> subtree intercepts pointer events
      - retrying click action, attempt #24
      -   waiting 500ms
      -   waiting for element to be visible, enabled and stable
      -   element is visible, enabled and stable
      -   scrolling into view if needed
      -   done scrolling
      -   <mat-label _ngcontent-ng-c2013501738="" class="ng-tns-c3736…>Search Patient name , mrn</mat-label> from <div matformfieldnotchedoutline="" class="mdc-notched…>…</div> subtree intercepts pointer events
      - retrying click action, attempt #25
      -   waiting 500ms
      -   waiting for element to be visible, enabled and stable
      -   element is visible, enabled and stable
      -   scrolling into view if needed
      -   done scrolling
      -   <mat-label _ngcontent-ng-c2013501738="" class="ng-tns-c3736…>Search Patient name , mrn</mat-label> from <div matformfieldnotchedoutline="" class="mdc-notched…>…</div> subtree intercepts pointer events
      - retrying click action, attempt #26
      -   waiting 500ms
      -   waiting for element to be visible, enabled and stable
      -   element is visible, enabled and stable
      -   scrolling into view if needed
      -   done scrolling
      -   <mat-label _ngcontent-ng-c2013501738="" class="ng-tns-c3736…>Search Patient name , mrn</mat-label> from <div matformfieldnotchedoutline="" class="mdc-notched…>…</div> subtree intercepts pointer events
      - retrying click action, attempt #27
      -   waiting 500ms
      -   waiting for element to be visible, enabled and stable
      -   element is visible, enabled and stable
      -   scrolling into view if needed
      -   done scrolling
      -   <mat-label _ngcontent-ng-c2013501738="" class="ng-tns-c3736…>Search Patient name , mrn</mat-label> from <div matformfieldnotchedoutline="" class="mdc-notched…>…</div> subtree intercepts pointer events
      - retrying click action, attempt #28
      -   waiting 500ms
      -   waiting for element to be visible, enabled and stable
      -   element is visible, enabled and stable
      -   scrolling into view if needed
      -   done scrolling
      -   <mat-label _ngcontent-ng-c2013501738="" class="ng-tns-c3736…>Search Patient name , mrn</mat-label> from <div matformfieldnotchedoutline="" class="mdc-notched…>…</div> subtree intercepts pointer events
      - retrying click action, attempt #29
      -   waiting 500ms
      -   waiting for element to be visible, enabled and stable
      -   element is visible, enabled and stable
      -   scrolling into view if needed
      -   done scrolling
      -   <mat-label _ngcontent-ng-c2013501738="" class="ng-tns-c3736…>Search Patient name , mrn</mat-label> from <div matformfieldnotchedoutline="" class="mdc-notched…>…</div> subtree intercepts pointer events
      - retrying click action, attempt #30
      -   waiting 500ms
      -   waiting for element to be visible, enabled and stable
      -   element is visible, enabled and stable
      -   scrolling into view if needed
      -   done scrolling
      -   <mat-label _ngcontent-ng-c2013501738="" class="ng-tns-c3736…>Search Patient name , mrn</mat-label> from <div matformfieldnotchedoutline="" class="mdc-notched…>…</div> subtree intercepts pointer events
      - retrying click action, attempt #31
      -   waiting 500ms
      -   waiting for element to be visible, enabled and stable
      -   element is visible, enabled and stable
      -   scrolling into view if needed
      -   done scrolling
      -   <mat-label _ngcontent-ng-c2013501738="" class="ng-tns-c3736…>Search Patient name , mrn</mat-label> from <div matformfieldnotchedoutline="" class="mdc-notched…>…</div> subtree intercepts pointer events
      - retrying click action, attempt #32
      -   waiting 500ms
      -   waiting for element to be visible, enabled and stable
      -   element is visible, enabled and stable
      -   scrolling into view if needed
      -   done scrolling
      -   <mat-label _ngcontent-ng-c2013501738="" class="ng-tns-c3736…>Search Patient name , mrn</mat-label> from <div matformfieldnotchedoutline="" class="mdc-notched…>…</div> subtree intercepts pointer events
      - retrying click action, attempt #33
      -   waiting 500ms
      -   waiting for element to be visible, enabled and stable
      -   element is visible, enabled and stable
      -   scrolling into view if needed
      -   done scrolling
      -   <mat-label _ngcontent-ng-c2013501738="" class="ng-tns-c3736…>Search Patient name , mrn</mat-label> from <div matformfieldnotchedoutline="" class="mdc-notched…>…</div> subtree intercepts pointer events
      - retrying click action, attempt #34
      -   waiting 500ms
      -   waiting for element to be visible, enabled and stable
      -   element is visible, enabled and stable
      -   scrolling into view if needed
      -   done scrolling
      -   <mat-label _ngcontent-ng-c2013501738="" class="ng-tns-c3736…>Search Patient name , mrn</mat-label> from <div matformfieldnotchedoutline="" class="mdc-notched…>…</div> subtree intercepts pointer events
      - retrying click action, attempt #35
      -   waiting 500ms
      -   waiting for element to be visible, enabled and stable
      -   element is visible, enabled and stable
      -   scrolling into view if needed
      -   done scrolling
      -   <mat-label _ngcontent-ng-c2013501738="" class="ng-tns-c3736…>Search Patient name , mrn</mat-label> from <div matformfieldnotchedoutline="" class="mdc-notched…>…</div> subtree intercepts pointer events
      - retrying click action, attempt #36
      -   waiting 500ms
      -   waiting for element to be visible, enabled and stable
      -   element is visible, enabled and stable
      -   scrolling into view if needed
      -   done scrolling
      -   <mat-label _ngcontent-ng-c2013501738="" class="ng-tns-c3736…>Search Patient name , mrn</mat-label> from <div matformfieldnotchedoutline="" class="mdc-notched…>…</div> subtree intercepts pointer events
      - retrying click action, attempt #37
      -   waiting 500ms
      -   waiting for element to be visible, enabled and stable
      -   element is visible, enabled and stable
      -   scrolling into view if needed
      -   done scrolling
      -   <mat-label _ngcontent-ng-c2013501738="" class="ng-tns-c3736…>Search Patient name , mrn</mat-label> from <div matformfieldnotchedoutline="" class="mdc-notched…>…</div> subtree intercepts pointer events
      - retrying click action, attempt #38
      -   waiting 500ms
      -   waiting for element to be visible, enabled and stable
      -   element is visible, enabled and stable
      -   scrolling into view if needed
      -   done scrolling
      -   <mat-label _ngcontent-ng-c2013501738="" class="ng-tns-c3736…>Search Patient name , mrn</mat-label> from <div matformfieldnotchedoutline="" class="mdc-notched…>…</div> subtree intercepts pointer events
      - retrying click action, attempt #39
      -   waiting 500ms
      -   waiting for element to be visible, enabled and stable
      -   element is visible, enabled and stable
      -   scrolling into view if needed
      -   done scrolling
      -   <mat-label _ngcontent-ng-c2013501738="" class="ng-tns-c3736…>Search Patient name , mrn</mat-label> from <div matformfieldnotchedoutline="" class="mdc-notched…>…</div> subtree intercepts pointer events
      - retrying click action, attempt #40
      -   waiting 500ms
      -   waiting for element to be visible, enabled and stable
      -   element is visible, enabled and stable
      -   scrolling into view if needed
      -   done scrolling
      -   <mat-label _ngcontent-ng-c2013501738="" class="ng-tns-c3736…>Search Patient name , mrn</mat-label> from <div matformfieldnotchedoutline="" class="mdc-notched…>…</div> subtree intercepts pointer events
      - retrying click action, attempt #41
      -   waiting 500ms
      -   waiting for element to be visible, enabled and stable
      -   element is visible, enabled and stable
      -   scrolling into view if needed
      -   done scrolling
      -   <mat-label _ngcontent-ng-c2013501738="" class="ng-tns-c3736…>Search Patient name , mrn</mat-label> from <div matformfieldnotchedoutline="" class="mdc-notched…>…</div> subtree intercepts pointer events
      - retrying click action, attempt #42
      -   waiting 500ms
      -   waiting for element to be visible, enabled and stable
      -   element is visible, enabled and stable
      -   scrolling into view if needed
      -   done scrolling
      -   <mat-label _ngcontent-ng-c2013501738="" class="ng-tns-c3736…>Search Patient name , mrn</mat-label> from <div matformfieldnotchedoutline="" class="mdc-notched…>…</div> subtree intercepts pointer events
      - retrying click action, attempt #43
      -   waiting 500ms
      -   waiting for element to be visible, enabled and stable
      -   element is visible, enabled and stable
      -   scrolling into view if needed
      -   done scrolling
      -   <mat-label _ngcontent-ng-c2013501738="" class="ng-tns-c3736…>Search Patient name , mrn</mat-label> from <div matformfieldnotchedoutline="" class="mdc-notched…>…</div> subtree intercepts pointer events
      - retrying click action, attempt #44
      -   waiting 500ms
      -   waiting for element to be visible, enabled and stable
      -   element is visible, enabled and stable
      -   scrolling into view if needed
      -   done scrolling
      -   <mat-label _ngcontent-ng-c2013501738="" class="ng-tns-c3736…>Search Patient name , mrn</mat-label> from <div matformfieldnotchedoutline="" class="mdc-notched…>…</div> subtree intercepts pointer events
      - retrying click action, attempt #45
      -   waiting 500ms
      -   waiting for element to be visible, enabled and stable
      -   element is visible, enabled and stable
      -   scrolling into view if needed
      -   done scrolling
      -   <mat-label _ngcontent-ng-c2013501738="" class="ng-tns-c3736…>Search Patient name , mrn</mat-label> from <div matformfieldnotchedoutline="" class="mdc-notched…>…</div> subtree intercepts pointer events
      - retrying click action, attempt #46
      -   waiting 500ms
      -   waiting for element to be visible, enabled and stable
      -   element is visible, enabled and stable
      -   scrolling into view if needed
      -   done scrolling
      -   <mat-label _ngcontent-ng-c2013501738="" class="ng-tns-c3736…>Search Patient name , mrn</mat-label> from <div matformfieldnotchedoutline="" class="mdc-notched…>…</div> subtree intercepts pointer events
      - retrying click action, attempt #47
      -   waiting 500ms
      -   waiting for element to be visible, enabled and stable
      -   element is visible, enabled and stable
      -   scrolling into view if needed
      -   done scrolling
      -   <mat-label _ngcontent-ng-c2013501738="" class="ng-tns-c3736…>Search Patient name , mrn</mat-label> from <div matformfieldnotchedoutline="" class="mdc-notched…>…</div> subtree intercepts pointer events
      - retrying click action, attempt #48
      -   waiting 500ms
      -   waiting for element to be visible, enabled and stable
      -   element is visible, enabled and stable
      -   scrolling into view if needed
      -   done scrolling
      -   <mat-label _ngcontent-ng-c2013501738="" class="ng-tns-c3736…>Search Patient name , mrn</mat-label> from <div matformfieldnotchedoutline="" class="mdc-notched…>…</div> subtree intercepts pointer events
      - retrying click action, attempt #49
      -   waiting 500ms
      -   waiting for element to be visible, enabled and stable
      -   element is visible, enabled and stable
      -   scrolling into view if needed
      -   done scrolling
      -   <mat-label _ngcontent-ng-c2013501738="" class="ng-tns-c3736…>Search Patient name , mrn</mat-label> from <div matformfieldnotchedoutline="" class="mdc-notched…>…</div> subtree intercepts pointer events
      - retrying click action, attempt #50
      -   waiting 500ms
      -   waiting for element to be visible, enabled and stable
      -   element is visible, enabled and stable
      -   scrolling into view if needed
      -   done scrolling
      -   <mat-label _ngcontent-ng-c2013501738="" class="ng-tns-c3736…>Search Patient name , mrn</mat-label> from <div matformfieldnotchedoutline="" class="mdc-notched…>…</div> subtree intercepts pointer events
      - retrying click action, attempt #51
      -   waiting 500ms
      -   waiting for element to be visible, enabled and stable
      -   element is visible, enabled and stable
      -   scrolling into view if needed
      -   done scrolling
      -   <mat-label _ngcontent-ng-c2013501738="" class="ng-tns-c3736…>Search Patient name , mrn</mat-label> from <div matformfieldnotchedoutline="" class="mdc-notched…>…</div> subtree intercepts pointer events
      - retrying click action, attempt #52
      -   waiting 500ms
      -   waiting for element to be visible, enabled and stable
      -   element is visible, enabled and stable
      -   scrolling into view if needed
      -   done scrolling
      -   <mat-label _ngcontent-ng-c2013501738="" class="ng-tns-c3736…>Search Patient name , mrn</mat-label> from <div matformfieldnotchedoutline="" class="mdc-notched…>…</div> subtree intercepts pointer events
      - retrying click action, attempt #53
      -   waiting 500ms
      -   waiting for element to be visible, enabled and stable
      -   element is visible, enabled and stable
      -   scrolling into view if needed
      -   done scrolling
      -   <mat-label _ngcontent-ng-c2013501738="" class="ng-tns-c3736…>Search Patient name , mrn</mat-label> from <div matformfieldnotchedoutline="" class="mdc-notched…>…</div> subtree intercepts pointer events
      - retrying click action, attempt #54
      -   waiting 500ms
      -   waiting for element to be visible, enabled and stable
      -   element is visible, enabled and stable
      -   scrolling into view if needed
      -   done scrolling
      -   <mat-label _ngcontent-ng-c2013501738="" class="ng-tns-c3736…>Search Patient name , mrn</mat-label> from <div matformfieldnotchedoutline="" class="mdc-notched…>…</div> subtree intercepts pointer events
      - retrying click action, attempt #55
      -   waiting 500ms
      -   waiting for element to be visible, enabled and stable
      -   element is visible, enabled and stable
      -   scrolling into view if needed
      -   done scrolling
      -   <mat-label _ngcontent-ng-c2013501738="" class="ng-tns-c3736…>Search Patient name , mrn</mat-label> from <div matformfieldnotchedoutline="" class="mdc-notched…>…</div> subtree intercepts pointer events
      - retrying click action, attempt #56
      -   waiting 500ms
      -   waiting for element to be visible, enabled and stable
      -   element is visible, enabled and stable
      -   scrolling into view if needed
      -   done scrolling
      -   <mat-label _ngcontent-ng-c2013501738="" class="ng-tns-c3736…>Search Patient name , mrn</mat-label> from <div matformfieldnotchedoutline="" class="mdc-notched…>…</div> subtree intercepts pointer events
      - retrying click action, attempt #57
      -   waiting 500ms
      -   waiting for element to be visible, enabled and stable
      -   element is visible, enabled and stable
      -   scrolling into view if needed
      -   done scrolling
      -   <mat-label _ngcontent-ng-c2013501738="" class="ng-tns-c3736…>Search Patient name , mrn</mat-label> from <div matformfieldnotchedoutline="" class="mdc-notched…>…</div> subtree intercepts pointer events
      - retrying click action, attempt #58
      -   waiting 500ms
      -   waiting for element to be visible, enabled and stable
      -   element is visible, enabled and stable
      -   scrolling into view if needed
      -   done scrolling
      -   <mat-label _ngcontent-ng-c2013501738="" class="ng-tns-c3736…>Search Patient name , mrn</mat-label> from <div matformfieldnotchedoutline="" class="mdc-notched…>…</div> subtree intercepts pointer events
      - retrying click action, attempt #59
      -   waiting 500ms
      -   waiting for element to be visible, enabled and stable
      -   element is visible, enabled and stable
      -   scrolling into view if needed
      -   done scrolling
      -   <mat-label _ngcontent-ng-c2013501738="" class="ng-tns-c3736…>Search Patient name , mrn</mat-label> from <div matformfieldnotchedoutline="" class="mdc-notched…>…</div> subtree intercepts pointer events
      - retrying click action, attempt #60
      -   waiting 500ms
      -   waiting for element to be visible, enabled and stable
      -   element is visible, enabled and stable
      -   scrolling into view if needed
      -   done scrolling
      -   <mat-label _ngcontent-ng-c2013501738="" class="ng-tns-c3736…>Search Patient name , mrn</mat-label> from <div matformfieldnotchedoutline="" class="mdc-notched…>…</div> subtree intercepts pointer events
      - retrying click action, attempt #61
      -   waiting 500ms
      -   waiting for element to be visible, enabled and stable
      -   element is visible, enabled and stable
      -   scrolling into view if needed
      -   done scrolling
      -   <mat-label _ngcontent-ng-c2013501738="" class="ng-tns-c3736…>Search Patient name , mrn</mat-label> from <div matformfieldnotchedoutline="" class="mdc-notched…>…</div> subtree intercepts pointer events
      - retrying click action, attempt #62
      -   waiting 500ms
      -   waiting for element to be visible, enabled and stable
      -   element is visible, enabled and stable
      -   scrolling into view if needed
      -   done scrolling
      -   <mat-label _ngcontent-ng-c2013501738="" class="ng-tns-c3736…>Search Patient name , mrn</mat-label> from <div matformfieldnotchedoutline="" class="mdc-notched…>…</div> subtree intercepts pointer events
      - retrying click action, attempt #63
      -   waiting 500ms
      -   waiting for element to be visible, enabled and stable
      -   element is visible, enabled and stable
      -   scrolling into view if needed
      -   done scrolling
      -   <mat-label _ngcontent-ng-c2013501738="" class="ng-tns-c3736…>Search Patient name , mrn</mat-label> from <div matformfieldnotchedoutline="" class="mdc-notched…>…</div> subtree intercepts pointer events
      - retrying click action, attempt #64
      -   waiting 500ms
      -   waiting for element to be visible, enabled and stable
      -   element is visible, enabled and stable
      -   scrolling into view if needed
      -   done scrolling
      -   <mat-label _ngcontent-ng-c2013501738="" class="ng-tns-c3736…>Search Patient name , mrn</mat-label> from <div matformfieldnotchedoutline="" class="mdc-notched…>…</div> subtree intercepts pointer events
      - retrying click action, attempt #65
      -   waiting 500ms
      -   waiting for element to be visible, enabled and stable
      -   element is visible, enabled and stable
      -   scrolling into view if needed
      -   done scrolling
      -   <mat-label _ngcontent-ng-c2013501738="" class="ng-tns-c3736…>Search Patient name , mrn</mat-label> from <div matformfieldnotchedoutline="" class="mdc-notched…>…</div> subtree intercepts pointer events
      - retrying click action, attempt #66
      -   waiting 500ms
      -   waiting for element to be visible, enabled and stable
      -   element is visible, enabled and stable
      -   scrolling into view if needed
      -   done scrolling
      -   <mat-label _ngcontent-ng-c2013501738="" class="ng-tns-c3736…>Search Patient name , mrn</mat-label> from <div matformfieldnotchedoutline="" class="mdc-notched…>…</div> subtree intercepts pointer events
      - retrying click action, attempt #67
      -   waiting 500ms
      -   waiting for element to be visible, enabled and stable
      -   element is visible, enabled and stable
      -   scrolling into view if needed
      -   done scrolling
      -   <mat-label _ngcontent-ng-c2013501738="" class="ng-tns-c3736…>Search Patient name , mrn</mat-label> from <div matformfieldnotchedoutline="" class="mdc-notched…>…</div> subtree intercepts pointer events
      - retrying click action, attempt #68
      -   waiting 500ms
      -   waiting for element to be visible, enabled and stable
      -   element is visible, enabled and stable
      -   scrolling into view if needed
      -   done scrolling
      -   <mat-label _ngcontent-ng-c2013501738="" class="ng-tns-c3736…>Search Patient name , mrn</mat-label> from <div matformfieldnotchedoutline="" class="mdc-notched…>…</div> subtree intercepts pointer events
      - retrying click action, attempt #69
      -   waiting 500ms
      -   waiting for element to be visible, enabled and stable
      -   element is visible, enabled and stable
      -   scrolling into view if needed
      -   done scrolling
      -   <mat-label _ngcontent-ng-c2013501738="" class="ng-tns-c3736…>Search Patient name , mrn</mat-label> from <div matformfieldnotchedoutline="" class="mdc-notched…>…</div> subtree intercepts pointer events
      - retrying click action, attempt #70
      -   waiting 500ms
      -   waiting for element to be visible, enabled and stable
      -   element is visible, enabled and stable
      -   scrolling into view if needed
      -   done scrolling
      -   <mat-label _ngcontent-ng-c2013501738="" class="ng-tns-c3736…>Search Patient name , mrn</mat-label> from <div matformfieldnotchedoutline="" class="mdc-notched…>…</div> subtree intercepts pointer events
      - retrying click action, attempt #71
      -   waiting 500ms
      -   waiting for element to be visible, enabled and stable
      -   element is visible, enabled and stable
      -   scrolling into view if needed
      -   done scrolling
      -   <mat-label _ngcontent-ng-c2013501738="" class="ng-tns-c3736…>Search Patient name , mrn</mat-label> from <div matformfieldnotchedoutline="" class="mdc-notched…>…</div> subtree intercepts pointer events
      - retrying click action, attempt #72
      -   waiting 500ms
      -   waiting for element to be visible, enabled and stable
      -   element is visible, enabled and stable
      -   scrolling into view if needed
      -   done scrolling
      -   <mat-label _ngcontent-ng-c2013501738="" class="ng-tns-c3736…>Search Patient name , mrn</mat-label> from <div matformfieldnotchedoutline="" class="mdc-notched…>…</div> subtree intercepts pointer events
      - retrying click action, attempt #73
      -   waiting 500ms
      -   waiting for element to be visible, enabled and stable
      -   element is visible, enabled and stable
      -   scrolling into view if needed
      -   done scrolling
      -   <mat-label _ngcontent-ng-c2013501738="" class="ng-tns-c3736…>Search Patient name , mrn</mat-label> from <div matformfieldnotchedoutline="" class="mdc-notched…>…</div> subtree intercepts pointer events
      - retrying click action, attempt #74
      -   waiting 500ms
      -   waiting for element to be visible, enabled and stable
      -   element is visible, enabled and stable
      -   scrolling into view if needed
      -   done scrolling
      -   <mat-label _ngcontent-ng-c2013501738="" class="ng-tns-c3736…>Search Patient name , mrn</mat-label> from <div matformfieldnotchedoutline="" class="mdc-notched…>…</div> subtree intercepts pointer events
      - retrying click action, attempt #75
      -   waiting 500ms
      -   waiting for element to be visible, enabled and stable
      -   element is visible, enabled and stable
      -   scrolling into view if needed
      -   done scrolling
      -   <mat-label _ngcontent-ng-c2013501738="" class="ng-tns-c3736…>Search Patient name , mrn</mat-label> from <div matformfieldnotchedoutline="" class="mdc-notched…>…</div> subtree intercepts pointer events
      - retrying click action, attempt #76
      -   waiting 500ms
      -   waiting for element to be visible, enabled and stable
      -   element is visible, enabled and stable
      -   scrolling into view if needed
      -   done scrolling
      -   <mat-label _ngcontent-ng-c2013501738="" class="ng-tns-c3736…>Search Patient name , mrn</mat-label> from <div matformfieldnotchedoutline="" class="mdc-notched…>…</div> subtree intercepts pointer events
      - retrying click action, attempt #77
      -   waiting 500ms
      -   waiting for element to be visible, enabled and stable
      -   element is visible, enabled and stable
      -   scrolling into view if needed
      -   done scrolling
      -   <mat-label _ngcontent-ng-c2013501738="" class="ng-tns-c3736…>Search Patient name , mrn</mat-label> from <div matformfieldnotchedoutline="" class="mdc-notched…>…</div> subtree intercepts pointer events
      - retrying click action, attempt #78
      -   waiting 500ms
      -   waiting for element to be visible, enabled and stable
      -   element is visible, enabled and stable
      -   scrolling into view if needed
      -   done scrolling
      -   <mat-label _ngcontent-ng-c2013501738="" class="ng-tns-c3736…>Search Patient name , mrn</mat-label> from <div matformfieldnotchedoutline="" class="mdc-notched…>…</div> subtree intercepts pointer events
      - retrying click action, attempt #79
      -   waiting 500ms
      -   waiting for element to be visible, enabled and stable
      -   element is visible, enabled and stable
      -   scrolling into view if needed
      -   done scrolling
      -   <mat-label _ngcontent-ng-c2013501738="" class="ng-tns-c3736…>Search Patient name , mrn</mat-label> from <div matformfieldnotchedoutline="" class="mdc-notched…>…</div> subtree intercepts pointer events
      - retrying click action, attempt #80
      -   waiting 500ms
      -   waiting for element to be visible, enabled and stable
      -   element is visible, enabled and stable
      -   scrolling into view if needed
      -   done scrolling
      -   <mat-label _ngcontent-ng-c2013501738="" class="ng-tns-c3736…>Search Patient name , mrn</mat-label> from <div matformfieldnotchedoutline="" class="mdc-notched…>…</div> subtree intercepts pointer events
      - retrying click action, attempt #81
      -   waiting 500ms
      -   waiting for element to be visible, enabled and stable
      -   element is visible, enabled and stable
      -   scrolling into view if needed
      -   done scrolling
      -   <mat-label _ngcontent-ng-c2013501738="" class="ng-tns-c3736…>Search Patient name , mrn</mat-label> from <div matformfieldnotchedoutline="" class="mdc-notched…>…</div> subtree intercepts pointer events
      - retrying click action, attempt #82
      -   waiting 500ms
      -   waiting for element to be visible, enabled and stable
      -   element is visible, enabled and stable
      -   scrolling into view if needed
      -   done scrolling
      -   <mat-label _ngcontent-ng-c2013501738="" class="ng-tns-c3736…>Search Patient name , mrn</mat-label> from <div matformfieldnotchedoutline="" class="mdc-notched…>…</div> subtree intercepts pointer events
      - retrying click action, attempt #83
      -   waiting 500ms
      -   waiting for element to be visible, enabled and stable
      -   element is visible, enabled and stable
      -   scrolling into view if needed
      -   done scrolling
      -   <mat-label _ngcontent-ng-c2013501738="" class="ng-tns-c3736…>Search Patient name , mrn</mat-label> from <div matformfieldnotchedoutline="" class="mdc-notched…>…</div> subtree intercepts pointer events
      - retrying click action, attempt #84
      -   waiting 500ms
      -   waiting for element to be visible, enabled and stable
      -   element is visible, enabled and stable
      -   scrolling into view if needed
      -   done scrolling
      -   <mat-label _ngcontent-ng-c2013501738="" class="ng-tns-c3736…>Search Patient name , mrn</mat-label> from <div matformfieldnotchedoutline="" class="mdc-notched…>…</div> subtree intercepts pointer events
      - retrying click action, attempt #85
      -   waiting 500ms
      -   waiting for element to be visible, enabled and stable
      -   element is visible, enabled and stable
      -   scrolling into view if needed
      -   done scrolling
      -   <mat-label _ngcontent-ng-c2013501738="" class="ng-tns-c3736…>Search Patient name , mrn</mat-label> from <div matformfieldnotchedoutline="" class="mdc-notched…>…</div> subtree intercepts pointer events
      - retrying click action, attempt #86
      -   waiting 500ms
      -   waiting for element to be visible, enabled and stable
      -   element is visible, enabled and stable
      -   scrolling into view if needed
      -   done scrolling
      -   <mat-label _ngcontent-ng-c2013501738="" class="ng-tns-c3736…>Search Patient name , mrn</mat-label> from <div matformfieldnotchedoutline="" class="mdc-notched…>…</div> subtree intercepts pointer events
      - retrying click action, attempt #87
      -   waiting 500ms
      -   waiting for element to be visible, enabled and stable
      -   element is visible, enabled and stable
      -   scrolling into view if needed
      -   done scrolling
      -   <mat-label _ngcontent-ng-c2013501738="" class="ng-tns-c3736…>Search Patient name , mrn</mat-label> from <div matformfieldnotchedoutline="" class="mdc-notched…>…</div> subtree intercepts pointer events
      - retrying click action, attempt #88
      -   waiting 500ms
      -   waiting for element to be visible, enabled and stable
      -   element is visible, enabled and stable
      -   scrolling into view if needed
      -   done scrolling
      -   <mat-label _ngcontent-ng-c2013501738="" class="ng-tns-c3736…>Search Patient name , mrn</mat-label> from <div matformfieldnotchedoutline="" class="mdc-notched…>…</div> subtree intercepts pointer events
      - retrying click action, attempt #89
      -   waiting 500ms
      -   waiting for element to be visible, enabled and stable
      -   element is visible, enabled and stable
      -   scrolling into view if needed
      -   done scrolling
      -   <mat-label _ngcontent-ng-c2013501738="" class="ng-tns-c3736…>Search Patient name , mrn</mat-label> from <div matformfieldnotchedoutline="" class="mdc-notched…>…</div> subtree intercepts pointer events
      - retrying click action, attempt #90
      -   waiting 500ms
      -   waiting for element to be visible, enabled and stable
      -   element is visible, enabled and stable
      -   scrolling into view if needed
      -   done scrolling
      -   <mat-label _ngcontent-ng-c2013501738="" class="ng-tns-c3736…>Search Patient name , mrn</mat-label> from <div matformfieldnotchedoutline="" class="mdc-notched…>…</div> subtree intercepts pointer events
      - retrying click action, attempt #91
      -   waiting 500ms
      -   waiting for element to be visible, enabled and stable
      -   element is visible, enabled and stable
      -   scrolling into view if needed
      -   done scrolling
      -   <mat-label _ngcontent-ng-c2013501738="" class="ng-tns-c3736…>Search Patient name , mrn</mat-label> from <div matformfieldnotchedoutline="" class="mdc-notched…>…</div> subtree intercepts pointer events
      - retrying click action, attempt #92
      -   waiting 500ms
      -   waiting for element to be visible, enabled and stable
      -   element is visible, enabled and stable
      -   scrolling into view if needed
      -   done scrolling
      -   <mat-label _ngcontent-ng-c2013501738="" class="ng-tns-c3736…>Search Patient name , mrn</mat-label> from <div matformfieldnotchedoutline="" class="mdc-notched…>…</div> subtree intercepts pointer events
      - retrying click action, attempt #93
      -   waiting 500ms
      -   waiting for element to be visible, enabled and stable
      -   element is visible, enabled and stable
      -   scrolling into view if needed
      -   done scrolling
      -   <mat-label _ngcontent-ng-c2013501738="" class="ng-tns-c3736…>Search Patient name , mrn</mat-label> from <div matformfieldnotchedoutline="" class="mdc-notched…>…</div> subtree intercepts pointer events
      - retrying click action, attempt #94
      -   waiting 500ms
      -   waiting for element to be visible, enabled and stable
      -   element is visible, enabled and stable
      -   scrolling into view if needed
      -   done scrolling
      -   <mat-label _ngcontent-ng-c2013501738="" class="ng-tns-c3736…>Search Patient name , mrn</mat-label> from <div matformfieldnotchedoutline="" class="mdc-notched…>…</div> subtree intercepts pointer events
      - retrying click action, attempt #95
      -   waiting 500ms
      -   waiting for element to be visible, enabled and stable
      -   element is visible, enabled and stable
      -   scrolling into view if needed
      -   done scrolling
      -   <mat-label _ngcontent-ng-c2013501738="" class="ng-tns-c3736…>Search Patient name , mrn</mat-label> from <div matformfieldnotchedoutline="" class="mdc-notched…>…</div> subtree intercepts pointer events
      - retrying click action, attempt #96
      -   waiting 500ms
      -   waiting for element to be visible, enabled and stable
      -   element is visible, enabled and stable
      -   scrolling into view if needed
      -   done scrolling
      -   <mat-label _ngcontent-ng-c2013501738="" class="ng-tns-c3736…>Search Patient name , mrn</mat-label> from <div matformfieldnotchedoutline="" class="mdc-notched…>…</div> subtree intercepts pointer events
      - retrying click action, attempt #97
      -   waiting 500ms
      -   waiting for element to be visible, enabled and stable
      -   element is visible, enabled and stable
      -   scrolling into view if needed
      -   done scrolling
      -   <mat-label _ngcontent-ng-c2013501738="" class="ng-tns-c3736…>Search Patient name , mrn</mat-label> from <div matformfieldnotchedoutline="" class="mdc-notched…>…</div> subtree intercepts pointer events
      - retrying click action, attempt #98
      -   waiting 500ms
      -   waiting for element to be visible, enabled and stable
      -   element is visible, enabled and stable
      -   scrolling into view if needed
      -   done scrolling
      -   <mat-label _ngcontent-ng-c2013501738="" class="ng-tns-c3736…>Search Patient name , mrn</mat-label> from <div matformfieldnotchedoutline="" class="mdc-notched…>…</div> subtree intercepts pointer events
      - retrying click action, attempt #99
      -   waiting 500ms
      -   waiting for element to be visible, enabled and stable
      -   element is visible, enabled and stable
      -   scrolling into view if needed
      -   done scrolling
      -   <mat-label _ngcontent-ng-c2013501738="" class="ng-tns-c3736…>Search Patient name , mrn</mat-label> from <div matformfieldnotchedoutline="" class="mdc-notched…>…</div> subtree intercepts pointer events
      - retrying click action, attempt #100
      -   waiting 500ms
      -   waiting for element to be visible, enabled and stable
      -   element is visible, enabled and stable
      -   scrolling into view if needed
      -   done scrolling
      -   <mat-label _ngcontent-ng-c2013501738="" class="ng-tns-c3736…>Search Patient name , mrn</mat-label> from <div matformfieldnotchedoutline="" class="mdc-notched…>…</div> subtree intercepts pointer events
      - retrying click action, attempt #101
      -   waiting 500ms
      -   waiting for element to be visible, enabled and stable
      -   element is visible, enabled and stable
      -   scrolling into view if needed
      -   done scrolling
      -   <mat-label _ngcontent-ng-c2013501738="" class="ng-tns-c3736…>Search Patient name , mrn</mat-label> from <div matformfieldnotchedoutline="" class="mdc-notched…>…</div> subtree intercepts pointer events
      - retrying click action, attempt #102
      -   waiting 500ms
      -   waiting for element to be visible, enabled and stable
      -   element is visible, enabled and stable
      -   scrolling into view if needed
      -   done scrolling
      -   <mat-label _ngcontent-ng-c2013501738="" class="ng-tns-c3736…>Search Patient name , mrn</mat-label> from <div matformfieldnotchedoutline="" class="mdc-notched…>…</div> subtree intercepts pointer events
      - retrying click action, attempt #103
      -   waiting 500ms
      -   waiting for element to be visible, enabled and stable
      -   element is visible, enabled and stable
      -   scrolling into view if needed
      -   done scrolling
      -   <mat-label _ngcontent-ng-c2013501738="" class="ng-tns-c3736…>Search Patient name , mrn</mat-label> from <div matformfieldnotchedoutline="" class="mdc-notched…>…</div> subtree intercepts pointer events
      - retrying click action, attempt #104
      -   waiting 500ms
      -   waiting for element to be visible, enabled and stable
      -   element is visible, enabled and stable
      -   scrolling into view if needed
      -   done scrolling
      -   <mat-label _ngcontent-ng-c2013501738="" class="ng-tns-c3736…>Search Patient name , mrn</mat-label> from <div matformfieldnotchedoutline="" class="mdc-notched…>…</div> subtree intercepts pointer events
      - retrying click action, attempt #105
      -   waiting 500ms
      -   waiting for element to be visible, enabled and stable
      -   element is visible, enabled and stable
      -   scrolling into view if needed
      -   done scrolling
      -   <mat-label _ngcontent-ng-c2013501738="" class="ng-tns-c3736…>Search Patient name , mrn</mat-label> from <div matformfieldnotchedoutline="" class="mdc-notched…>…</div> subtree intercepts pointer events
      - retrying click action, attempt #106
      -   waiting 500ms
      -   waiting for element to be visible, enabled and stable
      -   element is visible, enabled and stable
      -   scrolling into view if needed
      -   done scrolling
      -   <mat-label _ngcontent-ng-c2013501738="" class="ng-tns-c3736…>Search Patient name , mrn</mat-label> from <div matformfieldnotchedoutline="" class="mdc-notched…>…</div> subtree intercepts pointer events
      - retrying click action, attempt #107
      -   waiting 500ms
      -   waiting for element to be visible, enabled and stable
      -   element is visible, enabled and stable
      -   scrolling into view if needed
      -   done scrolling
      -   <mat-label _ngcontent-ng-c2013501738="" class="ng-tns-c3736…>Search Patient name , mrn</mat-label> from <div matformfieldnotchedoutline="" class="mdc-notched…>…</div> subtree intercepts pointer events
      - retrying click action, attempt #108
      -   waiting 500ms
      -   waiting for element to be visible, enabled and stable
      -   element is visible, enabled and stable
      -   scrolling into view if needed
      -   done scrolling
      -   <mat-label _ngcontent-ng-c2013501738="" class="ng-tns-c3736…>Search Patient name , mrn</mat-label> from <div matformfieldnotchedoutline="" class="mdc-notched…>…</div> subtree intercepts pointer events
      - retrying click action, attempt #109
      -   waiting 500ms
      -   waiting for element to be visible, enabled and stable
      -   element is visible, enabled and stable
      -   scrolling into view if needed
      -   done scrolling
      -   <mat-label _ngcontent-ng-c2013501738="" class="ng-tns-c3736…>Search Patient name , mrn</mat-label> from <div matformfieldnotchedoutline="" class="mdc-notched…>…</div> subtree intercepts pointer events
      - retrying click action, attempt #110
      -   waiting 500ms
      -   waiting for element to be visible, enabled and stable
      -   element is visible, enabled and stable
      -   scrolling into view if needed
      -   done scrolling
      -   <mat-label _ngcontent-ng-c2013501738="" class="ng-tns-c3736…>Search Patient name , mrn</mat-label> from <div matformfieldnotchedoutline="" class="mdc-notched…>…</div> subtree intercepts pointer events
      - retrying click action, attempt #111
      -   waiting 500ms
      -   waiting for element to be visible, enabled and stable
      -   element is visible, enabled and stable
      -   scrolling into view if needed
      -   done scrolling
      -   <mat-label _ngcontent-ng-c2013501738="" class="ng-tns-c3736…>Search Patient name , mrn</mat-label> from <div matformfieldnotchedoutline="" class="mdc-notched…>…</div> subtree intercepts pointer events
      - retrying click action, attempt #112
      -   waiting 500ms
      -   waiting for element to be visible, enabled and stable
      -   element is visible, enabled and stable
      -   scrolling into view if needed
      -   done scrolling
      -   <mat-label _ngcontent-ng-c2013501738="" class="ng-tns-c3736…>Search Patient name , mrn</mat-label> from <div matformfieldnotchedoutline="" class="mdc-notched…>…</div> subtree intercepts pointer events
      - retrying click action, attempt #113
      -   waiting 500ms
      -   waiting for element to be visible, enabled and stable
      -   element is visible, enabled and stable
      -   scrolling into view if needed
      -   done scrolling
      -   <mat-label _ngcontent-ng-c2013501738="" class="ng-tns-c3736…>Search Patient name , mrn</mat-label> from <div matformfieldnotchedoutline="" class="mdc-notched…>…</div> subtree intercepts pointer events
      - retrying click action, attempt #114
      -   waiting 500ms
      -   waiting for element to be visible, enabled and stable
      -   element is visible, enabled and stable
      -   scrolling into view if needed
      -   done scrolling
      -   <mat-label _ngcontent-ng-c2013501738="" class="ng-tns-c3736…>Search Patient name , mrn</mat-label> from <div matformfieldnotchedoutline="" class="mdc-notched…>…</div> subtree intercepts pointer events
      - retrying click action, attempt #115
      -   waiting 500ms
      -   waiting for element to be visible, enabled and stable
      -   element is visible, enabled and stable
      -   scrolling into view if needed
      -   done scrolling
      -   <mat-label _ngcontent-ng-c2013501738="" class="ng-tns-c3736…>Search Patient name , mrn</mat-label> from <div matformfieldnotchedoutline="" class="mdc-notched…>…</div> subtree intercepts pointer events
      - retrying click action, attempt #116
      -   waiting 500ms
      -   waiting for element to be visible, enabled and stable
      -   element is visible, enabled and stable
      -   scrolling into view if needed
      -   done scrolling
      -   <mat-label _ngcontent-ng-c2013501738="" class="ng-tns-c3736…>Search Patient name , mrn</mat-label> from <div matformfieldnotchedoutline="" class="mdc-notched…>…</div> subtree intercepts pointer events
      - retrying click action, attempt #117
      -   waiting 500ms
      -   waiting for element to be visible, enabled and stable
      -   element is visible, enabled and stable
      -   scrolling into view if needed
      -   done scrolling
      -   <mat-label _ngcontent-ng-c2013501738="" class="ng-tns-c3736…>Search Patient name , mrn</mat-label> from <div matformfieldnotchedoutline="" class="mdc-notched…>…</div> subtree intercepts pointer events
      - retrying click action, attempt #118
      -   waiting 500ms
      -   waiting for element to be visible, enabled and stable
      -   element is visible, enabled and stable
      -   scrolling into view if needed
      -   done scrolling
      -   <mat-label _ngcontent-ng-c2013501738="" class="ng-tns-c3736…>Search Patient name , mrn</mat-label> from <div matformfieldnotchedoutline="" class="mdc-notched…>…</div> subtree intercepts pointer events
      - retrying click action, attempt #119
      -   waiting 500ms
      -   waiting for element to be visible, enabled and stable
      -   element is visible, enabled and stable
      -   scrolling into view if needed
      -   done scrolling
      -   <mat-label _ngcontent-ng-c2013501738="" class="ng-tns-c3736…>Search Patient name , mrn</mat-label> from <div matformfieldnotchedoutline="" class="mdc-notched…>…</div> subtree intercepts pointer events
      - retrying click action, attempt #120
      -   waiting 500ms
      -   waiting for element to be visible, enabled and stable
      -   element is visible, enabled and stable
      -   scrolling into view if needed
      -   done scrolling
      -   <mat-label _ngcontent-ng-c2013501738="" class="ng-tns-c3736…>Search Patient name , mrn</mat-label> from <div matformfieldnotchedoutline="" class="mdc-notched…>…</div> subtree intercepts pointer events
      - retrying click action, attempt #121
      -   waiting 500ms
      -   waiting for element to be visible, enabled and stable
      -   element is visible, enabled and stable
      -   scrolling into view if needed
      -   done scrolling
      -   <mat-label _ngcontent-ng-c2013501738="" class="ng-tns-c3736…>Search Patient name , mrn</mat-label> from <div matformfieldnotchedoutline="" class="mdc-notched…>…</div> subtree intercepts pointer events
      - retrying click action, attempt #122
      -   waiting 500ms
      -   waiting for element to be visible, enabled and stable
      -   element is visible, enabled and stable
      -   scrolling into view if needed
      -   done scrolling
      -   <mat-label _ngcontent-ng-c2013501738="" class="ng-tns-c3736…>Search Patient name , mrn</mat-label> from <div matformfieldnotchedoutline="" class="mdc-notched…>…</div> subtree intercepts pointer events
      - retrying click action, attempt #123
      -   waiting 500ms
      -   waiting for element to be visible, enabled and stable
      -   element is visible, enabled and stable
      -   scrolling into view if needed
      -   done scrolling
      -   <mat-label _ngcontent-ng-c2013501738="" class="ng-tns-c3736…>Search Patient name , mrn</mat-label> from <div matformfieldnotchedoutline="" class="mdc-notched…>…</div> subtree intercepts pointer events
      - retrying click action, attempt #124
      -   waiting 500ms
      -   waiting for element to be visible, enabled and stable
      -   element is visible, enabled and stable
      -   scrolling into view if needed
      -   done scrolling
      -   <mat-label _ngcontent-ng-c2013501738="" class="ng-tns-c3736…>Search Patient name , mrn</mat-label> from <div matformfieldnotchedoutline="" class="mdc-notched…>…</div> subtree intercepts pointer events
      - retrying click action, attempt #125
      -   waiting 500ms
      -   waiting for element to be visible, enabled and stable
      -   element is visible, enabled and stable
      -   scrolling into view if needed
      -   done scrolling
      -   <mat-label _ngcontent-ng-c2013501738="" class="ng-tns-c3736…>Search Patient name , mrn</mat-label> from <div matformfieldnotchedoutline="" class="mdc-notched…>…</div> subtree intercepts pointer events
      - retrying click action, attempt #126
      -   waiting 500ms
      -   waiting for element to be visible, enabled and stable
      -   element is visible, enabled and stable
      -   scrolling into view if needed
      -   done scrolling
      -   <mat-label _ngcontent-ng-c2013501738="" class="ng-tns-c3736…>Search Patient name , mrn</mat-label> from <div matformfieldnotchedoutline="" class="mdc-notched…>…</div> subtree intercepts pointer events
      - retrying click action, attempt #127
      -   waiting 500ms
      -   waiting for element to be visible, enabled and stable
      -   element is visible, enabled and stable
      -   scrolling into view if needed
      -   done scrolling
      -   <mat-label _ngcontent-ng-c2013501738="" class="ng-tns-c3736…>Search Patient name , mrn</mat-label> from <div matformfieldnotchedoutline="" class="mdc-notched…>…</div> subtree intercepts pointer events
      - retrying click action, attempt #128
      -   waiting 500ms
      -   waiting for element to be visible, enabled and stable
      -   element is visible, enabled and stable
      -   scrolling into view if needed
      -   done scrolling
      -   <mat-label _ngcontent-ng-c2013501738="" class="ng-tns-c3736…>Search Patient name , mrn</mat-label> from <div matformfieldnotchedoutline="" class="mdc-notched…>…</div> subtree intercepts pointer events
      - retrying click action, attempt #129
      -   waiting 500ms
      -   waiting for element to be visible, enabled and stable
      -   element is visible, enabled and stable
      -   scrolling into view if needed
      -   done scrolling
      -   <mat-label _ngcontent-ng-c2013501738="" class="ng-tns-c3736…>Search Patient name , mrn</mat-label> from <div matformfieldnotchedoutline="" class="mdc-notched…>…</div> subtree intercepts pointer events
      - retrying click action, attempt #130
      -   waiting 500ms
      -   waiting for element to be visible, enabled and stable
      -   element is visible, enabled and stable
      -   scrolling into view if needed
      -   done scrolling
      -   <mat-label _ngcontent-ng-c2013501738="" class="ng-tns-c3736…>Search Patient name , mrn</mat-label> from <div matformfieldnotchedoutline="" class="mdc-notched…>…</div> subtree intercepts pointer events
      - retrying click action, attempt #131
      -   waiting 500ms
      -   waiting for element to be visible, enabled and stable
      -   element is visible, enabled and stable
      -   scrolling into view if needed
      -   done scrolling
      -   <mat-label _ngcontent-ng-c2013501738="" class="ng-tns-c3736…>Search Patient name , mrn</mat-label> from <div matformfieldnotchedoutline="" class="mdc-notched…>…</div> subtree intercepts pointer events
      - retrying click action, attempt #132
      -   waiting 500ms
      -   waiting for element to be visible, enabled and stable
      -   element is visible, enabled and stable
      -   scrolling into view if needed
      -   done scrolling
      -   <mat-label _ngcontent-ng-c2013501738="" class="ng-tns-c3736…>Search Patient name , mrn</mat-label> from <div matformfieldnotchedoutline="" class="mdc-notched…>…</div> subtree intercepts pointer events
      - retrying click action, attempt #133
      -   waiting 500ms
      -   waiting for element to be visible, enabled and stable
      -   element is visible, enabled and stable
      -   scrolling into view if needed
      -   done scrolling
      -   <mat-label _ngcontent-ng-c2013501738="" class="ng-tns-c3736…>Search Patient name , mrn</mat-label> from <div matformfieldnotchedoutline="" class="mdc-notched…>…</div> subtree intercepts pointer events
      - retrying click action, attempt #134
      -   waiting 500ms
      -   waiting for element to be visible, enabled and stable
      -   element is visible, enabled and stable
      -   scrolling into view if needed
      -   done scrolling
      -   <mat-label _ngcontent-ng-c2013501738="" class="ng-tns-c3736…>Search Patient name , mrn</mat-label> from <div matformfieldnotchedoutline="" class="mdc-notched…>…</div> subtree intercepts pointer events
      - retrying click action, attempt #135
      -   waiting 500ms
      -   waiting for element to be visible, enabled and stable
      -   element is visible, enabled and stable
      -   scrolling into view if needed
      -   done scrolling
      -   <mat-label _ngcontent-ng-c2013501738="" class="ng-tns-c3736…>Search Patient name , mrn</mat-label> from <div matformfieldnotchedoutline="" class="mdc-notched…>…</div> subtree intercepts pointer events
      - retrying click action, attempt #136
      -   waiting 500ms
      -   waiting for element to be visible, enabled and stable
      -   element is visible, enabled and stable
      -   scrolling into view if needed
      -   done scrolling
      -   <mat-label _ngcontent-ng-c2013501738="" class="ng-tns-c3736…>Search Patient name , mrn</mat-label> from <div matformfieldnotchedoutline="" class="mdc-notched…>…</div> subtree intercepts pointer events
      - retrying click action, attempt #137
      -   waiting 500ms
      -   waiting for element to be visible, enabled and stable
      -   element is visible, enabled and stable
      -   scrolling into view if needed
      -   done scrolling
      -   <mat-label _ngcontent-ng-c2013501738="" class="ng-tns-c3736…>Search Patient name , mrn</mat-label> from <div matformfieldnotchedoutline="" class="mdc-notched…>…</div> subtree intercepts pointer events
      - retrying click action, attempt #138
      -   waiting 500ms
      -   waiting for element to be visible, enabled and stable
      -   element is visible, enabled and stable
      -   scrolling into view if needed
      -   done scrolling
      -   <mat-label _ngcontent-ng-c2013501738="" class="ng-tns-c3736…>Search Patient name , mrn</mat-label> from <div matformfieldnotchedoutline="" class="mdc-notched…>…</div> subtree intercepts pointer events
      - retrying click action, attempt #139
      -   waiting 500ms
      -   waiting for element to be visible, enabled and stable
      -   element is visible, enabled and stable
      -   scrolling into view if needed
      -   done scrolling
      -   <mat-label _ngcontent-ng-c2013501738="" class="ng-tns-c3736…>Search Patient name , mrn</mat-label> from <div matformfieldnotchedoutline="" class="mdc-notched…>…</div> subtree intercepts pointer events
      - retrying click action, attempt #140
      -   waiting 500ms
      -   waiting for element to be visible, enabled and stable
      -   element is visible, enabled and stable
      -   scrolling into view if needed
      -   done scrolling
      -   <mat-label _ngcontent-ng-c2013501738="" class="ng-tns-c3736…>Search Patient name , mrn</mat-label> from <div matformfieldnotchedoutline="" class="mdc-notched…>…</div> subtree intercepts pointer events
      - retrying click action, attempt #141
      -   waiting 500ms
      -   waiting for element to be visible, enabled and stable
      -   element is visible, enabled and stable
      -   scrolling into view if needed
      -   done scrolling
      -   <mat-label _ngcontent-ng-c2013501738="" class="ng-tns-c3736…>Search Patient name , mrn</mat-label> from <div matformfieldnotchedoutline="" class="mdc-notched…>…</div> subtree intercepts pointer events
      - retrying click action, attempt #142
      -   waiting 500ms
      -   waiting for element to be visible, enabled and stable
      -   element is visible, enabled and stable
      -   scrolling into view if needed
      -   done scrolling
      -   <mat-label _ngcontent-ng-c2013501738="" class="ng-tns-c3736…>Search Patient name , mrn</mat-label> from <div matformfieldnotchedoutline="" class="mdc-notched…>…</div> subtree intercepts pointer events
      - retrying click action, attempt #143
      -   waiting 500ms
      -   waiting for element to be visible, enabled and stable
      -   element is visible, enabled and stable
      -   scrolling into view if needed
      -   done scrolling
      -   <mat-label _ngcontent-ng-c2013501738="" class="ng-tns-c3736…>Search Patient name , mrn</mat-label> from <div matformfieldnotchedoutline="" class="mdc-notched…>…</div> subtree intercepts pointer events
      - retrying click action, attempt #144
      -   waiting 500ms
      -   waiting for element to be visible, enabled and stable
      -   element is visible, enabled and stable
      -   scrolling into view if needed
      -   done scrolling
      -   <mat-label _ngcontent-ng-c2013501738="" class="ng-tns-c3736…>Search Patient name , mrn</mat-label> from <div matformfieldnotchedoutline="" class="mdc-notched…>…</div> subtree intercepts pointer events
      - retrying click action, attempt #145
      -   waiting 500ms
      -   waiting for element to be visible, enabled and stable
      -   element is visible, enabled and stable
      -   scrolling into view if needed
      -   done scrolling
      -   <mat-label _ngcontent-ng-c2013501738="" class="ng-tns-c3736…>Search Patient name , mrn</mat-label> from <div matformfieldnotchedoutline="" class="mdc-notched…>…</div> subtree intercepts pointer events
      - retrying click action, attempt #146
      -   waiting 500ms
      -   waiting for element to be visible, enabled and stable
      -   element is visible, enabled and stable
      -   scrolling into view if needed
      -   done scrolling
      -   <mat-label _ngcontent-ng-c2013501738="" class="ng-tns-c3736…>Search Patient name , mrn</mat-label> from <div matformfieldnotchedoutline="" class="mdc-notched…>…</div> subtree intercepts pointer events
      - retrying click action, attempt #147
      -   waiting 500ms
      -   waiting for element to be visible, enabled and stable
      -   element is visible, enabled and stable
      -   scrolling into view if needed
      -   done scrolling
      -   <mat-label _ngcontent-ng-c2013501738="" class="ng-tns-c3736…>Search Patient name , mrn</mat-label> from <div matformfieldnotchedoutline="" class="mdc-notched…>…</div> subtree intercepts pointer events
      - retrying click action, attempt #148
      -   waiting 500ms
      -   waiting for element to be visible, enabled and stable
      -   element is visible, enabled and stable
      -   scrolling into view if needed
      -   done scrolling
      -   <mat-label _ngcontent-ng-c2013501738="" class="ng-tns-c3736…>Search Patient name , mrn</mat-label> from <div matformfieldnotchedoutline="" class="mdc-notched…>…</div> subtree intercepts pointer events
      - retrying click action, attempt #149
      -   waiting 500ms
      -   waiting for element to be visible, enabled and stable
      -   element is visible, enabled and stable
      -   scrolling into view if needed
      -   done scrolling
      -   <mat-label _ngcontent-ng-c2013501738="" class="ng-tns-c3736…>Search Patient name , mrn</mat-label> from <div matformfieldnotchedoutline="" class="mdc-notched…>…</div> subtree intercepts pointer events
      - retrying click action, attempt #150
      -   waiting 500ms
      -   waiting for element to be visible, enabled and stable
      -   element is visible, enabled and stable
      -   scrolling into view if needed
      -   done scrolling
      -   <mat-label _ngcontent-ng-c2013501738="" class="ng-tns-c3736…>Search Patient name , mrn</mat-label> from <div matformfieldnotchedoutline="" class="mdc-notched…>…</div> subtree intercepts pointer events
      - retrying click action, attempt #151
      -   waiting 500ms
      -   waiting for element to be visible, enabled and stable
      -   element is visible, enabled and stable
      -   scrolling into view if needed
      -   done scrolling
      -   <mat-label _ngcontent-ng-c2013501738="" class="ng-tns-c3736…>Search Patient name , mrn</mat-label> from <div matformfieldnotchedoutline="" class="mdc-notched…>…</div> subtree intercepts pointer events
      - retrying click action, attempt #152
      -   waiting 500ms


       at classes\patientsPage.ts:54

      52 |     //search patient name (fillable)
      53 |     async searchPatient(patient){
    > 54 |         await this.page.getByLabel('Search Patient name , mrn').click();
         |                                                                 ^
      55 |         await this.page.getByLabel('Search Patient name , mrn').fill(patient);
      56 |         await this.page.getByLabel('Search Patient name , mrn').press('Enter');
      57 |     }

        at PatientsPage.searchPatient (C:\Users\white\work\mbh-playwright\classes\patientsPage.ts:54:65)
        at C:\Users\white\work\mbh-playwright\mbhpatientlabsfilter.mbhpages.ts:44:20

    attachment #1: screenshot (image/png) ──────────────────────────────────────────────────────────
    test-results\mbhpatientlabsfilter.mbhpages.ts-add-patients-lab-chrome\test-failed-1.png
    ────────────────────────────────────────────────────────────────────────────────────────────────

    attachment #2: video (video/webm) ──────────────────────────────────────────────────────────────
    test-results\mbhpatientlabsfilter.mbhpages.ts-add-patients-lab-chrome\video.webm
    ────────────────────────────────────────────────────────────────────────────────────────────────
]]>
</failure>
<system-out>
<![CDATA[
[[ATTACHMENT|test-results\mbhpatientlabsfilter.mbhpages.ts-add-patients-lab-chrome\test-failed-1.png]]

[[ATTACHMENT|test-results\mbhpatientlabsfilter.mbhpages.ts-add-patients-lab-chrome\video.webm]]
]]>
</system-out>
</testcase>
<testcase name="delete patients lab" classname="mbhpatientlabsfilter.mbhpages.ts" time="96.558">
<properties>
<property name="slow" value="">
</property>
</properties>
<failure message="mbhpatientlabsfilter.mbhpages.ts:50:5 delete patients lab" type="FAILURE">
<![CDATA[  [chrome] › mbhpatientlabsfilter.mbhpages.ts:50:5 › delete patients lab ───────────────────────────

    Test timeout of 90000ms exceeded.

    Error: locator.click: Test timeout of 90000ms exceeded.
    Call log:
      - waiting for getByLabel('Search Patient name , mrn')
      -   locator resolved to <input matinput="" id="mat-input-0" aria-invalid="false…/>
      - attempting click action
      -   waiting for element to be visible, enabled and stable
      -   element is visible, enabled and stable
      -   scrolling into view if needed
      -   done scrolling
      -   <mat-label _ngcontent-ng-c2013501738="" class="ng-tns-c3736…>Search Patient name , mrn</mat-label> from <div matformfieldnotchedoutline="" class="mdc-notched…>…</div> subtree intercepts pointer events
      - retrying click action, attempt #1
      -   waiting for element to be visible, enabled and stable
      -   element is visible, enabled and stable
      -   scrolling into view if needed
      -   done scrolling
      -   <mat-label _ngcontent-ng-c2013501738="" class="ng-tns-c3736…>Search Patient name , mrn</mat-label> from <div matformfieldnotchedoutline="" class="mdc-notched…>…</div> subtree intercepts pointer events
      - retrying click action, attempt #2
      -   waiting 20ms
      -   waiting for element to be visible, enabled and stable
      -   element is visible, enabled and stable
      -   scrolling into view if needed
      -   done scrolling
      -   <mat-label _ngcontent-ng-c2013501738="" class="ng-tns-c3736…>Search Patient name , mrn</mat-label> from <div matformfieldnotchedoutline="" class="mdc-notched…>…</div> subtree intercepts pointer events
      - retrying click action, attempt #3
      -   waiting 100ms
      -   waiting for element to be visible, enabled and stable
      -   element is visible, enabled and stable
      -   scrolling into view if needed
      -   done scrolling
      -   <mat-label _ngcontent-ng-c2013501738="" class="ng-tns-c3736…>Search Patient name , mrn</mat-label> from <div matformfieldnotchedoutline="" class="mdc-notched…>…</div> subtree intercepts pointer events
      - retrying click action, attempt #4
      -   waiting 100ms
      -   waiting for element to be visible, enabled and stable
      -   element is visible, enabled and stable
      -   scrolling into view if needed
      -   done scrolling
      -   <mat-label _ngcontent-ng-c2013501738="" class="ng-tns-c3736…>Search Patient name , mrn</mat-label> from <div matformfieldnotchedoutline="" class="mdc-notched…>…</div> subtree intercepts pointer events
      - retrying click action, attempt #5
      -   waiting 500ms
      -   waiting for element to be visible, enabled and stable
      -   element is visible, enabled and stable
      -   scrolling into view if needed
      -   done scrolling
      -   <mat-label _ngcontent-ng-c2013501738="" class="ng-tns-c3736…>Search Patient name , mrn</mat-label> from <div matformfieldnotchedoutline="" class="mdc-notched…>…</div> subtree intercepts pointer events
      - retrying click action, attempt #6
      -   waiting 500ms
      -   waiting for element to be visible, enabled and stable
      -   element is visible, enabled and stable
      -   scrolling into view if needed
      -   done scrolling
      -   <mat-label _ngcontent-ng-c2013501738="" class="ng-tns-c3736…>Search Patient name , mrn</mat-label> from <div matformfieldnotchedoutline="" class="mdc-notched…>…</div> subtree intercepts pointer events
      - retrying click action, attempt #7
      -   waiting 500ms
      -   waiting for element to be visible, enabled and stable
      -   element is visible, enabled and stable
      -   scrolling into view if needed
      -   done scrolling
      -   <mat-label _ngcontent-ng-c2013501738="" class="ng-tns-c3736…>Search Patient name , mrn</mat-label> from <div matformfieldnotchedoutline="" class="mdc-notched…>…</div> subtree intercepts pointer events
      - retrying click action, attempt #8
      -   waiting 500ms
      -   waiting for element to be visible, enabled and stable
      -   element is visible, enabled and stable
      -   scrolling into view if needed
      -   done scrolling
      -   <mat-label _ngcontent-ng-c2013501738="" class="ng-tns-c3736…>Search Patient name , mrn</mat-label> from <div matformfieldnotchedoutline="" class="mdc-notched…>…</div> subtree intercepts pointer events
      - retrying click action, attempt #9
      -   waiting 500ms
      -   waiting for element to be visible, enabled and stable
      -   element is visible, enabled and stable
      -   scrolling into view if needed
      -   done scrolling
      -   <mat-label _ngcontent-ng-c2013501738="" class="ng-tns-c3736…>Search Patient name , mrn</mat-label> from <div matformfieldnotchedoutline="" class="mdc-notched…>…</div> subtree intercepts pointer events
      - retrying click action, attempt #10
      -   waiting 500ms
      -   waiting for element to be visible, enabled and stable
      -   element is visible, enabled and stable
      -   scrolling into view if needed
      -   done scrolling
      -   <mat-label _ngcontent-ng-c2013501738="" class="ng-tns-c3736…>Search Patient name , mrn</mat-label> from <div matformfieldnotchedoutline="" class="mdc-notched…>…</div> subtree intercepts pointer events
      - retrying click action, attempt #11
      -   waiting 500ms
      -   waiting for element to be visible, enabled and stable
      -   element is visible, enabled and stable
      -   scrolling into view if needed
      -   done scrolling
      -   <mat-label _ngcontent-ng-c2013501738="" class="ng-tns-c3736…>Search Patient name , mrn</mat-label> from <div matformfieldnotchedoutline="" class="mdc-notched…>…</div> subtree intercepts pointer events
      - retrying click action, attempt #12
      -   waiting 500ms
      -   waiting for element to be visible, enabled and stable
      -   element is visible, enabled and stable
      -   scrolling into view if needed
      -   done scrolling
      -   <mat-label _ngcontent-ng-c2013501738="" class="ng-tns-c3736…>Search Patient name , mrn</mat-label> from <div matformfieldnotchedoutline="" class="mdc-notched…>…</div> subtree intercepts pointer events
      - retrying click action, attempt #13
      -   waiting 500ms
      -   waiting for element to be visible, enabled and stable
      -   element is visible, enabled and stable
      -   scrolling into view if needed
      -   done scrolling
      -   <mat-label _ngcontent-ng-c2013501738="" class="ng-tns-c3736…>Search Patient name , mrn</mat-label> from <div matformfieldnotchedoutline="" class="mdc-notched…>…</div> subtree intercepts pointer events
      - retrying click action, attempt #14
      -   waiting 500ms
      -   waiting for element to be visible, enabled and stable
      -   element is visible, enabled and stable
      -   scrolling into view if needed
      -   done scrolling
      -   <mat-label _ngcontent-ng-c2013501738="" class="ng-tns-c3736…>Search Patient name , mrn</mat-label> from <div matformfieldnotchedoutline="" class="mdc-notched…>…</div> subtree intercepts pointer events
      - retrying click action, attempt #15
      -   waiting 500ms
      -   waiting for element to be visible, enabled and stable
      -   element is visible, enabled and stable
      -   scrolling into view if needed
      -   done scrolling
      -   <mat-label _ngcontent-ng-c2013501738="" class="ng-tns-c3736…>Search Patient name , mrn</mat-label> from <div matformfieldnotchedoutline="" class="mdc-notched…>…</div> subtree intercepts pointer events
      - retrying click action, attempt #16
      -   waiting 500ms
      -   waiting for element to be visible, enabled and stable
      -   element is visible, enabled and stable
      -   scrolling into view if needed
      -   done scrolling
      -   <mat-label _ngcontent-ng-c2013501738="" class="ng-tns-c3736…>Search Patient name , mrn</mat-label> from <div matformfieldnotchedoutline="" class="mdc-notched…>…</div> subtree intercepts pointer events
      - retrying click action, attempt #17
      -   waiting 500ms
      -   waiting for element to be visible, enabled and stable
      -   element is visible, enabled and stable
      -   scrolling into view if needed
      -   done scrolling
      -   <mat-label _ngcontent-ng-c2013501738="" class="ng-tns-c3736…>Search Patient name , mrn</mat-label> from <div matformfieldnotchedoutline="" class="mdc-notched…>…</div> subtree intercepts pointer events
      - retrying click action, attempt #18
      -   waiting 500ms
      -   waiting for element to be visible, enabled and stable
      -   element is visible, enabled and stable
      -   scrolling into view if needed
      -   done scrolling
      -   <mat-label _ngcontent-ng-c2013501738="" class="ng-tns-c3736…>Search Patient name , mrn</mat-label> from <div matformfieldnotchedoutline="" class="mdc-notched…>…</div> subtree intercepts pointer events
      - retrying click action, attempt #19
      -   waiting 500ms
      -   waiting for element to be visible, enabled and stable
      -   element is visible, enabled and stable
      -   scrolling into view if needed
      -   done scrolling
      -   <mat-label _ngcontent-ng-c2013501738="" class="ng-tns-c3736…>Search Patient name , mrn</mat-label> from <div matformfieldnotchedoutline="" class="mdc-notched…>…</div> subtree intercepts pointer events
      - retrying click action, attempt #20
      -   waiting 500ms
      -   waiting for element to be visible, enabled and stable
      -   element is visible, enabled and stable
      -   scrolling into view if needed
      -   done scrolling
      -   <mat-label _ngcontent-ng-c2013501738="" class="ng-tns-c3736…>Search Patient name , mrn</mat-label> from <div matformfieldnotchedoutline="" class="mdc-notched…>…</div> subtree intercepts pointer events
      - retrying click action, attempt #21
      -   waiting 500ms
      -   waiting for element to be visible, enabled and stable
      -   element is visible, enabled and stable
      -   scrolling into view if needed
      -   done scrolling
      -   <mat-label _ngcontent-ng-c2013501738="" class="ng-tns-c3736…>Search Patient name , mrn</mat-label> from <div matformfieldnotchedoutline="" class="mdc-notched…>…</div> subtree intercepts pointer events
      - retrying click action, attempt #22
      -   waiting 500ms
      -   waiting for element to be visible, enabled and stable
      -   element is visible, enabled and stable
      -   scrolling into view if needed
      -   done scrolling
      -   <mat-label _ngcontent-ng-c2013501738="" class="ng-tns-c3736…>Search Patient name , mrn</mat-label> from <div matformfieldnotchedoutline="" class="mdc-notched…>…</div> subtree intercepts pointer events
      - retrying click action, attempt #23
      -   waiting 500ms
      -   waiting for element to be visible, enabled and stable
      -   element is visible, enabled and stable
      -   scrolling into view if needed
      -   done scrolling
      -   <mat-label _ngcontent-ng-c2013501738="" class="ng-tns-c3736…>Search Patient name , mrn</mat-label> from <div matformfieldnotchedoutline="" class="mdc-notched…>…</div> subtree intercepts pointer events
      - retrying click action, attempt #24
      -   waiting 500ms
      -   waiting for element to be visible, enabled and stable
      -   element is visible, enabled and stable
      -   scrolling into view if needed
      -   done scrolling
      -   <mat-label _ngcontent-ng-c2013501738="" class="ng-tns-c3736…>Search Patient name , mrn</mat-label> from <div matformfieldnotchedoutline="" class="mdc-notched…>…</div> subtree intercepts pointer events
      - retrying click action, attempt #25
      -   waiting 500ms
      -   waiting for element to be visible, enabled and stable
      -   element is visible, enabled and stable
      -   scrolling into view if needed
      -   done scrolling
      -   <mat-label _ngcontent-ng-c2013501738="" class="ng-tns-c3736…>Search Patient name , mrn</mat-label> from <div matformfieldnotchedoutline="" class="mdc-notched…>…</div> subtree intercepts pointer events
      - retrying click action, attempt #26
      -   waiting 500ms
      -   waiting for element to be visible, enabled and stable
      -   element is visible, enabled and stable
      -   scrolling into view if needed
      -   done scrolling
      -   <mat-label _ngcontent-ng-c2013501738="" class="ng-tns-c3736…>Search Patient name , mrn</mat-label> from <div matformfieldnotchedoutline="" class="mdc-notched…>…</div> subtree intercepts pointer events
      - retrying click action, attempt #27
      -   waiting 500ms
      -   waiting for element to be visible, enabled and stable
      -   element is visible, enabled and stable
      -   scrolling into view if needed
      -   done scrolling
      -   <mat-label _ngcontent-ng-c2013501738="" class="ng-tns-c3736…>Search Patient name , mrn</mat-label> from <div matformfieldnotchedoutline="" class="mdc-notched…>…</div> subtree intercepts pointer events
      - retrying click action, attempt #28
      -   waiting 500ms
      -   waiting for element to be visible, enabled and stable
      -   element is visible, enabled and stable
      -   scrolling into view if needed
      -   done scrolling
      -   <mat-label _ngcontent-ng-c2013501738="" class="ng-tns-c3736…>Search Patient name , mrn</mat-label> from <div matformfieldnotchedoutline="" class="mdc-notched…>…</div> subtree intercepts pointer events
      - retrying click action, attempt #29
      -   waiting 500ms
      -   waiting for element to be visible, enabled and stable
      -   element is visible, enabled and stable
      -   scrolling into view if needed
      -   done scrolling
      -   <mat-label _ngcontent-ng-c2013501738="" class="ng-tns-c3736…>Search Patient name , mrn</mat-label> from <div matformfieldnotchedoutline="" class="mdc-notched…>…</div> subtree intercepts pointer events
      - retrying click action, attempt #30
      -   waiting 500ms
      -   waiting for element to be visible, enabled and stable
      -   element is visible, enabled and stable
      -   scrolling into view if needed
      -   done scrolling
      -   <mat-label _ngcontent-ng-c2013501738="" class="ng-tns-c3736…>Search Patient name , mrn</mat-label> from <div matformfieldnotchedoutline="" class="mdc-notched…>…</div> subtree intercepts pointer events
      - retrying click action, attempt #31
      -   waiting 500ms
      -   waiting for element to be visible, enabled and stable
      -   element is visible, enabled and stable
      -   scrolling into view if needed
      -   done scrolling
      -   <mat-label _ngcontent-ng-c2013501738="" class="ng-tns-c3736…>Search Patient name , mrn</mat-label> from <div matformfieldnotchedoutline="" class="mdc-notched…>…</div> subtree intercepts pointer events
      - retrying click action, attempt #32
      -   waiting 500ms
      -   waiting for element to be visible, enabled and stable
      -   element is visible, enabled and stable
      -   scrolling into view if needed
      -   done scrolling
      -   <mat-label _ngcontent-ng-c2013501738="" class="ng-tns-c3736…>Search Patient name , mrn</mat-label> from <div matformfieldnotchedoutline="" class="mdc-notched…>…</div> subtree intercepts pointer events
      - retrying click action, attempt #33
      -   waiting 500ms
      -   waiting for element to be visible, enabled and stable
      -   element is visible, enabled and stable
      -   scrolling into view if needed
      -   done scrolling
      -   <mat-label _ngcontent-ng-c2013501738="" class="ng-tns-c3736…>Search Patient name , mrn</mat-label> from <div matformfieldnotchedoutline="" class="mdc-notched…>…</div> subtree intercepts pointer events
      - retrying click action, attempt #34
      -   waiting 500ms
      -   waiting for element to be visible, enabled and stable
      -   element is visible, enabled and stable
      -   scrolling into view if needed
      -   done scrolling
      -   <mat-label _ngcontent-ng-c2013501738="" class="ng-tns-c3736…>Search Patient name , mrn</mat-label> from <div matformfieldnotchedoutline="" class="mdc-notched…>…</div> subtree intercepts pointer events
      - retrying click action, attempt #35
      -   waiting 500ms
      -   waiting for element to be visible, enabled and stable
      -   element is visible, enabled and stable
      -   scrolling into view if needed
      -   done scrolling
      -   <mat-label _ngcontent-ng-c2013501738="" class="ng-tns-c3736…>Search Patient name , mrn</mat-label> from <div matformfieldnotchedoutline="" class="mdc-notched…>…</div> subtree intercepts pointer events
      - retrying click action, attempt #36
      -   waiting 500ms
      -   waiting for element to be visible, enabled and stable
      -   element is visible, enabled and stable
      -   scrolling into view if needed
      -   done scrolling
      -   <mat-label _ngcontent-ng-c2013501738="" class="ng-tns-c3736…>Search Patient name , mrn</mat-label> from <div matformfieldnotchedoutline="" class="mdc-notched…>…</div> subtree intercepts pointer events
      - retrying click action, attempt #37
      -   waiting 500ms
      -   waiting for element to be visible, enabled and stable
      -   element is visible, enabled and stable
      -   scrolling into view if needed
      -   done scrolling
      -   <mat-label _ngcontent-ng-c2013501738="" class="ng-tns-c3736…>Search Patient name , mrn</mat-label> from <div matformfieldnotchedoutline="" class="mdc-notched…>…</div> subtree intercepts pointer events
      - retrying click action, attempt #38
      -   waiting 500ms
      -   waiting for element to be visible, enabled and stable
      -   element is visible, enabled and stable
      -   scrolling into view if needed
      -   done scrolling
      -   <mat-label _ngcontent-ng-c2013501738="" class="ng-tns-c3736…>Search Patient name , mrn</mat-label> from <div matformfieldnotchedoutline="" class="mdc-notched…>…</div> subtree intercepts pointer events
      - retrying click action, attempt #39
      -   waiting 500ms
      -   waiting for element to be visible, enabled and stable
      -   element is visible, enabled and stable
      -   scrolling into view if needed
      -   done scrolling
      -   <mat-label _ngcontent-ng-c2013501738="" class="ng-tns-c3736…>Search Patient name , mrn</mat-label> from <div matformfieldnotchedoutline="" class="mdc-notched…>…</div> subtree intercepts pointer events
      - retrying click action, attempt #40
      -   waiting 500ms
      -   waiting for element to be visible, enabled and stable
      -   element is visible, enabled and stable
      -   scrolling into view if needed
      -   done scrolling
      -   <mat-label _ngcontent-ng-c2013501738="" class="ng-tns-c3736…>Search Patient name , mrn</mat-label> from <div matformfieldnotchedoutline="" class="mdc-notched…>…</div> subtree intercepts pointer events
      - retrying click action, attempt #41
      -   waiting 500ms
      -   waiting for element to be visible, enabled and stable
      -   element is visible, enabled and stable
      -   scrolling into view if needed
      -   done scrolling
      -   <mat-label _ngcontent-ng-c2013501738="" class="ng-tns-c3736…>Search Patient name , mrn</mat-label> from <div matformfieldnotchedoutline="" class="mdc-notched…>…</div> subtree intercepts pointer events
      - retrying click action, attempt #42
      -   waiting 500ms
      -   waiting for element to be visible, enabled and stable
      -   element is visible, enabled and stable
      -   scrolling into view if needed
      -   done scrolling
      -   <mat-label _ngcontent-ng-c2013501738="" class="ng-tns-c3736…>Search Patient name , mrn</mat-label> from <div matformfieldnotchedoutline="" class="mdc-notched…>…</div> subtree intercepts pointer events
      - retrying click action, attempt #43
      -   waiting 500ms
      -   waiting for element to be visible, enabled and stable
      -   element is visible, enabled and stable
      -   scrolling into view if needed
      -   done scrolling
      -   <mat-label _ngcontent-ng-c2013501738="" class="ng-tns-c3736…>Search Patient name , mrn</mat-label> from <div matformfieldnotchedoutline="" class="mdc-notched…>…</div> subtree intercepts pointer events
      - retrying click action, attempt #44
      -   waiting 500ms
      -   waiting for element to be visible, enabled and stable
      -   element is visible, enabled and stable
      -   scrolling into view if needed
      -   done scrolling
      -   <mat-label _ngcontent-ng-c2013501738="" class="ng-tns-c3736…>Search Patient name , mrn</mat-label> from <div matformfieldnotchedoutline="" class="mdc-notched…>…</div> subtree intercepts pointer events
      - retrying click action, attempt #45
      -   waiting 500ms
      -   waiting for element to be visible, enabled and stable
      -   element is visible, enabled and stable
      -   scrolling into view if needed
      -   done scrolling
      -   <mat-label _ngcontent-ng-c2013501738="" class="ng-tns-c3736…>Search Patient name , mrn</mat-label> from <div matformfieldnotchedoutline="" class="mdc-notched…>…</div> subtree intercepts pointer events
      - retrying click action, attempt #46
      -   waiting 500ms
      -   waiting for element to be visible, enabled and stable
      -   element is visible, enabled and stable
      -   scrolling into view if needed
      -   done scrolling
      -   <mat-label _ngcontent-ng-c2013501738="" class="ng-tns-c3736…>Search Patient name , mrn</mat-label> from <div matformfieldnotchedoutline="" class="mdc-notched…>…</div> subtree intercepts pointer events
      - retrying click action, attempt #47
      -   waiting 500ms
      -   waiting for element to be visible, enabled and stable
      -   element is visible, enabled and stable
      -   scrolling into view if needed
      -   done scrolling
      -   <mat-label _ngcontent-ng-c2013501738="" class="ng-tns-c3736…>Search Patient name , mrn</mat-label> from <div matformfieldnotchedoutline="" class="mdc-notched…>…</div> subtree intercepts pointer events
      - retrying click action, attempt #48
      -   waiting 500ms
      -   waiting for element to be visible, enabled and stable
      -   element is visible, enabled and stable
      -   scrolling into view if needed
      -   done scrolling
      -   <mat-label _ngcontent-ng-c2013501738="" class="ng-tns-c3736…>Search Patient name , mrn</mat-label> from <div matformfieldnotchedoutline="" class="mdc-notched…>…</div> subtree intercepts pointer events
      - retrying click action, attempt #49
      -   waiting 500ms
      -   waiting for element to be visible, enabled and stable
      -   element is visible, enabled and stable
      -   scrolling into view if needed
      -   done scrolling
      -   <mat-label _ngcontent-ng-c2013501738="" class="ng-tns-c3736…>Search Patient name , mrn</mat-label> from <div matformfieldnotchedoutline="" class="mdc-notched…>…</div> subtree intercepts pointer events
      - retrying click action, attempt #50
      -   waiting 500ms
      -   waiting for element to be visible, enabled and stable
      -   element is visible, enabled and stable
      -   scrolling into view if needed
      -   done scrolling
      -   <mat-label _ngcontent-ng-c2013501738="" class="ng-tns-c3736…>Search Patient name , mrn</mat-label> from <div matformfieldnotchedoutline="" class="mdc-notched…>…</div> subtree intercepts pointer events
      - retrying click action, attempt #51
      -   waiting 500ms
      -   waiting for element to be visible, enabled and stable
      -   element is visible, enabled and stable
      -   scrolling into view if needed
      -   done scrolling
      -   <mat-label _ngcontent-ng-c2013501738="" class="ng-tns-c3736…>Search Patient name , mrn</mat-label> from <div matformfieldnotchedoutline="" class="mdc-notched…>…</div> subtree intercepts pointer events
      - retrying click action, attempt #52
      -   waiting 500ms
      -   waiting for element to be visible, enabled and stable
      -   element is visible, enabled and stable
      -   scrolling into view if needed
      -   done scrolling
      -   <mat-label _ngcontent-ng-c2013501738="" class="ng-tns-c3736…>Search Patient name , mrn</mat-label> from <div matformfieldnotchedoutline="" class="mdc-notched…>…</div> subtree intercepts pointer events
      - retrying click action, attempt #53
      -   waiting 500ms
      -   waiting for element to be visible, enabled and stable
      -   element is visible, enabled and stable
      -   scrolling into view if needed
      -   done scrolling
      -   <mat-label _ngcontent-ng-c2013501738="" class="ng-tns-c3736…>Search Patient name , mrn</mat-label> from <div matformfieldnotchedoutline="" class="mdc-notched…>…</div> subtree intercepts pointer events
      - retrying click action, attempt #54
      -   waiting 500ms
      -   waiting for element to be visible, enabled and stable
      -   element is visible, enabled and stable
      -   scrolling into view if needed
      -   done scrolling
      -   <mat-label _ngcontent-ng-c2013501738="" class="ng-tns-c3736…>Search Patient name , mrn</mat-label> from <div matformfieldnotchedoutline="" class="mdc-notched…>…</div> subtree intercepts pointer events
      - retrying click action, attempt #55
      -   waiting 500ms
      -   waiting for element to be visible, enabled and stable
      -   element is visible, enabled and stable
      -   scrolling into view if needed
      -   done scrolling
      -   <mat-label _ngcontent-ng-c2013501738="" class="ng-tns-c3736…>Search Patient name , mrn</mat-label> from <div matformfieldnotchedoutline="" class="mdc-notched…>…</div> subtree intercepts pointer events
      - retrying click action, attempt #56
      -   waiting 500ms
      -   waiting for element to be visible, enabled and stable
      -   element is visible, enabled and stable
      -   scrolling into view if needed
      -   done scrolling
      -   <mat-label _ngcontent-ng-c2013501738="" class="ng-tns-c3736…>Search Patient name , mrn</mat-label> from <div matformfieldnotchedoutline="" class="mdc-notched…>…</div> subtree intercepts pointer events
      - retrying click action, attempt #57
      -   waiting 500ms
      -   waiting for element to be visible, enabled and stable
      -   element is visible, enabled and stable
      -   scrolling into view if needed
      -   done scrolling
      -   <mat-label _ngcontent-ng-c2013501738="" class="ng-tns-c3736…>Search Patient name , mrn</mat-label> from <div matformfieldnotchedoutline="" class="mdc-notched…>…</div> subtree intercepts pointer events
      - retrying click action, attempt #58
      -   waiting 500ms
      -   waiting for element to be visible, enabled and stable
      -   element is visible, enabled and stable
      -   scrolling into view if needed
      -   done scrolling
      -   <mat-label _ngcontent-ng-c2013501738="" class="ng-tns-c3736…>Search Patient name , mrn</mat-label> from <div matformfieldnotchedoutline="" class="mdc-notched…>…</div> subtree intercepts pointer events
      - retrying click action, attempt #59
      -   waiting 500ms
      -   waiting for element to be visible, enabled and stable
      -   element is visible, enabled and stable
      -   scrolling into view if needed
      -   done scrolling
      -   <mat-label _ngcontent-ng-c2013501738="" class="ng-tns-c3736…>Search Patient name , mrn</mat-label> from <div matformfieldnotchedoutline="" class="mdc-notched…>…</div> subtree intercepts pointer events
      - retrying click action, attempt #60
      -   waiting 500ms
      -   waiting for element to be visible, enabled and stable
      -   element is visible, enabled and stable
      -   scrolling into view if needed
      -   done scrolling
      -   <mat-label _ngcontent-ng-c2013501738="" class="ng-tns-c3736…>Search Patient name , mrn</mat-label> from <div matformfieldnotchedoutline="" class="mdc-notched…>…</div> subtree intercepts pointer events
      - retrying click action, attempt #61
      -   waiting 500ms
      -   waiting for element to be visible, enabled and stable
      -   element is visible, enabled and stable
      -   scrolling into view if needed
      -   done scrolling
      -   <mat-label _ngcontent-ng-c2013501738="" class="ng-tns-c3736…>Search Patient name , mrn</mat-label> from <div matformfieldnotchedoutline="" class="mdc-notched…>…</div> subtree intercepts pointer events
      - retrying click action, attempt #62
      -   waiting 500ms
      -   waiting for element to be visible, enabled and stable
      -   element is visible, enabled and stable
      -   scrolling into view if needed
      -   done scrolling
      -   <mat-label _ngcontent-ng-c2013501738="" class="ng-tns-c3736…>Search Patient name , mrn</mat-label> from <div matformfieldnotchedoutline="" class="mdc-notched…>…</div> subtree intercepts pointer events
      - retrying click action, attempt #63
      -   waiting 500ms
      -   waiting for element to be visible, enabled and stable
      -   element is visible, enabled and stable
      -   scrolling into view if needed
      -   done scrolling
      -   <mat-label _ngcontent-ng-c2013501738="" class="ng-tns-c3736…>Search Patient name , mrn</mat-label> from <div matformfieldnotchedoutline="" class="mdc-notched…>…</div> subtree intercepts pointer events
      - retrying click action, attempt #64
      -   waiting 500ms
      -   waiting for element to be visible, enabled and stable
      -   element is visible, enabled and stable
      -   scrolling into view if needed
      -   done scrolling
      -   <mat-label _ngcontent-ng-c2013501738="" class="ng-tns-c3736…>Search Patient name , mrn</mat-label> from <div matformfieldnotchedoutline="" class="mdc-notched…>…</div> subtree intercepts pointer events
      - retrying click action, attempt #65
      -   waiting 500ms
      -   waiting for element to be visible, enabled and stable
      -   element is visible, enabled and stable
      -   scrolling into view if needed
      -   done scrolling
      -   <mat-label _ngcontent-ng-c2013501738="" class="ng-tns-c3736…>Search Patient name , mrn</mat-label> from <div matformfieldnotchedoutline="" class="mdc-notched…>…</div> subtree intercepts pointer events
      - retrying click action, attempt #66
      -   waiting 500ms
      -   waiting for element to be visible, enabled and stable
      -   element is visible, enabled and stable
      -   scrolling into view if needed
      -   done scrolling
      -   <mat-label _ngcontent-ng-c2013501738="" class="ng-tns-c3736…>Search Patient name , mrn</mat-label> from <div matformfieldnotchedoutline="" class="mdc-notched…>…</div> subtree intercepts pointer events
      - retrying click action, attempt #67
      -   waiting 500ms
      -   waiting for element to be visible, enabled and stable
      -   element is visible, enabled and stable
      -   scrolling into view if needed
      -   done scrolling
      -   <mat-label _ngcontent-ng-c2013501738="" class="ng-tns-c3736…>Search Patient name , mrn</mat-label> from <div matformfieldnotchedoutline="" class="mdc-notched…>…</div> subtree intercepts pointer events
      - retrying click action, attempt #68
      -   waiting 500ms
      -   waiting for element to be visible, enabled and stable
      -   element is visible, enabled and stable
      -   scrolling into view if needed
      -   done scrolling
      -   <mat-label _ngcontent-ng-c2013501738="" class="ng-tns-c3736…>Search Patient name , mrn</mat-label> from <div matformfieldnotchedoutline="" class="mdc-notched…>…</div> subtree intercepts pointer events
      - retrying click action, attempt #69
      -   waiting 500ms
      -   waiting for element to be visible, enabled and stable
      -   element is visible, enabled and stable
      -   scrolling into view if needed
      -   done scrolling
      -   <mat-label _ngcontent-ng-c2013501738="" class="ng-tns-c3736…>Search Patient name , mrn</mat-label> from <div matformfieldnotchedoutline="" class="mdc-notched…>…</div> subtree intercepts pointer events
      - retrying click action, attempt #70
      -   waiting 500ms
      -   waiting for element to be visible, enabled and stable
      -   element is visible, enabled and stable
      -   scrolling into view if needed
      -   done scrolling
      -   <mat-label _ngcontent-ng-c2013501738="" class="ng-tns-c3736…>Search Patient name , mrn</mat-label> from <div matformfieldnotchedoutline="" class="mdc-notched…>…</div> subtree intercepts pointer events
      - retrying click action, attempt #71
      -   waiting 500ms
      -   waiting for element to be visible, enabled and stable
      -   element is visible, enabled and stable
      -   scrolling into view if needed
      -   done scrolling
      -   <mat-label _ngcontent-ng-c2013501738="" class="ng-tns-c3736…>Search Patient name , mrn</mat-label> from <div matformfieldnotchedoutline="" class="mdc-notched…>…</div> subtree intercepts pointer events
      - retrying click action, attempt #72
      -   waiting 500ms
      -   waiting for element to be visible, enabled and stable
      -   element is visible, enabled and stable
      -   scrolling into view if needed
      -   done scrolling
      -   <mat-label _ngcontent-ng-c2013501738="" class="ng-tns-c3736…>Search Patient name , mrn</mat-label> from <div matformfieldnotchedoutline="" class="mdc-notched…>…</div> subtree intercepts pointer events
      - retrying click action, attempt #73
      -   waiting 500ms
      -   waiting for element to be visible, enabled and stable
      -   element is visible, enabled and stable
      -   scrolling into view if needed
      -   done scrolling
      -   <mat-label _ngcontent-ng-c2013501738="" class="ng-tns-c3736…>Search Patient name , mrn</mat-label> from <div matformfieldnotchedoutline="" class="mdc-notched…>…</div> subtree intercepts pointer events
      - retrying click action, attempt #74
      -   waiting 500ms
      -   waiting for element to be visible, enabled and stable
      -   element is visible, enabled and stable
      -   scrolling into view if needed
      -   done scrolling
      -   <mat-label _ngcontent-ng-c2013501738="" class="ng-tns-c3736…>Search Patient name , mrn</mat-label> from <div matformfieldnotchedoutline="" class="mdc-notched…>…</div> subtree intercepts pointer events
      - retrying click action, attempt #75
      -   waiting 500ms
      -   waiting for element to be visible, enabled and stable
      -   element is visible, enabled and stable
      -   scrolling into view if needed
      -   done scrolling
      -   <mat-label _ngcontent-ng-c2013501738="" class="ng-tns-c3736…>Search Patient name , mrn</mat-label> from <div matformfieldnotchedoutline="" class="mdc-notched…>…</div> subtree intercepts pointer events
      - retrying click action, attempt #76
      -   waiting 500ms
      -   waiting for element to be visible, enabled and stable
      -   element is visible, enabled and stable
      -   scrolling into view if needed
      -   done scrolling
      -   <mat-label _ngcontent-ng-c2013501738="" class="ng-tns-c3736…>Search Patient name , mrn</mat-label> from <div matformfieldnotchedoutline="" class="mdc-notched…>…</div> subtree intercepts pointer events
      - retrying click action, attempt #77
      -   waiting 500ms
      -   waiting for element to be visible, enabled and stable
      -   element is visible, enabled and stable
      -   scrolling into view if needed
      -   done scrolling
      -   <mat-label _ngcontent-ng-c2013501738="" class="ng-tns-c3736…>Search Patient name , mrn</mat-label> from <div matformfieldnotchedoutline="" class="mdc-notched…>…</div> subtree intercepts pointer events
      - retrying click action, attempt #78
      -   waiting 500ms
      -   waiting for element to be visible, enabled and stable
      -   element is visible, enabled and stable
      -   scrolling into view if needed
      -   done scrolling
      -   <mat-label _ngcontent-ng-c2013501738="" class="ng-tns-c3736…>Search Patient name , mrn</mat-label> from <div matformfieldnotchedoutline="" class="mdc-notched…>…</div> subtree intercepts pointer events
      - retrying click action, attempt #79
      -   waiting 500ms
      -   waiting for element to be visible, enabled and stable
      -   element is visible, enabled and stable
      -   scrolling into view if needed
      -   done scrolling
      -   <mat-label _ngcontent-ng-c2013501738="" class="ng-tns-c3736…>Search Patient name , mrn</mat-label> from <div matformfieldnotchedoutline="" class="mdc-notched…>…</div> subtree intercepts pointer events
      - retrying click action, attempt #80
      -   waiting 500ms
      -   waiting for element to be visible, enabled and stable
      -   element is visible, enabled and stable
      -   scrolling into view if needed
      -   done scrolling
      -   <mat-label _ngcontent-ng-c2013501738="" class="ng-tns-c3736…>Search Patient name , mrn</mat-label> from <div matformfieldnotchedoutline="" class="mdc-notched…>…</div> subtree intercepts pointer events
      - retrying click action, attempt #81
      -   waiting 500ms
      -   waiting for element to be visible, enabled and stable
      -   element is visible, enabled and stable
      -   scrolling into view if needed
      -   done scrolling
      -   <mat-label _ngcontent-ng-c2013501738="" class="ng-tns-c3736…>Search Patient name , mrn</mat-label> from <div matformfieldnotchedoutline="" class="mdc-notched…>…</div> subtree intercepts pointer events
      - retrying click action, attempt #82
      -   waiting 500ms
      -   waiting for element to be visible, enabled and stable
      -   element is visible, enabled and stable
      -   scrolling into view if needed
      -   done scrolling
      -   <mat-label _ngcontent-ng-c2013501738="" class="ng-tns-c3736…>Search Patient name , mrn</mat-label> from <div matformfieldnotchedoutline="" class="mdc-notched…>…</div> subtree intercepts pointer events
      - retrying click action, attempt #83
      -   waiting 500ms
      -   waiting for element to be visible, enabled and stable
      -   element is visible, enabled and stable
      -   scrolling into view if needed
      -   done scrolling
      -   <mat-label _ngcontent-ng-c2013501738="" class="ng-tns-c3736…>Search Patient name , mrn</mat-label> from <div matformfieldnotchedoutline="" class="mdc-notched…>…</div> subtree intercepts pointer events
      - retrying click action, attempt #84
      -   waiting 500ms
      -   waiting for element to be visible, enabled and stable
      -   element is visible, enabled and stable
      -   scrolling into view if needed
      -   done scrolling
      -   <mat-label _ngcontent-ng-c2013501738="" class="ng-tns-c3736…>Search Patient name , mrn</mat-label> from <div matformfieldnotchedoutline="" class="mdc-notched…>…</div> subtree intercepts pointer events
      - retrying click action, attempt #85
      -   waiting 500ms
      -   waiting for element to be visible, enabled and stable
      -   element is visible, enabled and stable
      -   scrolling into view if needed
      -   done scrolling
      -   <mat-label _ngcontent-ng-c2013501738="" class="ng-tns-c3736…>Search Patient name , mrn</mat-label> from <div matformfieldnotchedoutline="" class="mdc-notched…>…</div> subtree intercepts pointer events
      - retrying click action, attempt #86
      -   waiting 500ms
      -   waiting for element to be visible, enabled and stable
      -   element is visible, enabled and stable
      -   scrolling into view if needed
      -   done scrolling
      -   <mat-label _ngcontent-ng-c2013501738="" class="ng-tns-c3736…>Search Patient name , mrn</mat-label> from <div matformfieldnotchedoutline="" class="mdc-notched…>…</div> subtree intercepts pointer events
      - retrying click action, attempt #87
      -   waiting 500ms
      -   waiting for element to be visible, enabled and stable
      -   element is visible, enabled and stable
      -   scrolling into view if needed
      -   done scrolling
      -   <mat-label _ngcontent-ng-c2013501738="" class="ng-tns-c3736…>Search Patient name , mrn</mat-label> from <div matformfieldnotchedoutline="" class="mdc-notched…>…</div> subtree intercepts pointer events
      - retrying click action, attempt #88
      -   waiting 500ms
      -   waiting for element to be visible, enabled and stable
      -   element is visible, enabled and stable
      -   scrolling into view if needed
      -   done scrolling
      -   <mat-label _ngcontent-ng-c2013501738="" class="ng-tns-c3736…>Search Patient name , mrn</mat-label> from <div matformfieldnotchedoutline="" class="mdc-notched…>…</div> subtree intercepts pointer events
      - retrying click action, attempt #89
      -   waiting 500ms
      -   waiting for element to be visible, enabled and stable
      -   element is visible, enabled and stable
      -   scrolling into view if needed
      -   done scrolling
      -   <mat-label _ngcontent-ng-c2013501738="" class="ng-tns-c3736…>Search Patient name , mrn</mat-label> from <div matformfieldnotchedoutline="" class="mdc-notched…>…</div> subtree intercepts pointer events
      - retrying click action, attempt #90
      -   waiting 500ms
      -   waiting for element to be visible, enabled and stable
      -   element is visible, enabled and stable
      -   scrolling into view if needed
      -   done scrolling
      -   <mat-label _ngcontent-ng-c2013501738="" class="ng-tns-c3736…>Search Patient name , mrn</mat-label> from <div matformfieldnotchedoutline="" class="mdc-notched…>…</div> subtree intercepts pointer events
      - retrying click action, attempt #91
      -   waiting 500ms
      -   waiting for element to be visible, enabled and stable
      -   element is visible, enabled and stable
      -   scrolling into view if needed
      -   done scrolling
      -   <mat-label _ngcontent-ng-c2013501738="" class="ng-tns-c3736…>Search Patient name , mrn</mat-label> from <div matformfieldnotchedoutline="" class="mdc-notched…>…</div> subtree intercepts pointer events
      - retrying click action, attempt #92
      -   waiting 500ms
      -   waiting for element to be visible, enabled and stable
      -   element is visible, enabled and stable
      -   scrolling into view if needed
      -   done scrolling
      -   <mat-label _ngcontent-ng-c2013501738="" class="ng-tns-c3736…>Search Patient name , mrn</mat-label> from <div matformfieldnotchedoutline="" class="mdc-notched…>…</div> subtree intercepts pointer events
      - retrying click action, attempt #93
      -   waiting 500ms
      -   waiting for element to be visible, enabled and stable
      -   element is visible, enabled and stable
      -   scrolling into view if needed
      -   done scrolling
      -   <mat-label _ngcontent-ng-c2013501738="" class="ng-tns-c3736…>Search Patient name , mrn</mat-label> from <div matformfieldnotchedoutline="" class="mdc-notched…>…</div> subtree intercepts pointer events
      - retrying click action, attempt #94
      -   waiting 500ms
      -   waiting for element to be visible, enabled and stable
      -   element is visible, enabled and stable
      -   scrolling into view if needed
      -   done scrolling
      -   <mat-label _ngcontent-ng-c2013501738="" class="ng-tns-c3736…>Search Patient name , mrn</mat-label> from <div matformfieldnotchedoutline="" class="mdc-notched…>…</div> subtree intercepts pointer events
      - retrying click action, attempt #95
      -   waiting 500ms
      -   waiting for element to be visible, enabled and stable
      -   element is visible, enabled and stable
      -   scrolling into view if needed
      -   done scrolling
      -   <mat-label _ngcontent-ng-c2013501738="" class="ng-tns-c3736…>Search Patient name , mrn</mat-label> from <div matformfieldnotchedoutline="" class="mdc-notched…>…</div> subtree intercepts pointer events
      - retrying click action, attempt #96
      -   waiting 500ms
      -   waiting for element to be visible, enabled and stable
      -   element is visible, enabled and stable
      -   scrolling into view if needed
      -   done scrolling
      -   <mat-label _ngcontent-ng-c2013501738="" class="ng-tns-c3736…>Search Patient name , mrn</mat-label> from <div matformfieldnotchedoutline="" class="mdc-notched…>…</div> subtree intercepts pointer events
      - retrying click action, attempt #97
      -   waiting 500ms
      -   waiting for element to be visible, enabled and stable
      -   element is visible, enabled and stable
      -   scrolling into view if needed
      -   done scrolling
      -   <mat-label _ngcontent-ng-c2013501738="" class="ng-tns-c3736…>Search Patient name , mrn</mat-label> from <div matformfieldnotchedoutline="" class="mdc-notched…>…</div> subtree intercepts pointer events
      - retrying click action, attempt #98
      -   waiting 500ms
      -   waiting for element to be visible, enabled and stable
      -   element is visible, enabled and stable
      -   scrolling into view if needed
      -   done scrolling
      -   <mat-label _ngcontent-ng-c2013501738="" class="ng-tns-c3736…>Search Patient name , mrn</mat-label> from <div matformfieldnotchedoutline="" class="mdc-notched…>…</div> subtree intercepts pointer events
      - retrying click action, attempt #99
      -   waiting 500ms
      -   waiting for element to be visible, enabled and stable
      -   element is visible, enabled and stable
      -   scrolling into view if needed
      -   done scrolling
      -   <mat-label _ngcontent-ng-c2013501738="" class="ng-tns-c3736…>Search Patient name , mrn</mat-label> from <div matformfieldnotchedoutline="" class="mdc-notched…>…</div> subtree intercepts pointer events
      - retrying click action, attempt #100
      -   waiting 500ms
      -   waiting for element to be visible, enabled and stable
      -   element is visible, enabled and stable
      -   scrolling into view if needed
      -   done scrolling
      -   <mat-label _ngcontent-ng-c2013501738="" class="ng-tns-c3736…>Search Patient name , mrn</mat-label> from <div matformfieldnotchedoutline="" class="mdc-notched…>…</div> subtree intercepts pointer events
      - retrying click action, attempt #101
      -   waiting 500ms
      -   waiting for element to be visible, enabled and stable
      -   element is visible, enabled and stable
      -   scrolling into view if needed
      -   done scrolling
      -   <mat-label _ngcontent-ng-c2013501738="" class="ng-tns-c3736…>Search Patient name , mrn</mat-label> from <div matformfieldnotchedoutline="" class="mdc-notched…>…</div> subtree intercepts pointer events
      - retrying click action, attempt #102
      -   waiting 500ms
      -   waiting for element to be visible, enabled and stable
      -   element is visible, enabled and stable
      -   scrolling into view if needed
      -   done scrolling
      -   <mat-label _ngcontent-ng-c2013501738="" class="ng-tns-c3736…>Search Patient name , mrn</mat-label> from <div matformfieldnotchedoutline="" class="mdc-notched…>…</div> subtree intercepts pointer events
      - retrying click action, attempt #103
      -   waiting 500ms
      -   waiting for element to be visible, enabled and stable
      -   element is visible, enabled and stable
      -   scrolling into view if needed
      -   done scrolling
      -   <mat-label _ngcontent-ng-c2013501738="" class="ng-tns-c3736…>Search Patient name , mrn</mat-label> from <div matformfieldnotchedoutline="" class="mdc-notched…>…</div> subtree intercepts pointer events
      - retrying click action, attempt #104
      -   waiting 500ms
      -   waiting for element to be visible, enabled and stable
      -   element is visible, enabled and stable
      -   scrolling into view if needed
      -   done scrolling
      -   <mat-label _ngcontent-ng-c2013501738="" class="ng-tns-c3736…>Search Patient name , mrn</mat-label> from <div matformfieldnotchedoutline="" class="mdc-notched…>…</div> subtree intercepts pointer events
      - retrying click action, attempt #105
      -   waiting 500ms
      -   waiting for element to be visible, enabled and stable
      -   element is visible, enabled and stable
      -   scrolling into view if needed
      -   done scrolling
      -   <mat-label _ngcontent-ng-c2013501738="" class="ng-tns-c3736…>Search Patient name , mrn</mat-label> from <div matformfieldnotchedoutline="" class="mdc-notched…>…</div> subtree intercepts pointer events
      - retrying click action, attempt #106
      -   waiting 500ms
      -   waiting for element to be visible, enabled and stable
      -   element is visible, enabled and stable
      -   scrolling into view if needed
      -   done scrolling
      -   <mat-label _ngcontent-ng-c2013501738="" class="ng-tns-c3736…>Search Patient name , mrn</mat-label> from <div matformfieldnotchedoutline="" class="mdc-notched…>…</div> subtree intercepts pointer events
      - retrying click action, attempt #107
      -   waiting 500ms
      -   waiting for element to be visible, enabled and stable
      -   element is visible, enabled and stable
      -   scrolling into view if needed
      -   done scrolling
      -   <mat-label _ngcontent-ng-c2013501738="" class="ng-tns-c3736…>Search Patient name , mrn</mat-label> from <div matformfieldnotchedoutline="" class="mdc-notched…>…</div> subtree intercepts pointer events
      - retrying click action, attempt #108
      -   waiting 500ms
      -   waiting for element to be visible, enabled and stable
      -   element is visible, enabled and stable
      -   scrolling into view if needed
      -   done scrolling
      -   <mat-label _ngcontent-ng-c2013501738="" class="ng-tns-c3736…>Search Patient name , mrn</mat-label> from <div matformfieldnotchedoutline="" class="mdc-notched…>…</div> subtree intercepts pointer events
      - retrying click action, attempt #109
      -   waiting 500ms
      -   waiting for element to be visible, enabled and stable
      -   element is visible, enabled and stable
      -   scrolling into view if needed
      -   done scrolling
      -   <mat-label _ngcontent-ng-c2013501738="" class="ng-tns-c3736…>Search Patient name , mrn</mat-label> from <div matformfieldnotchedoutline="" class="mdc-notched…>…</div> subtree intercepts pointer events
      - retrying click action, attempt #110
      -   waiting 500ms
      -   waiting for element to be visible, enabled and stable
      -   element is visible, enabled and stable
      -   scrolling into view if needed
      -   done scrolling
      -   <mat-label _ngcontent-ng-c2013501738="" class="ng-tns-c3736…>Search Patient name , mrn</mat-label> from <div matformfieldnotchedoutline="" class="mdc-notched…>…</div> subtree intercepts pointer events
      - retrying click action, attempt #111
      -   waiting 500ms
      -   waiting for element to be visible, enabled and stable
      -   element is visible, enabled and stable
      -   scrolling into view if needed
      -   done scrolling
      -   <mat-label _ngcontent-ng-c2013501738="" class="ng-tns-c3736…>Search Patient name , mrn</mat-label> from <div matformfieldnotchedoutline="" class="mdc-notched…>…</div> subtree intercepts pointer events
      - retrying click action, attempt #112
      -   waiting 500ms
      -   waiting for element to be visible, enabled and stable
      -   element is visible, enabled and stable
      -   scrolling into view if needed
      -   done scrolling
      -   <mat-label _ngcontent-ng-c2013501738="" class="ng-tns-c3736…>Search Patient name , mrn</mat-label> from <div matformfieldnotchedoutline="" class="mdc-notched…>…</div> subtree intercepts pointer events
      - retrying click action, attempt #113
      -   waiting 500ms
      -   waiting for element to be visible, enabled and stable
      -   element is visible, enabled and stable
      -   scrolling into view if needed
      -   done scrolling
      -   <mat-label _ngcontent-ng-c2013501738="" class="ng-tns-c3736…>Search Patient name , mrn</mat-label> from <div matformfieldnotchedoutline="" class="mdc-notched…>…</div> subtree intercepts pointer events
      - retrying click action, attempt #114
      -   waiting 500ms
      -   waiting for element to be visible, enabled and stable
      -   element is visible, enabled and stable
      -   scrolling into view if needed
      -   done scrolling
      -   <mat-label _ngcontent-ng-c2013501738="" class="ng-tns-c3736…>Search Patient name , mrn</mat-label> from <div matformfieldnotchedoutline="" class="mdc-notched…>…</div> subtree intercepts pointer events
      - retrying click action, attempt #115
      -   waiting 500ms
      -   waiting for element to be visible, enabled and stable
      -   element is visible, enabled and stable
      -   scrolling into view if needed
      -   done scrolling
      -   <mat-label _ngcontent-ng-c2013501738="" class="ng-tns-c3736…>Search Patient name , mrn</mat-label> from <div matformfieldnotchedoutline="" class="mdc-notched…>…</div> subtree intercepts pointer events
      - retrying click action, attempt #116
      -   waiting 500ms
      -   waiting for element to be visible, enabled and stable
      -   element is visible, enabled and stable
      -   scrolling into view if needed
      -   done scrolling
      -   <mat-label _ngcontent-ng-c2013501738="" class="ng-tns-c3736…>Search Patient name , mrn</mat-label> from <div matformfieldnotchedoutline="" class="mdc-notched…>…</div> subtree intercepts pointer events
      - retrying click action, attempt #117
      -   waiting 500ms
      -   waiting for element to be visible, enabled and stable
      -   element is visible, enabled and stable
      -   scrolling into view if needed
      -   done scrolling
      -   <mat-label _ngcontent-ng-c2013501738="" class="ng-tns-c3736…>Search Patient name , mrn</mat-label> from <div matformfieldnotchedoutline="" class="mdc-notched…>…</div> subtree intercepts pointer events
      - retrying click action, attempt #118
      -   waiting 500ms
      -   waiting for element to be visible, enabled and stable
      -   element is visible, enabled and stable
      -   scrolling into view if needed
      -   done scrolling
      -   <mat-label _ngcontent-ng-c2013501738="" class="ng-tns-c3736…>Search Patient name , mrn</mat-label> from <div matformfieldnotchedoutline="" class="mdc-notched…>…</div> subtree intercepts pointer events
      - retrying click action, attempt #119
      -   waiting 500ms
      -   waiting for element to be visible, enabled and stable
      -   element is visible, enabled and stable
      -   scrolling into view if needed
      -   done scrolling
      -   <mat-label _ngcontent-ng-c2013501738="" class="ng-tns-c3736…>Search Patient name , mrn</mat-label> from <div matformfieldnotchedoutline="" class="mdc-notched…>…</div> subtree intercepts pointer events
      - retrying click action, attempt #120
      -   waiting 500ms
      -   waiting for element to be visible, enabled and stable
      -   element is visible, enabled and stable
      -   scrolling into view if needed
      -   done scrolling
      -   <mat-label _ngcontent-ng-c2013501738="" class="ng-tns-c3736…>Search Patient name , mrn</mat-label> from <div matformfieldnotchedoutline="" class="mdc-notched…>…</div> subtree intercepts pointer events
      - retrying click action, attempt #121
      -   waiting 500ms
      -   waiting for element to be visible, enabled and stable
      -   element is visible, enabled and stable
      -   scrolling into view if needed
      -   done scrolling
      -   <mat-label _ngcontent-ng-c2013501738="" class="ng-tns-c3736…>Search Patient name , mrn</mat-label> from <div matformfieldnotchedoutline="" class="mdc-notched…>…</div> subtree intercepts pointer events
      - retrying click action, attempt #122
      -   waiting 500ms
      -   waiting for element to be visible, enabled and stable
      -   element is visible, enabled and stable
      -   scrolling into view if needed
      -   done scrolling
      -   <mat-label _ngcontent-ng-c2013501738="" class="ng-tns-c3736…>Search Patient name , mrn</mat-label> from <div matformfieldnotchedoutline="" class="mdc-notched…>…</div> subtree intercepts pointer events
      - retrying click action, attempt #123
      -   waiting 500ms
      -   waiting for element to be visible, enabled and stable
      -   element is visible, enabled and stable
      -   scrolling into view if needed
      -   done scrolling
      -   <mat-label _ngcontent-ng-c2013501738="" class="ng-tns-c3736…>Search Patient name , mrn</mat-label> from <div matformfieldnotchedoutline="" class="mdc-notched…>…</div> subtree intercepts pointer events
      - retrying click action, attempt #124
      -   waiting 500ms
      -   waiting for element to be visible, enabled and stable
      -   element is visible, enabled and stable
      -   scrolling into view if needed
      -   done scrolling
      -   <mat-label _ngcontent-ng-c2013501738="" class="ng-tns-c3736…>Search Patient name , mrn</mat-label> from <div matformfieldnotchedoutline="" class="mdc-notched…>…</div> subtree intercepts pointer events
      - retrying click action, attempt #125
      -   waiting 500ms
      -   waiting for element to be visible, enabled and stable
      -   element is visible, enabled and stable
      -   scrolling into view if needed
      -   done scrolling
      -   <mat-label _ngcontent-ng-c2013501738="" class="ng-tns-c3736…>Search Patient name , mrn</mat-label> from <div matformfieldnotchedoutline="" class="mdc-notched…>…</div> subtree intercepts pointer events
      - retrying click action, attempt #126
      -   waiting 500ms
      -   waiting for element to be visible, enabled and stable
      -   element is visible, enabled and stable
      -   scrolling into view if needed
      -   done scrolling
      -   <mat-label _ngcontent-ng-c2013501738="" class="ng-tns-c3736…>Search Patient name , mrn</mat-label> from <div matformfieldnotchedoutline="" class="mdc-notched…>…</div> subtree intercepts pointer events
      - retrying click action, attempt #127
      -   waiting 500ms
      -   waiting for element to be visible, enabled and stable
      -   element is visible, enabled and stable
      -   scrolling into view if needed
      -   done scrolling
      -   <mat-label _ngcontent-ng-c2013501738="" class="ng-tns-c3736…>Search Patient name , mrn</mat-label> from <div matformfieldnotchedoutline="" class="mdc-notched…>…</div> subtree intercepts pointer events
      - retrying click action, attempt #128
      -   waiting 500ms
      -   waiting for element to be visible, enabled and stable
      -   element is visible, enabled and stable
      -   scrolling into view if needed
      -   done scrolling
      -   <mat-label _ngcontent-ng-c2013501738="" class="ng-tns-c3736…>Search Patient name , mrn</mat-label> from <div matformfieldnotchedoutline="" class="mdc-notched…>…</div> subtree intercepts pointer events
      - retrying click action, attempt #129
      -   waiting 500ms
      -   waiting for element to be visible, enabled and stable
      -   element is visible, enabled and stable
      -   scrolling into view if needed
      -   done scrolling
      -   <mat-label _ngcontent-ng-c2013501738="" class="ng-tns-c3736…>Search Patient name , mrn</mat-label> from <div matformfieldnotchedoutline="" class="mdc-notched…>…</div> subtree intercepts pointer events
      - retrying click action, attempt #130
      -   waiting 500ms
      -   waiting for element to be visible, enabled and stable
      -   element is visible, enabled and stable
      -   scrolling into view if needed
      -   done scrolling
      -   <mat-label _ngcontent-ng-c2013501738="" class="ng-tns-c3736…>Search Patient name , mrn</mat-label> from <div matformfieldnotchedoutline="" class="mdc-notched…>…</div> subtree intercepts pointer events
      - retrying click action, attempt #131
      -   waiting 500ms
      -   waiting for element to be visible, enabled and stable
      -   element is visible, enabled and stable
      -   scrolling into view if needed
      -   done scrolling
      -   <mat-label _ngcontent-ng-c2013501738="" class="ng-tns-c3736…>Search Patient name , mrn</mat-label> from <div matformfieldnotchedoutline="" class="mdc-notched…>…</div> subtree intercepts pointer events
      - retrying click action, attempt #132
      -   waiting 500ms
      -   waiting for element to be visible, enabled and stable
      -   element is visible, enabled and stable
      -   scrolling into view if needed
      -   done scrolling
      -   <mat-label _ngcontent-ng-c2013501738="" class="ng-tns-c3736…>Search Patient name , mrn</mat-label> from <div matformfieldnotchedoutline="" class="mdc-notched…>…</div> subtree intercepts pointer events
      - retrying click action, attempt #133
      -   waiting 500ms
      -   waiting for element to be visible, enabled and stable
      -   element is visible, enabled and stable
      -   scrolling into view if needed
      -   done scrolling
      -   <mat-label _ngcontent-ng-c2013501738="" class="ng-tns-c3736…>Search Patient name , mrn</mat-label> from <div matformfieldnotchedoutline="" class="mdc-notched…>…</div> subtree intercepts pointer events
      - retrying click action, attempt #134
      -   waiting 500ms
      -   waiting for element to be visible, enabled and stable
      -   element is visible, enabled and stable
      -   scrolling into view if needed
      -   done scrolling
      -   <mat-label _ngcontent-ng-c2013501738="" class="ng-tns-c3736…>Search Patient name , mrn</mat-label> from <div matformfieldnotchedoutline="" class="mdc-notched…>…</div> subtree intercepts pointer events
      - retrying click action, attempt #135
      -   waiting 500ms
      -   waiting for element to be visible, enabled and stable
      -   element is visible, enabled and stable
      -   scrolling into view if needed
      -   done scrolling
      -   <mat-label _ngcontent-ng-c2013501738="" class="ng-tns-c3736…>Search Patient name , mrn</mat-label> from <div matformfieldnotchedoutline="" class="mdc-notched…>…</div> subtree intercepts pointer events
      - retrying click action, attempt #136
      -   waiting 500ms
      -   waiting for element to be visible, enabled and stable
      -   element is visible, enabled and stable
      -   scrolling into view if needed
      -   done scrolling
      -   <mat-label _ngcontent-ng-c2013501738="" class="ng-tns-c3736…>Search Patient name , mrn</mat-label> from <div matformfieldnotchedoutline="" class="mdc-notched…>…</div> subtree intercepts pointer events
      - retrying click action, attempt #137
      -   waiting 500ms
      -   waiting for element to be visible, enabled and stable
      -   element is visible, enabled and stable
      -   scrolling into view if needed
      -   done scrolling
      -   <mat-label _ngcontent-ng-c2013501738="" class="ng-tns-c3736…>Search Patient name , mrn</mat-label> from <div matformfieldnotchedoutline="" class="mdc-notched…>…</div> subtree intercepts pointer events
      - retrying click action, attempt #138
      -   waiting 500ms
      -   waiting for element to be visible, enabled and stable
      -   element is visible, enabled and stable
      -   scrolling into view if needed
      -   done scrolling
      -   <mat-label _ngcontent-ng-c2013501738="" class="ng-tns-c3736…>Search Patient name , mrn</mat-label> from <div matformfieldnotchedoutline="" class="mdc-notched…>…</div> subtree intercepts pointer events
      - retrying click action, attempt #139
      -   waiting 500ms
      -   waiting for element to be visible, enabled and stable
      -   element is visible, enabled and stable
      -   scrolling into view if needed
      -   done scrolling
      -   <mat-label _ngcontent-ng-c2013501738="" class="ng-tns-c3736…>Search Patient name , mrn</mat-label> from <div matformfieldnotchedoutline="" class="mdc-notched…>…</div> subtree intercepts pointer events
      - retrying click action, attempt #140
      -   waiting 500ms
      -   waiting for element to be visible, enabled and stable
      -   element is visible, enabled and stable
      -   scrolling into view if needed
      -   done scrolling
      -   <mat-label _ngcontent-ng-c2013501738="" class="ng-tns-c3736…>Search Patient name , mrn</mat-label> from <div matformfieldnotchedoutline="" class="mdc-notched…>…</div> subtree intercepts pointer events
      - retrying click action, attempt #141
      -   waiting 500ms
      -   waiting for element to be visible, enabled and stable
      -   element is visible, enabled and stable
      -   scrolling into view if needed
      -   done scrolling
      -   <mat-label _ngcontent-ng-c2013501738="" class="ng-tns-c3736…>Search Patient name , mrn</mat-label> from <div matformfieldnotchedoutline="" class="mdc-notched…>…</div> subtree intercepts pointer events
      - retrying click action, attempt #142
      -   waiting 500ms
      -   waiting for element to be visible, enabled and stable
      -   element is visible, enabled and stable
      -   scrolling into view if needed
      -   done scrolling
      -   <mat-label _ngcontent-ng-c2013501738="" class="ng-tns-c3736…>Search Patient name , mrn</mat-label> from <div matformfieldnotchedoutline="" class="mdc-notched…>…</div> subtree intercepts pointer events
      - retrying click action, attempt #143
      -   waiting 500ms
      -   waiting for element to be visible, enabled and stable
      -   element is visible, enabled and stable
      -   scrolling into view if needed
      -   done scrolling
      -   <mat-label _ngcontent-ng-c2013501738="" class="ng-tns-c3736…>Search Patient name , mrn</mat-label> from <div matformfieldnotchedoutline="" class="mdc-notched…>…</div> subtree intercepts pointer events
      - retrying click action, attempt #144
      -   waiting 500ms
      -   waiting for element to be visible, enabled and stable
      -   element is visible, enabled and stable
      -   scrolling into view if needed
      -   done scrolling
      -   <mat-label _ngcontent-ng-c2013501738="" class="ng-tns-c3736…>Search Patient name , mrn</mat-label> from <div matformfieldnotchedoutline="" class="mdc-notched…>…</div> subtree intercepts pointer events
      - retrying click action, attempt #145
      -   waiting 500ms
      -   waiting for element to be visible, enabled and stable
      -   element is visible, enabled and stable
      -   scrolling into view if needed
      -   done scrolling
      -   <mat-label _ngcontent-ng-c2013501738="" class="ng-tns-c3736…>Search Patient name , mrn</mat-label> from <div matformfieldnotchedoutline="" class="mdc-notched…>…</div> subtree intercepts pointer events
      - retrying click action, attempt #146
      -   waiting 500ms
      -   waiting for element to be visible, enabled and stable
      -   element is visible, enabled and stable
      -   scrolling into view if needed
      -   done scrolling
      -   <mat-label _ngcontent-ng-c2013501738="" class="ng-tns-c3736…>Search Patient name , mrn</mat-label> from <div matformfieldnotchedoutline="" class="mdc-notched…>…</div> subtree intercepts pointer events
      - retrying click action, attempt #147
      -   waiting 500ms
      -   waiting for element to be visible, enabled and stable
      -   element is visible, enabled and stable
      -   scrolling into view if needed
      -   done scrolling
      -   <mat-label _ngcontent-ng-c2013501738="" class="ng-tns-c3736…>Search Patient name , mrn</mat-label> from <div matformfieldnotchedoutline="" class="mdc-notched…>…</div> subtree intercepts pointer events
      - retrying click action, attempt #148
      -   waiting 500ms
      -   waiting for element to be visible, enabled and stable
      -   element is visible, enabled and stable
      -   scrolling into view if needed
      -   done scrolling
      -   <mat-label _ngcontent-ng-c2013501738="" class="ng-tns-c3736…>Search Patient name , mrn</mat-label> from <div matformfieldnotchedoutline="" class="mdc-notched…>…</div> subtree intercepts pointer events
      - retrying click action, attempt #149
      -   waiting 500ms
      -   waiting for element to be visible, enabled and stable
      -   element is visible, enabled and stable
      -   scrolling into view if needed
      -   done scrolling
      -   <mat-label _ngcontent-ng-c2013501738="" class="ng-tns-c3736…>Search Patient name , mrn</mat-label> from <div matformfieldnotchedoutline="" class="mdc-notched…>…</div> subtree intercepts pointer events
      - retrying click action, attempt #150
      -   waiting 500ms


       at classes\patientsPage.ts:54

      52 |     //search patient name (fillable)
      53 |     async searchPatient(patient){
    > 54 |         await this.page.getByLabel('Search Patient name , mrn').click();
         |                                                                 ^
      55 |         await this.page.getByLabel('Search Patient name , mrn').fill(patient);
      56 |         await this.page.getByLabel('Search Patient name , mrn').press('Enter');
      57 |     }

        at PatientsPage.searchPatient (C:\Users\white\work\mbh-playwright\classes\patientsPage.ts:54:65)
        at C:\Users\white\work\mbh-playwright\mbhpatientlabsfilter.mbhpages.ts:64:20

    attachment #1: screenshot (image/png) ──────────────────────────────────────────────────────────
    test-results\mbhpatientlabsfilter.mbhpages.ts-delete-patients-lab-chrome\test-failed-1.png
    ────────────────────────────────────────────────────────────────────────────────────────────────

    attachment #2: video (video/webm) ──────────────────────────────────────────────────────────────
    test-results\mbhpatientlabsfilter.mbhpages.ts-delete-patients-lab-chrome\video.webm
    ────────────────────────────────────────────────────────────────────────────────────────────────
]]>
</failure>
<system-out>
<![CDATA[
[[ATTACHMENT|test-results\mbhpatientlabsfilter.mbhpages.ts-delete-patients-lab-chrome\test-failed-1.png]]

[[ATTACHMENT|test-results\mbhpatientlabsfilter.mbhpages.ts-delete-patients-lab-chrome\video.webm]]
]]>
</system-out>
</testcase>
</testsuite>
<testsuite name="mbhpatientschvisit.mbhpages.ts" timestamp="2024-06-14T15:04:44.957Z" hostname="chrome" tests="6" failures="6" skipped="0" time="576.4" errors="0">
<testcase name="patient surgical visit" classname="mbhpatientschvisit.mbhpages.ts" time="95.93">
<properties>
<property name="slow" value="">
</property>
</properties>
<failure message="mbhpatientschvisit.mbhpages.ts:7:5 patient surgical visit" type="FAILURE">
<![CDATA[  [chrome] › mbhpatientschvisit.mbhpages.ts:7:5 › patient surgical visit ───────────────────────────

    Test timeout of 90000ms exceeded.

    Error: locator.click: Test timeout of 90000ms exceeded.
    Call log:
      - waiting for getByLabel('Search Patient name , mrn')
      -   locator resolved to <input matinput="" id="mat-input-0" aria-invalid="false…/>
      - attempting click action
      -   waiting for element to be visible, enabled and stable
      -   element is visible, enabled and stable
      -   scrolling into view if needed
      -   done scrolling
      -   <mat-label _ngcontent-ng-c2013501738="" class="ng-tns-c3736…>Search Patient name , mrn</mat-label> from <div matformfieldnotchedoutline="" class="mdc-notched…>…</div> subtree intercepts pointer events
      - retrying click action, attempt #1
      -   waiting for element to be visible, enabled and stable
      -   element is visible, enabled and stable
      -   scrolling into view if needed
      -   done scrolling
      -   <mat-label _ngcontent-ng-c2013501738="" class="ng-tns-c3736…>Search Patient name , mrn</mat-label> from <div matformfieldnotchedoutline="" class="mdc-notched…>…</div> subtree intercepts pointer events
      - retrying click action, attempt #2
      -   waiting 20ms
      -   waiting for element to be visible, enabled and stable
      -   element is visible, enabled and stable
      -   scrolling into view if needed
      -   done scrolling
      -   <mat-label _ngcontent-ng-c2013501738="" class="ng-tns-c3736…>Search Patient name , mrn</mat-label> from <div matformfieldnotchedoutline="" class="mdc-notched…>…</div> subtree intercepts pointer events
      - retrying click action, attempt #3
      -   waiting 100ms
      -   waiting for element to be visible, enabled and stable
      -   element is visible, enabled and stable
      -   scrolling into view if needed
      -   done scrolling
      -   <mat-label _ngcontent-ng-c2013501738="" class="ng-tns-c3736…>Search Patient name , mrn</mat-label> from <div matformfieldnotchedoutline="" class="mdc-notched…>…</div> subtree intercepts pointer events
      - retrying click action, attempt #4
      -   waiting 100ms
      -   waiting for element to be visible, enabled and stable
      -   element is visible, enabled and stable
      -   scrolling into view if needed
      -   done scrolling
      -   <mat-label _ngcontent-ng-c2013501738="" class="ng-tns-c3736…>Search Patient name , mrn</mat-label> from <div matformfieldnotchedoutline="" class="mdc-notched…>…</div> subtree intercepts pointer events
      - retrying click action, attempt #5
      -   waiting 500ms
      -   waiting for element to be visible, enabled and stable
      -   element is visible, enabled and stable
      -   scrolling into view if needed
      -   done scrolling
      -   <mat-label _ngcontent-ng-c2013501738="" class="ng-tns-c3736…>Search Patient name , mrn</mat-label> from <div matformfieldnotchedoutline="" class="mdc-notched…>…</div> subtree intercepts pointer events
      - retrying click action, attempt #6
      -   waiting 500ms
      -   waiting for element to be visible, enabled and stable
      -   element is visible, enabled and stable
      -   scrolling into view if needed
      -   done scrolling
      -   <mat-label _ngcontent-ng-c2013501738="" class="ng-tns-c3736…>Search Patient name , mrn</mat-label> from <div matformfieldnotchedoutline="" class="mdc-notched…>…</div> subtree intercepts pointer events
      - retrying click action, attempt #7
      -   waiting 500ms
      -   waiting for element to be visible, enabled and stable
      -   element is visible, enabled and stable
      -   scrolling into view if needed
      -   done scrolling
      -   <mat-label _ngcontent-ng-c2013501738="" class="ng-tns-c3736…>Search Patient name , mrn</mat-label> from <div matformfieldnotchedoutline="" class="mdc-notched…>…</div> subtree intercepts pointer events
      - retrying click action, attempt #8
      -   waiting 500ms
      -   waiting for element to be visible, enabled and stable
      -   element is visible, enabled and stable
      -   scrolling into view if needed
      -   done scrolling
      -   <mat-label _ngcontent-ng-c2013501738="" class="ng-tns-c3736…>Search Patient name , mrn</mat-label> from <div matformfieldnotchedoutline="" class="mdc-notched…>…</div> subtree intercepts pointer events
      - retrying click action, attempt #9
      -   waiting 500ms
      -   waiting for element to be visible, enabled and stable
      -   element is visible, enabled and stable
      -   scrolling into view if needed
      -   done scrolling
      -   <mat-label _ngcontent-ng-c2013501738="" class="ng-tns-c3736…>Search Patient name , mrn</mat-label> from <div matformfieldnotchedoutline="" class="mdc-notched…>…</div> subtree intercepts pointer events
      - retrying click action, attempt #10
      -   waiting 500ms
      -   waiting for element to be visible, enabled and stable
      -   element is visible, enabled and stable
      -   scrolling into view if needed
      -   done scrolling
      -   <mat-label _ngcontent-ng-c2013501738="" class="ng-tns-c3736…>Search Patient name , mrn</mat-label> from <div matformfieldnotchedoutline="" class="mdc-notched…>…</div> subtree intercepts pointer events
      - retrying click action, attempt #11
      -   waiting 500ms
      -   waiting for element to be visible, enabled and stable
      -   element is visible, enabled and stable
      -   scrolling into view if needed
      -   done scrolling
      -   <mat-label _ngcontent-ng-c2013501738="" class="ng-tns-c3736…>Search Patient name , mrn</mat-label> from <div matformfieldnotchedoutline="" class="mdc-notched…>…</div> subtree intercepts pointer events
      - retrying click action, attempt #12
      -   waiting 500ms
      -   waiting for element to be visible, enabled and stable
      -   element is visible, enabled and stable
      -   scrolling into view if needed
      -   done scrolling
      -   <mat-label _ngcontent-ng-c2013501738="" class="ng-tns-c3736…>Search Patient name , mrn</mat-label> from <div matformfieldnotchedoutline="" class="mdc-notched…>…</div> subtree intercepts pointer events
      - retrying click action, attempt #13
      -   waiting 500ms
      -   waiting for element to be visible, enabled and stable
      -   element is visible, enabled and stable
      -   scrolling into view if needed
      -   done scrolling
      -   <mat-label _ngcontent-ng-c2013501738="" class="ng-tns-c3736…>Search Patient name , mrn</mat-label> from <div matformfieldnotchedoutline="" class="mdc-notched…>…</div> subtree intercepts pointer events
      - retrying click action, attempt #14
      -   waiting 500ms
      -   waiting for element to be visible, enabled and stable
      -   element is visible, enabled and stable
      -   scrolling into view if needed
      -   done scrolling
      -   <mat-label _ngcontent-ng-c2013501738="" class="ng-tns-c3736…>Search Patient name , mrn</mat-label> from <div matformfieldnotchedoutline="" class="mdc-notched…>…</div> subtree intercepts pointer events
      - retrying click action, attempt #15
      -   waiting 500ms
      -   waiting for element to be visible, enabled and stable
      -   element is visible, enabled and stable
      -   scrolling into view if needed
      -   done scrolling
      -   <mat-label _ngcontent-ng-c2013501738="" class="ng-tns-c3736…>Search Patient name , mrn</mat-label> from <div matformfieldnotchedoutline="" class="mdc-notched…>…</div> subtree intercepts pointer events
      - retrying click action, attempt #16
      -   waiting 500ms
      -   waiting for element to be visible, enabled and stable
      -   element is visible, enabled and stable
      -   scrolling into view if needed
      -   done scrolling
      -   <mat-label _ngcontent-ng-c2013501738="" class="ng-tns-c3736…>Search Patient name , mrn</mat-label> from <div matformfieldnotchedoutline="" class="mdc-notched…>…</div> subtree intercepts pointer events
      - retrying click action, attempt #17
      -   waiting 500ms
      -   waiting for element to be visible, enabled and stable
      -   element is visible, enabled and stable
      -   scrolling into view if needed
      -   done scrolling
      -   <mat-label _ngcontent-ng-c2013501738="" class="ng-tns-c3736…>Search Patient name , mrn</mat-label> from <div matformfieldnotchedoutline="" class="mdc-notched…>…</div> subtree intercepts pointer events
      - retrying click action, attempt #18
      -   waiting 500ms
      -   waiting for element to be visible, enabled and stable
      -   element is visible, enabled and stable
      -   scrolling into view if needed
      -   done scrolling
      -   <mat-label _ngcontent-ng-c2013501738="" class="ng-tns-c3736…>Search Patient name , mrn</mat-label> from <div matformfieldnotchedoutline="" class="mdc-notched…>…</div> subtree intercepts pointer events
      - retrying click action, attempt #19
      -   waiting 500ms
      -   waiting for element to be visible, enabled and stable
      -   element is visible, enabled and stable
      -   scrolling into view if needed
      -   done scrolling
      -   <mat-label _ngcontent-ng-c2013501738="" class="ng-tns-c3736…>Search Patient name , mrn</mat-label> from <div matformfieldnotchedoutline="" class="mdc-notched…>…</div> subtree intercepts pointer events
      - retrying click action, attempt #20
      -   waiting 500ms
      -   waiting for element to be visible, enabled and stable
      -   element is visible, enabled and stable
      -   scrolling into view if needed
      -   done scrolling
      -   <mat-label _ngcontent-ng-c2013501738="" class="ng-tns-c3736…>Search Patient name , mrn</mat-label> from <div matformfieldnotchedoutline="" class="mdc-notched…>…</div> subtree intercepts pointer events
      - retrying click action, attempt #21
      -   waiting 500ms
      -   waiting for element to be visible, enabled and stable
      -   element is visible, enabled and stable
      -   scrolling into view if needed
      -   done scrolling
      -   <mat-label _ngcontent-ng-c2013501738="" class="ng-tns-c3736…>Search Patient name , mrn</mat-label> from <div matformfieldnotchedoutline="" class="mdc-notched…>…</div> subtree intercepts pointer events
      - retrying click action, attempt #22
      -   waiting 500ms
      -   waiting for element to be visible, enabled and stable
      -   element is visible, enabled and stable
      -   scrolling into view if needed
      -   done scrolling
      -   <mat-label _ngcontent-ng-c2013501738="" class="ng-tns-c3736…>Search Patient name , mrn</mat-label> from <div matformfieldnotchedoutline="" class="mdc-notched…>…</div> subtree intercepts pointer events
      - retrying click action, attempt #23
      -   waiting 500ms
      -   waiting for element to be visible, enabled and stable
      -   element is visible, enabled and stable
      -   scrolling into view if needed
      -   done scrolling
      -   <mat-label _ngcontent-ng-c2013501738="" class="ng-tns-c3736…>Search Patient name , mrn</mat-label> from <div matformfieldnotchedoutline="" class="mdc-notched…>…</div> subtree intercepts pointer events
      - retrying click action, attempt #24
      -   waiting 500ms
      -   waiting for element to be visible, enabled and stable
      -   element is visible, enabled and stable
      -   scrolling into view if needed
      -   done scrolling
      -   <mat-label _ngcontent-ng-c2013501738="" class="ng-tns-c3736…>Search Patient name , mrn</mat-label> from <div matformfieldnotchedoutline="" class="mdc-notched…>…</div> subtree intercepts pointer events
      - retrying click action, attempt #25
      -   waiting 500ms
      -   waiting for element to be visible, enabled and stable
      -   element is visible, enabled and stable
      -   scrolling into view if needed
      -   done scrolling
      -   <mat-label _ngcontent-ng-c2013501738="" class="ng-tns-c3736…>Search Patient name , mrn</mat-label> from <div matformfieldnotchedoutline="" class="mdc-notched…>…</div> subtree intercepts pointer events
      - retrying click action, attempt #26
      -   waiting 500ms
      -   waiting for element to be visible, enabled and stable
      -   element is visible, enabled and stable
      -   scrolling into view if needed
      -   done scrolling
      -   <mat-label _ngcontent-ng-c2013501738="" class="ng-tns-c3736…>Search Patient name , mrn</mat-label> from <div matformfieldnotchedoutline="" class="mdc-notched…>…</div> subtree intercepts pointer events
      - retrying click action, attempt #27
      -   waiting 500ms
      -   waiting for element to be visible, enabled and stable
      -   element is visible, enabled and stable
      -   scrolling into view if needed
      -   done scrolling
      -   <mat-label _ngcontent-ng-c2013501738="" class="ng-tns-c3736…>Search Patient name , mrn</mat-label> from <div matformfieldnotchedoutline="" class="mdc-notched…>…</div> subtree intercepts pointer events
      - retrying click action, attempt #28
      -   waiting 500ms
      -   waiting for element to be visible, enabled and stable
      -   element is visible, enabled and stable
      -   scrolling into view if needed
      -   done scrolling
      -   <mat-label _ngcontent-ng-c2013501738="" class="ng-tns-c3736…>Search Patient name , mrn</mat-label> from <div matformfieldnotchedoutline="" class="mdc-notched…>…</div> subtree intercepts pointer events
      - retrying click action, attempt #29
      -   waiting 500ms
      -   waiting for element to be visible, enabled and stable
      -   element is visible, enabled and stable
      -   scrolling into view if needed
      -   done scrolling
      -   <mat-label _ngcontent-ng-c2013501738="" class="ng-tns-c3736…>Search Patient name , mrn</mat-label> from <div matformfieldnotchedoutline="" class="mdc-notched…>…</div> subtree intercepts pointer events
      - retrying click action, attempt #30
      -   waiting 500ms
      -   waiting for element to be visible, enabled and stable
      -   element is visible, enabled and stable
      -   scrolling into view if needed
      -   done scrolling
      -   <mat-label _ngcontent-ng-c2013501738="" class="ng-tns-c3736…>Search Patient name , mrn</mat-label> from <div matformfieldnotchedoutline="" class="mdc-notched…>…</div> subtree intercepts pointer events
      - retrying click action, attempt #31
      -   waiting 500ms
      -   waiting for element to be visible, enabled and stable
      -   element is visible, enabled and stable
      -   scrolling into view if needed
      -   done scrolling
      -   <mat-label _ngcontent-ng-c2013501738="" class="ng-tns-c3736…>Search Patient name , mrn</mat-label> from <div matformfieldnotchedoutline="" class="mdc-notched…>…</div> subtree intercepts pointer events
      - retrying click action, attempt #32
      -   waiting 500ms
      -   waiting for element to be visible, enabled and stable
      -   element is visible, enabled and stable
      -   scrolling into view if needed
      -   done scrolling
      -   <mat-label _ngcontent-ng-c2013501738="" class="ng-tns-c3736…>Search Patient name , mrn</mat-label> from <div matformfieldnotchedoutline="" class="mdc-notched…>…</div> subtree intercepts pointer events
      - retrying click action, attempt #33
      -   waiting 500ms
      -   waiting for element to be visible, enabled and stable
      -   element is visible, enabled and stable
      -   scrolling into view if needed
      -   done scrolling
      -   <mat-label _ngcontent-ng-c2013501738="" class="ng-tns-c3736…>Search Patient name , mrn</mat-label> from <div matformfieldnotchedoutline="" class="mdc-notched…>…</div> subtree intercepts pointer events
      - retrying click action, attempt #34
      -   waiting 500ms
      -   waiting for element to be visible, enabled and stable
      -   element is visible, enabled and stable
      -   scrolling into view if needed
      -   done scrolling
      -   <mat-label _ngcontent-ng-c2013501738="" class="ng-tns-c3736…>Search Patient name , mrn</mat-label> from <div matformfieldnotchedoutline="" class="mdc-notched…>…</div> subtree intercepts pointer events
      - retrying click action, attempt #35
      -   waiting 500ms
      -   waiting for element to be visible, enabled and stable
      -   element is visible, enabled and stable
      -   scrolling into view if needed
      -   done scrolling
      -   <mat-label _ngcontent-ng-c2013501738="" class="ng-tns-c3736…>Search Patient name , mrn</mat-label> from <div matformfieldnotchedoutline="" class="mdc-notched…>…</div> subtree intercepts pointer events
      - retrying click action, attempt #36
      -   waiting 500ms
      -   waiting for element to be visible, enabled and stable
      -   element is visible, enabled and stable
      -   scrolling into view if needed
      -   done scrolling
      -   <mat-label _ngcontent-ng-c2013501738="" class="ng-tns-c3736…>Search Patient name , mrn</mat-label> from <div matformfieldnotchedoutline="" class="mdc-notched…>…</div> subtree intercepts pointer events
      - retrying click action, attempt #37
      -   waiting 500ms
      -   waiting for element to be visible, enabled and stable
      -   element is visible, enabled and stable
      -   scrolling into view if needed
      -   done scrolling
      -   <mat-label _ngcontent-ng-c2013501738="" class="ng-tns-c3736…>Search Patient name , mrn</mat-label> from <div matformfieldnotchedoutline="" class="mdc-notched…>…</div> subtree intercepts pointer events
      - retrying click action, attempt #38
      -   waiting 500ms
      -   waiting for element to be visible, enabled and stable
      -   element is visible, enabled and stable
      -   scrolling into view if needed
      -   done scrolling
      -   <mat-label _ngcontent-ng-c2013501738="" class="ng-tns-c3736…>Search Patient name , mrn</mat-label> from <div matformfieldnotchedoutline="" class="mdc-notched…>…</div> subtree intercepts pointer events
      - retrying click action, attempt #39
      -   waiting 500ms
      -   waiting for element to be visible, enabled and stable
      -   element is visible, enabled and stable
      -   scrolling into view if needed
      -   done scrolling
      -   <mat-label _ngcontent-ng-c2013501738="" class="ng-tns-c3736…>Search Patient name , mrn</mat-label> from <div matformfieldnotchedoutline="" class="mdc-notched…>…</div> subtree intercepts pointer events
      - retrying click action, attempt #40
      -   waiting 500ms
      -   waiting for element to be visible, enabled and stable
      -   element is visible, enabled and stable
      -   scrolling into view if needed
      -   done scrolling
      -   <mat-label _ngcontent-ng-c2013501738="" class="ng-tns-c3736…>Search Patient name , mrn</mat-label> from <div matformfieldnotchedoutline="" class="mdc-notched…>…</div> subtree intercepts pointer events
      - retrying click action, attempt #41
      -   waiting 500ms
      -   waiting for element to be visible, enabled and stable
      -   element is visible, enabled and stable
      -   scrolling into view if needed
      -   done scrolling
      -   <mat-label _ngcontent-ng-c2013501738="" class="ng-tns-c3736…>Search Patient name , mrn</mat-label> from <div matformfieldnotchedoutline="" class="mdc-notched…>…</div> subtree intercepts pointer events
      - retrying click action, attempt #42
      -   waiting 500ms
      -   waiting for element to be visible, enabled and stable
      -   element is visible, enabled and stable
      -   scrolling into view if needed
      -   done scrolling
      -   <mat-label _ngcontent-ng-c2013501738="" class="ng-tns-c3736…>Search Patient name , mrn</mat-label> from <div matformfieldnotchedoutline="" class="mdc-notched…>…</div> subtree intercepts pointer events
      - retrying click action, attempt #43
      -   waiting 500ms
      -   waiting for element to be visible, enabled and stable
      -   element is visible, enabled and stable
      -   scrolling into view if needed
      -   done scrolling
      -   <mat-label _ngcontent-ng-c2013501738="" class="ng-tns-c3736…>Search Patient name , mrn</mat-label> from <div matformfieldnotchedoutline="" class="mdc-notched…>…</div> subtree intercepts pointer events
      - retrying click action, attempt #44
      -   waiting 500ms
      -   waiting for element to be visible, enabled and stable
      -   element is visible, enabled and stable
      -   scrolling into view if needed
      -   done scrolling
      -   <mat-label _ngcontent-ng-c2013501738="" class="ng-tns-c3736…>Search Patient name , mrn</mat-label> from <div matformfieldnotchedoutline="" class="mdc-notched…>…</div> subtree intercepts pointer events
      - retrying click action, attempt #45
      -   waiting 500ms
      -   waiting for element to be visible, enabled and stable
      -   element is visible, enabled and stable
      -   scrolling into view if needed
      -   done scrolling
      -   <mat-label _ngcontent-ng-c2013501738="" class="ng-tns-c3736…>Search Patient name , mrn</mat-label> from <div matformfieldnotchedoutline="" class="mdc-notched…>…</div> subtree intercepts pointer events
      - retrying click action, attempt #46
      -   waiting 500ms
      -   waiting for element to be visible, enabled and stable
      -   element is visible, enabled and stable
      -   scrolling into view if needed
      -   done scrolling
      -   <mat-label _ngcontent-ng-c2013501738="" class="ng-tns-c3736…>Search Patient name , mrn</mat-label> from <div matformfieldnotchedoutline="" class="mdc-notched…>…</div> subtree intercepts pointer events
      - retrying click action, attempt #47
      -   waiting 500ms
      -   waiting for element to be visible, enabled and stable
      -   element is visible, enabled and stable
      -   scrolling into view if needed
      -   done scrolling
      -   <mat-label _ngcontent-ng-c2013501738="" class="ng-tns-c3736…>Search Patient name , mrn</mat-label> from <div matformfieldnotchedoutline="" class="mdc-notched…>…</div> subtree intercepts pointer events
      - retrying click action, attempt #48
      -   waiting 500ms
      -   waiting for element to be visible, enabled and stable
      -   element is visible, enabled and stable
      -   scrolling into view if needed
      -   done scrolling
      -   <mat-label _ngcontent-ng-c2013501738="" class="ng-tns-c3736…>Search Patient name , mrn</mat-label> from <div matformfieldnotchedoutline="" class="mdc-notched…>…</div> subtree intercepts pointer events
      - retrying click action, attempt #49
      -   waiting 500ms
      -   waiting for element to be visible, enabled and stable
      -   element is visible, enabled and stable
      -   scrolling into view if needed
      -   done scrolling
      -   <mat-label _ngcontent-ng-c2013501738="" class="ng-tns-c3736…>Search Patient name , mrn</mat-label> from <div matformfieldnotchedoutline="" class="mdc-notched…>…</div> subtree intercepts pointer events
      - retrying click action, attempt #50
      -   waiting 500ms
      -   waiting for element to be visible, enabled and stable
      -   element is visible, enabled and stable
      -   scrolling into view if needed
      -   done scrolling
      -   <mat-label _ngcontent-ng-c2013501738="" class="ng-tns-c3736…>Search Patient name , mrn</mat-label> from <div matformfieldnotchedoutline="" class="mdc-notched…>…</div> subtree intercepts pointer events
      - retrying click action, attempt #51
      -   waiting 500ms
      -   waiting for element to be visible, enabled and stable
      -   element is visible, enabled and stable
      -   scrolling into view if needed
      -   done scrolling
      -   <mat-label _ngcontent-ng-c2013501738="" class="ng-tns-c3736…>Search Patient name , mrn</mat-label> from <div matformfieldnotchedoutline="" class="mdc-notched…>…</div> subtree intercepts pointer events
      - retrying click action, attempt #52
      -   waiting 500ms
      -   waiting for element to be visible, enabled and stable
      -   element is visible, enabled and stable
      -   scrolling into view if needed
      -   done scrolling
      -   <mat-label _ngcontent-ng-c2013501738="" class="ng-tns-c3736…>Search Patient name , mrn</mat-label> from <div matformfieldnotchedoutline="" class="mdc-notched…>…</div> subtree intercepts pointer events
      - retrying click action, attempt #53
      -   waiting 500ms
      -   waiting for element to be visible, enabled and stable
      -   element is visible, enabled and stable
      -   scrolling into view if needed
      -   done scrolling
      -   <mat-label _ngcontent-ng-c2013501738="" class="ng-tns-c3736…>Search Patient name , mrn</mat-label> from <div matformfieldnotchedoutline="" class="mdc-notched…>…</div> subtree intercepts pointer events
      - retrying click action, attempt #54
      -   waiting 500ms
      -   waiting for element to be visible, enabled and stable
      -   element is visible, enabled and stable
      -   scrolling into view if needed
      -   done scrolling
      -   <mat-label _ngcontent-ng-c2013501738="" class="ng-tns-c3736…>Search Patient name , mrn</mat-label> from <div matformfieldnotchedoutline="" class="mdc-notched…>…</div> subtree intercepts pointer events
      - retrying click action, attempt #55
      -   waiting 500ms
      -   waiting for element to be visible, enabled and stable
      -   element is visible, enabled and stable
      -   scrolling into view if needed
      -   done scrolling
      -   <mat-label _ngcontent-ng-c2013501738="" class="ng-tns-c3736…>Search Patient name , mrn</mat-label> from <div matformfieldnotchedoutline="" class="mdc-notched…>…</div> subtree intercepts pointer events
      - retrying click action, attempt #56
      -   waiting 500ms
      -   waiting for element to be visible, enabled and stable
      -   element is visible, enabled and stable
      -   scrolling into view if needed
      -   done scrolling
      -   <mat-label _ngcontent-ng-c2013501738="" class="ng-tns-c3736…>Search Patient name , mrn</mat-label> from <div matformfieldnotchedoutline="" class="mdc-notched…>…</div> subtree intercepts pointer events
      - retrying click action, attempt #57
      -   waiting 500ms
      -   waiting for element to be visible, enabled and stable
      -   element is visible, enabled and stable
      -   scrolling into view if needed
      -   done scrolling
      -   <mat-label _ngcontent-ng-c2013501738="" class="ng-tns-c3736…>Search Patient name , mrn</mat-label> from <div matformfieldnotchedoutline="" class="mdc-notched…>…</div> subtree intercepts pointer events
      - retrying click action, attempt #58
      -   waiting 500ms
      -   waiting for element to be visible, enabled and stable
      -   element is visible, enabled and stable
      -   scrolling into view if needed
      -   done scrolling
      -   <mat-label _ngcontent-ng-c2013501738="" class="ng-tns-c3736…>Search Patient name , mrn</mat-label> from <div matformfieldnotchedoutline="" class="mdc-notched…>…</div> subtree intercepts pointer events
      - retrying click action, attempt #59
      -   waiting 500ms
      -   waiting for element to be visible, enabled and stable
      -   element is visible, enabled and stable
      -   scrolling into view if needed
      -   done scrolling
      -   <mat-label _ngcontent-ng-c2013501738="" class="ng-tns-c3736…>Search Patient name , mrn</mat-label> from <div matformfieldnotchedoutline="" class="mdc-notched…>…</div> subtree intercepts pointer events
      - retrying click action, attempt #60
      -   waiting 500ms
      -   waiting for element to be visible, enabled and stable
      -   element is visible, enabled and stable
      -   scrolling into view if needed
      -   done scrolling
      -   <mat-label _ngcontent-ng-c2013501738="" class="ng-tns-c3736…>Search Patient name , mrn</mat-label> from <div matformfieldnotchedoutline="" class="mdc-notched…>…</div> subtree intercepts pointer events
      - retrying click action, attempt #61
      -   waiting 500ms
      -   waiting for element to be visible, enabled and stable
      -   element is visible, enabled and stable
      -   scrolling into view if needed
      -   done scrolling
      -   <mat-label _ngcontent-ng-c2013501738="" class="ng-tns-c3736…>Search Patient name , mrn</mat-label> from <div matformfieldnotchedoutline="" class="mdc-notched…>…</div> subtree intercepts pointer events
      - retrying click action, attempt #62
      -   waiting 500ms
      -   waiting for element to be visible, enabled and stable
      -   element is visible, enabled and stable
      -   scrolling into view if needed
      -   done scrolling
      -   <mat-label _ngcontent-ng-c2013501738="" class="ng-tns-c3736…>Search Patient name , mrn</mat-label> from <div matformfieldnotchedoutline="" class="mdc-notched…>…</div> subtree intercepts pointer events
      - retrying click action, attempt #63
      -   waiting 500ms
      -   waiting for element to be visible, enabled and stable
      -   element is visible, enabled and stable
      -   scrolling into view if needed
      -   done scrolling
      -   <mat-label _ngcontent-ng-c2013501738="" class="ng-tns-c3736…>Search Patient name , mrn</mat-label> from <div matformfieldnotchedoutline="" class="mdc-notched…>…</div> subtree intercepts pointer events
      - retrying click action, attempt #64
      -   waiting 500ms
      -   waiting for element to be visible, enabled and stable
      -   element is visible, enabled and stable
      -   scrolling into view if needed
      -   done scrolling
      -   <mat-label _ngcontent-ng-c2013501738="" class="ng-tns-c3736…>Search Patient name , mrn</mat-label> from <div matformfieldnotchedoutline="" class="mdc-notched…>…</div> subtree intercepts pointer events
      - retrying click action, attempt #65
      -   waiting 500ms
      -   waiting for element to be visible, enabled and stable
      -   element is visible, enabled and stable
      -   scrolling into view if needed
      -   done scrolling
      -   <mat-label _ngcontent-ng-c2013501738="" class="ng-tns-c3736…>Search Patient name , mrn</mat-label> from <div matformfieldnotchedoutline="" class="mdc-notched…>…</div> subtree intercepts pointer events
      - retrying click action, attempt #66
      -   waiting 500ms
      -   waiting for element to be visible, enabled and stable
      -   element is visible, enabled and stable
      -   scrolling into view if needed
      -   done scrolling
      -   <mat-label _ngcontent-ng-c2013501738="" class="ng-tns-c3736…>Search Patient name , mrn</mat-label> from <div matformfieldnotchedoutline="" class="mdc-notched…>…</div> subtree intercepts pointer events
      - retrying click action, attempt #67
      -   waiting 500ms
      -   waiting for element to be visible, enabled and stable
      -   element is visible, enabled and stable
      -   scrolling into view if needed
      -   done scrolling
      -   <mat-label _ngcontent-ng-c2013501738="" class="ng-tns-c3736…>Search Patient name , mrn</mat-label> from <div matformfieldnotchedoutline="" class="mdc-notched…>…</div> subtree intercepts pointer events
      - retrying click action, attempt #68
      -   waiting 500ms
      -   waiting for element to be visible, enabled and stable
      -   element is visible, enabled and stable
      -   scrolling into view if needed
      -   done scrolling
      -   <mat-label _ngcontent-ng-c2013501738="" class="ng-tns-c3736…>Search Patient name , mrn</mat-label> from <div matformfieldnotchedoutline="" class="mdc-notched…>…</div> subtree intercepts pointer events
      - retrying click action, attempt #69
      -   waiting 500ms
      -   waiting for element to be visible, enabled and stable
      -   element is visible, enabled and stable
      -   scrolling into view if needed
      -   done scrolling
      -   <mat-label _ngcontent-ng-c2013501738="" class="ng-tns-c3736…>Search Patient name , mrn</mat-label> from <div matformfieldnotchedoutline="" class="mdc-notched…>…</div> subtree intercepts pointer events
      - retrying click action, attempt #70
      -   waiting 500ms
      -   waiting for element to be visible, enabled and stable
      -   element is visible, enabled and stable
      -   scrolling into view if needed
      -   done scrolling
      -   <mat-label _ngcontent-ng-c2013501738="" class="ng-tns-c3736…>Search Patient name , mrn</mat-label> from <div matformfieldnotchedoutline="" class="mdc-notched…>…</div> subtree intercepts pointer events
      - retrying click action, attempt #71
      -   waiting 500ms
      -   waiting for element to be visible, enabled and stable
      -   element is visible, enabled and stable
      -   scrolling into view if needed
      -   done scrolling
      -   <mat-label _ngcontent-ng-c2013501738="" class="ng-tns-c3736…>Search Patient name , mrn</mat-label> from <div matformfieldnotchedoutline="" class="mdc-notched…>…</div> subtree intercepts pointer events
      - retrying click action, attempt #72
      -   waiting 500ms
      -   waiting for element to be visible, enabled and stable
      -   element is visible, enabled and stable
      -   scrolling into view if needed
      -   done scrolling
      -   <mat-label _ngcontent-ng-c2013501738="" class="ng-tns-c3736…>Search Patient name , mrn</mat-label> from <div matformfieldnotchedoutline="" class="mdc-notched…>…</div> subtree intercepts pointer events
      - retrying click action, attempt #73
      -   waiting 500ms
      -   waiting for element to be visible, enabled and stable
      -   element is visible, enabled and stable
      -   scrolling into view if needed
      -   done scrolling
      -   <mat-label _ngcontent-ng-c2013501738="" class="ng-tns-c3736…>Search Patient name , mrn</mat-label> from <div matformfieldnotchedoutline="" class="mdc-notched…>…</div> subtree intercepts pointer events
      - retrying click action, attempt #74
      -   waiting 500ms
      -   waiting for element to be visible, enabled and stable
      -   element is visible, enabled and stable
      -   scrolling into view if needed
      -   done scrolling
      -   <mat-label _ngcontent-ng-c2013501738="" class="ng-tns-c3736…>Search Patient name , mrn</mat-label> from <div matformfieldnotchedoutline="" class="mdc-notched…>…</div> subtree intercepts pointer events
      - retrying click action, attempt #75
      -   waiting 500ms
      -   waiting for element to be visible, enabled and stable
      -   element is visible, enabled and stable
      -   scrolling into view if needed
      -   done scrolling
      -   <mat-label _ngcontent-ng-c2013501738="" class="ng-tns-c3736…>Search Patient name , mrn</mat-label> from <div matformfieldnotchedoutline="" class="mdc-notched…>…</div> subtree intercepts pointer events
      - retrying click action, attempt #76
      -   waiting 500ms
      -   waiting for element to be visible, enabled and stable
      -   element is visible, enabled and stable
      -   scrolling into view if needed
      -   done scrolling
      -   <mat-label _ngcontent-ng-c2013501738="" class="ng-tns-c3736…>Search Patient name , mrn</mat-label> from <div matformfieldnotchedoutline="" class="mdc-notched…>…</div> subtree intercepts pointer events
      - retrying click action, attempt #77
      -   waiting 500ms
      -   waiting for element to be visible, enabled and stable
      -   element is visible, enabled and stable
      -   scrolling into view if needed
      -   done scrolling
      -   <mat-label _ngcontent-ng-c2013501738="" class="ng-tns-c3736…>Search Patient name , mrn</mat-label> from <div matformfieldnotchedoutline="" class="mdc-notched…>…</div> subtree intercepts pointer events
      - retrying click action, attempt #78
      -   waiting 500ms
      -   waiting for element to be visible, enabled and stable
      -   element is visible, enabled and stable
      -   scrolling into view if needed
      -   done scrolling
      -   <mat-label _ngcontent-ng-c2013501738="" class="ng-tns-c3736…>Search Patient name , mrn</mat-label> from <div matformfieldnotchedoutline="" class="mdc-notched…>…</div> subtree intercepts pointer events
      - retrying click action, attempt #79
      -   waiting 500ms
      -   waiting for element to be visible, enabled and stable
      -   element is visible, enabled and stable
      -   scrolling into view if needed
      -   done scrolling
      -   <mat-label _ngcontent-ng-c2013501738="" class="ng-tns-c3736…>Search Patient name , mrn</mat-label> from <div matformfieldnotchedoutline="" class="mdc-notched…>…</div> subtree intercepts pointer events
      - retrying click action, attempt #80
      -   waiting 500ms
      -   waiting for element to be visible, enabled and stable
      -   element is visible, enabled and stable
      -   scrolling into view if needed
      -   done scrolling
      -   <mat-label _ngcontent-ng-c2013501738="" class="ng-tns-c3736…>Search Patient name , mrn</mat-label> from <div matformfieldnotchedoutline="" class="mdc-notched…>…</div> subtree intercepts pointer events
      - retrying click action, attempt #81
      -   waiting 500ms
      -   waiting for element to be visible, enabled and stable
      -   element is visible, enabled and stable
      -   scrolling into view if needed
      -   done scrolling
      -   <mat-label _ngcontent-ng-c2013501738="" class="ng-tns-c3736…>Search Patient name , mrn</mat-label> from <div matformfieldnotchedoutline="" class="mdc-notched…>…</div> subtree intercepts pointer events
      - retrying click action, attempt #82
      -   waiting 500ms
      -   waiting for element to be visible, enabled and stable
      -   element is visible, enabled and stable
      -   scrolling into view if needed
      -   done scrolling
      -   <mat-label _ngcontent-ng-c2013501738="" class="ng-tns-c3736…>Search Patient name , mrn</mat-label> from <div matformfieldnotchedoutline="" class="mdc-notched…>…</div> subtree intercepts pointer events
      - retrying click action, attempt #83
      -   waiting 500ms
      -   waiting for element to be visible, enabled and stable
      -   element is visible, enabled and stable
      -   scrolling into view if needed
      -   done scrolling
      -   <mat-label _ngcontent-ng-c2013501738="" class="ng-tns-c3736…>Search Patient name , mrn</mat-label> from <div matformfieldnotchedoutline="" class="mdc-notched…>…</div> subtree intercepts pointer events
      - retrying click action, attempt #84
      -   waiting 500ms
      -   waiting for element to be visible, enabled and stable
      -   element is visible, enabled and stable
      -   scrolling into view if needed
      -   done scrolling
      -   <mat-label _ngcontent-ng-c2013501738="" class="ng-tns-c3736…>Search Patient name , mrn</mat-label> from <div matformfieldnotchedoutline="" class="mdc-notched…>…</div> subtree intercepts pointer events
      - retrying click action, attempt #85
      -   waiting 500ms
      -   waiting for element to be visible, enabled and stable
      -   element is visible, enabled and stable
      -   scrolling into view if needed
      -   done scrolling
      -   <mat-label _ngcontent-ng-c2013501738="" class="ng-tns-c3736…>Search Patient name , mrn</mat-label> from <div matformfieldnotchedoutline="" class="mdc-notched…>…</div> subtree intercepts pointer events
      - retrying click action, attempt #86
      -   waiting 500ms
      -   waiting for element to be visible, enabled and stable
      -   element is visible, enabled and stable
      -   scrolling into view if needed
      -   done scrolling
      -   <mat-label _ngcontent-ng-c2013501738="" class="ng-tns-c3736…>Search Patient name , mrn</mat-label> from <div matformfieldnotchedoutline="" class="mdc-notched…>…</div> subtree intercepts pointer events
      - retrying click action, attempt #87
      -   waiting 500ms
      -   waiting for element to be visible, enabled and stable
      -   element is visible, enabled and stable
      -   scrolling into view if needed
      -   done scrolling
      -   <mat-label _ngcontent-ng-c2013501738="" class="ng-tns-c3736…>Search Patient name , mrn</mat-label> from <div matformfieldnotchedoutline="" class="mdc-notched…>…</div> subtree intercepts pointer events
      - retrying click action, attempt #88
      -   waiting 500ms
      -   waiting for element to be visible, enabled and stable
      -   element is visible, enabled and stable
      -   scrolling into view if needed
      -   done scrolling
      -   <mat-label _ngcontent-ng-c2013501738="" class="ng-tns-c3736…>Search Patient name , mrn</mat-label> from <div matformfieldnotchedoutline="" class="mdc-notched…>…</div> subtree intercepts pointer events
      - retrying click action, attempt #89
      -   waiting 500ms
      -   waiting for element to be visible, enabled and stable
      -   element is visible, enabled and stable
      -   scrolling into view if needed
      -   done scrolling
      -   <mat-label _ngcontent-ng-c2013501738="" class="ng-tns-c3736…>Search Patient name , mrn</mat-label> from <div matformfieldnotchedoutline="" class="mdc-notched…>…</div> subtree intercepts pointer events
      - retrying click action, attempt #90
      -   waiting 500ms
      -   waiting for element to be visible, enabled and stable
      -   element is visible, enabled and stable
      -   scrolling into view if needed
      -   done scrolling
      -   <mat-label _ngcontent-ng-c2013501738="" class="ng-tns-c3736…>Search Patient name , mrn</mat-label> from <div matformfieldnotchedoutline="" class="mdc-notched…>…</div> subtree intercepts pointer events
      - retrying click action, attempt #91
      -   waiting 500ms
      -   waiting for element to be visible, enabled and stable
      -   element is visible, enabled and stable
      -   scrolling into view if needed
      -   done scrolling
      -   <mat-label _ngcontent-ng-c2013501738="" class="ng-tns-c3736…>Search Patient name , mrn</mat-label> from <div matformfieldnotchedoutline="" class="mdc-notched…>…</div> subtree intercepts pointer events
      - retrying click action, attempt #92
      -   waiting 500ms
      -   waiting for element to be visible, enabled and stable
      -   element is visible, enabled and stable
      -   scrolling into view if needed
      -   done scrolling
      -   <mat-label _ngcontent-ng-c2013501738="" class="ng-tns-c3736…>Search Patient name , mrn</mat-label> from <div matformfieldnotchedoutline="" class="mdc-notched…>…</div> subtree intercepts pointer events
      - retrying click action, attempt #93
      -   waiting 500ms
      -   waiting for element to be visible, enabled and stable
      -   element is visible, enabled and stable
      -   scrolling into view if needed
      -   done scrolling
      -   <mat-label _ngcontent-ng-c2013501738="" class="ng-tns-c3736…>Search Patient name , mrn</mat-label> from <div matformfieldnotchedoutline="" class="mdc-notched…>…</div> subtree intercepts pointer events
      - retrying click action, attempt #94
      -   waiting 500ms
      -   waiting for element to be visible, enabled and stable
      -   element is visible, enabled and stable
      -   scrolling into view if needed
      -   done scrolling
      -   <mat-label _ngcontent-ng-c2013501738="" class="ng-tns-c3736…>Search Patient name , mrn</mat-label> from <div matformfieldnotchedoutline="" class="mdc-notched…>…</div> subtree intercepts pointer events
      - retrying click action, attempt #95
      -   waiting 500ms
      -   waiting for element to be visible, enabled and stable
      -   element is visible, enabled and stable
      -   scrolling into view if needed
      -   done scrolling
      -   <mat-label _ngcontent-ng-c2013501738="" class="ng-tns-c3736…>Search Patient name , mrn</mat-label> from <div matformfieldnotchedoutline="" class="mdc-notched…>…</div> subtree intercepts pointer events
      - retrying click action, attempt #96
      -   waiting 500ms
      -   waiting for element to be visible, enabled and stable
      -   element is visible, enabled and stable
      -   scrolling into view if needed
      -   done scrolling
      -   <mat-label _ngcontent-ng-c2013501738="" class="ng-tns-c3736…>Search Patient name , mrn</mat-label> from <div matformfieldnotchedoutline="" class="mdc-notched…>…</div> subtree intercepts pointer events
      - retrying click action, attempt #97
      -   waiting 500ms
      -   waiting for element to be visible, enabled and stable
      -   element is visible, enabled and stable
      -   scrolling into view if needed
      -   done scrolling
      -   <mat-label _ngcontent-ng-c2013501738="" class="ng-tns-c3736…>Search Patient name , mrn</mat-label> from <div matformfieldnotchedoutline="" class="mdc-notched…>…</div> subtree intercepts pointer events
      - retrying click action, attempt #98
      -   waiting 500ms
      -   waiting for element to be visible, enabled and stable
      -   element is visible, enabled and stable
      -   scrolling into view if needed
      -   done scrolling
      -   <mat-label _ngcontent-ng-c2013501738="" class="ng-tns-c3736…>Search Patient name , mrn</mat-label> from <div matformfieldnotchedoutline="" class="mdc-notched…>…</div> subtree intercepts pointer events
      - retrying click action, attempt #99
      -   waiting 500ms
      -   waiting for element to be visible, enabled and stable
      -   element is visible, enabled and stable
      -   scrolling into view if needed
      -   done scrolling
      -   <mat-label _ngcontent-ng-c2013501738="" class="ng-tns-c3736…>Search Patient name , mrn</mat-label> from <div matformfieldnotchedoutline="" class="mdc-notched…>…</div> subtree intercepts pointer events
      - retrying click action, attempt #100
      -   waiting 500ms
      -   waiting for element to be visible, enabled and stable
      -   element is visible, enabled and stable
      -   scrolling into view if needed
      -   done scrolling
      -   <mat-label _ngcontent-ng-c2013501738="" class="ng-tns-c3736…>Search Patient name , mrn</mat-label> from <div matformfieldnotchedoutline="" class="mdc-notched…>…</div> subtree intercepts pointer events
      - retrying click action, attempt #101
      -   waiting 500ms
      -   waiting for element to be visible, enabled and stable
      -   element is visible, enabled and stable
      -   scrolling into view if needed
      -   done scrolling
      -   <mat-label _ngcontent-ng-c2013501738="" class="ng-tns-c3736…>Search Patient name , mrn</mat-label> from <div matformfieldnotchedoutline="" class="mdc-notched…>…</div> subtree intercepts pointer events
      - retrying click action, attempt #102
      -   waiting 500ms
      -   waiting for element to be visible, enabled and stable
      -   element is visible, enabled and stable
      -   scrolling into view if needed
      -   done scrolling
      -   <mat-label _ngcontent-ng-c2013501738="" class="ng-tns-c3736…>Search Patient name , mrn</mat-label> from <div matformfieldnotchedoutline="" class="mdc-notched…>…</div> subtree intercepts pointer events
      - retrying click action, attempt #103
      -   waiting 500ms
      -   waiting for element to be visible, enabled and stable
      -   element is visible, enabled and stable
      -   scrolling into view if needed
      -   done scrolling
      -   <mat-label _ngcontent-ng-c2013501738="" class="ng-tns-c3736…>Search Patient name , mrn</mat-label> from <div matformfieldnotchedoutline="" class="mdc-notched…>…</div> subtree intercepts pointer events
      - retrying click action, attempt #104
      -   waiting 500ms
      -   waiting for element to be visible, enabled and stable
      -   element is visible, enabled and stable
      -   scrolling into view if needed
      -   done scrolling
      -   <mat-label _ngcontent-ng-c2013501738="" class="ng-tns-c3736…>Search Patient name , mrn</mat-label> from <div matformfieldnotchedoutline="" class="mdc-notched…>…</div> subtree intercepts pointer events
      - retrying click action, attempt #105
      -   waiting 500ms
      -   waiting for element to be visible, enabled and stable
      -   element is visible, enabled and stable
      -   scrolling into view if needed
      -   done scrolling
      -   <mat-label _ngcontent-ng-c2013501738="" class="ng-tns-c3736…>Search Patient name , mrn</mat-label> from <div matformfieldnotchedoutline="" class="mdc-notched…>…</div> subtree intercepts pointer events
      - retrying click action, attempt #106
      -   waiting 500ms
      -   waiting for element to be visible, enabled and stable
      -   element is visible, enabled and stable
      -   scrolling into view if needed
      -   done scrolling
      -   <mat-label _ngcontent-ng-c2013501738="" class="ng-tns-c3736…>Search Patient name , mrn</mat-label> from <div matformfieldnotchedoutline="" class="mdc-notched…>…</div> subtree intercepts pointer events
      - retrying click action, attempt #107
      -   waiting 500ms
      -   waiting for element to be visible, enabled and stable
      -   element is visible, enabled and stable
      -   scrolling into view if needed
      -   done scrolling
      -   <mat-label _ngcontent-ng-c2013501738="" class="ng-tns-c3736…>Search Patient name , mrn</mat-label> from <div matformfieldnotchedoutline="" class="mdc-notched…>…</div> subtree intercepts pointer events
      - retrying click action, attempt #108
      -   waiting 500ms
      -   waiting for element to be visible, enabled and stable
      -   element is visible, enabled and stable
      -   scrolling into view if needed
      -   done scrolling
      -   <mat-label _ngcontent-ng-c2013501738="" class="ng-tns-c3736…>Search Patient name , mrn</mat-label> from <div matformfieldnotchedoutline="" class="mdc-notched…>…</div> subtree intercepts pointer events
      - retrying click action, attempt #109
      -   waiting 500ms
      -   waiting for element to be visible, enabled and stable
      -   element is visible, enabled and stable
      -   scrolling into view if needed
      -   done scrolling
      -   <mat-label _ngcontent-ng-c2013501738="" class="ng-tns-c3736…>Search Patient name , mrn</mat-label> from <div matformfieldnotchedoutline="" class="mdc-notched…>…</div> subtree intercepts pointer events
      - retrying click action, attempt #110
      -   waiting 500ms
      -   waiting for element to be visible, enabled and stable
      -   element is visible, enabled and stable
      -   scrolling into view if needed
      -   done scrolling
      -   <mat-label _ngcontent-ng-c2013501738="" class="ng-tns-c3736…>Search Patient name , mrn</mat-label> from <div matformfieldnotchedoutline="" class="mdc-notched…>…</div> subtree intercepts pointer events
      - retrying click action, attempt #111
      -   waiting 500ms
      -   waiting for element to be visible, enabled and stable
      -   element is visible, enabled and stable
      -   scrolling into view if needed
      -   done scrolling
      -   <mat-label _ngcontent-ng-c2013501738="" class="ng-tns-c3736…>Search Patient name , mrn</mat-label> from <div matformfieldnotchedoutline="" class="mdc-notched…>…</div> subtree intercepts pointer events
      - retrying click action, attempt #112
      -   waiting 500ms
      -   waiting for element to be visible, enabled and stable
      -   element is visible, enabled and stable
      -   scrolling into view if needed
      -   done scrolling
      -   <mat-label _ngcontent-ng-c2013501738="" class="ng-tns-c3736…>Search Patient name , mrn</mat-label> from <div matformfieldnotchedoutline="" class="mdc-notched…>…</div> subtree intercepts pointer events
      - retrying click action, attempt #113
      -   waiting 500ms
      -   waiting for element to be visible, enabled and stable
      -   element is visible, enabled and stable
      -   scrolling into view if needed
      -   done scrolling
      -   <mat-label _ngcontent-ng-c2013501738="" class="ng-tns-c3736…>Search Patient name , mrn</mat-label> from <div matformfieldnotchedoutline="" class="mdc-notched…>…</div> subtree intercepts pointer events
      - retrying click action, attempt #114
      -   waiting 500ms
      -   waiting for element to be visible, enabled and stable
      -   element is visible, enabled and stable
      -   scrolling into view if needed
      -   done scrolling
      -   <mat-label _ngcontent-ng-c2013501738="" class="ng-tns-c3736…>Search Patient name , mrn</mat-label> from <div matformfieldnotchedoutline="" class="mdc-notched…>…</div> subtree intercepts pointer events
      - retrying click action, attempt #115
      -   waiting 500ms
      -   waiting for element to be visible, enabled and stable
      -   element is visible, enabled and stable
      -   scrolling into view if needed
      -   done scrolling
      -   <mat-label _ngcontent-ng-c2013501738="" class="ng-tns-c3736…>Search Patient name , mrn</mat-label> from <div matformfieldnotchedoutline="" class="mdc-notched…>…</div> subtree intercepts pointer events
      - retrying click action, attempt #116
      -   waiting 500ms
      -   waiting for element to be visible, enabled and stable
      -   element is visible, enabled and stable
      -   scrolling into view if needed
      -   done scrolling
      -   <mat-label _ngcontent-ng-c2013501738="" class="ng-tns-c3736…>Search Patient name , mrn</mat-label> from <div matformfieldnotchedoutline="" class="mdc-notched…>…</div> subtree intercepts pointer events
      - retrying click action, attempt #117
      -   waiting 500ms
      -   waiting for element to be visible, enabled and stable
      -   element is visible, enabled and stable
      -   scrolling into view if needed
      -   done scrolling
      -   <mat-label _ngcontent-ng-c2013501738="" class="ng-tns-c3736…>Search Patient name , mrn</mat-label> from <div matformfieldnotchedoutline="" class="mdc-notched…>…</div> subtree intercepts pointer events
      - retrying click action, attempt #118
      -   waiting 500ms
      -   waiting for element to be visible, enabled and stable
      -   element is visible, enabled and stable
      -   scrolling into view if needed
      -   done scrolling
      -   <mat-label _ngcontent-ng-c2013501738="" class="ng-tns-c3736…>Search Patient name , mrn</mat-label> from <div matformfieldnotchedoutline="" class="mdc-notched…>…</div> subtree intercepts pointer events
      - retrying click action, attempt #119
      -   waiting 500ms
      -   waiting for element to be visible, enabled and stable
      -   element is visible, enabled and stable
      -   scrolling into view if needed
      -   done scrolling
      -   <mat-label _ngcontent-ng-c2013501738="" class="ng-tns-c3736…>Search Patient name , mrn</mat-label> from <div matformfieldnotchedoutline="" class="mdc-notched…>…</div> subtree intercepts pointer events
      - retrying click action, attempt #120
      -   waiting 500ms
      -   waiting for element to be visible, enabled and stable
      -   element is visible, enabled and stable
      -   scrolling into view if needed
      -   done scrolling
      -   <mat-label _ngcontent-ng-c2013501738="" class="ng-tns-c3736…>Search Patient name , mrn</mat-label> from <div matformfieldnotchedoutline="" class="mdc-notched…>…</div> subtree intercepts pointer events
      - retrying click action, attempt #121
      -   waiting 500ms
      -   waiting for element to be visible, enabled and stable
      -   element is visible, enabled and stable
      -   scrolling into view if needed
      -   done scrolling
      -   <mat-label _ngcontent-ng-c2013501738="" class="ng-tns-c3736…>Search Patient name , mrn</mat-label> from <div matformfieldnotchedoutline="" class="mdc-notched…>…</div> subtree intercepts pointer events
      - retrying click action, attempt #122
      -   waiting 500ms
      -   waiting for element to be visible, enabled and stable
      -   element is visible, enabled and stable
      -   scrolling into view if needed
      -   done scrolling
      -   <mat-label _ngcontent-ng-c2013501738="" class="ng-tns-c3736…>Search Patient name , mrn</mat-label> from <div matformfieldnotchedoutline="" class="mdc-notched…>…</div> subtree intercepts pointer events
      - retrying click action, attempt #123
      -   waiting 500ms
      -   waiting for element to be visible, enabled and stable
      -   element is visible, enabled and stable
      -   scrolling into view if needed
      -   done scrolling
      -   <mat-label _ngcontent-ng-c2013501738="" class="ng-tns-c3736…>Search Patient name , mrn</mat-label> from <div matformfieldnotchedoutline="" class="mdc-notched…>…</div> subtree intercepts pointer events
      - retrying click action, attempt #124
      -   waiting 500ms
      -   waiting for element to be visible, enabled and stable
      -   element is visible, enabled and stable
      -   scrolling into view if needed
      -   done scrolling
      -   <mat-label _ngcontent-ng-c2013501738="" class="ng-tns-c3736…>Search Patient name , mrn</mat-label> from <div matformfieldnotchedoutline="" class="mdc-notched…>…</div> subtree intercepts pointer events
      - retrying click action, attempt #125
      -   waiting 500ms
      -   waiting for element to be visible, enabled and stable
      -   element is visible, enabled and stable
      -   scrolling into view if needed
      -   done scrolling
      -   <mat-label _ngcontent-ng-c2013501738="" class="ng-tns-c3736…>Search Patient name , mrn</mat-label> from <div matformfieldnotchedoutline="" class="mdc-notched…>…</div> subtree intercepts pointer events
      - retrying click action, attempt #126
      -   waiting 500ms
      -   waiting for element to be visible, enabled and stable
      -   element is visible, enabled and stable
      -   scrolling into view if needed
      -   done scrolling
      -   <mat-label _ngcontent-ng-c2013501738="" class="ng-tns-c3736…>Search Patient name , mrn</mat-label> from <div matformfieldnotchedoutline="" class="mdc-notched…>…</div> subtree intercepts pointer events
      - retrying click action, attempt #127
      -   waiting 500ms
      -   waiting for element to be visible, enabled and stable
      -   element is visible, enabled and stable
      -   scrolling into view if needed
      -   done scrolling
      -   <mat-label _ngcontent-ng-c2013501738="" class="ng-tns-c3736…>Search Patient name , mrn</mat-label> from <div matformfieldnotchedoutline="" class="mdc-notched…>…</div> subtree intercepts pointer events
      - retrying click action, attempt #128
      -   waiting 500ms
      -   waiting for element to be visible, enabled and stable
      -   element is visible, enabled and stable
      -   scrolling into view if needed
      -   done scrolling
      -   <mat-label _ngcontent-ng-c2013501738="" class="ng-tns-c3736…>Search Patient name , mrn</mat-label> from <div matformfieldnotchedoutline="" class="mdc-notched…>…</div> subtree intercepts pointer events
      - retrying click action, attempt #129
      -   waiting 500ms
      -   waiting for element to be visible, enabled and stable
      -   element is visible, enabled and stable
      -   scrolling into view if needed
      -   done scrolling
      -   <mat-label _ngcontent-ng-c2013501738="" class="ng-tns-c3736…>Search Patient name , mrn</mat-label> from <div matformfieldnotchedoutline="" class="mdc-notched…>…</div> subtree intercepts pointer events
      - retrying click action, attempt #130
      -   waiting 500ms
      -   waiting for element to be visible, enabled and stable
      -   element is visible, enabled and stable
      -   scrolling into view if needed
      -   done scrolling
      -   <mat-label _ngcontent-ng-c2013501738="" class="ng-tns-c3736…>Search Patient name , mrn</mat-label> from <div matformfieldnotchedoutline="" class="mdc-notched…>…</div> subtree intercepts pointer events
      - retrying click action, attempt #131
      -   waiting 500ms
      -   waiting for element to be visible, enabled and stable
      -   element is visible, enabled and stable
      -   scrolling into view if needed
      -   done scrolling
      -   <mat-label _ngcontent-ng-c2013501738="" class="ng-tns-c3736…>Search Patient name , mrn</mat-label> from <div matformfieldnotchedoutline="" class="mdc-notched…>…</div> subtree intercepts pointer events
      - retrying click action, attempt #132
      -   waiting 500ms
      -   waiting for element to be visible, enabled and stable
      -   element is visible, enabled and stable
      -   scrolling into view if needed
      -   done scrolling
      -   <mat-label _ngcontent-ng-c2013501738="" class="ng-tns-c3736…>Search Patient name , mrn</mat-label> from <div matformfieldnotchedoutline="" class="mdc-notched…>…</div> subtree intercepts pointer events
      - retrying click action, attempt #133
      -   waiting 500ms
      -   waiting for element to be visible, enabled and stable
      -   element is visible, enabled and stable
      -   scrolling into view if needed
      -   done scrolling
      -   <mat-label _ngcontent-ng-c2013501738="" class="ng-tns-c3736…>Search Patient name , mrn</mat-label> from <div matformfieldnotchedoutline="" class="mdc-notched…>…</div> subtree intercepts pointer events
      - retrying click action, attempt #134
      -   waiting 500ms
      -   waiting for element to be visible, enabled and stable
      -   element is visible, enabled and stable
      -   scrolling into view if needed
      -   done scrolling
      -   <mat-label _ngcontent-ng-c2013501738="" class="ng-tns-c3736…>Search Patient name , mrn</mat-label> from <div matformfieldnotchedoutline="" class="mdc-notched…>…</div> subtree intercepts pointer events
      - retrying click action, attempt #135
      -   waiting 500ms
      -   waiting for element to be visible, enabled and stable
      -   element is visible, enabled and stable
      -   scrolling into view if needed
      -   done scrolling
      -   <mat-label _ngcontent-ng-c2013501738="" class="ng-tns-c3736…>Search Patient name , mrn</mat-label> from <div matformfieldnotchedoutline="" class="mdc-notched…>…</div> subtree intercepts pointer events
      - retrying click action, attempt #136
      -   waiting 500ms
      -   waiting for element to be visible, enabled and stable
      -   element is visible, enabled and stable
      -   scrolling into view if needed
      -   done scrolling
      -   <mat-label _ngcontent-ng-c2013501738="" class="ng-tns-c3736…>Search Patient name , mrn</mat-label> from <div matformfieldnotchedoutline="" class="mdc-notched…>…</div> subtree intercepts pointer events
      - retrying click action, attempt #137
      -   waiting 500ms
      -   waiting for element to be visible, enabled and stable
      -   element is visible, enabled and stable
      -   scrolling into view if needed
      -   done scrolling
      -   <mat-label _ngcontent-ng-c2013501738="" class="ng-tns-c3736…>Search Patient name , mrn</mat-label> from <div matformfieldnotchedoutline="" class="mdc-notched…>…</div> subtree intercepts pointer events
      - retrying click action, attempt #138
      -   waiting 500ms
      -   waiting for element to be visible, enabled and stable
      -   element is visible, enabled and stable
      -   scrolling into view if needed
      -   done scrolling
      -   <mat-label _ngcontent-ng-c2013501738="" class="ng-tns-c3736…>Search Patient name , mrn</mat-label> from <div matformfieldnotchedoutline="" class="mdc-notched…>…</div> subtree intercepts pointer events
      - retrying click action, attempt #139
      -   waiting 500ms
      -   waiting for element to be visible, enabled and stable
      -   element is visible, enabled and stable
      -   scrolling into view if needed
      -   done scrolling
      -   <mat-label _ngcontent-ng-c2013501738="" class="ng-tns-c3736…>Search Patient name , mrn</mat-label> from <div matformfieldnotchedoutline="" class="mdc-notched…>…</div> subtree intercepts pointer events
      - retrying click action, attempt #140
      -   waiting 500ms
      -   waiting for element to be visible, enabled and stable
      -   element is visible, enabled and stable
      -   scrolling into view if needed
      -   done scrolling
      -   <mat-label _ngcontent-ng-c2013501738="" class="ng-tns-c3736…>Search Patient name , mrn</mat-label> from <div matformfieldnotchedoutline="" class="mdc-notched…>…</div> subtree intercepts pointer events
      - retrying click action, attempt #141
      -   waiting 500ms
      -   waiting for element to be visible, enabled and stable
      -   element is visible, enabled and stable
      -   scrolling into view if needed
      -   done scrolling
      -   <mat-label _ngcontent-ng-c2013501738="" class="ng-tns-c3736…>Search Patient name , mrn</mat-label> from <div matformfieldnotchedoutline="" class="mdc-notched…>…</div> subtree intercepts pointer events
      - retrying click action, attempt #142
      -   waiting 500ms
      -   waiting for element to be visible, enabled and stable
      -   element is visible, enabled and stable
      -   scrolling into view if needed
      -   done scrolling
      -   <mat-label _ngcontent-ng-c2013501738="" class="ng-tns-c3736…>Search Patient name , mrn</mat-label> from <div matformfieldnotchedoutline="" class="mdc-notched…>…</div> subtree intercepts pointer events
      - retrying click action, attempt #143
      -   waiting 500ms
      -   waiting for element to be visible, enabled and stable
      -   element is visible, enabled and stable
      -   scrolling into view if needed
      -   done scrolling
      -   <mat-label _ngcontent-ng-c2013501738="" class="ng-tns-c3736…>Search Patient name , mrn</mat-label> from <div matformfieldnotchedoutline="" class="mdc-notched…>…</div> subtree intercepts pointer events
      - retrying click action, attempt #144
      -   waiting 500ms
      -   waiting for element to be visible, enabled and stable
      -   element is visible, enabled and stable
      -   scrolling into view if needed
      -   done scrolling
      -   <mat-label _ngcontent-ng-c2013501738="" class="ng-tns-c3736…>Search Patient name , mrn</mat-label> from <div matformfieldnotchedoutline="" class="mdc-notched…>…</div> subtree intercepts pointer events
      - retrying click action, attempt #145
      -   waiting 500ms
      -   waiting for element to be visible, enabled and stable
      -   element is visible, enabled and stable
      -   scrolling into view if needed
      -   done scrolling
      -   <mat-label _ngcontent-ng-c2013501738="" class="ng-tns-c3736…>Search Patient name , mrn</mat-label> from <div matformfieldnotchedoutline="" class="mdc-notched…>…</div> subtree intercepts pointer events
      - retrying click action, attempt #146
      -   waiting 500ms
      -   waiting for element to be visible, enabled and stable
      -   element is visible, enabled and stable
      -   scrolling into view if needed
      -   done scrolling
      -   <mat-label _ngcontent-ng-c2013501738="" class="ng-tns-c3736…>Search Patient name , mrn</mat-label> from <div matformfieldnotchedoutline="" class="mdc-notched…>…</div> subtree intercepts pointer events
      - retrying click action, attempt #147
      -   waiting 500ms
      -   waiting for element to be visible, enabled and stable
      -   element is visible, enabled and stable
      -   scrolling into view if needed
      -   done scrolling
      -   <mat-label _ngcontent-ng-c2013501738="" class="ng-tns-c3736…>Search Patient name , mrn</mat-label> from <div matformfieldnotchedoutline="" class="mdc-notched…>…</div> subtree intercepts pointer events
      - retrying click action, attempt #148
      -   waiting 500ms
      -   waiting for element to be visible, enabled and stable
      -   element is visible, enabled and stable
      -   scrolling into view if needed
      -   done scrolling
      -   <mat-label _ngcontent-ng-c2013501738="" class="ng-tns-c3736…>Search Patient name , mrn</mat-label> from <div matformfieldnotchedoutline="" class="mdc-notched…>…</div> subtree intercepts pointer events
      - retrying click action, attempt #149
      -   waiting 500ms
      -   waiting for element to be visible, enabled and stable
      -   element is visible, enabled and stable
      -   scrolling into view if needed
      -   done scrolling
      -   <mat-label _ngcontent-ng-c2013501738="" class="ng-tns-c3736…>Search Patient name , mrn</mat-label> from <div matformfieldnotchedoutline="" class="mdc-notched…>…</div> subtree intercepts pointer events
      - retrying click action, attempt #150
      -   waiting 500ms
      -   waiting for element to be visible, enabled and stable
      -   element is visible, enabled and stable
      -   scrolling into view if needed
      -   done scrolling
      -   <mat-label _ngcontent-ng-c2013501738="" class="ng-tns-c3736…>Search Patient name , mrn</mat-label> from <div matformfieldnotchedoutline="" class="mdc-notched…>…</div> subtree intercepts pointer events
      - retrying click action, attempt #151
      -   waiting 500ms


       at classes\patientsPage.ts:54

      52 |     //search patient name (fillable)
      53 |     async searchPatient(patient){
    > 54 |         await this.page.getByLabel('Search Patient name , mrn').click();
         |                                                                 ^
      55 |         await this.page.getByLabel('Search Patient name , mrn').fill(patient);
      56 |         await this.page.getByLabel('Search Patient name , mrn').press('Enter');
      57 |     }

        at PatientsPage.searchPatient (C:\Users\white\work\mbh-playwright\classes\patientsPage.ts:54:65)
        at C:\Users\white\work\mbh-playwright\mbhpatientschvisit.mbhpages.ts:21:20

    attachment #1: screenshot (image/png) ──────────────────────────────────────────────────────────
    test-results\mbhpatientschvisit.mbhpages.ts-patient-surgical-visit-chrome\test-failed-1.png
    ────────────────────────────────────────────────────────────────────────────────────────────────

    attachment #2: video (video/webm) ──────────────────────────────────────────────────────────────
    test-results\mbhpatientschvisit.mbhpages.ts-patient-surgical-visit-chrome\video.webm
    ────────────────────────────────────────────────────────────────────────────────────────────────
]]>
</failure>
<system-out>
<![CDATA[
[[ATTACHMENT|test-results\mbhpatientschvisit.mbhpages.ts-patient-surgical-visit-chrome\test-failed-1.png]]

[[ATTACHMENT|test-results\mbhpatientschvisit.mbhpages.ts-patient-surgical-visit-chrome\video.webm]]
]]>
</system-out>
</testcase>
<testcase name="patients chronic visit" classname="mbhpatientschvisit.mbhpages.ts" time="96.197">
<properties>
<property name="slow" value="">
</property>
</properties>
<failure message="mbhpatientschvisit.mbhpages.ts:26:5 patients chronic visit" type="FAILURE">
<![CDATA[  [chrome] › mbhpatientschvisit.mbhpages.ts:26:5 › patients chronic visit ──────────────────────────

    Test timeout of 90000ms exceeded.

    Error: locator.click: Test timeout of 90000ms exceeded.
    Call log:
      - waiting for getByLabel('Search Patient name , mrn')
      -   locator resolved to <input matinput="" id="mat-input-0" aria-invalid="false…/>
      - attempting click action
      -   waiting for element to be visible, enabled and stable
      -   element is visible, enabled and stable
      -   scrolling into view if needed
      -   done scrolling
      -   <mat-label _ngcontent-ng-c2013501738="" class="ng-tns-c3736…>Search Patient name , mrn</mat-label> from <div matformfieldnotchedoutline="" class="mdc-notched…>…</div> subtree intercepts pointer events
      - retrying click action, attempt #1
      -   waiting for element to be visible, enabled and stable
      -   element is visible, enabled and stable
      -   scrolling into view if needed
      -   done scrolling
      -   <mat-label _ngcontent-ng-c2013501738="" class="ng-tns-c3736…>Search Patient name , mrn</mat-label> from <div matformfieldnotchedoutline="" class="mdc-notched…>…</div> subtree intercepts pointer events
      - retrying click action, attempt #2
      -   waiting 20ms
      -   waiting for element to be visible, enabled and stable
      -   element is visible, enabled and stable
      -   scrolling into view if needed
      -   done scrolling
      -   <mat-label _ngcontent-ng-c2013501738="" class="ng-tns-c3736…>Search Patient name , mrn</mat-label> from <div matformfieldnotchedoutline="" class="mdc-notched…>…</div> subtree intercepts pointer events
      - retrying click action, attempt #3
      -   waiting 100ms
      -   waiting for element to be visible, enabled and stable
      -   element is visible, enabled and stable
      -   scrolling into view if needed
      -   done scrolling
      -   <mat-label _ngcontent-ng-c2013501738="" class="ng-tns-c3736…>Search Patient name , mrn</mat-label> from <div matformfieldnotchedoutline="" class="mdc-notched…>…</div> subtree intercepts pointer events
      - retrying click action, attempt #4
      -   waiting 100ms
      -   waiting for element to be visible, enabled and stable
      -   element is visible, enabled and stable
      -   scrolling into view if needed
      -   done scrolling
      -   <mat-label _ngcontent-ng-c2013501738="" class="ng-tns-c3736…>Search Patient name , mrn</mat-label> from <div matformfieldnotchedoutline="" class="mdc-notched…>…</div> subtree intercepts pointer events
      - retrying click action, attempt #5
      -   waiting 500ms
      -   waiting for element to be visible, enabled and stable
      -   element is visible, enabled and stable
      -   scrolling into view if needed
      -   done scrolling
      -   <mat-label _ngcontent-ng-c2013501738="" class="ng-tns-c3736…>Search Patient name , mrn</mat-label> from <div matformfieldnotchedoutline="" class="mdc-notched…>…</div> subtree intercepts pointer events
      - retrying click action, attempt #6
      -   waiting 500ms
      -   waiting for element to be visible, enabled and stable
      -   element is visible, enabled and stable
      -   scrolling into view if needed
      -   done scrolling
      -   <mat-label _ngcontent-ng-c2013501738="" class="ng-tns-c3736…>Search Patient name , mrn</mat-label> from <div matformfieldnotchedoutline="" class="mdc-notched…>…</div> subtree intercepts pointer events
      - retrying click action, attempt #7
      -   waiting 500ms
      -   waiting for element to be visible, enabled and stable
      -   element is visible, enabled and stable
      -   scrolling into view if needed
      -   done scrolling
      -   <mat-label _ngcontent-ng-c2013501738="" class="ng-tns-c3736…>Search Patient name , mrn</mat-label> from <div matformfieldnotchedoutline="" class="mdc-notched…>…</div> subtree intercepts pointer events
      - retrying click action, attempt #8
      -   waiting 500ms
      -   waiting for element to be visible, enabled and stable
      -   element is visible, enabled and stable
      -   scrolling into view if needed
      -   done scrolling
      -   <mat-label _ngcontent-ng-c2013501738="" class="ng-tns-c3736…>Search Patient name , mrn</mat-label> from <div matformfieldnotchedoutline="" class="mdc-notched…>…</div> subtree intercepts pointer events
      - retrying click action, attempt #9
      -   waiting 500ms
      -   waiting for element to be visible, enabled and stable
      -   element is visible, enabled and stable
      -   scrolling into view if needed
      -   done scrolling
      -   <mat-label _ngcontent-ng-c2013501738="" class="ng-tns-c3736…>Search Patient name , mrn</mat-label> from <div matformfieldnotchedoutline="" class="mdc-notched…>…</div> subtree intercepts pointer events
      - retrying click action, attempt #10
      -   waiting 500ms
      -   waiting for element to be visible, enabled and stable
      -   element is visible, enabled and stable
      -   scrolling into view if needed
      -   done scrolling
      -   <mat-label _ngcontent-ng-c2013501738="" class="ng-tns-c3736…>Search Patient name , mrn</mat-label> from <div matformfieldnotchedoutline="" class="mdc-notched…>…</div> subtree intercepts pointer events
      - retrying click action, attempt #11
      -   waiting 500ms
      -   waiting for element to be visible, enabled and stable
      -   element is visible, enabled and stable
      -   scrolling into view if needed
      -   done scrolling
      -   <mat-label _ngcontent-ng-c2013501738="" class="ng-tns-c3736…>Search Patient name , mrn</mat-label> from <div matformfieldnotchedoutline="" class="mdc-notched…>…</div> subtree intercepts pointer events
      - retrying click action, attempt #12
      -   waiting 500ms
      -   waiting for element to be visible, enabled and stable
      -   element is visible, enabled and stable
      -   scrolling into view if needed
      -   done scrolling
      -   <mat-label _ngcontent-ng-c2013501738="" class="ng-tns-c3736…>Search Patient name , mrn</mat-label> from <div matformfieldnotchedoutline="" class="mdc-notched…>…</div> subtree intercepts pointer events
      - retrying click action, attempt #13
      -   waiting 500ms
      -   waiting for element to be visible, enabled and stable
      -   element is visible, enabled and stable
      -   scrolling into view if needed
      -   done scrolling
      -   <mat-label _ngcontent-ng-c2013501738="" class="ng-tns-c3736…>Search Patient name , mrn</mat-label> from <div matformfieldnotchedoutline="" class="mdc-notched…>…</div> subtree intercepts pointer events
      - retrying click action, attempt #14
      -   waiting 500ms
      -   waiting for element to be visible, enabled and stable
      -   element is visible, enabled and stable
      -   scrolling into view if needed
      -   done scrolling
      -   <mat-label _ngcontent-ng-c2013501738="" class="ng-tns-c3736…>Search Patient name , mrn</mat-label> from <div matformfieldnotchedoutline="" class="mdc-notched…>…</div> subtree intercepts pointer events
      - retrying click action, attempt #15
      -   waiting 500ms
      -   waiting for element to be visible, enabled and stable
      -   element is visible, enabled and stable
      -   scrolling into view if needed
      -   done scrolling
      -   <mat-label _ngcontent-ng-c2013501738="" class="ng-tns-c3736…>Search Patient name , mrn</mat-label> from <div matformfieldnotchedoutline="" class="mdc-notched…>…</div> subtree intercepts pointer events
      - retrying click action, attempt #16
      -   waiting 500ms
      -   waiting for element to be visible, enabled and stable
      -   element is visible, enabled and stable
      -   scrolling into view if needed
      -   done scrolling
      -   <mat-label _ngcontent-ng-c2013501738="" class="ng-tns-c3736…>Search Patient name , mrn</mat-label> from <div matformfieldnotchedoutline="" class="mdc-notched…>…</div> subtree intercepts pointer events
      - retrying click action, attempt #17
      -   waiting 500ms
      -   waiting for element to be visible, enabled and stable
      -   element is visible, enabled and stable
      -   scrolling into view if needed
      -   done scrolling
      -   <mat-label _ngcontent-ng-c2013501738="" class="ng-tns-c3736…>Search Patient name , mrn</mat-label> from <div matformfieldnotchedoutline="" class="mdc-notched…>…</div> subtree intercepts pointer events
      - retrying click action, attempt #18
      -   waiting 500ms
      -   waiting for element to be visible, enabled and stable
      -   element is visible, enabled and stable
      -   scrolling into view if needed
      -   done scrolling
      -   <mat-label _ngcontent-ng-c2013501738="" class="ng-tns-c3736…>Search Patient name , mrn</mat-label> from <div matformfieldnotchedoutline="" class="mdc-notched…>…</div> subtree intercepts pointer events
      - retrying click action, attempt #19
      -   waiting 500ms
      -   waiting for element to be visible, enabled and stable
      -   element is visible, enabled and stable
      -   scrolling into view if needed
      -   done scrolling
      -   <mat-label _ngcontent-ng-c2013501738="" class="ng-tns-c3736…>Search Patient name , mrn</mat-label> from <div matformfieldnotchedoutline="" class="mdc-notched…>…</div> subtree intercepts pointer events
      - retrying click action, attempt #20
      -   waiting 500ms
      -   waiting for element to be visible, enabled and stable
      -   element is visible, enabled and stable
      -   scrolling into view if needed
      -   done scrolling
      -   <mat-label _ngcontent-ng-c2013501738="" class="ng-tns-c3736…>Search Patient name , mrn</mat-label> from <div matformfieldnotchedoutline="" class="mdc-notched…>…</div> subtree intercepts pointer events
      - retrying click action, attempt #21
      -   waiting 500ms
      -   waiting for element to be visible, enabled and stable
      -   element is visible, enabled and stable
      -   scrolling into view if needed
      -   done scrolling
      -   <mat-label _ngcontent-ng-c2013501738="" class="ng-tns-c3736…>Search Patient name , mrn</mat-label> from <div matformfieldnotchedoutline="" class="mdc-notched…>…</div> subtree intercepts pointer events
      - retrying click action, attempt #22
      -   waiting 500ms
      -   waiting for element to be visible, enabled and stable
      -   element is visible, enabled and stable
      -   scrolling into view if needed
      -   done scrolling
      -   <mat-label _ngcontent-ng-c2013501738="" class="ng-tns-c3736…>Search Patient name , mrn</mat-label> from <div matformfieldnotchedoutline="" class="mdc-notched…>…</div> subtree intercepts pointer events
      - retrying click action, attempt #23
      -   waiting 500ms
      -   waiting for element to be visible, enabled and stable
      -   element is visible, enabled and stable
      -   scrolling into view if needed
      -   done scrolling
      -   <mat-label _ngcontent-ng-c2013501738="" class="ng-tns-c3736…>Search Patient name , mrn</mat-label> from <div matformfieldnotchedoutline="" class="mdc-notched…>…</div> subtree intercepts pointer events
      - retrying click action, attempt #24
      -   waiting 500ms
      -   waiting for element to be visible, enabled and stable
      -   element is visible, enabled and stable
      -   scrolling into view if needed
      -   done scrolling
      -   <mat-label _ngcontent-ng-c2013501738="" class="ng-tns-c3736…>Search Patient name , mrn</mat-label> from <div matformfieldnotchedoutline="" class="mdc-notched…>…</div> subtree intercepts pointer events
      - retrying click action, attempt #25
      -   waiting 500ms
      -   waiting for element to be visible, enabled and stable
      -   element is visible, enabled and stable
      -   scrolling into view if needed
      -   done scrolling
      -   <mat-label _ngcontent-ng-c2013501738="" class="ng-tns-c3736…>Search Patient name , mrn</mat-label> from <div matformfieldnotchedoutline="" class="mdc-notched…>…</div> subtree intercepts pointer events
      - retrying click action, attempt #26
      -   waiting 500ms
      -   waiting for element to be visible, enabled and stable
      -   element is visible, enabled and stable
      -   scrolling into view if needed
      -   done scrolling
      -   <mat-label _ngcontent-ng-c2013501738="" class="ng-tns-c3736…>Search Patient name , mrn</mat-label> from <div matformfieldnotchedoutline="" class="mdc-notched…>…</div> subtree intercepts pointer events
      - retrying click action, attempt #27
      -   waiting 500ms
      -   waiting for element to be visible, enabled and stable
      -   element is visible, enabled and stable
      -   scrolling into view if needed
      -   done scrolling
      -   <mat-label _ngcontent-ng-c2013501738="" class="ng-tns-c3736…>Search Patient name , mrn</mat-label> from <div matformfieldnotchedoutline="" class="mdc-notched…>…</div> subtree intercepts pointer events
      - retrying click action, attempt #28
      -   waiting 500ms
      -   waiting for element to be visible, enabled and stable
      -   element is visible, enabled and stable
      -   scrolling into view if needed
      -   done scrolling
      -   <mat-label _ngcontent-ng-c2013501738="" class="ng-tns-c3736…>Search Patient name , mrn</mat-label> from <div matformfieldnotchedoutline="" class="mdc-notched…>…</div> subtree intercepts pointer events
      - retrying click action, attempt #29
      -   waiting 500ms
      -   waiting for element to be visible, enabled and stable
      -   element is visible, enabled and stable
      -   scrolling into view if needed
      -   done scrolling
      -   <mat-label _ngcontent-ng-c2013501738="" class="ng-tns-c3736…>Search Patient name , mrn</mat-label> from <div matformfieldnotchedoutline="" class="mdc-notched…>…</div> subtree intercepts pointer events
      - retrying click action, attempt #30
      -   waiting 500ms
      -   waiting for element to be visible, enabled and stable
      -   element is visible, enabled and stable
      -   scrolling into view if needed
      -   done scrolling
      -   <mat-label _ngcontent-ng-c2013501738="" class="ng-tns-c3736…>Search Patient name , mrn</mat-label> from <div matformfieldnotchedoutline="" class="mdc-notched…>…</div> subtree intercepts pointer events
      - retrying click action, attempt #31
      -   waiting 500ms
      -   waiting for element to be visible, enabled and stable
      -   element is visible, enabled and stable
      -   scrolling into view if needed
      -   done scrolling
      -   <mat-label _ngcontent-ng-c2013501738="" class="ng-tns-c3736…>Search Patient name , mrn</mat-label> from <div matformfieldnotchedoutline="" class="mdc-notched…>…</div> subtree intercepts pointer events
      - retrying click action, attempt #32
      -   waiting 500ms
      -   waiting for element to be visible, enabled and stable
      -   element is visible, enabled and stable
      -   scrolling into view if needed
      -   done scrolling
      -   <mat-label _ngcontent-ng-c2013501738="" class="ng-tns-c3736…>Search Patient name , mrn</mat-label> from <div matformfieldnotchedoutline="" class="mdc-notched…>…</div> subtree intercepts pointer events
      - retrying click action, attempt #33
      -   waiting 500ms
      -   waiting for element to be visible, enabled and stable
      -   element is visible, enabled and stable
      -   scrolling into view if needed
      -   done scrolling
      -   <mat-label _ngcontent-ng-c2013501738="" class="ng-tns-c3736…>Search Patient name , mrn</mat-label> from <div matformfieldnotchedoutline="" class="mdc-notched…>…</div> subtree intercepts pointer events
      - retrying click action, attempt #34
      -   waiting 500ms
      -   waiting for element to be visible, enabled and stable
      -   element is visible, enabled and stable
      -   scrolling into view if needed
      -   done scrolling
      -   <mat-label _ngcontent-ng-c2013501738="" class="ng-tns-c3736…>Search Patient name , mrn</mat-label> from <div matformfieldnotchedoutline="" class="mdc-notched…>…</div> subtree intercepts pointer events
      - retrying click action, attempt #35
      -   waiting 500ms
      -   waiting for element to be visible, enabled and stable
      -   element is visible, enabled and stable
      -   scrolling into view if needed
      -   done scrolling
      -   <mat-label _ngcontent-ng-c2013501738="" class="ng-tns-c3736…>Search Patient name , mrn</mat-label> from <div matformfieldnotchedoutline="" class="mdc-notched…>…</div> subtree intercepts pointer events
      - retrying click action, attempt #36
      -   waiting 500ms
      -   waiting for element to be visible, enabled and stable
      -   element is visible, enabled and stable
      -   scrolling into view if needed
      -   done scrolling
      -   <mat-label _ngcontent-ng-c2013501738="" class="ng-tns-c3736…>Search Patient name , mrn</mat-label> from <div matformfieldnotchedoutline="" class="mdc-notched…>…</div> subtree intercepts pointer events
      - retrying click action, attempt #37
      -   waiting 500ms
      -   waiting for element to be visible, enabled and stable
      -   element is visible, enabled and stable
      -   scrolling into view if needed
      -   done scrolling
      -   <mat-label _ngcontent-ng-c2013501738="" class="ng-tns-c3736…>Search Patient name , mrn</mat-label> from <div matformfieldnotchedoutline="" class="mdc-notched…>…</div> subtree intercepts pointer events
      - retrying click action, attempt #38
      -   waiting 500ms
      -   waiting for element to be visible, enabled and stable
      -   element is visible, enabled and stable
      -   scrolling into view if needed
      -   done scrolling
      -   <mat-label _ngcontent-ng-c2013501738="" class="ng-tns-c3736…>Search Patient name , mrn</mat-label> from <div matformfieldnotchedoutline="" class="mdc-notched…>…</div> subtree intercepts pointer events
      - retrying click action, attempt #39
      -   waiting 500ms
      -   waiting for element to be visible, enabled and stable
      -   element is visible, enabled and stable
      -   scrolling into view if needed
      -   done scrolling
      -   <mat-label _ngcontent-ng-c2013501738="" class="ng-tns-c3736…>Search Patient name , mrn</mat-label> from <div matformfieldnotchedoutline="" class="mdc-notched…>…</div> subtree intercepts pointer events
      - retrying click action, attempt #40
      -   waiting 500ms
      -   waiting for element to be visible, enabled and stable
      -   element is visible, enabled and stable
      -   scrolling into view if needed
      -   done scrolling
      -   <mat-label _ngcontent-ng-c2013501738="" class="ng-tns-c3736…>Search Patient name , mrn</mat-label> from <div matformfieldnotchedoutline="" class="mdc-notched…>…</div> subtree intercepts pointer events
      - retrying click action, attempt #41
      -   waiting 500ms
      -   waiting for element to be visible, enabled and stable
      -   element is visible, enabled and stable
      -   scrolling into view if needed
      -   done scrolling
      -   <mat-label _ngcontent-ng-c2013501738="" class="ng-tns-c3736…>Search Patient name , mrn</mat-label> from <div matformfieldnotchedoutline="" class="mdc-notched…>…</div> subtree intercepts pointer events
      - retrying click action, attempt #42
      -   waiting 500ms
      -   waiting for element to be visible, enabled and stable
      -   element is visible, enabled and stable
      -   scrolling into view if needed
      -   done scrolling
      -   <mat-label _ngcontent-ng-c2013501738="" class="ng-tns-c3736…>Search Patient name , mrn</mat-label> from <div matformfieldnotchedoutline="" class="mdc-notched…>…</div> subtree intercepts pointer events
      - retrying click action, attempt #43
      -   waiting 500ms
      -   waiting for element to be visible, enabled and stable
      -   element is visible, enabled and stable
      -   scrolling into view if needed
      -   done scrolling
      -   <mat-label _ngcontent-ng-c2013501738="" class="ng-tns-c3736…>Search Patient name , mrn</mat-label> from <div matformfieldnotchedoutline="" class="mdc-notched…>…</div> subtree intercepts pointer events
      - retrying click action, attempt #44
      -   waiting 500ms
      -   waiting for element to be visible, enabled and stable
      -   element is visible, enabled and stable
      -   scrolling into view if needed
      -   done scrolling
      -   <mat-label _ngcontent-ng-c2013501738="" class="ng-tns-c3736…>Search Patient name , mrn</mat-label> from <div matformfieldnotchedoutline="" class="mdc-notched…>…</div> subtree intercepts pointer events
      - retrying click action, attempt #45
      -   waiting 500ms
      -   waiting for element to be visible, enabled and stable
      -   element is visible, enabled and stable
      -   scrolling into view if needed
      -   done scrolling
      -   <mat-label _ngcontent-ng-c2013501738="" class="ng-tns-c3736…>Search Patient name , mrn</mat-label> from <div matformfieldnotchedoutline="" class="mdc-notched…>…</div> subtree intercepts pointer events
      - retrying click action, attempt #46
      -   waiting 500ms
      -   waiting for element to be visible, enabled and stable
      -   element is visible, enabled and stable
      -   scrolling into view if needed
      -   done scrolling
      -   <mat-label _ngcontent-ng-c2013501738="" class="ng-tns-c3736…>Search Patient name , mrn</mat-label> from <div matformfieldnotchedoutline="" class="mdc-notched…>…</div> subtree intercepts pointer events
      - retrying click action, attempt #47
      -   waiting 500ms
      -   waiting for element to be visible, enabled and stable
      -   element is visible, enabled and stable
      -   scrolling into view if needed
      -   done scrolling
      -   <mat-label _ngcontent-ng-c2013501738="" class="ng-tns-c3736…>Search Patient name , mrn</mat-label> from <div matformfieldnotchedoutline="" class="mdc-notched…>…</div> subtree intercepts pointer events
      - retrying click action, attempt #48
      -   waiting 500ms
      -   waiting for element to be visible, enabled and stable
      -   element is visible, enabled and stable
      -   scrolling into view if needed
      -   done scrolling
      -   <mat-label _ngcontent-ng-c2013501738="" class="ng-tns-c3736…>Search Patient name , mrn</mat-label> from <div matformfieldnotchedoutline="" class="mdc-notched…>…</div> subtree intercepts pointer events
      - retrying click action, attempt #49
      -   waiting 500ms
      -   waiting for element to be visible, enabled and stable
      -   element is visible, enabled and stable
      -   scrolling into view if needed
      -   done scrolling
      -   <mat-label _ngcontent-ng-c2013501738="" class="ng-tns-c3736…>Search Patient name , mrn</mat-label> from <div matformfieldnotchedoutline="" class="mdc-notched…>…</div> subtree intercepts pointer events
      - retrying click action, attempt #50
      -   waiting 500ms
      -   waiting for element to be visible, enabled and stable
      -   element is visible, enabled and stable
      -   scrolling into view if needed
      -   done scrolling
      -   <mat-label _ngcontent-ng-c2013501738="" class="ng-tns-c3736…>Search Patient name , mrn</mat-label> from <div matformfieldnotchedoutline="" class="mdc-notched…>…</div> subtree intercepts pointer events
      - retrying click action, attempt #51
      -   waiting 500ms
      -   waiting for element to be visible, enabled and stable
      -   element is visible, enabled and stable
      -   scrolling into view if needed
      -   done scrolling
      -   <mat-label _ngcontent-ng-c2013501738="" class="ng-tns-c3736…>Search Patient name , mrn</mat-label> from <div matformfieldnotchedoutline="" class="mdc-notched…>…</div> subtree intercepts pointer events
      - retrying click action, attempt #52
      -   waiting 500ms
      -   waiting for element to be visible, enabled and stable
      -   element is visible, enabled and stable
      -   scrolling into view if needed
      -   done scrolling
      -   <mat-label _ngcontent-ng-c2013501738="" class="ng-tns-c3736…>Search Patient name , mrn</mat-label> from <div matformfieldnotchedoutline="" class="mdc-notched…>…</div> subtree intercepts pointer events
      - retrying click action, attempt #53
      -   waiting 500ms
      -   waiting for element to be visible, enabled and stable
      -   element is visible, enabled and stable
      -   scrolling into view if needed
      -   done scrolling
      -   <mat-label _ngcontent-ng-c2013501738="" class="ng-tns-c3736…>Search Patient name , mrn</mat-label> from <div matformfieldnotchedoutline="" class="mdc-notched…>…</div> subtree intercepts pointer events
      - retrying click action, attempt #54
      -   waiting 500ms
      -   waiting for element to be visible, enabled and stable
      -   element is visible, enabled and stable
      -   scrolling into view if needed
      -   done scrolling
      -   <mat-label _ngcontent-ng-c2013501738="" class="ng-tns-c3736…>Search Patient name , mrn</mat-label> from <div matformfieldnotchedoutline="" class="mdc-notched…>…</div> subtree intercepts pointer events
      - retrying click action, attempt #55
      -   waiting 500ms
      -   waiting for element to be visible, enabled and stable
      -   element is visible, enabled and stable
      -   scrolling into view if needed
      -   done scrolling
      -   <mat-label _ngcontent-ng-c2013501738="" class="ng-tns-c3736…>Search Patient name , mrn</mat-label> from <div matformfieldnotchedoutline="" class="mdc-notched…>…</div> subtree intercepts pointer events
      - retrying click action, attempt #56
      -   waiting 500ms
      -   waiting for element to be visible, enabled and stable
      -   element is visible, enabled and stable
      -   scrolling into view if needed
      -   done scrolling
      -   <mat-label _ngcontent-ng-c2013501738="" class="ng-tns-c3736…>Search Patient name , mrn</mat-label> from <div matformfieldnotchedoutline="" class="mdc-notched…>…</div> subtree intercepts pointer events
      - retrying click action, attempt #57
      -   waiting 500ms
      -   waiting for element to be visible, enabled and stable
      -   element is visible, enabled and stable
      -   scrolling into view if needed
      -   done scrolling
      -   <mat-label _ngcontent-ng-c2013501738="" class="ng-tns-c3736…>Search Patient name , mrn</mat-label> from <div matformfieldnotchedoutline="" class="mdc-notched…>…</div> subtree intercepts pointer events
      - retrying click action, attempt #58
      -   waiting 500ms
      -   waiting for element to be visible, enabled and stable
      -   element is visible, enabled and stable
      -   scrolling into view if needed
      -   done scrolling
      -   <mat-label _ngcontent-ng-c2013501738="" class="ng-tns-c3736…>Search Patient name , mrn</mat-label> from <div matformfieldnotchedoutline="" class="mdc-notched…>…</div> subtree intercepts pointer events
      - retrying click action, attempt #59
      -   waiting 500ms
      -   waiting for element to be visible, enabled and stable
      -   element is visible, enabled and stable
      -   scrolling into view if needed
      -   done scrolling
      -   <mat-label _ngcontent-ng-c2013501738="" class="ng-tns-c3736…>Search Patient name , mrn</mat-label> from <div matformfieldnotchedoutline="" class="mdc-notched…>…</div> subtree intercepts pointer events
      - retrying click action, attempt #60
      -   waiting 500ms
      -   waiting for element to be visible, enabled and stable
      -   element is visible, enabled and stable
      -   scrolling into view if needed
      -   done scrolling
      -   <mat-label _ngcontent-ng-c2013501738="" class="ng-tns-c3736…>Search Patient name , mrn</mat-label> from <div matformfieldnotchedoutline="" class="mdc-notched…>…</div> subtree intercepts pointer events
      - retrying click action, attempt #61
      -   waiting 500ms
      -   waiting for element to be visible, enabled and stable
      -   element is visible, enabled and stable
      -   scrolling into view if needed
      -   done scrolling
      -   <mat-label _ngcontent-ng-c2013501738="" class="ng-tns-c3736…>Search Patient name , mrn</mat-label> from <div matformfieldnotchedoutline="" class="mdc-notched…>…</div> subtree intercepts pointer events
      - retrying click action, attempt #62
      -   waiting 500ms
      -   waiting for element to be visible, enabled and stable
      -   element is visible, enabled and stable
      -   scrolling into view if needed
      -   done scrolling
      -   <mat-label _ngcontent-ng-c2013501738="" class="ng-tns-c3736…>Search Patient name , mrn</mat-label> from <div matformfieldnotchedoutline="" class="mdc-notched…>…</div> subtree intercepts pointer events
      - retrying click action, attempt #63
      -   waiting 500ms
      -   waiting for element to be visible, enabled and stable
      -   element is visible, enabled and stable
      -   scrolling into view if needed
      -   done scrolling
      -   <mat-label _ngcontent-ng-c2013501738="" class="ng-tns-c3736…>Search Patient name , mrn</mat-label> from <div matformfieldnotchedoutline="" class="mdc-notched…>…</div> subtree intercepts pointer events
      - retrying click action, attempt #64
      -   waiting 500ms
      -   waiting for element to be visible, enabled and stable
      -   element is visible, enabled and stable
      -   scrolling into view if needed
      -   done scrolling
      -   <mat-label _ngcontent-ng-c2013501738="" class="ng-tns-c3736…>Search Patient name , mrn</mat-label> from <div matformfieldnotchedoutline="" class="mdc-notched…>…</div> subtree intercepts pointer events
      - retrying click action, attempt #65
      -   waiting 500ms
      -   waiting for element to be visible, enabled and stable
      -   element is visible, enabled and stable
      -   scrolling into view if needed
      -   done scrolling
      -   <mat-label _ngcontent-ng-c2013501738="" class="ng-tns-c3736…>Search Patient name , mrn</mat-label> from <div matformfieldnotchedoutline="" class="mdc-notched…>…</div> subtree intercepts pointer events
      - retrying click action, attempt #66
      -   waiting 500ms
      -   waiting for element to be visible, enabled and stable
      -   element is visible, enabled and stable
      -   scrolling into view if needed
      -   done scrolling
      -   <mat-label _ngcontent-ng-c2013501738="" class="ng-tns-c3736…>Search Patient name , mrn</mat-label> from <div matformfieldnotchedoutline="" class="mdc-notched…>…</div> subtree intercepts pointer events
      - retrying click action, attempt #67
      -   waiting 500ms
      -   waiting for element to be visible, enabled and stable
      -   element is visible, enabled and stable
      -   scrolling into view if needed
      -   done scrolling
      -   <mat-label _ngcontent-ng-c2013501738="" class="ng-tns-c3736…>Search Patient name , mrn</mat-label> from <div matformfieldnotchedoutline="" class="mdc-notched…>…</div> subtree intercepts pointer events
      - retrying click action, attempt #68
      -   waiting 500ms
      -   waiting for element to be visible, enabled and stable
      -   element is visible, enabled and stable
      -   scrolling into view if needed
      -   done scrolling
      -   <mat-label _ngcontent-ng-c2013501738="" class="ng-tns-c3736…>Search Patient name , mrn</mat-label> from <div matformfieldnotchedoutline="" class="mdc-notched…>…</div> subtree intercepts pointer events
      - retrying click action, attempt #69
      -   waiting 500ms
      -   waiting for element to be visible, enabled and stable
      -   element is visible, enabled and stable
      -   scrolling into view if needed
      -   done scrolling
      -   <mat-label _ngcontent-ng-c2013501738="" class="ng-tns-c3736…>Search Patient name , mrn</mat-label> from <div matformfieldnotchedoutline="" class="mdc-notched…>…</div> subtree intercepts pointer events
      - retrying click action, attempt #70
      -   waiting 500ms
      -   waiting for element to be visible, enabled and stable
      -   element is visible, enabled and stable
      -   scrolling into view if needed
      -   done scrolling
      -   <mat-label _ngcontent-ng-c2013501738="" class="ng-tns-c3736…>Search Patient name , mrn</mat-label> from <div matformfieldnotchedoutline="" class="mdc-notched…>…</div> subtree intercepts pointer events
      - retrying click action, attempt #71
      -   waiting 500ms
      -   waiting for element to be visible, enabled and stable
      -   element is visible, enabled and stable
      -   scrolling into view if needed
      -   done scrolling
      -   <mat-label _ngcontent-ng-c2013501738="" class="ng-tns-c3736…>Search Patient name , mrn</mat-label> from <div matformfieldnotchedoutline="" class="mdc-notched…>…</div> subtree intercepts pointer events
      - retrying click action, attempt #72
      -   waiting 500ms
      -   waiting for element to be visible, enabled and stable
      -   element is visible, enabled and stable
      -   scrolling into view if needed
      -   done scrolling
      -   <mat-label _ngcontent-ng-c2013501738="" class="ng-tns-c3736…>Search Patient name , mrn</mat-label> from <div matformfieldnotchedoutline="" class="mdc-notched…>…</div> subtree intercepts pointer events
      - retrying click action, attempt #73
      -   waiting 500ms
      -   waiting for element to be visible, enabled and stable
      -   element is visible, enabled and stable
      -   scrolling into view if needed
      -   done scrolling
      -   <mat-label _ngcontent-ng-c2013501738="" class="ng-tns-c3736…>Search Patient name , mrn</mat-label> from <div matformfieldnotchedoutline="" class="mdc-notched…>…</div> subtree intercepts pointer events
      - retrying click action, attempt #74
      -   waiting 500ms
      -   waiting for element to be visible, enabled and stable
      -   element is visible, enabled and stable
      -   scrolling into view if needed
      -   done scrolling
      -   <mat-label _ngcontent-ng-c2013501738="" class="ng-tns-c3736…>Search Patient name , mrn</mat-label> from <div matformfieldnotchedoutline="" class="mdc-notched…>…</div> subtree intercepts pointer events
      - retrying click action, attempt #75
      -   waiting 500ms
      -   waiting for element to be visible, enabled and stable
      -   element is visible, enabled and stable
      -   scrolling into view if needed
      -   done scrolling
      -   <mat-label _ngcontent-ng-c2013501738="" class="ng-tns-c3736…>Search Patient name , mrn</mat-label> from <div matformfieldnotchedoutline="" class="mdc-notched…>…</div> subtree intercepts pointer events
      - retrying click action, attempt #76
      -   waiting 500ms
      -   waiting for element to be visible, enabled and stable
      -   element is visible, enabled and stable
      -   scrolling into view if needed
      -   done scrolling
      -   <mat-label _ngcontent-ng-c2013501738="" class="ng-tns-c3736…>Search Patient name , mrn</mat-label> from <div matformfieldnotchedoutline="" class="mdc-notched…>…</div> subtree intercepts pointer events
      - retrying click action, attempt #77
      -   waiting 500ms
      -   waiting for element to be visible, enabled and stable
      -   element is visible, enabled and stable
      -   scrolling into view if needed
      -   done scrolling
      -   <mat-label _ngcontent-ng-c2013501738="" class="ng-tns-c3736…>Search Patient name , mrn</mat-label> from <div matformfieldnotchedoutline="" class="mdc-notched…>…</div> subtree intercepts pointer events
      - retrying click action, attempt #78
      -   waiting 500ms
      -   waiting for element to be visible, enabled and stable
      -   element is visible, enabled and stable
      -   scrolling into view if needed
      -   done scrolling
      -   <mat-label _ngcontent-ng-c2013501738="" class="ng-tns-c3736…>Search Patient name , mrn</mat-label> from <div matformfieldnotchedoutline="" class="mdc-notched…>…</div> subtree intercepts pointer events
      - retrying click action, attempt #79
      -   waiting 500ms
      -   waiting for element to be visible, enabled and stable
      -   element is visible, enabled and stable
      -   scrolling into view if needed
      -   done scrolling
      -   <mat-label _ngcontent-ng-c2013501738="" class="ng-tns-c3736…>Search Patient name , mrn</mat-label> from <div matformfieldnotchedoutline="" class="mdc-notched…>…</div> subtree intercepts pointer events
      - retrying click action, attempt #80
      -   waiting 500ms
      -   waiting for element to be visible, enabled and stable
      -   element is visible, enabled and stable
      -   scrolling into view if needed
      -   done scrolling
      -   <mat-label _ngcontent-ng-c2013501738="" class="ng-tns-c3736…>Search Patient name , mrn</mat-label> from <div matformfieldnotchedoutline="" class="mdc-notched…>…</div> subtree intercepts pointer events
      - retrying click action, attempt #81
      -   waiting 500ms
      -   waiting for element to be visible, enabled and stable
      -   element is visible, enabled and stable
      -   scrolling into view if needed
      -   done scrolling
      -   <mat-label _ngcontent-ng-c2013501738="" class="ng-tns-c3736…>Search Patient name , mrn</mat-label> from <div matformfieldnotchedoutline="" class="mdc-notched…>…</div> subtree intercepts pointer events
      - retrying click action, attempt #82
      -   waiting 500ms
      -   waiting for element to be visible, enabled and stable
      -   element is visible, enabled and stable
      -   scrolling into view if needed
      -   done scrolling
      -   <mat-label _ngcontent-ng-c2013501738="" class="ng-tns-c3736…>Search Patient name , mrn</mat-label> from <div matformfieldnotchedoutline="" class="mdc-notched…>…</div> subtree intercepts pointer events
      - retrying click action, attempt #83
      -   waiting 500ms
      -   waiting for element to be visible, enabled and stable
      -   element is visible, enabled and stable
      -   scrolling into view if needed
      -   done scrolling
      -   <mat-label _ngcontent-ng-c2013501738="" class="ng-tns-c3736…>Search Patient name , mrn</mat-label> from <div matformfieldnotchedoutline="" class="mdc-notched…>…</div> subtree intercepts pointer events
      - retrying click action, attempt #84
      -   waiting 500ms
      -   waiting for element to be visible, enabled and stable
      -   element is visible, enabled and stable
      -   scrolling into view if needed
      -   done scrolling
      -   <mat-label _ngcontent-ng-c2013501738="" class="ng-tns-c3736…>Search Patient name , mrn</mat-label> from <div matformfieldnotchedoutline="" class="mdc-notched…>…</div> subtree intercepts pointer events
      - retrying click action, attempt #85
      -   waiting 500ms
      -   waiting for element to be visible, enabled and stable
      -   element is visible, enabled and stable
      -   scrolling into view if needed
      -   done scrolling
      -   <mat-label _ngcontent-ng-c2013501738="" class="ng-tns-c3736…>Search Patient name , mrn</mat-label> from <div matformfieldnotchedoutline="" class="mdc-notched…>…</div> subtree intercepts pointer events
      - retrying click action, attempt #86
      -   waiting 500ms
      -   waiting for element to be visible, enabled and stable
      -   element is visible, enabled and stable
      -   scrolling into view if needed
      -   done scrolling
      -   <mat-label _ngcontent-ng-c2013501738="" class="ng-tns-c3736…>Search Patient name , mrn</mat-label> from <div matformfieldnotchedoutline="" class="mdc-notched…>…</div> subtree intercepts pointer events
      - retrying click action, attempt #87
      -   waiting 500ms
      -   waiting for element to be visible, enabled and stable
      -   element is visible, enabled and stable
      -   scrolling into view if needed
      -   done scrolling
      -   <mat-label _ngcontent-ng-c2013501738="" class="ng-tns-c3736…>Search Patient name , mrn</mat-label> from <div matformfieldnotchedoutline="" class="mdc-notched…>…</div> subtree intercepts pointer events
      - retrying click action, attempt #88
      -   waiting 500ms
      -   waiting for element to be visible, enabled and stable
      -   element is visible, enabled and stable
      -   scrolling into view if needed
      -   done scrolling
      -   <mat-label _ngcontent-ng-c2013501738="" class="ng-tns-c3736…>Search Patient name , mrn</mat-label> from <div matformfieldnotchedoutline="" class="mdc-notched…>…</div> subtree intercepts pointer events
      - retrying click action, attempt #89
      -   waiting 500ms
      -   waiting for element to be visible, enabled and stable
      -   element is visible, enabled and stable
      -   scrolling into view if needed
      -   done scrolling
      -   <mat-label _ngcontent-ng-c2013501738="" class="ng-tns-c3736…>Search Patient name , mrn</mat-label> from <div matformfieldnotchedoutline="" class="mdc-notched…>…</div> subtree intercepts pointer events
      - retrying click action, attempt #90
      -   waiting 500ms
      -   waiting for element to be visible, enabled and stable
      -   element is visible, enabled and stable
      -   scrolling into view if needed
      -   done scrolling
      -   <mat-label _ngcontent-ng-c2013501738="" class="ng-tns-c3736…>Search Patient name , mrn</mat-label> from <div matformfieldnotchedoutline="" class="mdc-notched…>…</div> subtree intercepts pointer events
      - retrying click action, attempt #91
      -   waiting 500ms
      -   waiting for element to be visible, enabled and stable
      -   element is visible, enabled and stable
      -   scrolling into view if needed
      -   done scrolling
      -   <mat-label _ngcontent-ng-c2013501738="" class="ng-tns-c3736…>Search Patient name , mrn</mat-label> from <div matformfieldnotchedoutline="" class="mdc-notched…>…</div> subtree intercepts pointer events
      - retrying click action, attempt #92
      -   waiting 500ms
      -   waiting for element to be visible, enabled and stable
      -   element is visible, enabled and stable
      -   scrolling into view if needed
      -   done scrolling
      -   <mat-label _ngcontent-ng-c2013501738="" class="ng-tns-c3736…>Search Patient name , mrn</mat-label> from <div matformfieldnotchedoutline="" class="mdc-notched…>…</div> subtree intercepts pointer events
      - retrying click action, attempt #93
      -   waiting 500ms
      -   waiting for element to be visible, enabled and stable
      -   element is visible, enabled and stable
      -   scrolling into view if needed
      -   done scrolling
      -   <mat-label _ngcontent-ng-c2013501738="" class="ng-tns-c3736…>Search Patient name , mrn</mat-label> from <div matformfieldnotchedoutline="" class="mdc-notched…>…</div> subtree intercepts pointer events
      - retrying click action, attempt #94
      -   waiting 500ms
      -   waiting for element to be visible, enabled and stable
      -   element is visible, enabled and stable
      -   scrolling into view if needed
      -   done scrolling
      -   <mat-label _ngcontent-ng-c2013501738="" class="ng-tns-c3736…>Search Patient name , mrn</mat-label> from <div matformfieldnotchedoutline="" class="mdc-notched…>…</div> subtree intercepts pointer events
      - retrying click action, attempt #95
      -   waiting 500ms
      -   waiting for element to be visible, enabled and stable
      -   element is visible, enabled and stable
      -   scrolling into view if needed
      -   done scrolling
      -   <mat-label _ngcontent-ng-c2013501738="" class="ng-tns-c3736…>Search Patient name , mrn</mat-label> from <div matformfieldnotchedoutline="" class="mdc-notched…>…</div> subtree intercepts pointer events
      - retrying click action, attempt #96
      -   waiting 500ms
      -   waiting for element to be visible, enabled and stable
      -   element is visible, enabled and stable
      -   scrolling into view if needed
      -   done scrolling
      -   <mat-label _ngcontent-ng-c2013501738="" class="ng-tns-c3736…>Search Patient name , mrn</mat-label> from <div matformfieldnotchedoutline="" class="mdc-notched…>…</div> subtree intercepts pointer events
      - retrying click action, attempt #97
      -   waiting 500ms
      -   waiting for element to be visible, enabled and stable
      -   element is visible, enabled and stable
      -   scrolling into view if needed
      -   done scrolling
      -   <mat-label _ngcontent-ng-c2013501738="" class="ng-tns-c3736…>Search Patient name , mrn</mat-label> from <div matformfieldnotchedoutline="" class="mdc-notched…>…</div> subtree intercepts pointer events
      - retrying click action, attempt #98
      -   waiting 500ms
      -   waiting for element to be visible, enabled and stable
      -   element is visible, enabled and stable
      -   scrolling into view if needed
      -   done scrolling
      -   <mat-label _ngcontent-ng-c2013501738="" class="ng-tns-c3736…>Search Patient name , mrn</mat-label> from <div matformfieldnotchedoutline="" class="mdc-notched…>…</div> subtree intercepts pointer events
      - retrying click action, attempt #99
      -   waiting 500ms
      -   waiting for element to be visible, enabled and stable
      -   element is visible, enabled and stable
      -   scrolling into view if needed
      -   done scrolling
      -   <mat-label _ngcontent-ng-c2013501738="" class="ng-tns-c3736…>Search Patient name , mrn</mat-label> from <div matformfieldnotchedoutline="" class="mdc-notched…>…</div> subtree intercepts pointer events
      - retrying click action, attempt #100
      -   waiting 500ms
      -   waiting for element to be visible, enabled and stable
      -   element is visible, enabled and stable
      -   scrolling into view if needed
      -   done scrolling
      -   <mat-label _ngcontent-ng-c2013501738="" class="ng-tns-c3736…>Search Patient name , mrn</mat-label> from <div matformfieldnotchedoutline="" class="mdc-notched…>…</div> subtree intercepts pointer events
      - retrying click action, attempt #101
      -   waiting 500ms
      -   waiting for element to be visible, enabled and stable
      -   element is visible, enabled and stable
      -   scrolling into view if needed
      -   done scrolling
      -   <mat-label _ngcontent-ng-c2013501738="" class="ng-tns-c3736…>Search Patient name , mrn</mat-label> from <div matformfieldnotchedoutline="" class="mdc-notched…>…</div> subtree intercepts pointer events
      - retrying click action, attempt #102
      -   waiting 500ms
      -   waiting for element to be visible, enabled and stable
      -   element is visible, enabled and stable
      -   scrolling into view if needed
      -   done scrolling
      -   <mat-label _ngcontent-ng-c2013501738="" class="ng-tns-c3736…>Search Patient name , mrn</mat-label> from <div matformfieldnotchedoutline="" class="mdc-notched…>…</div> subtree intercepts pointer events
      - retrying click action, attempt #103
      -   waiting 500ms
      -   waiting for element to be visible, enabled and stable
      -   element is visible, enabled and stable
      -   scrolling into view if needed
      -   done scrolling
      -   <mat-label _ngcontent-ng-c2013501738="" class="ng-tns-c3736…>Search Patient name , mrn</mat-label> from <div matformfieldnotchedoutline="" class="mdc-notched…>…</div> subtree intercepts pointer events
      - retrying click action, attempt #104
      -   waiting 500ms
      -   waiting for element to be visible, enabled and stable
      -   element is visible, enabled and stable
      -   scrolling into view if needed
      -   done scrolling
      -   <mat-label _ngcontent-ng-c2013501738="" class="ng-tns-c3736…>Search Patient name , mrn</mat-label> from <div matformfieldnotchedoutline="" class="mdc-notched…>…</div> subtree intercepts pointer events
      - retrying click action, attempt #105
      -   waiting 500ms
      -   waiting for element to be visible, enabled and stable
      -   element is visible, enabled and stable
      -   scrolling into view if needed
      -   done scrolling
      -   <mat-label _ngcontent-ng-c2013501738="" class="ng-tns-c3736…>Search Patient name , mrn</mat-label> from <div matformfieldnotchedoutline="" class="mdc-notched…>…</div> subtree intercepts pointer events
      - retrying click action, attempt #106
      -   waiting 500ms
      -   waiting for element to be visible, enabled and stable
      -   element is visible, enabled and stable
      -   scrolling into view if needed
      -   done scrolling
      -   <mat-label _ngcontent-ng-c2013501738="" class="ng-tns-c3736…>Search Patient name , mrn</mat-label> from <div matformfieldnotchedoutline="" class="mdc-notched…>…</div> subtree intercepts pointer events
      - retrying click action, attempt #107
      -   waiting 500ms
      -   waiting for element to be visible, enabled and stable
      -   element is visible, enabled and stable
      -   scrolling into view if needed
      -   done scrolling
      -   <mat-label _ngcontent-ng-c2013501738="" class="ng-tns-c3736…>Search Patient name , mrn</mat-label> from <div matformfieldnotchedoutline="" class="mdc-notched…>…</div> subtree intercepts pointer events
      - retrying click action, attempt #108
      -   waiting 500ms
      -   waiting for element to be visible, enabled and stable
      -   element is visible, enabled and stable
      -   scrolling into view if needed
      -   done scrolling
      -   <mat-label _ngcontent-ng-c2013501738="" class="ng-tns-c3736…>Search Patient name , mrn</mat-label> from <div matformfieldnotchedoutline="" class="mdc-notched…>…</div> subtree intercepts pointer events
      - retrying click action, attempt #109
      -   waiting 500ms
      -   waiting for element to be visible, enabled and stable
      -   element is visible, enabled and stable
      -   scrolling into view if needed
      -   done scrolling
      -   <mat-label _ngcontent-ng-c2013501738="" class="ng-tns-c3736…>Search Patient name , mrn</mat-label> from <div matformfieldnotchedoutline="" class="mdc-notched…>…</div> subtree intercepts pointer events
      - retrying click action, attempt #110
      -   waiting 500ms
      -   waiting for element to be visible, enabled and stable
      -   element is visible, enabled and stable
      -   scrolling into view if needed
      -   done scrolling
      -   <mat-label _ngcontent-ng-c2013501738="" class="ng-tns-c3736…>Search Patient name , mrn</mat-label> from <div matformfieldnotchedoutline="" class="mdc-notched…>…</div> subtree intercepts pointer events
      - retrying click action, attempt #111
      -   waiting 500ms
      -   waiting for element to be visible, enabled and stable
      -   element is visible, enabled and stable
      -   scrolling into view if needed
      -   done scrolling
      -   <mat-label _ngcontent-ng-c2013501738="" class="ng-tns-c3736…>Search Patient name , mrn</mat-label> from <div matformfieldnotchedoutline="" class="mdc-notched…>…</div> subtree intercepts pointer events
      - retrying click action, attempt #112
      -   waiting 500ms
      -   waiting for element to be visible, enabled and stable
      -   element is visible, enabled and stable
      -   scrolling into view if needed
      -   done scrolling
      -   <mat-label _ngcontent-ng-c2013501738="" class="ng-tns-c3736…>Search Patient name , mrn</mat-label> from <div matformfieldnotchedoutline="" class="mdc-notched…>…</div> subtree intercepts pointer events
      - retrying click action, attempt #113
      -   waiting 500ms
      -   waiting for element to be visible, enabled and stable
      -   element is visible, enabled and stable
      -   scrolling into view if needed
      -   done scrolling
      -   <mat-label _ngcontent-ng-c2013501738="" class="ng-tns-c3736…>Search Patient name , mrn</mat-label> from <div matformfieldnotchedoutline="" class="mdc-notched…>…</div> subtree intercepts pointer events
      - retrying click action, attempt #114
      -   waiting 500ms
      -   waiting for element to be visible, enabled and stable
      -   element is visible, enabled and stable
      -   scrolling into view if needed
      -   done scrolling
      -   <mat-label _ngcontent-ng-c2013501738="" class="ng-tns-c3736…>Search Patient name , mrn</mat-label> from <div matformfieldnotchedoutline="" class="mdc-notched…>…</div> subtree intercepts pointer events
      - retrying click action, attempt #115
      -   waiting 500ms
      -   waiting for element to be visible, enabled and stable
      -   element is visible, enabled and stable
      -   scrolling into view if needed
      -   done scrolling
      -   <mat-label _ngcontent-ng-c2013501738="" class="ng-tns-c3736…>Search Patient name , mrn</mat-label> from <div matformfieldnotchedoutline="" class="mdc-notched…>…</div> subtree intercepts pointer events
      - retrying click action, attempt #116
      -   waiting 500ms
      -   waiting for element to be visible, enabled and stable
      -   element is visible, enabled and stable
      -   scrolling into view if needed
      -   done scrolling
      -   <mat-label _ngcontent-ng-c2013501738="" class="ng-tns-c3736…>Search Patient name , mrn</mat-label> from <div matformfieldnotchedoutline="" class="mdc-notched…>…</div> subtree intercepts pointer events
      - retrying click action, attempt #117
      -   waiting 500ms
      -   waiting for element to be visible, enabled and stable
      -   element is visible, enabled and stable
      -   scrolling into view if needed
      -   done scrolling
      -   <mat-label _ngcontent-ng-c2013501738="" class="ng-tns-c3736…>Search Patient name , mrn</mat-label> from <div matformfieldnotchedoutline="" class="mdc-notched…>…</div> subtree intercepts pointer events
      - retrying click action, attempt #118
      -   waiting 500ms
      -   waiting for element to be visible, enabled and stable
      -   element is visible, enabled and stable
      -   scrolling into view if needed
      -   done scrolling
      -   <mat-label _ngcontent-ng-c2013501738="" class="ng-tns-c3736…>Search Patient name , mrn</mat-label> from <div matformfieldnotchedoutline="" class="mdc-notched…>…</div> subtree intercepts pointer events
      - retrying click action, attempt #119
      -   waiting 500ms
      -   waiting for element to be visible, enabled and stable
      -   element is visible, enabled and stable
      -   scrolling into view if needed
      -   done scrolling
      -   <mat-label _ngcontent-ng-c2013501738="" class="ng-tns-c3736…>Search Patient name , mrn</mat-label> from <div matformfieldnotchedoutline="" class="mdc-notched…>…</div> subtree intercepts pointer events
      - retrying click action, attempt #120
      -   waiting 500ms
      -   waiting for element to be visible, enabled and stable
      -   element is visible, enabled and stable
      -   scrolling into view if needed
      -   done scrolling
      -   <mat-label _ngcontent-ng-c2013501738="" class="ng-tns-c3736…>Search Patient name , mrn</mat-label> from <div matformfieldnotchedoutline="" class="mdc-notched…>…</div> subtree intercepts pointer events
      - retrying click action, attempt #121
      -   waiting 500ms
      -   waiting for element to be visible, enabled and stable
      -   element is visible, enabled and stable
      -   scrolling into view if needed
      -   done scrolling
      -   <mat-label _ngcontent-ng-c2013501738="" class="ng-tns-c3736…>Search Patient name , mrn</mat-label> from <div matformfieldnotchedoutline="" class="mdc-notched…>…</div> subtree intercepts pointer events
      - retrying click action, attempt #122
      -   waiting 500ms
      -   waiting for element to be visible, enabled and stable
      -   element is visible, enabled and stable
      -   scrolling into view if needed
      -   done scrolling
      -   <mat-label _ngcontent-ng-c2013501738="" class="ng-tns-c3736…>Search Patient name , mrn</mat-label> from <div matformfieldnotchedoutline="" class="mdc-notched…>…</div> subtree intercepts pointer events
      - retrying click action, attempt #123
      -   waiting 500ms
      -   waiting for element to be visible, enabled and stable
      -   element is visible, enabled and stable
      -   scrolling into view if needed
      -   done scrolling
      -   <mat-label _ngcontent-ng-c2013501738="" class="ng-tns-c3736…>Search Patient name , mrn</mat-label> from <div matformfieldnotchedoutline="" class="mdc-notched…>…</div> subtree intercepts pointer events
      - retrying click action, attempt #124
      -   waiting 500ms
      -   waiting for element to be visible, enabled and stable
      -   element is visible, enabled and stable
      -   scrolling into view if needed
      -   done scrolling
      -   <mat-label _ngcontent-ng-c2013501738="" class="ng-tns-c3736…>Search Patient name , mrn</mat-label> from <div matformfieldnotchedoutline="" class="mdc-notched…>…</div> subtree intercepts pointer events
      - retrying click action, attempt #125
      -   waiting 500ms
      -   waiting for element to be visible, enabled and stable
      -   element is visible, enabled and stable
      -   scrolling into view if needed
      -   done scrolling
      -   <mat-label _ngcontent-ng-c2013501738="" class="ng-tns-c3736…>Search Patient name , mrn</mat-label> from <div matformfieldnotchedoutline="" class="mdc-notched…>…</div> subtree intercepts pointer events
      - retrying click action, attempt #126
      -   waiting 500ms
      -   waiting for element to be visible, enabled and stable
      -   element is visible, enabled and stable
      -   scrolling into view if needed
      -   done scrolling
      -   <mat-label _ngcontent-ng-c2013501738="" class="ng-tns-c3736…>Search Patient name , mrn</mat-label> from <div matformfieldnotchedoutline="" class="mdc-notched…>…</div> subtree intercepts pointer events
      - retrying click action, attempt #127
      -   waiting 500ms
      -   waiting for element to be visible, enabled and stable
      -   element is visible, enabled and stable
      -   scrolling into view if needed
      -   done scrolling
      -   <mat-label _ngcontent-ng-c2013501738="" class="ng-tns-c3736…>Search Patient name , mrn</mat-label> from <div matformfieldnotchedoutline="" class="mdc-notched…>…</div> subtree intercepts pointer events
      - retrying click action, attempt #128
      -   waiting 500ms
      -   waiting for element to be visible, enabled and stable
      -   element is visible, enabled and stable
      -   scrolling into view if needed
      -   done scrolling
      -   <mat-label _ngcontent-ng-c2013501738="" class="ng-tns-c3736…>Search Patient name , mrn</mat-label> from <div matformfieldnotchedoutline="" class="mdc-notched…>…</div> subtree intercepts pointer events
      - retrying click action, attempt #129
      -   waiting 500ms
      -   waiting for element to be visible, enabled and stable
      -   element is visible, enabled and stable
      -   scrolling into view if needed
      -   done scrolling
      -   <mat-label _ngcontent-ng-c2013501738="" class="ng-tns-c3736…>Search Patient name , mrn</mat-label> from <div matformfieldnotchedoutline="" class="mdc-notched…>…</div> subtree intercepts pointer events
      - retrying click action, attempt #130
      -   waiting 500ms
      -   waiting for element to be visible, enabled and stable
      -   element is visible, enabled and stable
      -   scrolling into view if needed
      -   done scrolling
      -   <mat-label _ngcontent-ng-c2013501738="" class="ng-tns-c3736…>Search Patient name , mrn</mat-label> from <div matformfieldnotchedoutline="" class="mdc-notched…>…</div> subtree intercepts pointer events
      - retrying click action, attempt #131
      -   waiting 500ms
      -   waiting for element to be visible, enabled and stable
      -   element is visible, enabled and stable
      -   scrolling into view if needed
      -   done scrolling
      -   <mat-label _ngcontent-ng-c2013501738="" class="ng-tns-c3736…>Search Patient name , mrn</mat-label> from <div matformfieldnotchedoutline="" class="mdc-notched…>…</div> subtree intercepts pointer events
      - retrying click action, attempt #132
      -   waiting 500ms
      -   waiting for element to be visible, enabled and stable
      -   element is visible, enabled and stable
      -   scrolling into view if needed
      -   done scrolling
      -   <mat-label _ngcontent-ng-c2013501738="" class="ng-tns-c3736…>Search Patient name , mrn</mat-label> from <div matformfieldnotchedoutline="" class="mdc-notched…>…</div> subtree intercepts pointer events
      - retrying click action, attempt #133
      -   waiting 500ms
      -   waiting for element to be visible, enabled and stable
      -   element is visible, enabled and stable
      -   scrolling into view if needed
      -   done scrolling
      -   <mat-label _ngcontent-ng-c2013501738="" class="ng-tns-c3736…>Search Patient name , mrn</mat-label> from <div matformfieldnotchedoutline="" class="mdc-notched…>…</div> subtree intercepts pointer events
      - retrying click action, attempt #134
      -   waiting 500ms
      -   waiting for element to be visible, enabled and stable
      -   element is visible, enabled and stable
      -   scrolling into view if needed
      -   done scrolling
      -   <mat-label _ngcontent-ng-c2013501738="" class="ng-tns-c3736…>Search Patient name , mrn</mat-label> from <div matformfieldnotchedoutline="" class="mdc-notched…>…</div> subtree intercepts pointer events
      - retrying click action, attempt #135
      -   waiting 500ms
      -   waiting for element to be visible, enabled and stable
      -   element is visible, enabled and stable
      -   scrolling into view if needed
      -   done scrolling
      -   <mat-label _ngcontent-ng-c2013501738="" class="ng-tns-c3736…>Search Patient name , mrn</mat-label> from <div matformfieldnotchedoutline="" class="mdc-notched…>…</div> subtree intercepts pointer events
      - retrying click action, attempt #136
      -   waiting 500ms
      -   waiting for element to be visible, enabled and stable
      -   element is visible, enabled and stable
      -   scrolling into view if needed
      -   done scrolling
      -   <mat-label _ngcontent-ng-c2013501738="" class="ng-tns-c3736…>Search Patient name , mrn</mat-label> from <div matformfieldnotchedoutline="" class="mdc-notched…>…</div> subtree intercepts pointer events
      - retrying click action, attempt #137
      -   waiting 500ms
      -   waiting for element to be visible, enabled and stable
      -   element is visible, enabled and stable
      -   scrolling into view if needed
      -   done scrolling
      -   <mat-label _ngcontent-ng-c2013501738="" class="ng-tns-c3736…>Search Patient name , mrn</mat-label> from <div matformfieldnotchedoutline="" class="mdc-notched…>…</div> subtree intercepts pointer events
      - retrying click action, attempt #138
      -   waiting 500ms
      -   waiting for element to be visible, enabled and stable
      -   element is visible, enabled and stable
      -   scrolling into view if needed
      -   done scrolling
      -   <mat-label _ngcontent-ng-c2013501738="" class="ng-tns-c3736…>Search Patient name , mrn</mat-label> from <div matformfieldnotchedoutline="" class="mdc-notched…>…</div> subtree intercepts pointer events
      - retrying click action, attempt #139
      -   waiting 500ms
      -   waiting for element to be visible, enabled and stable
      -   element is visible, enabled and stable
      -   scrolling into view if needed
      -   done scrolling
      -   <mat-label _ngcontent-ng-c2013501738="" class="ng-tns-c3736…>Search Patient name , mrn</mat-label> from <div matformfieldnotchedoutline="" class="mdc-notched…>…</div> subtree intercepts pointer events
      - retrying click action, attempt #140
      -   waiting 500ms
      -   waiting for element to be visible, enabled and stable
      -   element is visible, enabled and stable
      -   scrolling into view if needed
      -   done scrolling
      -   <mat-label _ngcontent-ng-c2013501738="" class="ng-tns-c3736…>Search Patient name , mrn</mat-label> from <div matformfieldnotchedoutline="" class="mdc-notched…>…</div> subtree intercepts pointer events
      - retrying click action, attempt #141
      -   waiting 500ms
      -   waiting for element to be visible, enabled and stable
      -   element is visible, enabled and stable
      -   scrolling into view if needed
      -   done scrolling
      -   <mat-label _ngcontent-ng-c2013501738="" class="ng-tns-c3736…>Search Patient name , mrn</mat-label> from <div matformfieldnotchedoutline="" class="mdc-notched…>…</div> subtree intercepts pointer events
      - retrying click action, attempt #142
      -   waiting 500ms
      -   waiting for element to be visible, enabled and stable
      -   element is visible, enabled and stable
      -   scrolling into view if needed
      -   done scrolling
      -   <mat-label _ngcontent-ng-c2013501738="" class="ng-tns-c3736…>Search Patient name , mrn</mat-label> from <div matformfieldnotchedoutline="" class="mdc-notched…>…</div> subtree intercepts pointer events
      - retrying click action, attempt #143
      -   waiting 500ms
      -   waiting for element to be visible, enabled and stable
      -   element is visible, enabled and stable
      -   scrolling into view if needed
      -   done scrolling
      -   <mat-label _ngcontent-ng-c2013501738="" class="ng-tns-c3736…>Search Patient name , mrn</mat-label> from <div matformfieldnotchedoutline="" class="mdc-notched…>…</div> subtree intercepts pointer events
      - retrying click action, attempt #144
      -   waiting 500ms
      -   waiting for element to be visible, enabled and stable
      -   element is visible, enabled and stable
      -   scrolling into view if needed
      -   done scrolling
      -   <mat-label _ngcontent-ng-c2013501738="" class="ng-tns-c3736…>Search Patient name , mrn</mat-label> from <div matformfieldnotchedoutline="" class="mdc-notched…>…</div> subtree intercepts pointer events
      - retrying click action, attempt #145
      -   waiting 500ms
      -   waiting for element to be visible, enabled and stable
      -   element is visible, enabled and stable
      -   scrolling into view if needed
      -   done scrolling
      -   <mat-label _ngcontent-ng-c2013501738="" class="ng-tns-c3736…>Search Patient name , mrn</mat-label> from <div matformfieldnotchedoutline="" class="mdc-notched…>…</div> subtree intercepts pointer events
      - retrying click action, attempt #146
      -   waiting 500ms
      -   waiting for element to be visible, enabled and stable
      -   element is visible, enabled and stable
      -   scrolling into view if needed
      -   done scrolling
      -   <mat-label _ngcontent-ng-c2013501738="" class="ng-tns-c3736…>Search Patient name , mrn</mat-label> from <div matformfieldnotchedoutline="" class="mdc-notched…>…</div> subtree intercepts pointer events
      - retrying click action, attempt #147
      -   waiting 500ms
      -   waiting for element to be visible, enabled and stable
      -   element is visible, enabled and stable
      -   scrolling into view if needed
      -   done scrolling
      -   <mat-label _ngcontent-ng-c2013501738="" class="ng-tns-c3736…>Search Patient name , mrn</mat-label> from <div matformfieldnotchedoutline="" class="mdc-notched…>…</div> subtree intercepts pointer events
      - retrying click action, attempt #148
      -   waiting 500ms
      -   waiting for element to be visible, enabled and stable
      -   element is visible, enabled and stable
      -   scrolling into view if needed
      -   done scrolling
      -   <mat-label _ngcontent-ng-c2013501738="" class="ng-tns-c3736…>Search Patient name , mrn</mat-label> from <div matformfieldnotchedoutline="" class="mdc-notched…>…</div> subtree intercepts pointer events
      - retrying click action, attempt #149
      -   waiting 500ms
      -   waiting for element to be visible, enabled and stable
      -   element is visible, enabled and stable
      -   scrolling into view if needed
      -   done scrolling
      -   <mat-label _ngcontent-ng-c2013501738="" class="ng-tns-c3736…>Search Patient name , mrn</mat-label> from <div matformfieldnotchedoutline="" class="mdc-notched…>…</div> subtree intercepts pointer events
      - retrying click action, attempt #150
      -   waiting 500ms


       at classes\patientsPage.ts:54

      52 |     //search patient name (fillable)
      53 |     async searchPatient(patient){
    > 54 |         await this.page.getByLabel('Search Patient name , mrn').click();
         |                                                                 ^
      55 |         await this.page.getByLabel('Search Patient name , mrn').fill(patient);
      56 |         await this.page.getByLabel('Search Patient name , mrn').press('Enter');
      57 |     }

        at PatientsPage.searchPatient (C:\Users\white\work\mbh-playwright\classes\patientsPage.ts:54:65)
        at C:\Users\white\work\mbh-playwright\mbhpatientschvisit.mbhpages.ts:40:20

    attachment #1: screenshot (image/png) ──────────────────────────────────────────────────────────
    test-results\mbhpatientschvisit.mbhpages.ts-patients-chronic-visit-chrome\test-failed-1.png
    ────────────────────────────────────────────────────────────────────────────────────────────────

    attachment #2: video (video/webm) ──────────────────────────────────────────────────────────────
    test-results\mbhpatientschvisit.mbhpages.ts-patients-chronic-visit-chrome\video.webm
    ────────────────────────────────────────────────────────────────────────────────────────────────
]]>
</failure>
<system-out>
<![CDATA[
[[ATTACHMENT|test-results\mbhpatientschvisit.mbhpages.ts-patients-chronic-visit-chrome\test-failed-1.png]]

[[ATTACHMENT|test-results\mbhpatientschvisit.mbhpages.ts-patients-chronic-visit-chrome\video.webm]]
]]>
</system-out>
</testcase>
<testcase name="view / assign visit" classname="mbhpatientschvisit.mbhpages.ts" time="96.165">
<properties>
<property name="slow" value="">
</property>
</properties>
<failure message="mbhpatientschvisit.mbhpages.ts:46:5 view / assign visit" type="FAILURE">
<![CDATA[  [chrome] › mbhpatientschvisit.mbhpages.ts:46:5 › view / assign visit ─────────────────────────────

    Test timeout of 90000ms exceeded.

    Error: locator.click: Test timeout of 90000ms exceeded.
    Call log:
      - waiting for getByLabel('Search Patient name , mrn')
      -   locator resolved to <input matinput="" id="mat-input-0" aria-invalid="false…/>
      - attempting click action
      -   waiting for element to be visible, enabled and stable
      -   element is visible, enabled and stable
      -   scrolling into view if needed
      -   done scrolling
      -   <mat-label _ngcontent-ng-c2013501738="" class="ng-tns-c3736…>Search Patient name , mrn</mat-label> from <div matformfieldnotchedoutline="" class="mdc-notched…>…</div> subtree intercepts pointer events
      - retrying click action, attempt #1
      -   waiting for element to be visible, enabled and stable
      -   element is visible, enabled and stable
      -   scrolling into view if needed
      -   done scrolling
      -   <mat-label _ngcontent-ng-c2013501738="" class="ng-tns-c3736…>Search Patient name , mrn</mat-label> from <div matformfieldnotchedoutline="" class="mdc-notched…>…</div> subtree intercepts pointer events
      - retrying click action, attempt #2
      -   waiting 20ms
      -   waiting for element to be visible, enabled and stable
      -   element is visible, enabled and stable
      -   scrolling into view if needed
      -   done scrolling
      -   <mat-label _ngcontent-ng-c2013501738="" class="ng-tns-c3736…>Search Patient name , mrn</mat-label> from <div matformfieldnotchedoutline="" class="mdc-notched…>…</div> subtree intercepts pointer events
      - retrying click action, attempt #3
      -   waiting 100ms
      -   waiting for element to be visible, enabled and stable
      -   element is visible, enabled and stable
      -   scrolling into view if needed
      -   done scrolling
      -   <mat-label _ngcontent-ng-c2013501738="" class="ng-tns-c3736…>Search Patient name , mrn</mat-label> from <div matformfieldnotchedoutline="" class="mdc-notched…>…</div> subtree intercepts pointer events
      - retrying click action, attempt #4
      -   waiting 100ms
      -   waiting for element to be visible, enabled and stable
      -   element is visible, enabled and stable
      -   scrolling into view if needed
      -   done scrolling
      -   <mat-label _ngcontent-ng-c2013501738="" class="ng-tns-c3736…>Search Patient name , mrn</mat-label> from <div matformfieldnotchedoutline="" class="mdc-notched…>…</div> subtree intercepts pointer events
      - retrying click action, attempt #5
      -   waiting 500ms
      -   waiting for element to be visible, enabled and stable
      -   element is visible, enabled and stable
      -   scrolling into view if needed
      -   done scrolling
      -   <mat-label _ngcontent-ng-c2013501738="" class="ng-tns-c3736…>Search Patient name , mrn</mat-label> from <div matformfieldnotchedoutline="" class="mdc-notched…>…</div> subtree intercepts pointer events
      - retrying click action, attempt #6
      -   waiting 500ms
      -   waiting for element to be visible, enabled and stable
      -   element is visible, enabled and stable
      -   scrolling into view if needed
      -   done scrolling
      -   <mat-label _ngcontent-ng-c2013501738="" class="ng-tns-c3736…>Search Patient name , mrn</mat-label> from <div matformfieldnotchedoutline="" class="mdc-notched…>…</div> subtree intercepts pointer events
      - retrying click action, attempt #7
      -   waiting 500ms
      -   waiting for element to be visible, enabled and stable
      -   element is visible, enabled and stable
      -   scrolling into view if needed
      -   done scrolling
      -   <mat-label _ngcontent-ng-c2013501738="" class="ng-tns-c3736…>Search Patient name , mrn</mat-label> from <div matformfieldnotchedoutline="" class="mdc-notched…>…</div> subtree intercepts pointer events
      - retrying click action, attempt #8
      -   waiting 500ms
      -   waiting for element to be visible, enabled and stable
      -   element is visible, enabled and stable
      -   scrolling into view if needed
      -   done scrolling
      -   <mat-label _ngcontent-ng-c2013501738="" class="ng-tns-c3736…>Search Patient name , mrn</mat-label> from <div matformfieldnotchedoutline="" class="mdc-notched…>…</div> subtree intercepts pointer events
      - retrying click action, attempt #9
      -   waiting 500ms
      -   waiting for element to be visible, enabled and stable
      -   element is visible, enabled and stable
      -   scrolling into view if needed
      -   done scrolling
      -   <mat-label _ngcontent-ng-c2013501738="" class="ng-tns-c3736…>Search Patient name , mrn</mat-label> from <div matformfieldnotchedoutline="" class="mdc-notched…>…</div> subtree intercepts pointer events
      - retrying click action, attempt #10
      -   waiting 500ms
      -   waiting for element to be visible, enabled and stable
      -   element is visible, enabled and stable
      -   scrolling into view if needed
      -   done scrolling
      -   <mat-label _ngcontent-ng-c2013501738="" class="ng-tns-c3736…>Search Patient name , mrn</mat-label> from <div matformfieldnotchedoutline="" class="mdc-notched…>…</div> subtree intercepts pointer events
      - retrying click action, attempt #11
      -   waiting 500ms
      -   waiting for element to be visible, enabled and stable
      -   element is visible, enabled and stable
      -   scrolling into view if needed
      -   done scrolling
      -   <mat-label _ngcontent-ng-c2013501738="" class="ng-tns-c3736…>Search Patient name , mrn</mat-label> from <div matformfieldnotchedoutline="" class="mdc-notched…>…</div> subtree intercepts pointer events
      - retrying click action, attempt #12
      -   waiting 500ms
      -   waiting for element to be visible, enabled and stable
      -   element is visible, enabled and stable
      -   scrolling into view if needed
      -   done scrolling
      -   <mat-label _ngcontent-ng-c2013501738="" class="ng-tns-c3736…>Search Patient name , mrn</mat-label> from <div matformfieldnotchedoutline="" class="mdc-notched…>…</div> subtree intercepts pointer events
      - retrying click action, attempt #13
      -   waiting 500ms
      -   waiting for element to be visible, enabled and stable
      -   element is visible, enabled and stable
      -   scrolling into view if needed
      -   done scrolling
      -   <mat-label _ngcontent-ng-c2013501738="" class="ng-tns-c3736…>Search Patient name , mrn</mat-label> from <div matformfieldnotchedoutline="" class="mdc-notched…>…</div> subtree intercepts pointer events
      - retrying click action, attempt #14
      -   waiting 500ms
      -   waiting for element to be visible, enabled and stable
      -   element is visible, enabled and stable
      -   scrolling into view if needed
      -   done scrolling
      -   <mat-label _ngcontent-ng-c2013501738="" class="ng-tns-c3736…>Search Patient name , mrn</mat-label> from <div matformfieldnotchedoutline="" class="mdc-notched…>…</div> subtree intercepts pointer events
      - retrying click action, attempt #15
      -   waiting 500ms
      -   waiting for element to be visible, enabled and stable
      -   element is visible, enabled and stable
      -   scrolling into view if needed
      -   done scrolling
      -   <mat-label _ngcontent-ng-c2013501738="" class="ng-tns-c3736…>Search Patient name , mrn</mat-label> from <div matformfieldnotchedoutline="" class="mdc-notched…>…</div> subtree intercepts pointer events
      - retrying click action, attempt #16
      -   waiting 500ms
      -   waiting for element to be visible, enabled and stable
      -   element is visible, enabled and stable
      -   scrolling into view if needed
      -   done scrolling
      -   <mat-label _ngcontent-ng-c2013501738="" class="ng-tns-c3736…>Search Patient name , mrn</mat-label> from <div matformfieldnotchedoutline="" class="mdc-notched…>…</div> subtree intercepts pointer events
      - retrying click action, attempt #17
      -   waiting 500ms
      -   waiting for element to be visible, enabled and stable
      -   element is visible, enabled and stable
      -   scrolling into view if needed
      -   done scrolling
      -   <mat-label _ngcontent-ng-c2013501738="" class="ng-tns-c3736…>Search Patient name , mrn</mat-label> from <div matformfieldnotchedoutline="" class="mdc-notched…>…</div> subtree intercepts pointer events
      - retrying click action, attempt #18
      -   waiting 500ms
      -   waiting for element to be visible, enabled and stable
      -   element is visible, enabled and stable
      -   scrolling into view if needed
      -   done scrolling
      -   <mat-label _ngcontent-ng-c2013501738="" class="ng-tns-c3736…>Search Patient name , mrn</mat-label> from <div matformfieldnotchedoutline="" class="mdc-notched…>…</div> subtree intercepts pointer events
      - retrying click action, attempt #19
      -   waiting 500ms
      -   waiting for element to be visible, enabled and stable
      -   element is visible, enabled and stable
      -   scrolling into view if needed
      -   done scrolling
      -   <mat-label _ngcontent-ng-c2013501738="" class="ng-tns-c3736…>Search Patient name , mrn</mat-label> from <div matformfieldnotchedoutline="" class="mdc-notched…>…</div> subtree intercepts pointer events
      - retrying click action, attempt #20
      -   waiting 500ms
      -   waiting for element to be visible, enabled and stable
      -   element is visible, enabled and stable
      -   scrolling into view if needed
      -   done scrolling
      -   <mat-label _ngcontent-ng-c2013501738="" class="ng-tns-c3736…>Search Patient name , mrn</mat-label> from <div matformfieldnotchedoutline="" class="mdc-notched…>…</div> subtree intercepts pointer events
      - retrying click action, attempt #21
      -   waiting 500ms
      -   waiting for element to be visible, enabled and stable
      -   element is visible, enabled and stable
      -   scrolling into view if needed
      -   done scrolling
      -   <mat-label _ngcontent-ng-c2013501738="" class="ng-tns-c3736…>Search Patient name , mrn</mat-label> from <div matformfieldnotchedoutline="" class="mdc-notched…>…</div> subtree intercepts pointer events
      - retrying click action, attempt #22
      -   waiting 500ms
      -   waiting for element to be visible, enabled and stable
      -   element is visible, enabled and stable
      -   scrolling into view if needed
      -   done scrolling
      -   <mat-label _ngcontent-ng-c2013501738="" class="ng-tns-c3736…>Search Patient name , mrn</mat-label> from <div matformfieldnotchedoutline="" class="mdc-notched…>…</div> subtree intercepts pointer events
      - retrying click action, attempt #23
      -   waiting 500ms
      -   waiting for element to be visible, enabled and stable
      -   element is visible, enabled and stable
      -   scrolling into view if needed
      -   done scrolling
      -   <mat-label _ngcontent-ng-c2013501738="" class="ng-tns-c3736…>Search Patient name , mrn</mat-label> from <div matformfieldnotchedoutline="" class="mdc-notched…>…</div> subtree intercepts pointer events
      - retrying click action, attempt #24
      -   waiting 500ms
      -   waiting for element to be visible, enabled and stable
      -   element is visible, enabled and stable
      -   scrolling into view if needed
      -   done scrolling
      -   <mat-label _ngcontent-ng-c2013501738="" class="ng-tns-c3736…>Search Patient name , mrn</mat-label> from <div matformfieldnotchedoutline="" class="mdc-notched…>…</div> subtree intercepts pointer events
      - retrying click action, attempt #25
      -   waiting 500ms
      -   waiting for element to be visible, enabled and stable
      -   element is visible, enabled and stable
      -   scrolling into view if needed
      -   done scrolling
      -   <mat-label _ngcontent-ng-c2013501738="" class="ng-tns-c3736…>Search Patient name , mrn</mat-label> from <div matformfieldnotchedoutline="" class="mdc-notched…>…</div> subtree intercepts pointer events
      - retrying click action, attempt #26
      -   waiting 500ms
      -   waiting for element to be visible, enabled and stable
      -   element is visible, enabled and stable
      -   scrolling into view if needed
      -   done scrolling
      -   <mat-label _ngcontent-ng-c2013501738="" class="ng-tns-c3736…>Search Patient name , mrn</mat-label> from <div matformfieldnotchedoutline="" class="mdc-notched…>…</div> subtree intercepts pointer events
      - retrying click action, attempt #27
      -   waiting 500ms
      -   waiting for element to be visible, enabled and stable
      -   element is visible, enabled and stable
      -   scrolling into view if needed
      -   done scrolling
      -   <mat-label _ngcontent-ng-c2013501738="" class="ng-tns-c3736…>Search Patient name , mrn</mat-label> from <div matformfieldnotchedoutline="" class="mdc-notched…>…</div> subtree intercepts pointer events
      - retrying click action, attempt #28
      -   waiting 500ms
      -   waiting for element to be visible, enabled and stable
      -   element is visible, enabled and stable
      -   scrolling into view if needed
      -   done scrolling
      -   <mat-label _ngcontent-ng-c2013501738="" class="ng-tns-c3736…>Search Patient name , mrn</mat-label> from <div matformfieldnotchedoutline="" class="mdc-notched…>…</div> subtree intercepts pointer events
      - retrying click action, attempt #29
      -   waiting 500ms
      -   waiting for element to be visible, enabled and stable
      -   element is visible, enabled and stable
      -   scrolling into view if needed
      -   done scrolling
      -   <mat-label _ngcontent-ng-c2013501738="" class="ng-tns-c3736…>Search Patient name , mrn</mat-label> from <div matformfieldnotchedoutline="" class="mdc-notched…>…</div> subtree intercepts pointer events
      - retrying click action, attempt #30
      -   waiting 500ms
      -   waiting for element to be visible, enabled and stable
      -   element is visible, enabled and stable
      -   scrolling into view if needed
      -   done scrolling
      -   <mat-label _ngcontent-ng-c2013501738="" class="ng-tns-c3736…>Search Patient name , mrn</mat-label> from <div matformfieldnotchedoutline="" class="mdc-notched…>…</div> subtree intercepts pointer events
      - retrying click action, attempt #31
      -   waiting 500ms
      -   waiting for element to be visible, enabled and stable
      -   element is visible, enabled and stable
      -   scrolling into view if needed
      -   done scrolling
      -   <mat-label _ngcontent-ng-c2013501738="" class="ng-tns-c3736…>Search Patient name , mrn</mat-label> from <div matformfieldnotchedoutline="" class="mdc-notched…>…</div> subtree intercepts pointer events
      - retrying click action, attempt #32
      -   waiting 500ms
      -   waiting for element to be visible, enabled and stable
      -   element is visible, enabled and stable
      -   scrolling into view if needed
      -   done scrolling
      -   <mat-label _ngcontent-ng-c2013501738="" class="ng-tns-c3736…>Search Patient name , mrn</mat-label> from <div matformfieldnotchedoutline="" class="mdc-notched…>…</div> subtree intercepts pointer events
      - retrying click action, attempt #33
      -   waiting 500ms
      -   waiting for element to be visible, enabled and stable
      -   element is visible, enabled and stable
      -   scrolling into view if needed
      -   done scrolling
      -   <mat-label _ngcontent-ng-c2013501738="" class="ng-tns-c3736…>Search Patient name , mrn</mat-label> from <div matformfieldnotchedoutline="" class="mdc-notched…>…</div> subtree intercepts pointer events
      - retrying click action, attempt #34
      -   waiting 500ms
      -   waiting for element to be visible, enabled and stable
      -   element is visible, enabled and stable
      -   scrolling into view if needed
      -   done scrolling
      -   <mat-label _ngcontent-ng-c2013501738="" class="ng-tns-c3736…>Search Patient name , mrn</mat-label> from <div matformfieldnotchedoutline="" class="mdc-notched…>…</div> subtree intercepts pointer events
      - retrying click action, attempt #35
      -   waiting 500ms
      -   waiting for element to be visible, enabled and stable
      -   element is visible, enabled and stable
      -   scrolling into view if needed
      -   done scrolling
      -   <mat-label _ngcontent-ng-c2013501738="" class="ng-tns-c3736…>Search Patient name , mrn</mat-label> from <div matformfieldnotchedoutline="" class="mdc-notched…>…</div> subtree intercepts pointer events
      - retrying click action, attempt #36
      -   waiting 500ms
      -   waiting for element to be visible, enabled and stable
      -   element is visible, enabled and stable
      -   scrolling into view if needed
      -   done scrolling
      -   <mat-label _ngcontent-ng-c2013501738="" class="ng-tns-c3736…>Search Patient name , mrn</mat-label> from <div matformfieldnotchedoutline="" class="mdc-notched…>…</div> subtree intercepts pointer events
      - retrying click action, attempt #37
      -   waiting 500ms
      -   waiting for element to be visible, enabled and stable
      -   element is visible, enabled and stable
      -   scrolling into view if needed
      -   done scrolling
      -   <mat-label _ngcontent-ng-c2013501738="" class="ng-tns-c3736…>Search Patient name , mrn</mat-label> from <div matformfieldnotchedoutline="" class="mdc-notched…>…</div> subtree intercepts pointer events
      - retrying click action, attempt #38
      -   waiting 500ms
      -   waiting for element to be visible, enabled and stable
      -   element is visible, enabled and stable
      -   scrolling into view if needed
      -   done scrolling
      -   <mat-label _ngcontent-ng-c2013501738="" class="ng-tns-c3736…>Search Patient name , mrn</mat-label> from <div matformfieldnotchedoutline="" class="mdc-notched…>…</div> subtree intercepts pointer events
      - retrying click action, attempt #39
      -   waiting 500ms
      -   waiting for element to be visible, enabled and stable
      -   element is visible, enabled and stable
      -   scrolling into view if needed
      -   done scrolling
      -   <mat-label _ngcontent-ng-c2013501738="" class="ng-tns-c3736…>Search Patient name , mrn</mat-label> from <div matformfieldnotchedoutline="" class="mdc-notched…>…</div> subtree intercepts pointer events
      - retrying click action, attempt #40
      -   waiting 500ms
      -   waiting for element to be visible, enabled and stable
      -   element is visible, enabled and stable
      -   scrolling into view if needed
      -   done scrolling
      -   <mat-label _ngcontent-ng-c2013501738="" class="ng-tns-c3736…>Search Patient name , mrn</mat-label> from <div matformfieldnotchedoutline="" class="mdc-notched…>…</div> subtree intercepts pointer events
      - retrying click action, attempt #41
      -   waiting 500ms
      -   waiting for element to be visible, enabled and stable
      -   element is visible, enabled and stable
      -   scrolling into view if needed
      -   done scrolling
      -   <mat-label _ngcontent-ng-c2013501738="" class="ng-tns-c3736…>Search Patient name , mrn</mat-label> from <div matformfieldnotchedoutline="" class="mdc-notched…>…</div> subtree intercepts pointer events
      - retrying click action, attempt #42
      -   waiting 500ms
      -   waiting for element to be visible, enabled and stable
      -   element is visible, enabled and stable
      -   scrolling into view if needed
      -   done scrolling
      -   <mat-label _ngcontent-ng-c2013501738="" class="ng-tns-c3736…>Search Patient name , mrn</mat-label> from <div matformfieldnotchedoutline="" class="mdc-notched…>…</div> subtree intercepts pointer events
      - retrying click action, attempt #43
      -   waiting 500ms
      -   waiting for element to be visible, enabled and stable
      -   element is visible, enabled and stable
      -   scrolling into view if needed
      -   done scrolling
      -   <mat-label _ngcontent-ng-c2013501738="" class="ng-tns-c3736…>Search Patient name , mrn</mat-label> from <div matformfieldnotchedoutline="" class="mdc-notched…>…</div> subtree intercepts pointer events
      - retrying click action, attempt #44
      -   waiting 500ms
      -   waiting for element to be visible, enabled and stable
      -   element is visible, enabled and stable
      -   scrolling into view if needed
      -   done scrolling
      -   <mat-label _ngcontent-ng-c2013501738="" class="ng-tns-c3736…>Search Patient name , mrn</mat-label> from <div matformfieldnotchedoutline="" class="mdc-notched…>…</div> subtree intercepts pointer events
      - retrying click action, attempt #45
      -   waiting 500ms
      -   waiting for element to be visible, enabled and stable
      -   element is visible, enabled and stable
      -   scrolling into view if needed
      -   done scrolling
      -   <mat-label _ngcontent-ng-c2013501738="" class="ng-tns-c3736…>Search Patient name , mrn</mat-label> from <div matformfieldnotchedoutline="" class="mdc-notched…>…</div> subtree intercepts pointer events
      - retrying click action, attempt #46
      -   waiting 500ms
      -   waiting for element to be visible, enabled and stable
      -   element is visible, enabled and stable
      -   scrolling into view if needed
      -   done scrolling
      -   <mat-label _ngcontent-ng-c2013501738="" class="ng-tns-c3736…>Search Patient name , mrn</mat-label> from <div matformfieldnotchedoutline="" class="mdc-notched…>…</div> subtree intercepts pointer events
      - retrying click action, attempt #47
      -   waiting 500ms
      -   waiting for element to be visible, enabled and stable
      -   element is visible, enabled and stable
      -   scrolling into view if needed
      -   done scrolling
      -   <mat-label _ngcontent-ng-c2013501738="" class="ng-tns-c3736…>Search Patient name , mrn</mat-label> from <div matformfieldnotchedoutline="" class="mdc-notched…>…</div> subtree intercepts pointer events
      - retrying click action, attempt #48
      -   waiting 500ms
      -   waiting for element to be visible, enabled and stable
      -   element is visible, enabled and stable
      -   scrolling into view if needed
      -   done scrolling
      -   <mat-label _ngcontent-ng-c2013501738="" class="ng-tns-c3736…>Search Patient name , mrn</mat-label> from <div matformfieldnotchedoutline="" class="mdc-notched…>…</div> subtree intercepts pointer events
      - retrying click action, attempt #49
      -   waiting 500ms
      -   waiting for element to be visible, enabled and stable
      -   element is visible, enabled and stable
      -   scrolling into view if needed
      -   done scrolling
      -   <mat-label _ngcontent-ng-c2013501738="" class="ng-tns-c3736…>Search Patient name , mrn</mat-label> from <div matformfieldnotchedoutline="" class="mdc-notched…>…</div> subtree intercepts pointer events
      - retrying click action, attempt #50
      -   waiting 500ms
      -   waiting for element to be visible, enabled and stable
      -   element is visible, enabled and stable
      -   scrolling into view if needed
      -   done scrolling
      -   <mat-label _ngcontent-ng-c2013501738="" class="ng-tns-c3736…>Search Patient name , mrn</mat-label> from <div matformfieldnotchedoutline="" class="mdc-notched…>…</div> subtree intercepts pointer events
      - retrying click action, attempt #51
      -   waiting 500ms
      -   waiting for element to be visible, enabled and stable
      -   element is visible, enabled and stable
      -   scrolling into view if needed
      -   done scrolling
      -   <mat-label _ngcontent-ng-c2013501738="" class="ng-tns-c3736…>Search Patient name , mrn</mat-label> from <div matformfieldnotchedoutline="" class="mdc-notched…>…</div> subtree intercepts pointer events
      - retrying click action, attempt #52
      -   waiting 500ms
      -   waiting for element to be visible, enabled and stable
      -   element is visible, enabled and stable
      -   scrolling into view if needed
      -   done scrolling
      -   <mat-label _ngcontent-ng-c2013501738="" class="ng-tns-c3736…>Search Patient name , mrn</mat-label> from <div matformfieldnotchedoutline="" class="mdc-notched…>…</div> subtree intercepts pointer events
      - retrying click action, attempt #53
      -   waiting 500ms
      -   waiting for element to be visible, enabled and stable
      -   element is visible, enabled and stable
      -   scrolling into view if needed
      -   done scrolling
      -   <mat-label _ngcontent-ng-c2013501738="" class="ng-tns-c3736…>Search Patient name , mrn</mat-label> from <div matformfieldnotchedoutline="" class="mdc-notched…>…</div> subtree intercepts pointer events
      - retrying click action, attempt #54
      -   waiting 500ms
      -   waiting for element to be visible, enabled and stable
      -   element is visible, enabled and stable
      -   scrolling into view if needed
      -   done scrolling
      -   <mat-label _ngcontent-ng-c2013501738="" class="ng-tns-c3736…>Search Patient name , mrn</mat-label> from <div matformfieldnotchedoutline="" class="mdc-notched…>…</div> subtree intercepts pointer events
      - retrying click action, attempt #55
      -   waiting 500ms
      -   waiting for element to be visible, enabled and stable
      -   element is visible, enabled and stable
      -   scrolling into view if needed
      -   done scrolling
      -   <mat-label _ngcontent-ng-c2013501738="" class="ng-tns-c3736…>Search Patient name , mrn</mat-label> from <div matformfieldnotchedoutline="" class="mdc-notched…>…</div> subtree intercepts pointer events
      - retrying click action, attempt #56
      -   waiting 500ms
      -   waiting for element to be visible, enabled and stable
      -   element is visible, enabled and stable
      -   scrolling into view if needed
      -   done scrolling
      -   <mat-label _ngcontent-ng-c2013501738="" class="ng-tns-c3736…>Search Patient name , mrn</mat-label> from <div matformfieldnotchedoutline="" class="mdc-notched…>…</div> subtree intercepts pointer events
      - retrying click action, attempt #57
      -   waiting 500ms
      -   waiting for element to be visible, enabled and stable
      -   element is visible, enabled and stable
      -   scrolling into view if needed
      -   done scrolling
      -   <mat-label _ngcontent-ng-c2013501738="" class="ng-tns-c3736…>Search Patient name , mrn</mat-label> from <div matformfieldnotchedoutline="" class="mdc-notched…>…</div> subtree intercepts pointer events
      - retrying click action, attempt #58
      -   waiting 500ms
      -   waiting for element to be visible, enabled and stable
      -   element is visible, enabled and stable
      -   scrolling into view if needed
      -   done scrolling
      -   <mat-label _ngcontent-ng-c2013501738="" class="ng-tns-c3736…>Search Patient name , mrn</mat-label> from <div matformfieldnotchedoutline="" class="mdc-notched…>…</div> subtree intercepts pointer events
      - retrying click action, attempt #59
      -   waiting 500ms
      -   waiting for element to be visible, enabled and stable
      -   element is visible, enabled and stable
      -   scrolling into view if needed
      -   done scrolling
      -   <mat-label _ngcontent-ng-c2013501738="" class="ng-tns-c3736…>Search Patient name , mrn</mat-label> from <div matformfieldnotchedoutline="" class="mdc-notched…>…</div> subtree intercepts pointer events
      - retrying click action, attempt #60
      -   waiting 500ms
      -   waiting for element to be visible, enabled and stable
      -   element is visible, enabled and stable
      -   scrolling into view if needed
      -   done scrolling
      -   <mat-label _ngcontent-ng-c2013501738="" class="ng-tns-c3736…>Search Patient name , mrn</mat-label> from <div matformfieldnotchedoutline="" class="mdc-notched…>…</div> subtree intercepts pointer events
      - retrying click action, attempt #61
      -   waiting 500ms
      -   waiting for element to be visible, enabled and stable
      -   element is visible, enabled and stable
      -   scrolling into view if needed
      -   done scrolling
      -   <mat-label _ngcontent-ng-c2013501738="" class="ng-tns-c3736…>Search Patient name , mrn</mat-label> from <div matformfieldnotchedoutline="" class="mdc-notched…>…</div> subtree intercepts pointer events
      - retrying click action, attempt #62
      -   waiting 500ms
      -   waiting for element to be visible, enabled and stable
      -   element is visible, enabled and stable
      -   scrolling into view if needed
      -   done scrolling
      -   <mat-label _ngcontent-ng-c2013501738="" class="ng-tns-c3736…>Search Patient name , mrn</mat-label> from <div matformfieldnotchedoutline="" class="mdc-notched…>…</div> subtree intercepts pointer events
      - retrying click action, attempt #63
      -   waiting 500ms
      -   waiting for element to be visible, enabled and stable
      -   element is visible, enabled and stable
      -   scrolling into view if needed
      -   done scrolling
      -   <mat-label _ngcontent-ng-c2013501738="" class="ng-tns-c3736…>Search Patient name , mrn</mat-label> from <div matformfieldnotchedoutline="" class="mdc-notched…>…</div> subtree intercepts pointer events
      - retrying click action, attempt #64
      -   waiting 500ms
      -   waiting for element to be visible, enabled and stable
      -   element is visible, enabled and stable
      -   scrolling into view if needed
      -   done scrolling
      -   <mat-label _ngcontent-ng-c2013501738="" class="ng-tns-c3736…>Search Patient name , mrn</mat-label> from <div matformfieldnotchedoutline="" class="mdc-notched…>…</div> subtree intercepts pointer events
      - retrying click action, attempt #65
      -   waiting 500ms
      -   waiting for element to be visible, enabled and stable
      -   element is visible, enabled and stable
      -   scrolling into view if needed
      -   done scrolling
      -   <mat-label _ngcontent-ng-c2013501738="" class="ng-tns-c3736…>Search Patient name , mrn</mat-label> from <div matformfieldnotchedoutline="" class="mdc-notched…>…</div> subtree intercepts pointer events
      - retrying click action, attempt #66
      -   waiting 500ms
      -   waiting for element to be visible, enabled and stable
      -   element is visible, enabled and stable
      -   scrolling into view if needed
      -   done scrolling
      -   <mat-label _ngcontent-ng-c2013501738="" class="ng-tns-c3736…>Search Patient name , mrn</mat-label> from <div matformfieldnotchedoutline="" class="mdc-notched…>…</div> subtree intercepts pointer events
      - retrying click action, attempt #67
      -   waiting 500ms
      -   waiting for element to be visible, enabled and stable
      -   element is visible, enabled and stable
      -   scrolling into view if needed
      -   done scrolling
      -   <mat-label _ngcontent-ng-c2013501738="" class="ng-tns-c3736…>Search Patient name , mrn</mat-label> from <div matformfieldnotchedoutline="" class="mdc-notched…>…</div> subtree intercepts pointer events
      - retrying click action, attempt #68
      -   waiting 500ms
      -   waiting for element to be visible, enabled and stable
      -   element is visible, enabled and stable
      -   scrolling into view if needed
      -   done scrolling
      -   <mat-label _ngcontent-ng-c2013501738="" class="ng-tns-c3736…>Search Patient name , mrn</mat-label> from <div matformfieldnotchedoutline="" class="mdc-notched…>…</div> subtree intercepts pointer events
      - retrying click action, attempt #69
      -   waiting 500ms
      -   waiting for element to be visible, enabled and stable
      -   element is visible, enabled and stable
      -   scrolling into view if needed
      -   done scrolling
      -   <mat-label _ngcontent-ng-c2013501738="" class="ng-tns-c3736…>Search Patient name , mrn</mat-label> from <div matformfieldnotchedoutline="" class="mdc-notched…>…</div> subtree intercepts pointer events
      - retrying click action, attempt #70
      -   waiting 500ms
      -   waiting for element to be visible, enabled and stable
      -   element is visible, enabled and stable
      -   scrolling into view if needed
      -   done scrolling
      -   <mat-label _ngcontent-ng-c2013501738="" class="ng-tns-c3736…>Search Patient name , mrn</mat-label> from <div matformfieldnotchedoutline="" class="mdc-notched…>…</div> subtree intercepts pointer events
      - retrying click action, attempt #71
      -   waiting 500ms
      -   waiting for element to be visible, enabled and stable
      -   element is visible, enabled and stable
      -   scrolling into view if needed
      -   done scrolling
      -   <mat-label _ngcontent-ng-c2013501738="" class="ng-tns-c3736…>Search Patient name , mrn</mat-label> from <div matformfieldnotchedoutline="" class="mdc-notched…>…</div> subtree intercepts pointer events
      - retrying click action, attempt #72
      -   waiting 500ms
      -   waiting for element to be visible, enabled and stable
      -   element is visible, enabled and stable
      -   scrolling into view if needed
      -   done scrolling
      -   <mat-label _ngcontent-ng-c2013501738="" class="ng-tns-c3736…>Search Patient name , mrn</mat-label> from <div matformfieldnotchedoutline="" class="mdc-notched…>…</div> subtree intercepts pointer events
      - retrying click action, attempt #73
      -   waiting 500ms
      -   waiting for element to be visible, enabled and stable
      -   element is visible, enabled and stable
      -   scrolling into view if needed
      -   done scrolling
      -   <mat-label _ngcontent-ng-c2013501738="" class="ng-tns-c3736…>Search Patient name , mrn</mat-label> from <div matformfieldnotchedoutline="" class="mdc-notched…>…</div> subtree intercepts pointer events
      - retrying click action, attempt #74
      -   waiting 500ms
      -   waiting for element to be visible, enabled and stable
      -   element is visible, enabled and stable
      -   scrolling into view if needed
      -   done scrolling
      -   <mat-label _ngcontent-ng-c2013501738="" class="ng-tns-c3736…>Search Patient name , mrn</mat-label> from <div matformfieldnotchedoutline="" class="mdc-notched…>…</div> subtree intercepts pointer events
      - retrying click action, attempt #75
      -   waiting 500ms
      -   waiting for element to be visible, enabled and stable
      -   element is visible, enabled and stable
      -   scrolling into view if needed
      -   done scrolling
      -   <mat-label _ngcontent-ng-c2013501738="" class="ng-tns-c3736…>Search Patient name , mrn</mat-label> from <div matformfieldnotchedoutline="" class="mdc-notched…>…</div> subtree intercepts pointer events
      - retrying click action, attempt #76
      -   waiting 500ms
      -   waiting for element to be visible, enabled and stable
      -   element is visible, enabled and stable
      -   scrolling into view if needed
      -   done scrolling
      -   <mat-label _ngcontent-ng-c2013501738="" class="ng-tns-c3736…>Search Patient name , mrn</mat-label> from <div matformfieldnotchedoutline="" class="mdc-notched…>…</div> subtree intercepts pointer events
      - retrying click action, attempt #77
      -   waiting 500ms
      -   waiting for element to be visible, enabled and stable
      -   element is visible, enabled and stable
      -   scrolling into view if needed
      -   done scrolling
      -   <mat-label _ngcontent-ng-c2013501738="" class="ng-tns-c3736…>Search Patient name , mrn</mat-label> from <div matformfieldnotchedoutline="" class="mdc-notched…>…</div> subtree intercepts pointer events
      - retrying click action, attempt #78
      -   waiting 500ms
      -   waiting for element to be visible, enabled and stable
      -   element is visible, enabled and stable
      -   scrolling into view if needed
      -   done scrolling
      -   <mat-label _ngcontent-ng-c2013501738="" class="ng-tns-c3736…>Search Patient name , mrn</mat-label> from <div matformfieldnotchedoutline="" class="mdc-notched…>…</div> subtree intercepts pointer events
      - retrying click action, attempt #79
      -   waiting 500ms
      -   waiting for element to be visible, enabled and stable
      -   element is visible, enabled and stable
      -   scrolling into view if needed
      -   done scrolling
      -   <mat-label _ngcontent-ng-c2013501738="" class="ng-tns-c3736…>Search Patient name , mrn</mat-label> from <div matformfieldnotchedoutline="" class="mdc-notched…>…</div> subtree intercepts pointer events
      - retrying click action, attempt #80
      -   waiting 500ms
      -   waiting for element to be visible, enabled and stable
      -   element is visible, enabled and stable
      -   scrolling into view if needed
      -   done scrolling
      -   <mat-label _ngcontent-ng-c2013501738="" class="ng-tns-c3736…>Search Patient name , mrn</mat-label> from <div matformfieldnotchedoutline="" class="mdc-notched…>…</div> subtree intercepts pointer events
      - retrying click action, attempt #81
      -   waiting 500ms
      -   waiting for element to be visible, enabled and stable
      -   element is visible, enabled and stable
      -   scrolling into view if needed
      -   done scrolling
      -   <mat-label _ngcontent-ng-c2013501738="" class="ng-tns-c3736…>Search Patient name , mrn</mat-label> from <div matformfieldnotchedoutline="" class="mdc-notched…>…</div> subtree intercepts pointer events
      - retrying click action, attempt #82
      -   waiting 500ms
      -   waiting for element to be visible, enabled and stable
      -   element is visible, enabled and stable
      -   scrolling into view if needed
      -   done scrolling
      -   <mat-label _ngcontent-ng-c2013501738="" class="ng-tns-c3736…>Search Patient name , mrn</mat-label> from <div matformfieldnotchedoutline="" class="mdc-notched…>…</div> subtree intercepts pointer events
      - retrying click action, attempt #83
      -   waiting 500ms
      -   waiting for element to be visible, enabled and stable
      -   element is visible, enabled and stable
      -   scrolling into view if needed
      -   done scrolling
      -   <mat-label _ngcontent-ng-c2013501738="" class="ng-tns-c3736…>Search Patient name , mrn</mat-label> from <div matformfieldnotchedoutline="" class="mdc-notched…>…</div> subtree intercepts pointer events
      - retrying click action, attempt #84
      -   waiting 500ms
      -   waiting for element to be visible, enabled and stable
      -   element is visible, enabled and stable
      -   scrolling into view if needed
      -   done scrolling
      -   <mat-label _ngcontent-ng-c2013501738="" class="ng-tns-c3736…>Search Patient name , mrn</mat-label> from <div matformfieldnotchedoutline="" class="mdc-notched…>…</div> subtree intercepts pointer events
      - retrying click action, attempt #85
      -   waiting 500ms
      -   waiting for element to be visible, enabled and stable
      -   element is visible, enabled and stable
      -   scrolling into view if needed
      -   done scrolling
      -   <mat-label _ngcontent-ng-c2013501738="" class="ng-tns-c3736…>Search Patient name , mrn</mat-label> from <div matformfieldnotchedoutline="" class="mdc-notched…>…</div> subtree intercepts pointer events
      - retrying click action, attempt #86
      -   waiting 500ms
      -   waiting for element to be visible, enabled and stable
      -   element is visible, enabled and stable
      -   scrolling into view if needed
      -   done scrolling
      -   <mat-label _ngcontent-ng-c2013501738="" class="ng-tns-c3736…>Search Patient name , mrn</mat-label> from <div matformfieldnotchedoutline="" class="mdc-notched…>…</div> subtree intercepts pointer events
      - retrying click action, attempt #87
      -   waiting 500ms
      -   waiting for element to be visible, enabled and stable
      -   element is visible, enabled and stable
      -   scrolling into view if needed
      -   done scrolling
      -   <mat-label _ngcontent-ng-c2013501738="" class="ng-tns-c3736…>Search Patient name , mrn</mat-label> from <div matformfieldnotchedoutline="" class="mdc-notched…>…</div> subtree intercepts pointer events
      - retrying click action, attempt #88
      -   waiting 500ms
      -   waiting for element to be visible, enabled and stable
      -   element is visible, enabled and stable
      -   scrolling into view if needed
      -   done scrolling
      -   <mat-label _ngcontent-ng-c2013501738="" class="ng-tns-c3736…>Search Patient name , mrn</mat-label> from <div matformfieldnotchedoutline="" class="mdc-notched…>…</div> subtree intercepts pointer events
      - retrying click action, attempt #89
      -   waiting 500ms
      -   waiting for element to be visible, enabled and stable
      -   element is visible, enabled and stable
      -   scrolling into view if needed
      -   done scrolling
      -   <mat-label _ngcontent-ng-c2013501738="" class="ng-tns-c3736…>Search Patient name , mrn</mat-label> from <div matformfieldnotchedoutline="" class="mdc-notched…>…</div> subtree intercepts pointer events
      - retrying click action, attempt #90
      -   waiting 500ms
      -   waiting for element to be visible, enabled and stable
      -   element is visible, enabled and stable
      -   scrolling into view if needed
      -   done scrolling
      -   <mat-label _ngcontent-ng-c2013501738="" class="ng-tns-c3736…>Search Patient name , mrn</mat-label> from <div matformfieldnotchedoutline="" class="mdc-notched…>…</div> subtree intercepts pointer events
      - retrying click action, attempt #91
      -   waiting 500ms
      -   waiting for element to be visible, enabled and stable
      -   element is visible, enabled and stable
      -   scrolling into view if needed
      -   done scrolling
      -   <mat-label _ngcontent-ng-c2013501738="" class="ng-tns-c3736…>Search Patient name , mrn</mat-label> from <div matformfieldnotchedoutline="" class="mdc-notched…>…</div> subtree intercepts pointer events
      - retrying click action, attempt #92
      -   waiting 500ms
      -   waiting for element to be visible, enabled and stable
      -   element is visible, enabled and stable
      -   scrolling into view if needed
      -   done scrolling
      -   <mat-label _ngcontent-ng-c2013501738="" class="ng-tns-c3736…>Search Patient name , mrn</mat-label> from <div matformfieldnotchedoutline="" class="mdc-notched…>…</div> subtree intercepts pointer events
      - retrying click action, attempt #93
      -   waiting 500ms
      -   waiting for element to be visible, enabled and stable
      -   element is visible, enabled and stable
      -   scrolling into view if needed
      -   done scrolling
      -   <mat-label _ngcontent-ng-c2013501738="" class="ng-tns-c3736…>Search Patient name , mrn</mat-label> from <div matformfieldnotchedoutline="" class="mdc-notched…>…</div> subtree intercepts pointer events
      - retrying click action, attempt #94
      -   waiting 500ms
      -   waiting for element to be visible, enabled and stable
      -   element is visible, enabled and stable
      -   scrolling into view if needed
      -   done scrolling
      -   <mat-label _ngcontent-ng-c2013501738="" class="ng-tns-c3736…>Search Patient name , mrn</mat-label> from <div matformfieldnotchedoutline="" class="mdc-notched…>…</div> subtree intercepts pointer events
      - retrying click action, attempt #95
      -   waiting 500ms
      -   waiting for element to be visible, enabled and stable
      -   element is visible, enabled and stable
      -   scrolling into view if needed
      -   done scrolling
      -   <mat-label _ngcontent-ng-c2013501738="" class="ng-tns-c3736…>Search Patient name , mrn</mat-label> from <div matformfieldnotchedoutline="" class="mdc-notched…>…</div> subtree intercepts pointer events
      - retrying click action, attempt #96
      -   waiting 500ms
      -   waiting for element to be visible, enabled and stable
      -   element is visible, enabled and stable
      -   scrolling into view if needed
      -   done scrolling
      -   <mat-label _ngcontent-ng-c2013501738="" class="ng-tns-c3736…>Search Patient name , mrn</mat-label> from <div matformfieldnotchedoutline="" class="mdc-notched…>…</div> subtree intercepts pointer events
      - retrying click action, attempt #97
      -   waiting 500ms
      -   waiting for element to be visible, enabled and stable
      -   element is visible, enabled and stable
      -   scrolling into view if needed
      -   done scrolling
      -   <mat-label _ngcontent-ng-c2013501738="" class="ng-tns-c3736…>Search Patient name , mrn</mat-label> from <div matformfieldnotchedoutline="" class="mdc-notched…>…</div> subtree intercepts pointer events
      - retrying click action, attempt #98
      -   waiting 500ms
      -   waiting for element to be visible, enabled and stable
      -   element is visible, enabled and stable
      -   scrolling into view if needed
      -   done scrolling
      -   <mat-label _ngcontent-ng-c2013501738="" class="ng-tns-c3736…>Search Patient name , mrn</mat-label> from <div matformfieldnotchedoutline="" class="mdc-notched…>…</div> subtree intercepts pointer events
      - retrying click action, attempt #99
      -   waiting 500ms
      -   waiting for element to be visible, enabled and stable
      -   element is visible, enabled and stable
      -   scrolling into view if needed
      -   done scrolling
      -   <mat-label _ngcontent-ng-c2013501738="" class="ng-tns-c3736…>Search Patient name , mrn</mat-label> from <div matformfieldnotchedoutline="" class="mdc-notched…>…</div> subtree intercepts pointer events
      - retrying click action, attempt #100
      -   waiting 500ms
      -   waiting for element to be visible, enabled and stable
      -   element is visible, enabled and stable
      -   scrolling into view if needed
      -   done scrolling
      -   <mat-label _ngcontent-ng-c2013501738="" class="ng-tns-c3736…>Search Patient name , mrn</mat-label> from <div matformfieldnotchedoutline="" class="mdc-notched…>…</div> subtree intercepts pointer events
      - retrying click action, attempt #101
      -   waiting 500ms
      -   waiting for element to be visible, enabled and stable
      -   element is visible, enabled and stable
      -   scrolling into view if needed
      -   done scrolling
      -   <mat-label _ngcontent-ng-c2013501738="" class="ng-tns-c3736…>Search Patient name , mrn</mat-label> from <div matformfieldnotchedoutline="" class="mdc-notched…>…</div> subtree intercepts pointer events
      - retrying click action, attempt #102
      -   waiting 500ms
      -   waiting for element to be visible, enabled and stable
      -   element is visible, enabled and stable
      -   scrolling into view if needed
      -   done scrolling
      -   <mat-label _ngcontent-ng-c2013501738="" class="ng-tns-c3736…>Search Patient name , mrn</mat-label> from <div matformfieldnotchedoutline="" class="mdc-notched…>…</div> subtree intercepts pointer events
      - retrying click action, attempt #103
      -   waiting 500ms
      -   waiting for element to be visible, enabled and stable
      -   element is visible, enabled and stable
      -   scrolling into view if needed
      -   done scrolling
      -   <mat-label _ngcontent-ng-c2013501738="" class="ng-tns-c3736…>Search Patient name , mrn</mat-label> from <div matformfieldnotchedoutline="" class="mdc-notched…>…</div> subtree intercepts pointer events
      - retrying click action, attempt #104
      -   waiting 500ms
      -   waiting for element to be visible, enabled and stable
      -   element is visible, enabled and stable
      -   scrolling into view if needed
      -   done scrolling
      -   <mat-label _ngcontent-ng-c2013501738="" class="ng-tns-c3736…>Search Patient name , mrn</mat-label> from <div matformfieldnotchedoutline="" class="mdc-notched…>…</div> subtree intercepts pointer events
      - retrying click action, attempt #105
      -   waiting 500ms
      -   waiting for element to be visible, enabled and stable
      -   element is visible, enabled and stable
      -   scrolling into view if needed
      -   done scrolling
      -   <mat-label _ngcontent-ng-c2013501738="" class="ng-tns-c3736…>Search Patient name , mrn</mat-label> from <div matformfieldnotchedoutline="" class="mdc-notched…>…</div> subtree intercepts pointer events
      - retrying click action, attempt #106
      -   waiting 500ms
      -   waiting for element to be visible, enabled and stable
      -   element is visible, enabled and stable
      -   scrolling into view if needed
      -   done scrolling
      -   <mat-label _ngcontent-ng-c2013501738="" class="ng-tns-c3736…>Search Patient name , mrn</mat-label> from <div matformfieldnotchedoutline="" class="mdc-notched…>…</div> subtree intercepts pointer events
      - retrying click action, attempt #107
      -   waiting 500ms
      -   waiting for element to be visible, enabled and stable
      -   element is visible, enabled and stable
      -   scrolling into view if needed
      -   done scrolling
      -   <mat-label _ngcontent-ng-c2013501738="" class="ng-tns-c3736…>Search Patient name , mrn</mat-label> from <div matformfieldnotchedoutline="" class="mdc-notched…>…</div> subtree intercepts pointer events
      - retrying click action, attempt #108
      -   waiting 500ms
      -   waiting for element to be visible, enabled and stable
      -   element is visible, enabled and stable
      -   scrolling into view if needed
      -   done scrolling
      -   <mat-label _ngcontent-ng-c2013501738="" class="ng-tns-c3736…>Search Patient name , mrn</mat-label> from <div matformfieldnotchedoutline="" class="mdc-notched…>…</div> subtree intercepts pointer events
      - retrying click action, attempt #109
      -   waiting 500ms
      -   waiting for element to be visible, enabled and stable
      -   element is visible, enabled and stable
      -   scrolling into view if needed
      -   done scrolling
      -   <mat-label _ngcontent-ng-c2013501738="" class="ng-tns-c3736…>Search Patient name , mrn</mat-label> from <div matformfieldnotchedoutline="" class="mdc-notched…>…</div> subtree intercepts pointer events
      - retrying click action, attempt #110
      -   waiting 500ms
      -   waiting for element to be visible, enabled and stable
      -   element is visible, enabled and stable
      -   scrolling into view if needed
      -   done scrolling
      -   <mat-label _ngcontent-ng-c2013501738="" class="ng-tns-c3736…>Search Patient name , mrn</mat-label> from <div matformfieldnotchedoutline="" class="mdc-notched…>…</div> subtree intercepts pointer events
      - retrying click action, attempt #111
      -   waiting 500ms
      -   waiting for element to be visible, enabled and stable
      -   element is visible, enabled and stable
      -   scrolling into view if needed
      -   done scrolling
      -   <mat-label _ngcontent-ng-c2013501738="" class="ng-tns-c3736…>Search Patient name , mrn</mat-label> from <div matformfieldnotchedoutline="" class="mdc-notched…>…</div> subtree intercepts pointer events
      - retrying click action, attempt #112
      -   waiting 500ms
      -   waiting for element to be visible, enabled and stable
      -   element is visible, enabled and stable
      -   scrolling into view if needed
      -   done scrolling
      -   <mat-label _ngcontent-ng-c2013501738="" class="ng-tns-c3736…>Search Patient name , mrn</mat-label> from <div matformfieldnotchedoutline="" class="mdc-notched…>…</div> subtree intercepts pointer events
      - retrying click action, attempt #113
      -   waiting 500ms
      -   waiting for element to be visible, enabled and stable
      -   element is visible, enabled and stable
      -   scrolling into view if needed
      -   done scrolling
      -   <mat-label _ngcontent-ng-c2013501738="" class="ng-tns-c3736…>Search Patient name , mrn</mat-label> from <div matformfieldnotchedoutline="" class="mdc-notched…>…</div> subtree intercepts pointer events
      - retrying click action, attempt #114
      -   waiting 500ms
      -   waiting for element to be visible, enabled and stable
      -   element is visible, enabled and stable
      -   scrolling into view if needed
      -   done scrolling
      -   <mat-label _ngcontent-ng-c2013501738="" class="ng-tns-c3736…>Search Patient name , mrn</mat-label> from <div matformfieldnotchedoutline="" class="mdc-notched…>…</div> subtree intercepts pointer events
      - retrying click action, attempt #115
      -   waiting 500ms
      -   waiting for element to be visible, enabled and stable
      -   element is visible, enabled and stable
      -   scrolling into view if needed
      -   done scrolling
      -   <mat-label _ngcontent-ng-c2013501738="" class="ng-tns-c3736…>Search Patient name , mrn</mat-label> from <div matformfieldnotchedoutline="" class="mdc-notched…>…</div> subtree intercepts pointer events
      - retrying click action, attempt #116
      -   waiting 500ms
      -   waiting for element to be visible, enabled and stable
      -   element is visible, enabled and stable
      -   scrolling into view if needed
      -   done scrolling
      -   <mat-label _ngcontent-ng-c2013501738="" class="ng-tns-c3736…>Search Patient name , mrn</mat-label> from <div matformfieldnotchedoutline="" class="mdc-notched…>…</div> subtree intercepts pointer events
      - retrying click action, attempt #117
      -   waiting 500ms
      -   waiting for element to be visible, enabled and stable
      -   element is visible, enabled and stable
      -   scrolling into view if needed
      -   done scrolling
      -   <mat-label _ngcontent-ng-c2013501738="" class="ng-tns-c3736…>Search Patient name , mrn</mat-label> from <div matformfieldnotchedoutline="" class="mdc-notched…>…</div> subtree intercepts pointer events
      - retrying click action, attempt #118
      -   waiting 500ms
      -   waiting for element to be visible, enabled and stable
      -   element is visible, enabled and stable
      -   scrolling into view if needed
      -   done scrolling
      -   <mat-label _ngcontent-ng-c2013501738="" class="ng-tns-c3736…>Search Patient name , mrn</mat-label> from <div matformfieldnotchedoutline="" class="mdc-notched…>…</div> subtree intercepts pointer events
      - retrying click action, attempt #119
      -   waiting 500ms
      -   waiting for element to be visible, enabled and stable
      -   element is visible, enabled and stable
      -   scrolling into view if needed
      -   done scrolling
      -   <mat-label _ngcontent-ng-c2013501738="" class="ng-tns-c3736…>Search Patient name , mrn</mat-label> from <div matformfieldnotchedoutline="" class="mdc-notched…>…</div> subtree intercepts pointer events
      - retrying click action, attempt #120
      -   waiting 500ms
      -   waiting for element to be visible, enabled and stable
      -   element is visible, enabled and stable
      -   scrolling into view if needed
      -   done scrolling
      -   <mat-label _ngcontent-ng-c2013501738="" class="ng-tns-c3736…>Search Patient name , mrn</mat-label> from <div matformfieldnotchedoutline="" class="mdc-notched…>…</div> subtree intercepts pointer events
      - retrying click action, attempt #121
      -   waiting 500ms
      -   waiting for element to be visible, enabled and stable
      -   element is visible, enabled and stable
      -   scrolling into view if needed
      -   done scrolling
      -   <mat-label _ngcontent-ng-c2013501738="" class="ng-tns-c3736…>Search Patient name , mrn</mat-label> from <div matformfieldnotchedoutline="" class="mdc-notched…>…</div> subtree intercepts pointer events
      - retrying click action, attempt #122
      -   waiting 500ms
      -   waiting for element to be visible, enabled and stable
      -   element is visible, enabled and stable
      -   scrolling into view if needed
      -   done scrolling
      -   <mat-label _ngcontent-ng-c2013501738="" class="ng-tns-c3736…>Search Patient name , mrn</mat-label> from <div matformfieldnotchedoutline="" class="mdc-notched…>…</div> subtree intercepts pointer events
      - retrying click action, attempt #123
      -   waiting 500ms
      -   waiting for element to be visible, enabled and stable
      -   element is visible, enabled and stable
      -   scrolling into view if needed
      -   done scrolling
      -   <mat-label _ngcontent-ng-c2013501738="" class="ng-tns-c3736…>Search Patient name , mrn</mat-label> from <div matformfieldnotchedoutline="" class="mdc-notched…>…</div> subtree intercepts pointer events
      - retrying click action, attempt #124
      -   waiting 500ms
      -   waiting for element to be visible, enabled and stable
      -   element is visible, enabled and stable
      -   scrolling into view if needed
      -   done scrolling
      -   <mat-label _ngcontent-ng-c2013501738="" class="ng-tns-c3736…>Search Patient name , mrn</mat-label> from <div matformfieldnotchedoutline="" class="mdc-notched…>…</div> subtree intercepts pointer events
      - retrying click action, attempt #125
      -   waiting 500ms
      -   waiting for element to be visible, enabled and stable
      -   element is visible, enabled and stable
      -   scrolling into view if needed
      -   done scrolling
      -   <mat-label _ngcontent-ng-c2013501738="" class="ng-tns-c3736…>Search Patient name , mrn</mat-label> from <div matformfieldnotchedoutline="" class="mdc-notched…>…</div> subtree intercepts pointer events
      - retrying click action, attempt #126
      -   waiting 500ms
      -   waiting for element to be visible, enabled and stable
      -   element is visible, enabled and stable
      -   scrolling into view if needed
      -   done scrolling
      -   <mat-label _ngcontent-ng-c2013501738="" class="ng-tns-c3736…>Search Patient name , mrn</mat-label> from <div matformfieldnotchedoutline="" class="mdc-notched…>…</div> subtree intercepts pointer events
      - retrying click action, attempt #127
      -   waiting 500ms
      -   waiting for element to be visible, enabled and stable
      -   element is visible, enabled and stable
      -   scrolling into view if needed
      -   done scrolling
      -   <mat-label _ngcontent-ng-c2013501738="" class="ng-tns-c3736…>Search Patient name , mrn</mat-label> from <div matformfieldnotchedoutline="" class="mdc-notched…>…</div> subtree intercepts pointer events
      - retrying click action, attempt #128
      -   waiting 500ms
      -   waiting for element to be visible, enabled and stable
      -   element is visible, enabled and stable
      -   scrolling into view if needed
      -   done scrolling
      -   <mat-label _ngcontent-ng-c2013501738="" class="ng-tns-c3736…>Search Patient name , mrn</mat-label> from <div matformfieldnotchedoutline="" class="mdc-notched…>…</div> subtree intercepts pointer events
      - retrying click action, attempt #129
      -   waiting 500ms
      -   waiting for element to be visible, enabled and stable
      -   element is visible, enabled and stable
      -   scrolling into view if needed
      -   done scrolling
      -   <mat-label _ngcontent-ng-c2013501738="" class="ng-tns-c3736…>Search Patient name , mrn</mat-label> from <div matformfieldnotchedoutline="" class="mdc-notched…>…</div> subtree intercepts pointer events
      - retrying click action, attempt #130
      -   waiting 500ms
      -   waiting for element to be visible, enabled and stable
      -   element is visible, enabled and stable
      -   scrolling into view if needed
      -   done scrolling
      -   <mat-label _ngcontent-ng-c2013501738="" class="ng-tns-c3736…>Search Patient name , mrn</mat-label> from <div matformfieldnotchedoutline="" class="mdc-notched…>…</div> subtree intercepts pointer events
      - retrying click action, attempt #131
      -   waiting 500ms
      -   waiting for element to be visible, enabled and stable
      -   element is visible, enabled and stable
      -   scrolling into view if needed
      -   done scrolling
      -   <mat-label _ngcontent-ng-c2013501738="" class="ng-tns-c3736…>Search Patient name , mrn</mat-label> from <div matformfieldnotchedoutline="" class="mdc-notched…>…</div> subtree intercepts pointer events
      - retrying click action, attempt #132
      -   waiting 500ms
      -   waiting for element to be visible, enabled and stable
      -   element is visible, enabled and stable
      -   scrolling into view if needed
      -   done scrolling
      -   <mat-label _ngcontent-ng-c2013501738="" class="ng-tns-c3736…>Search Patient name , mrn</mat-label> from <div matformfieldnotchedoutline="" class="mdc-notched…>…</div> subtree intercepts pointer events
      - retrying click action, attempt #133
      -   waiting 500ms
      -   waiting for element to be visible, enabled and stable
      -   element is visible, enabled and stable
      -   scrolling into view if needed
      -   done scrolling
      -   <mat-label _ngcontent-ng-c2013501738="" class="ng-tns-c3736…>Search Patient name , mrn</mat-label> from <div matformfieldnotchedoutline="" class="mdc-notched…>…</div> subtree intercepts pointer events
      - retrying click action, attempt #134
      -   waiting 500ms
      -   waiting for element to be visible, enabled and stable
      -   element is visible, enabled and stable
      -   scrolling into view if needed
      -   done scrolling
      -   <mat-label _ngcontent-ng-c2013501738="" class="ng-tns-c3736…>Search Patient name , mrn</mat-label> from <div matformfieldnotchedoutline="" class="mdc-notched…>…</div> subtree intercepts pointer events
      - retrying click action, attempt #135
      -   waiting 500ms
      -   waiting for element to be visible, enabled and stable
      -   element is visible, enabled and stable
      -   scrolling into view if needed
      -   done scrolling
      -   <mat-label _ngcontent-ng-c2013501738="" class="ng-tns-c3736…>Search Patient name , mrn</mat-label> from <div matformfieldnotchedoutline="" class="mdc-notched…>…</div> subtree intercepts pointer events
      - retrying click action, attempt #136
      -   waiting 500ms
      -   waiting for element to be visible, enabled and stable
      -   element is visible, enabled and stable
      -   scrolling into view if needed
      -   done scrolling
      -   <mat-label _ngcontent-ng-c2013501738="" class="ng-tns-c3736…>Search Patient name , mrn</mat-label> from <div matformfieldnotchedoutline="" class="mdc-notched…>…</div> subtree intercepts pointer events
      - retrying click action, attempt #137
      -   waiting 500ms
      -   waiting for element to be visible, enabled and stable
      -   element is visible, enabled and stable
      -   scrolling into view if needed
      -   done scrolling
      -   <mat-label _ngcontent-ng-c2013501738="" class="ng-tns-c3736…>Search Patient name , mrn</mat-label> from <div matformfieldnotchedoutline="" class="mdc-notched…>…</div> subtree intercepts pointer events
      - retrying click action, attempt #138
      -   waiting 500ms
      -   waiting for element to be visible, enabled and stable
      -   element is visible, enabled and stable
      -   scrolling into view if needed
      -   done scrolling
      -   <mat-label _ngcontent-ng-c2013501738="" class="ng-tns-c3736…>Search Patient name , mrn</mat-label> from <div matformfieldnotchedoutline="" class="mdc-notched…>…</div> subtree intercepts pointer events
      - retrying click action, attempt #139
      -   waiting 500ms
      -   waiting for element to be visible, enabled and stable
      -   element is visible, enabled and stable
      -   scrolling into view if needed
      -   done scrolling
      -   <mat-label _ngcontent-ng-c2013501738="" class="ng-tns-c3736…>Search Patient name , mrn</mat-label> from <div matformfieldnotchedoutline="" class="mdc-notched…>…</div> subtree intercepts pointer events
      - retrying click action, attempt #140
      -   waiting 500ms
      -   waiting for element to be visible, enabled and stable
      -   element is visible, enabled and stable
      -   scrolling into view if needed
      -   done scrolling
      -   <mat-label _ngcontent-ng-c2013501738="" class="ng-tns-c3736…>Search Patient name , mrn</mat-label> from <div matformfieldnotchedoutline="" class="mdc-notched…>…</div> subtree intercepts pointer events
      - retrying click action, attempt #141
      -   waiting 500ms
      -   waiting for element to be visible, enabled and stable
      -   element is visible, enabled and stable
      -   scrolling into view if needed
      -   done scrolling
      -   <mat-label _ngcontent-ng-c2013501738="" class="ng-tns-c3736…>Search Patient name , mrn</mat-label> from <div matformfieldnotchedoutline="" class="mdc-notched…>…</div> subtree intercepts pointer events
      - retrying click action, attempt #142
      -   waiting 500ms
      -   waiting for element to be visible, enabled and stable
      -   element is visible, enabled and stable
      -   scrolling into view if needed
      -   done scrolling
      -   <mat-label _ngcontent-ng-c2013501738="" class="ng-tns-c3736…>Search Patient name , mrn</mat-label> from <div matformfieldnotchedoutline="" class="mdc-notched…>…</div> subtree intercepts pointer events
      - retrying click action, attempt #143
      -   waiting 500ms
      -   waiting for element to be visible, enabled and stable
      -   element is visible, enabled and stable
      -   scrolling into view if needed
      -   done scrolling
      -   <mat-label _ngcontent-ng-c2013501738="" class="ng-tns-c3736…>Search Patient name , mrn</mat-label> from <div matformfieldnotchedoutline="" class="mdc-notched…>…</div> subtree intercepts pointer events
      - retrying click action, attempt #144
      -   waiting 500ms
      -   waiting for element to be visible, enabled and stable
      -   element is visible, enabled and stable
      -   scrolling into view if needed
      -   done scrolling
      -   <mat-label _ngcontent-ng-c2013501738="" class="ng-tns-c3736…>Search Patient name , mrn</mat-label> from <div matformfieldnotchedoutline="" class="mdc-notched…>…</div> subtree intercepts pointer events
      - retrying click action, attempt #145
      -   waiting 500ms
      -   waiting for element to be visible, enabled and stable
      -   element is visible, enabled and stable
      -   scrolling into view if needed
      -   done scrolling
      -   <mat-label _ngcontent-ng-c2013501738="" class="ng-tns-c3736…>Search Patient name , mrn</mat-label> from <div matformfieldnotchedoutline="" class="mdc-notched…>…</div> subtree intercepts pointer events
      - retrying click action, attempt #146
      -   waiting 500ms
      -   waiting for element to be visible, enabled and stable
      -   element is visible, enabled and stable
      -   scrolling into view if needed
      -   done scrolling
      -   <mat-label _ngcontent-ng-c2013501738="" class="ng-tns-c3736…>Search Patient name , mrn</mat-label> from <div matformfieldnotchedoutline="" class="mdc-notched…>…</div> subtree intercepts pointer events
      - retrying click action, attempt #147
      -   waiting 500ms
      -   waiting for element to be visible, enabled and stable
      -   element is visible, enabled and stable
      -   scrolling into view if needed
      -   done scrolling
      -   <mat-label _ngcontent-ng-c2013501738="" class="ng-tns-c3736…>Search Patient name , mrn</mat-label> from <div matformfieldnotchedoutline="" class="mdc-notched…>…</div> subtree intercepts pointer events
      - retrying click action, attempt #148
      -   waiting 500ms
      -   waiting for element to be visible, enabled and stable
      -   element is visible, enabled and stable
      -   scrolling into view if needed
      -   done scrolling
      -   <mat-label _ngcontent-ng-c2013501738="" class="ng-tns-c3736…>Search Patient name , mrn</mat-label> from <div matformfieldnotchedoutline="" class="mdc-notched…>…</div> subtree intercepts pointer events
      - retrying click action, attempt #149
      -   waiting 500ms
      -   waiting for element to be visible, enabled and stable
      -   element is visible, enabled and stable
      -   scrolling into view if needed
      -   done scrolling
      -   <mat-label _ngcontent-ng-c2013501738="" class="ng-tns-c3736…>Search Patient name , mrn</mat-label> from <div matformfieldnotchedoutline="" class="mdc-notched…>…</div> subtree intercepts pointer events
      - retrying click action, attempt #150
      -   waiting 500ms
      -   waiting for element to be visible, enabled and stable
      -   element is visible, enabled and stable
      -   scrolling into view if needed
      -   done scrolling
      -   <mat-label _ngcontent-ng-c2013501738="" class="ng-tns-c3736…>Search Patient name , mrn</mat-label> from <div matformfieldnotchedoutline="" class="mdc-notched…>…</div> subtree intercepts pointer events
      - retrying click action, attempt #151
      -   waiting 500ms


       at classes\patientsPage.ts:54

      52 |     //search patient name (fillable)
      53 |     async searchPatient(patient){
    > 54 |         await this.page.getByLabel('Search Patient name , mrn').click();
         |                                                                 ^
      55 |         await this.page.getByLabel('Search Patient name , mrn').fill(patient);
      56 |         await this.page.getByLabel('Search Patient name , mrn').press('Enter');
      57 |     }

        at PatientsPage.searchPatient (C:\Users\white\work\mbh-playwright\classes\patientsPage.ts:54:65)
        at C:\Users\white\work\mbh-playwright\mbhpatientschvisit.mbhpages.ts:60:20

    attachment #1: screenshot (image/png) ──────────────────────────────────────────────────────────
    test-results\mbhpatientschvisit.mbhpages.ts-view-assign-visit-chrome\test-failed-1.png
    ────────────────────────────────────────────────────────────────────────────────────────────────

    attachment #2: video (video/webm) ──────────────────────────────────────────────────────────────
    test-results\mbhpatientschvisit.mbhpages.ts-view-assign-visit-chrome\video.webm
    ────────────────────────────────────────────────────────────────────────────────────────────────
]]>
</failure>
<system-out>
<![CDATA[
[[ATTACHMENT|test-results\mbhpatientschvisit.mbhpages.ts-view-assign-visit-chrome\test-failed-1.png]]

[[ATTACHMENT|test-results\mbhpatientschvisit.mbhpages.ts-view-assign-visit-chrome\video.webm]]
]]>
</system-out>
</testcase>
<testcase name="unassign visit" classname="mbhpatientschvisit.mbhpages.ts" time="96.161">
<properties>
<property name="slow" value="">
</property>
</properties>
<failure message="mbhpatientschvisit.mbhpages.ts:72:5 unassign visit" type="FAILURE">
<![CDATA[  [chrome] › mbhpatientschvisit.mbhpages.ts:72:5 › unassign visit ──────────────────────────────────

    Test timeout of 90000ms exceeded.

    Error: locator.click: Test timeout of 90000ms exceeded.
    Call log:
      - waiting for getByLabel('Search Patient name , mrn')
      -   locator resolved to <input matinput="" id="mat-input-0" aria-invalid="false…/>
      - attempting click action
      -   waiting for element to be visible, enabled and stable
      -   element is visible, enabled and stable
      -   scrolling into view if needed
      -   done scrolling
      -   <mat-label _ngcontent-ng-c2013501738="" class="ng-tns-c3736…>Search Patient name , mrn</mat-label> from <div matformfieldnotchedoutline="" class="mdc-notched…>…</div> subtree intercepts pointer events
      - retrying click action, attempt #1
      -   waiting for element to be visible, enabled and stable
      -   element is visible, enabled and stable
      -   scrolling into view if needed
      -   done scrolling
      -   <mat-label _ngcontent-ng-c2013501738="" class="ng-tns-c3736…>Search Patient name , mrn</mat-label> from <div matformfieldnotchedoutline="" class="mdc-notched…>…</div> subtree intercepts pointer events
      - retrying click action, attempt #2
      -   waiting 20ms
      -   waiting for element to be visible, enabled and stable
      -   element is visible, enabled and stable
      -   scrolling into view if needed
      -   done scrolling
      -   <mat-label _ngcontent-ng-c2013501738="" class="ng-tns-c3736…>Search Patient name , mrn</mat-label> from <div matformfieldnotchedoutline="" class="mdc-notched…>…</div> subtree intercepts pointer events
      - retrying click action, attempt #3
      -   waiting 100ms
      -   waiting for element to be visible, enabled and stable
      -   element is visible, enabled and stable
      -   scrolling into view if needed
      -   done scrolling
      -   <mat-label _ngcontent-ng-c2013501738="" class="ng-tns-c3736…>Search Patient name , mrn</mat-label> from <div matformfieldnotchedoutline="" class="mdc-notched…>…</div> subtree intercepts pointer events
      - retrying click action, attempt #4
      -   waiting 100ms
      -   waiting for element to be visible, enabled and stable
      -   element is visible, enabled and stable
      -   scrolling into view if needed
      -   done scrolling
      -   <mat-label _ngcontent-ng-c2013501738="" class="ng-tns-c3736…>Search Patient name , mrn</mat-label> from <div matformfieldnotchedoutline="" class="mdc-notched…>…</div> subtree intercepts pointer events
      - retrying click action, attempt #5
      -   waiting 500ms
      -   waiting for element to be visible, enabled and stable
      -   element is visible, enabled and stable
      -   scrolling into view if needed
      -   done scrolling
      -   <mat-label _ngcontent-ng-c2013501738="" class="ng-tns-c3736…>Search Patient name , mrn</mat-label> from <div matformfieldnotchedoutline="" class="mdc-notched…>…</div> subtree intercepts pointer events
      - retrying click action, attempt #6
      -   waiting 500ms
      -   waiting for element to be visible, enabled and stable
      -   element is visible, enabled and stable
      -   scrolling into view if needed
      -   done scrolling
      -   <mat-label _ngcontent-ng-c2013501738="" class="ng-tns-c3736…>Search Patient name , mrn</mat-label> from <div matformfieldnotchedoutline="" class="mdc-notched…>…</div> subtree intercepts pointer events
      - retrying click action, attempt #7
      -   waiting 500ms
      -   waiting for element to be visible, enabled and stable
      -   element is visible, enabled and stable
      -   scrolling into view if needed
      -   done scrolling
      -   <mat-label _ngcontent-ng-c2013501738="" class="ng-tns-c3736…>Search Patient name , mrn</mat-label> from <div matformfieldnotchedoutline="" class="mdc-notched…>…</div> subtree intercepts pointer events
      - retrying click action, attempt #8
      -   waiting 500ms
      -   waiting for element to be visible, enabled and stable
      -   element is visible, enabled and stable
      -   scrolling into view if needed
      -   done scrolling
      -   <mat-label _ngcontent-ng-c2013501738="" class="ng-tns-c3736…>Search Patient name , mrn</mat-label> from <div matformfieldnotchedoutline="" class="mdc-notched…>…</div> subtree intercepts pointer events
      - retrying click action, attempt #9
      -   waiting 500ms
      -   waiting for element to be visible, enabled and stable
      -   element is visible, enabled and stable
      -   scrolling into view if needed
      -   done scrolling
      -   <mat-label _ngcontent-ng-c2013501738="" class="ng-tns-c3736…>Search Patient name , mrn</mat-label> from <div matformfieldnotchedoutline="" class="mdc-notched…>…</div> subtree intercepts pointer events
      - retrying click action, attempt #10
      -   waiting 500ms
      -   waiting for element to be visible, enabled and stable
      -   element is visible, enabled and stable
      -   scrolling into view if needed
      -   done scrolling
      -   <mat-label _ngcontent-ng-c2013501738="" class="ng-tns-c3736…>Search Patient name , mrn</mat-label> from <div matformfieldnotchedoutline="" class="mdc-notched…>…</div> subtree intercepts pointer events
      - retrying click action, attempt #11
      -   waiting 500ms
      -   waiting for element to be visible, enabled and stable
      -   element is visible, enabled and stable
      -   scrolling into view if needed
      -   done scrolling
      -   <mat-label _ngcontent-ng-c2013501738="" class="ng-tns-c3736…>Search Patient name , mrn</mat-label> from <div matformfieldnotchedoutline="" class="mdc-notched…>…</div> subtree intercepts pointer events
      - retrying click action, attempt #12
      -   waiting 500ms
      -   waiting for element to be visible, enabled and stable
      -   element is visible, enabled and stable
      -   scrolling into view if needed
      -   done scrolling
      -   <mat-label _ngcontent-ng-c2013501738="" class="ng-tns-c3736…>Search Patient name , mrn</mat-label> from <div matformfieldnotchedoutline="" class="mdc-notched…>…</div> subtree intercepts pointer events
      - retrying click action, attempt #13
      -   waiting 500ms
      -   waiting for element to be visible, enabled and stable
      -   element is visible, enabled and stable
      -   scrolling into view if needed
      -   done scrolling
      -   <mat-label _ngcontent-ng-c2013501738="" class="ng-tns-c3736…>Search Patient name , mrn</mat-label> from <div matformfieldnotchedoutline="" class="mdc-notched…>…</div> subtree intercepts pointer events
      - retrying click action, attempt #14
      -   waiting 500ms
      -   waiting for element to be visible, enabled and stable
      -   element is visible, enabled and stable
      -   scrolling into view if needed
      -   done scrolling
      -   <mat-label _ngcontent-ng-c2013501738="" class="ng-tns-c3736…>Search Patient name , mrn</mat-label> from <div matformfieldnotchedoutline="" class="mdc-notched…>…</div> subtree intercepts pointer events
      - retrying click action, attempt #15
      -   waiting 500ms
      -   waiting for element to be visible, enabled and stable
      -   element is visible, enabled and stable
      -   scrolling into view if needed
      -   done scrolling
      -   <mat-label _ngcontent-ng-c2013501738="" class="ng-tns-c3736…>Search Patient name , mrn</mat-label> from <div matformfieldnotchedoutline="" class="mdc-notched…>…</div> subtree intercepts pointer events
      - retrying click action, attempt #16
      -   waiting 500ms
      -   waiting for element to be visible, enabled and stable
      -   element is visible, enabled and stable
      -   scrolling into view if needed
      -   done scrolling
      -   <mat-label _ngcontent-ng-c2013501738="" class="ng-tns-c3736…>Search Patient name , mrn</mat-label> from <div matformfieldnotchedoutline="" class="mdc-notched…>…</div> subtree intercepts pointer events
      - retrying click action, attempt #17
      -   waiting 500ms
      -   waiting for element to be visible, enabled and stable
      -   element is visible, enabled and stable
      -   scrolling into view if needed
      -   done scrolling
      -   <mat-label _ngcontent-ng-c2013501738="" class="ng-tns-c3736…>Search Patient name , mrn</mat-label> from <div matformfieldnotchedoutline="" class="mdc-notched…>…</div> subtree intercepts pointer events
      - retrying click action, attempt #18
      -   waiting 500ms
      -   waiting for element to be visible, enabled and stable
      -   element is visible, enabled and stable
      -   scrolling into view if needed
      -   done scrolling
      -   <mat-label _ngcontent-ng-c2013501738="" class="ng-tns-c3736…>Search Patient name , mrn</mat-label> from <div matformfieldnotchedoutline="" class="mdc-notched…>…</div> subtree intercepts pointer events
      - retrying click action, attempt #19
      -   waiting 500ms
      -   waiting for element to be visible, enabled and stable
      -   element is visible, enabled and stable
      -   scrolling into view if needed
      -   done scrolling
      -   <mat-label _ngcontent-ng-c2013501738="" class="ng-tns-c3736…>Search Patient name , mrn</mat-label> from <div matformfieldnotchedoutline="" class="mdc-notched…>…</div> subtree intercepts pointer events
      - retrying click action, attempt #20
      -   waiting 500ms
      -   waiting for element to be visible, enabled and stable
      -   element is visible, enabled and stable
      -   scrolling into view if needed
      -   done scrolling
      -   <mat-label _ngcontent-ng-c2013501738="" class="ng-tns-c3736…>Search Patient name , mrn</mat-label> from <div matformfieldnotchedoutline="" class="mdc-notched…>…</div> subtree intercepts pointer events
      - retrying click action, attempt #21
      -   waiting 500ms
      -   waiting for element to be visible, enabled and stable
      -   element is visible, enabled and stable
      -   scrolling into view if needed
      -   done scrolling
      -   <mat-label _ngcontent-ng-c2013501738="" class="ng-tns-c3736…>Search Patient name , mrn</mat-label> from <div matformfieldnotchedoutline="" class="mdc-notched…>…</div> subtree intercepts pointer events
      - retrying click action, attempt #22
      -   waiting 500ms
      -   waiting for element to be visible, enabled and stable
      -   element is visible, enabled and stable
      -   scrolling into view if needed
      -   done scrolling
      -   <mat-label _ngcontent-ng-c2013501738="" class="ng-tns-c3736…>Search Patient name , mrn</mat-label> from <div matformfieldnotchedoutline="" class="mdc-notched…>…</div> subtree intercepts pointer events
      - retrying click action, attempt #23
      -   waiting 500ms
      -   waiting for element to be visible, enabled and stable
      -   element is visible, enabled and stable
      -   scrolling into view if needed
      -   done scrolling
      -   <mat-label _ngcontent-ng-c2013501738="" class="ng-tns-c3736…>Search Patient name , mrn</mat-label> from <div matformfieldnotchedoutline="" class="mdc-notched…>…</div> subtree intercepts pointer events
      - retrying click action, attempt #24
      -   waiting 500ms
      -   waiting for element to be visible, enabled and stable
      -   element is visible, enabled and stable
      -   scrolling into view if needed
      -   done scrolling
      -   <mat-label _ngcontent-ng-c2013501738="" class="ng-tns-c3736…>Search Patient name , mrn</mat-label> from <div matformfieldnotchedoutline="" class="mdc-notched…>…</div> subtree intercepts pointer events
      - retrying click action, attempt #25
      -   waiting 500ms
      -   waiting for element to be visible, enabled and stable
      -   element is visible, enabled and stable
      -   scrolling into view if needed
      -   done scrolling
      -   <mat-label _ngcontent-ng-c2013501738="" class="ng-tns-c3736…>Search Patient name , mrn</mat-label> from <div matformfieldnotchedoutline="" class="mdc-notched…>…</div> subtree intercepts pointer events
      - retrying click action, attempt #26
      -   waiting 500ms
      -   waiting for element to be visible, enabled and stable
      -   element is visible, enabled and stable
      -   scrolling into view if needed
      -   done scrolling
      -   <mat-label _ngcontent-ng-c2013501738="" class="ng-tns-c3736…>Search Patient name , mrn</mat-label> from <div matformfieldnotchedoutline="" class="mdc-notched…>…</div> subtree intercepts pointer events
      - retrying click action, attempt #27
      -   waiting 500ms
      -   waiting for element to be visible, enabled and stable
      -   element is visible, enabled and stable
      -   scrolling into view if needed
      -   done scrolling
      -   <mat-label _ngcontent-ng-c2013501738="" class="ng-tns-c3736…>Search Patient name , mrn</mat-label> from <div matformfieldnotchedoutline="" class="mdc-notched…>…</div> subtree intercepts pointer events
      - retrying click action, attempt #28
      -   waiting 500ms
      -   waiting for element to be visible, enabled and stable
      -   element is visible, enabled and stable
      -   scrolling into view if needed
      -   done scrolling
      -   <mat-label _ngcontent-ng-c2013501738="" class="ng-tns-c3736…>Search Patient name , mrn</mat-label> from <div matformfieldnotchedoutline="" class="mdc-notched…>…</div> subtree intercepts pointer events
      - retrying click action, attempt #29
      -   waiting 500ms
      -   waiting for element to be visible, enabled and stable
      -   element is visible, enabled and stable
      -   scrolling into view if needed
      -   done scrolling
      -   <mat-label _ngcontent-ng-c2013501738="" class="ng-tns-c3736…>Search Patient name , mrn</mat-label> from <div matformfieldnotchedoutline="" class="mdc-notched…>…</div> subtree intercepts pointer events
      - retrying click action, attempt #30
      -   waiting 500ms
      -   waiting for element to be visible, enabled and stable
      -   element is visible, enabled and stable
      -   scrolling into view if needed
      -   done scrolling
      -   <mat-label _ngcontent-ng-c2013501738="" class="ng-tns-c3736…>Search Patient name , mrn</mat-label> from <div matformfieldnotchedoutline="" class="mdc-notched…>…</div> subtree intercepts pointer events
      - retrying click action, attempt #31
      -   waiting 500ms
      -   waiting for element to be visible, enabled and stable
      -   element is visible, enabled and stable
      -   scrolling into view if needed
      -   done scrolling
      -   <mat-label _ngcontent-ng-c2013501738="" class="ng-tns-c3736…>Search Patient name , mrn</mat-label> from <div matformfieldnotchedoutline="" class="mdc-notched…>…</div> subtree intercepts pointer events
      - retrying click action, attempt #32
      -   waiting 500ms
      -   waiting for element to be visible, enabled and stable
      -   element is visible, enabled and stable
      -   scrolling into view if needed
      -   done scrolling
      -   <mat-label _ngcontent-ng-c2013501738="" class="ng-tns-c3736…>Search Patient name , mrn</mat-label> from <div matformfieldnotchedoutline="" class="mdc-notched…>…</div> subtree intercepts pointer events
      - retrying click action, attempt #33
      -   waiting 500ms
      -   waiting for element to be visible, enabled and stable
      -   element is visible, enabled and stable
      -   scrolling into view if needed
      -   done scrolling
      -   <mat-label _ngcontent-ng-c2013501738="" class="ng-tns-c3736…>Search Patient name , mrn</mat-label> from <div matformfieldnotchedoutline="" class="mdc-notched…>…</div> subtree intercepts pointer events
      - retrying click action, attempt #34
      -   waiting 500ms
      -   waiting for element to be visible, enabled and stable
      -   element is visible, enabled and stable
      -   scrolling into view if needed
      -   done scrolling
      -   <mat-label _ngcontent-ng-c2013501738="" class="ng-tns-c3736…>Search Patient name , mrn</mat-label> from <div matformfieldnotchedoutline="" class="mdc-notched…>…</div> subtree intercepts pointer events
      - retrying click action, attempt #35
      -   waiting 500ms
      -   waiting for element to be visible, enabled and stable
      -   element is visible, enabled and stable
      -   scrolling into view if needed
      -   done scrolling
      -   <mat-label _ngcontent-ng-c2013501738="" class="ng-tns-c3736…>Search Patient name , mrn</mat-label> from <div matformfieldnotchedoutline="" class="mdc-notched…>…</div> subtree intercepts pointer events
      - retrying click action, attempt #36
      -   waiting 500ms
      -   waiting for element to be visible, enabled and stable
      -   element is visible, enabled and stable
      -   scrolling into view if needed
      -   done scrolling
      -   <mat-label _ngcontent-ng-c2013501738="" class="ng-tns-c3736…>Search Patient name , mrn</mat-label> from <div matformfieldnotchedoutline="" class="mdc-notched…>…</div> subtree intercepts pointer events
      - retrying click action, attempt #37
      -   waiting 500ms
      -   waiting for element to be visible, enabled and stable
      -   element is visible, enabled and stable
      -   scrolling into view if needed
      -   done scrolling
      -   <mat-label _ngcontent-ng-c2013501738="" class="ng-tns-c3736…>Search Patient name , mrn</mat-label> from <div matformfieldnotchedoutline="" class="mdc-notched…>…</div> subtree intercepts pointer events
      - retrying click action, attempt #38
      -   waiting 500ms
      -   waiting for element to be visible, enabled and stable
      -   element is visible, enabled and stable
      -   scrolling into view if needed
      -   done scrolling
      -   <mat-label _ngcontent-ng-c2013501738="" class="ng-tns-c3736…>Search Patient name , mrn</mat-label> from <div matformfieldnotchedoutline="" class="mdc-notched…>…</div> subtree intercepts pointer events
      - retrying click action, attempt #39
      -   waiting 500ms
      -   waiting for element to be visible, enabled and stable
      -   element is visible, enabled and stable
      -   scrolling into view if needed
      -   done scrolling
      -   <mat-label _ngcontent-ng-c2013501738="" class="ng-tns-c3736…>Search Patient name , mrn</mat-label> from <div matformfieldnotchedoutline="" class="mdc-notched…>…</div> subtree intercepts pointer events
      - retrying click action, attempt #40
      -   waiting 500ms
      -   waiting for element to be visible, enabled and stable
      -   element is visible, enabled and stable
      -   scrolling into view if needed
      -   done scrolling
      -   <mat-label _ngcontent-ng-c2013501738="" class="ng-tns-c3736…>Search Patient name , mrn</mat-label> from <div matformfieldnotchedoutline="" class="mdc-notched…>…</div> subtree intercepts pointer events
      - retrying click action, attempt #41
      -   waiting 500ms
      -   waiting for element to be visible, enabled and stable
      -   element is visible, enabled and stable
      -   scrolling into view if needed
      -   done scrolling
      -   <mat-label _ngcontent-ng-c2013501738="" class="ng-tns-c3736…>Search Patient name , mrn</mat-label> from <div matformfieldnotchedoutline="" class="mdc-notched…>…</div> subtree intercepts pointer events
      - retrying click action, attempt #42
      -   waiting 500ms
      -   waiting for element to be visible, enabled and stable
      -   element is visible, enabled and stable
      -   scrolling into view if needed
      -   done scrolling
      -   <mat-label _ngcontent-ng-c2013501738="" class="ng-tns-c3736…>Search Patient name , mrn</mat-label> from <div matformfieldnotchedoutline="" class="mdc-notched…>…</div> subtree intercepts pointer events
      - retrying click action, attempt #43
      -   waiting 500ms
      -   waiting for element to be visible, enabled and stable
      -   element is visible, enabled and stable
      -   scrolling into view if needed
      -   done scrolling
      -   <mat-label _ngcontent-ng-c2013501738="" class="ng-tns-c3736…>Search Patient name , mrn</mat-label> from <div matformfieldnotchedoutline="" class="mdc-notched…>…</div> subtree intercepts pointer events
      - retrying click action, attempt #44
      -   waiting 500ms
      -   waiting for element to be visible, enabled and stable
      -   element is visible, enabled and stable
      -   scrolling into view if needed
      -   done scrolling
      -   <mat-label _ngcontent-ng-c2013501738="" class="ng-tns-c3736…>Search Patient name , mrn</mat-label> from <div matformfieldnotchedoutline="" class="mdc-notched…>…</div> subtree intercepts pointer events
      - retrying click action, attempt #45
      -   waiting 500ms
      -   waiting for element to be visible, enabled and stable
      -   element is visible, enabled and stable
      -   scrolling into view if needed
      -   done scrolling
      -   <mat-label _ngcontent-ng-c2013501738="" class="ng-tns-c3736…>Search Patient name , mrn</mat-label> from <div matformfieldnotchedoutline="" class="mdc-notched…>…</div> subtree intercepts pointer events
      - retrying click action, attempt #46
      -   waiting 500ms
      -   waiting for element to be visible, enabled and stable
      -   element is visible, enabled and stable
      -   scrolling into view if needed
      -   done scrolling
      -   <mat-label _ngcontent-ng-c2013501738="" class="ng-tns-c3736…>Search Patient name , mrn</mat-label> from <div matformfieldnotchedoutline="" class="mdc-notched…>…</div> subtree intercepts pointer events
      - retrying click action, attempt #47
      -   waiting 500ms
      -   waiting for element to be visible, enabled and stable
      -   element is visible, enabled and stable
      -   scrolling into view if needed
      -   done scrolling
      -   <mat-label _ngcontent-ng-c2013501738="" class="ng-tns-c3736…>Search Patient name , mrn</mat-label> from <div matformfieldnotchedoutline="" class="mdc-notched…>…</div> subtree intercepts pointer events
      - retrying click action, attempt #48
      -   waiting 500ms
      -   waiting for element to be visible, enabled and stable
      -   element is visible, enabled and stable
      -   scrolling into view if needed
      -   done scrolling
      -   <mat-label _ngcontent-ng-c2013501738="" class="ng-tns-c3736…>Search Patient name , mrn</mat-label> from <div matformfieldnotchedoutline="" class="mdc-notched…>…</div> subtree intercepts pointer events
      - retrying click action, attempt #49
      -   waiting 500ms
      -   waiting for element to be visible, enabled and stable
      -   element is visible, enabled and stable
      -   scrolling into view if needed
      -   done scrolling
      -   <mat-label _ngcontent-ng-c2013501738="" class="ng-tns-c3736…>Search Patient name , mrn</mat-label> from <div matformfieldnotchedoutline="" class="mdc-notched…>…</div> subtree intercepts pointer events
      - retrying click action, attempt #50
      -   waiting 500ms
      -   waiting for element to be visible, enabled and stable
      -   element is visible, enabled and stable
      -   scrolling into view if needed
      -   done scrolling
      -   <mat-label _ngcontent-ng-c2013501738="" class="ng-tns-c3736…>Search Patient name , mrn</mat-label> from <div matformfieldnotchedoutline="" class="mdc-notched…>…</div> subtree intercepts pointer events
      - retrying click action, attempt #51
      -   waiting 500ms
      -   waiting for element to be visible, enabled and stable
      -   element is visible, enabled and stable
      -   scrolling into view if needed
      -   done scrolling
      -   <mat-label _ngcontent-ng-c2013501738="" class="ng-tns-c3736…>Search Patient name , mrn</mat-label> from <div matformfieldnotchedoutline="" class="mdc-notched…>…</div> subtree intercepts pointer events
      - retrying click action, attempt #52
      -   waiting 500ms
      -   waiting for element to be visible, enabled and stable
      -   element is visible, enabled and stable
      -   scrolling into view if needed
      -   done scrolling
      -   <mat-label _ngcontent-ng-c2013501738="" class="ng-tns-c3736…>Search Patient name , mrn</mat-label> from <div matformfieldnotchedoutline="" class="mdc-notched…>…</div> subtree intercepts pointer events
      - retrying click action, attempt #53
      -   waiting 500ms
      -   waiting for element to be visible, enabled and stable
      -   element is visible, enabled and stable
      -   scrolling into view if needed
      -   done scrolling
      -   <mat-label _ngcontent-ng-c2013501738="" class="ng-tns-c3736…>Search Patient name , mrn</mat-label> from <div matformfieldnotchedoutline="" class="mdc-notched…>…</div> subtree intercepts pointer events
      - retrying click action, attempt #54
      -   waiting 500ms
      -   waiting for element to be visible, enabled and stable
      -   element is visible, enabled and stable
      -   scrolling into view if needed
      -   done scrolling
      -   <mat-label _ngcontent-ng-c2013501738="" class="ng-tns-c3736…>Search Patient name , mrn</mat-label> from <div matformfieldnotchedoutline="" class="mdc-notched…>…</div> subtree intercepts pointer events
      - retrying click action, attempt #55
      -   waiting 500ms
      -   waiting for element to be visible, enabled and stable
      -   element is visible, enabled and stable
      -   scrolling into view if needed
      -   done scrolling
      -   <mat-label _ngcontent-ng-c2013501738="" class="ng-tns-c3736…>Search Patient name , mrn</mat-label> from <div matformfieldnotchedoutline="" class="mdc-notched…>…</div> subtree intercepts pointer events
      - retrying click action, attempt #56
      -   waiting 500ms
      -   waiting for element to be visible, enabled and stable
      -   element is visible, enabled and stable
      -   scrolling into view if needed
      -   done scrolling
      -   <mat-label _ngcontent-ng-c2013501738="" class="ng-tns-c3736…>Search Patient name , mrn</mat-label> from <div matformfieldnotchedoutline="" class="mdc-notched…>…</div> subtree intercepts pointer events
      - retrying click action, attempt #57
      -   waiting 500ms
      -   waiting for element to be visible, enabled and stable
      -   element is visible, enabled and stable
      -   scrolling into view if needed
      -   done scrolling
      -   <mat-label _ngcontent-ng-c2013501738="" class="ng-tns-c3736…>Search Patient name , mrn</mat-label> from <div matformfieldnotchedoutline="" class="mdc-notched…>…</div> subtree intercepts pointer events
      - retrying click action, attempt #58
      -   waiting 500ms
      -   waiting for element to be visible, enabled and stable
      -   element is visible, enabled and stable
      -   scrolling into view if needed
      -   done scrolling
      -   <mat-label _ngcontent-ng-c2013501738="" class="ng-tns-c3736…>Search Patient name , mrn</mat-label> from <div matformfieldnotchedoutline="" class="mdc-notched…>…</div> subtree intercepts pointer events
      - retrying click action, attempt #59
      -   waiting 500ms
      -   waiting for element to be visible, enabled and stable
      -   element is visible, enabled and stable
      -   scrolling into view if needed
      -   done scrolling
      -   <mat-label _ngcontent-ng-c2013501738="" class="ng-tns-c3736…>Search Patient name , mrn</mat-label> from <div matformfieldnotchedoutline="" class="mdc-notched…>…</div> subtree intercepts pointer events
      - retrying click action, attempt #60
      -   waiting 500ms
      -   waiting for element to be visible, enabled and stable
      -   element is visible, enabled and stable
      -   scrolling into view if needed
      -   done scrolling
      -   <mat-label _ngcontent-ng-c2013501738="" class="ng-tns-c3736…>Search Patient name , mrn</mat-label> from <div matformfieldnotchedoutline="" class="mdc-notched…>…</div> subtree intercepts pointer events
      - retrying click action, attempt #61
      -   waiting 500ms
      -   waiting for element to be visible, enabled and stable
      -   element is visible, enabled and stable
      -   scrolling into view if needed
      -   done scrolling
      -   <mat-label _ngcontent-ng-c2013501738="" class="ng-tns-c3736…>Search Patient name , mrn</mat-label> from <div matformfieldnotchedoutline="" class="mdc-notched…>…</div> subtree intercepts pointer events
      - retrying click action, attempt #62
      -   waiting 500ms
      -   waiting for element to be visible, enabled and stable
      -   element is visible, enabled and stable
      -   scrolling into view if needed
      -   done scrolling
      -   <mat-label _ngcontent-ng-c2013501738="" class="ng-tns-c3736…>Search Patient name , mrn</mat-label> from <div matformfieldnotchedoutline="" class="mdc-notched…>…</div> subtree intercepts pointer events
      - retrying click action, attempt #63
      -   waiting 500ms
      -   waiting for element to be visible, enabled and stable
      -   element is visible, enabled and stable
      -   scrolling into view if needed
      -   done scrolling
      -   <mat-label _ngcontent-ng-c2013501738="" class="ng-tns-c3736…>Search Patient name , mrn</mat-label> from <div matformfieldnotchedoutline="" class="mdc-notched…>…</div> subtree intercepts pointer events
      - retrying click action, attempt #64
      -   waiting 500ms
      -   waiting for element to be visible, enabled and stable
      -   element is visible, enabled and stable
      -   scrolling into view if needed
      -   done scrolling
      -   <mat-label _ngcontent-ng-c2013501738="" class="ng-tns-c3736…>Search Patient name , mrn</mat-label> from <div matformfieldnotchedoutline="" class="mdc-notched…>…</div> subtree intercepts pointer events
      - retrying click action, attempt #65
      -   waiting 500ms
      -   waiting for element to be visible, enabled and stable
      -   element is visible, enabled and stable
      -   scrolling into view if needed
      -   done scrolling
      -   <mat-label _ngcontent-ng-c2013501738="" class="ng-tns-c3736…>Search Patient name , mrn</mat-label> from <div matformfieldnotchedoutline="" class="mdc-notched…>…</div> subtree intercepts pointer events
      - retrying click action, attempt #66
      -   waiting 500ms
      -   waiting for element to be visible, enabled and stable
      -   element is visible, enabled and stable
      -   scrolling into view if needed
      -   done scrolling
      -   <mat-label _ngcontent-ng-c2013501738="" class="ng-tns-c3736…>Search Patient name , mrn</mat-label> from <div matformfieldnotchedoutline="" class="mdc-notched…>…</div> subtree intercepts pointer events
      - retrying click action, attempt #67
      -   waiting 500ms
      -   waiting for element to be visible, enabled and stable
      -   element is visible, enabled and stable
      -   scrolling into view if needed
      -   done scrolling
      -   <mat-label _ngcontent-ng-c2013501738="" class="ng-tns-c3736…>Search Patient name , mrn</mat-label> from <div matformfieldnotchedoutline="" class="mdc-notched…>…</div> subtree intercepts pointer events
      - retrying click action, attempt #68
      -   waiting 500ms
      -   waiting for element to be visible, enabled and stable
      -   element is visible, enabled and stable
      -   scrolling into view if needed
      -   done scrolling
      -   <mat-label _ngcontent-ng-c2013501738="" class="ng-tns-c3736…>Search Patient name , mrn</mat-label> from <div matformfieldnotchedoutline="" class="mdc-notched…>…</div> subtree intercepts pointer events
      - retrying click action, attempt #69
      -   waiting 500ms
      -   waiting for element to be visible, enabled and stable
      -   element is visible, enabled and stable
      -   scrolling into view if needed
      -   done scrolling
      -   <mat-label _ngcontent-ng-c2013501738="" class="ng-tns-c3736…>Search Patient name , mrn</mat-label> from <div matformfieldnotchedoutline="" class="mdc-notched…>…</div> subtree intercepts pointer events
      - retrying click action, attempt #70
      -   waiting 500ms
      -   waiting for element to be visible, enabled and stable
      -   element is visible, enabled and stable
      -   scrolling into view if needed
      -   done scrolling
      -   <mat-label _ngcontent-ng-c2013501738="" class="ng-tns-c3736…>Search Patient name , mrn</mat-label> from <div matformfieldnotchedoutline="" class="mdc-notched…>…</div> subtree intercepts pointer events
      - retrying click action, attempt #71
      -   waiting 500ms
      -   waiting for element to be visible, enabled and stable
      -   element is visible, enabled and stable
      -   scrolling into view if needed
      -   done scrolling
      -   <mat-label _ngcontent-ng-c2013501738="" class="ng-tns-c3736…>Search Patient name , mrn</mat-label> from <div matformfieldnotchedoutline="" class="mdc-notched…>…</div> subtree intercepts pointer events
      - retrying click action, attempt #72
      -   waiting 500ms
      -   waiting for element to be visible, enabled and stable
      -   element is visible, enabled and stable
      -   scrolling into view if needed
      -   done scrolling
      -   <mat-label _ngcontent-ng-c2013501738="" class="ng-tns-c3736…>Search Patient name , mrn</mat-label> from <div matformfieldnotchedoutline="" class="mdc-notched…>…</div> subtree intercepts pointer events
      - retrying click action, attempt #73
      -   waiting 500ms
      -   waiting for element to be visible, enabled and stable
      -   element is visible, enabled and stable
      -   scrolling into view if needed
      -   done scrolling
      -   <mat-label _ngcontent-ng-c2013501738="" class="ng-tns-c3736…>Search Patient name , mrn</mat-label> from <div matformfieldnotchedoutline="" class="mdc-notched…>…</div> subtree intercepts pointer events
      - retrying click action, attempt #74
      -   waiting 500ms
      -   waiting for element to be visible, enabled and stable
      -   element is visible, enabled and stable
      -   scrolling into view if needed
      -   done scrolling
      -   <mat-label _ngcontent-ng-c2013501738="" class="ng-tns-c3736…>Search Patient name , mrn</mat-label> from <div matformfieldnotchedoutline="" class="mdc-notched…>…</div> subtree intercepts pointer events
      - retrying click action, attempt #75
      -   waiting 500ms
      -   waiting for element to be visible, enabled and stable
      -   element is visible, enabled and stable
      -   scrolling into view if needed
      -   done scrolling
      -   <mat-label _ngcontent-ng-c2013501738="" class="ng-tns-c3736…>Search Patient name , mrn</mat-label> from <div matformfieldnotchedoutline="" class="mdc-notched…>…</div> subtree intercepts pointer events
      - retrying click action, attempt #76
      -   waiting 500ms
      -   waiting for element to be visible, enabled and stable
      -   element is visible, enabled and stable
      -   scrolling into view if needed
      -   done scrolling
      -   <mat-label _ngcontent-ng-c2013501738="" class="ng-tns-c3736…>Search Patient name , mrn</mat-label> from <div matformfieldnotchedoutline="" class="mdc-notched…>…</div> subtree intercepts pointer events
      - retrying click action, attempt #77
      -   waiting 500ms
      -   waiting for element to be visible, enabled and stable
      -   element is visible, enabled and stable
      -   scrolling into view if needed
      -   done scrolling
      -   <mat-label _ngcontent-ng-c2013501738="" class="ng-tns-c3736…>Search Patient name , mrn</mat-label> from <div matformfieldnotchedoutline="" class="mdc-notched…>…</div> subtree intercepts pointer events
      - retrying click action, attempt #78
      -   waiting 500ms
      -   waiting for element to be visible, enabled and stable
      -   element is visible, enabled and stable
      -   scrolling into view if needed
      -   done scrolling
      -   <mat-label _ngcontent-ng-c2013501738="" class="ng-tns-c3736…>Search Patient name , mrn</mat-label> from <div matformfieldnotchedoutline="" class="mdc-notched…>…</div> subtree intercepts pointer events
      - retrying click action, attempt #79
      -   waiting 500ms
      -   waiting for element to be visible, enabled and stable
      -   element is visible, enabled and stable
      -   scrolling into view if needed
      -   done scrolling
      -   <mat-label _ngcontent-ng-c2013501738="" class="ng-tns-c3736…>Search Patient name , mrn</mat-label> from <div matformfieldnotchedoutline="" class="mdc-notched…>…</div> subtree intercepts pointer events
      - retrying click action, attempt #80
      -   waiting 500ms
      -   waiting for element to be visible, enabled and stable
      -   element is visible, enabled and stable
      -   scrolling into view if needed
      -   done scrolling
      -   <mat-label _ngcontent-ng-c2013501738="" class="ng-tns-c3736…>Search Patient name , mrn</mat-label> from <div matformfieldnotchedoutline="" class="mdc-notched…>…</div> subtree intercepts pointer events
      - retrying click action, attempt #81
      -   waiting 500ms
      -   waiting for element to be visible, enabled and stable
      -   element is visible, enabled and stable
      -   scrolling into view if needed
      -   done scrolling
      -   <mat-label _ngcontent-ng-c2013501738="" class="ng-tns-c3736…>Search Patient name , mrn</mat-label> from <div matformfieldnotchedoutline="" class="mdc-notched…>…</div> subtree intercepts pointer events
      - retrying click action, attempt #82
      -   waiting 500ms
      -   waiting for element to be visible, enabled and stable
      -   element is visible, enabled and stable
      -   scrolling into view if needed
      -   done scrolling
      -   <mat-label _ngcontent-ng-c2013501738="" class="ng-tns-c3736…>Search Patient name , mrn</mat-label> from <div matformfieldnotchedoutline="" class="mdc-notched…>…</div> subtree intercepts pointer events
      - retrying click action, attempt #83
      -   waiting 500ms
      -   waiting for element to be visible, enabled and stable
      -   element is visible, enabled and stable
      -   scrolling into view if needed
      -   done scrolling
      -   <mat-label _ngcontent-ng-c2013501738="" class="ng-tns-c3736…>Search Patient name , mrn</mat-label> from <div matformfieldnotchedoutline="" class="mdc-notched…>…</div> subtree intercepts pointer events
      - retrying click action, attempt #84
      -   waiting 500ms
      -   waiting for element to be visible, enabled and stable
      -   element is visible, enabled and stable
      -   scrolling into view if needed
      -   done scrolling
      -   <mat-label _ngcontent-ng-c2013501738="" class="ng-tns-c3736…>Search Patient name , mrn</mat-label> from <div matformfieldnotchedoutline="" class="mdc-notched…>…</div> subtree intercepts pointer events
      - retrying click action, attempt #85
      -   waiting 500ms
      -   waiting for element to be visible, enabled and stable
      -   element is visible, enabled and stable
      -   scrolling into view if needed
      -   done scrolling
      -   <mat-label _ngcontent-ng-c2013501738="" class="ng-tns-c3736…>Search Patient name , mrn</mat-label> from <div matformfieldnotchedoutline="" class="mdc-notched…>…</div> subtree intercepts pointer events
      - retrying click action, attempt #86
      -   waiting 500ms
      -   waiting for element to be visible, enabled and stable
      -   element is visible, enabled and stable
      -   scrolling into view if needed
      -   done scrolling
      -   <mat-label _ngcontent-ng-c2013501738="" class="ng-tns-c3736…>Search Patient name , mrn</mat-label> from <div matformfieldnotchedoutline="" class="mdc-notched…>…</div> subtree intercepts pointer events
      - retrying click action, attempt #87
      -   waiting 500ms
      -   waiting for element to be visible, enabled and stable
      -   element is visible, enabled and stable
      -   scrolling into view if needed
      -   done scrolling
      -   <mat-label _ngcontent-ng-c2013501738="" class="ng-tns-c3736…>Search Patient name , mrn</mat-label> from <div matformfieldnotchedoutline="" class="mdc-notched…>…</div> subtree intercepts pointer events
      - retrying click action, attempt #88
      -   waiting 500ms
      -   waiting for element to be visible, enabled and stable
      -   element is visible, enabled and stable
      -   scrolling into view if needed
      -   done scrolling
      -   <mat-label _ngcontent-ng-c2013501738="" class="ng-tns-c3736…>Search Patient name , mrn</mat-label> from <div matformfieldnotchedoutline="" class="mdc-notched…>…</div> subtree intercepts pointer events
      - retrying click action, attempt #89
      -   waiting 500ms
      -   waiting for element to be visible, enabled and stable
      -   element is visible, enabled and stable
      -   scrolling into view if needed
      -   done scrolling
      -   <mat-label _ngcontent-ng-c2013501738="" class="ng-tns-c3736…>Search Patient name , mrn</mat-label> from <div matformfieldnotchedoutline="" class="mdc-notched…>…</div> subtree intercepts pointer events
      - retrying click action, attempt #90
      -   waiting 500ms
      -   waiting for element to be visible, enabled and stable
      -   element is visible, enabled and stable
      -   scrolling into view if needed
      -   done scrolling
      -   <mat-label _ngcontent-ng-c2013501738="" class="ng-tns-c3736…>Search Patient name , mrn</mat-label> from <div matformfieldnotchedoutline="" class="mdc-notched…>…</div> subtree intercepts pointer events
      - retrying click action, attempt #91
      -   waiting 500ms
      -   waiting for element to be visible, enabled and stable
      -   element is visible, enabled and stable
      -   scrolling into view if needed
      -   done scrolling
      -   <mat-label _ngcontent-ng-c2013501738="" class="ng-tns-c3736…>Search Patient name , mrn</mat-label> from <div matformfieldnotchedoutline="" class="mdc-notched…>…</div> subtree intercepts pointer events
      - retrying click action, attempt #92
      -   waiting 500ms
      -   waiting for element to be visible, enabled and stable
      -   element is visible, enabled and stable
      -   scrolling into view if needed
      -   done scrolling
      -   <mat-label _ngcontent-ng-c2013501738="" class="ng-tns-c3736…>Search Patient name , mrn</mat-label> from <div matformfieldnotchedoutline="" class="mdc-notched…>…</div> subtree intercepts pointer events
      - retrying click action, attempt #93
      -   waiting 500ms
      -   waiting for element to be visible, enabled and stable
      -   element is visible, enabled and stable
      -   scrolling into view if needed
      -   done scrolling
      -   <mat-label _ngcontent-ng-c2013501738="" class="ng-tns-c3736…>Search Patient name , mrn</mat-label> from <div matformfieldnotchedoutline="" class="mdc-notched…>…</div> subtree intercepts pointer events
      - retrying click action, attempt #94
      -   waiting 500ms
      -   waiting for element to be visible, enabled and stable
      -   element is visible, enabled and stable
      -   scrolling into view if needed
      -   done scrolling
      -   <mat-label _ngcontent-ng-c2013501738="" class="ng-tns-c3736…>Search Patient name , mrn</mat-label> from <div matformfieldnotchedoutline="" class="mdc-notched…>…</div> subtree intercepts pointer events
      - retrying click action, attempt #95
      -   waiting 500ms
      -   waiting for element to be visible, enabled and stable
      -   element is visible, enabled and stable
      -   scrolling into view if needed
      -   done scrolling
      -   <mat-label _ngcontent-ng-c2013501738="" class="ng-tns-c3736…>Search Patient name , mrn</mat-label> from <div matformfieldnotchedoutline="" class="mdc-notched…>…</div> subtree intercepts pointer events
      - retrying click action, attempt #96
      -   waiting 500ms
      -   waiting for element to be visible, enabled and stable
      -   element is visible, enabled and stable
      -   scrolling into view if needed
      -   done scrolling
      -   <mat-label _ngcontent-ng-c2013501738="" class="ng-tns-c3736…>Search Patient name , mrn</mat-label> from <div matformfieldnotchedoutline="" class="mdc-notched…>…</div> subtree intercepts pointer events
      - retrying click action, attempt #97
      -   waiting 500ms
      -   waiting for element to be visible, enabled and stable
      -   element is visible, enabled and stable
      -   scrolling into view if needed
      -   done scrolling
      -   <mat-label _ngcontent-ng-c2013501738="" class="ng-tns-c3736…>Search Patient name , mrn</mat-label> from <div matformfieldnotchedoutline="" class="mdc-notched…>…</div> subtree intercepts pointer events
      - retrying click action, attempt #98
      -   waiting 500ms
      -   waiting for element to be visible, enabled and stable
      -   element is visible, enabled and stable
      -   scrolling into view if needed
      -   done scrolling
      -   <mat-label _ngcontent-ng-c2013501738="" class="ng-tns-c3736…>Search Patient name , mrn</mat-label> from <div matformfieldnotchedoutline="" class="mdc-notched…>…</div> subtree intercepts pointer events
      - retrying click action, attempt #99
      -   waiting 500ms
      -   waiting for element to be visible, enabled and stable
      -   element is visible, enabled and stable
      -   scrolling into view if needed
      -   done scrolling
      -   <mat-label _ngcontent-ng-c2013501738="" class="ng-tns-c3736…>Search Patient name , mrn</mat-label> from <div matformfieldnotchedoutline="" class="mdc-notched…>…</div> subtree intercepts pointer events
      - retrying click action, attempt #100
      -   waiting 500ms
      -   waiting for element to be visible, enabled and stable
      -   element is visible, enabled and stable
      -   scrolling into view if needed
      -   done scrolling
      -   <mat-label _ngcontent-ng-c2013501738="" class="ng-tns-c3736…>Search Patient name , mrn</mat-label> from <div matformfieldnotchedoutline="" class="mdc-notched…>…</div> subtree intercepts pointer events
      - retrying click action, attempt #101
      -   waiting 500ms
      -   waiting for element to be visible, enabled and stable
      -   element is visible, enabled and stable
      -   scrolling into view if needed
      -   done scrolling
      -   <mat-label _ngcontent-ng-c2013501738="" class="ng-tns-c3736…>Search Patient name , mrn</mat-label> from <div matformfieldnotchedoutline="" class="mdc-notched…>…</div> subtree intercepts pointer events
      - retrying click action, attempt #102
      -   waiting 500ms
      -   waiting for element to be visible, enabled and stable
      -   element is visible, enabled and stable
      -   scrolling into view if needed
      -   done scrolling
      -   <mat-label _ngcontent-ng-c2013501738="" class="ng-tns-c3736…>Search Patient name , mrn</mat-label> from <div matformfieldnotchedoutline="" class="mdc-notched…>…</div> subtree intercepts pointer events
      - retrying click action, attempt #103
      -   waiting 500ms
      -   waiting for element to be visible, enabled and stable
      -   element is visible, enabled and stable
      -   scrolling into view if needed
      -   done scrolling
      -   <mat-label _ngcontent-ng-c2013501738="" class="ng-tns-c3736…>Search Patient name , mrn</mat-label> from <div matformfieldnotchedoutline="" class="mdc-notched…>…</div> subtree intercepts pointer events
      - retrying click action, attempt #104
      -   waiting 500ms
      -   waiting for element to be visible, enabled and stable
      -   element is visible, enabled and stable
      -   scrolling into view if needed
      -   done scrolling
      -   <mat-label _ngcontent-ng-c2013501738="" class="ng-tns-c3736…>Search Patient name , mrn</mat-label> from <div matformfieldnotchedoutline="" class="mdc-notched…>…</div> subtree intercepts pointer events
      - retrying click action, attempt #105
      -   waiting 500ms
      -   waiting for element to be visible, enabled and stable
      -   element is visible, enabled and stable
      -   scrolling into view if needed
      -   done scrolling
      -   <mat-label _ngcontent-ng-c2013501738="" class="ng-tns-c3736…>Search Patient name , mrn</mat-label> from <div matformfieldnotchedoutline="" class="mdc-notched…>…</div> subtree intercepts pointer events
      - retrying click action, attempt #106
      -   waiting 500ms
      -   waiting for element to be visible, enabled and stable
      -   element is visible, enabled and stable
      -   scrolling into view if needed
      -   done scrolling
      -   <mat-label _ngcontent-ng-c2013501738="" class="ng-tns-c3736…>Search Patient name , mrn</mat-label> from <div matformfieldnotchedoutline="" class="mdc-notched…>…</div> subtree intercepts pointer events
      - retrying click action, attempt #107
      -   waiting 500ms
      -   waiting for element to be visible, enabled and stable
      -   element is visible, enabled and stable
      -   scrolling into view if needed
      -   done scrolling
      -   <mat-label _ngcontent-ng-c2013501738="" class="ng-tns-c3736…>Search Patient name , mrn</mat-label> from <div matformfieldnotchedoutline="" class="mdc-notched…>…</div> subtree intercepts pointer events
      - retrying click action, attempt #108
      -   waiting 500ms
      -   waiting for element to be visible, enabled and stable
      -   element is visible, enabled and stable
      -   scrolling into view if needed
      -   done scrolling
      -   <mat-label _ngcontent-ng-c2013501738="" class="ng-tns-c3736…>Search Patient name , mrn</mat-label> from <div matformfieldnotchedoutline="" class="mdc-notched…>…</div> subtree intercepts pointer events
      - retrying click action, attempt #109
      -   waiting 500ms
      -   waiting for element to be visible, enabled and stable
      -   element is visible, enabled and stable
      -   scrolling into view if needed
      -   done scrolling
      -   <mat-label _ngcontent-ng-c2013501738="" class="ng-tns-c3736…>Search Patient name , mrn</mat-label> from <div matformfieldnotchedoutline="" class="mdc-notched…>…</div> subtree intercepts pointer events
      - retrying click action, attempt #110
      -   waiting 500ms
      -   waiting for element to be visible, enabled and stable
      -   element is visible, enabled and stable
      -   scrolling into view if needed
      -   done scrolling
      -   <mat-label _ngcontent-ng-c2013501738="" class="ng-tns-c3736…>Search Patient name , mrn</mat-label> from <div matformfieldnotchedoutline="" class="mdc-notched…>…</div> subtree intercepts pointer events
      - retrying click action, attempt #111
      -   waiting 500ms
      -   waiting for element to be visible, enabled and stable
      -   element is visible, enabled and stable
      -   scrolling into view if needed
      -   done scrolling
      -   <mat-label _ngcontent-ng-c2013501738="" class="ng-tns-c3736…>Search Patient name , mrn</mat-label> from <div matformfieldnotchedoutline="" class="mdc-notched…>…</div> subtree intercepts pointer events
      - retrying click action, attempt #112
      -   waiting 500ms
      -   waiting for element to be visible, enabled and stable
      -   element is visible, enabled and stable
      -   scrolling into view if needed
      -   done scrolling
      -   <mat-label _ngcontent-ng-c2013501738="" class="ng-tns-c3736…>Search Patient name , mrn</mat-label> from <div matformfieldnotchedoutline="" class="mdc-notched…>…</div> subtree intercepts pointer events
      - retrying click action, attempt #113
      -   waiting 500ms
      -   waiting for element to be visible, enabled and stable
      -   element is visible, enabled and stable
      -   scrolling into view if needed
      -   done scrolling
      -   <mat-label _ngcontent-ng-c2013501738="" class="ng-tns-c3736…>Search Patient name , mrn</mat-label> from <div matformfieldnotchedoutline="" class="mdc-notched…>…</div> subtree intercepts pointer events
      - retrying click action, attempt #114
      -   waiting 500ms
      -   waiting for element to be visible, enabled and stable
      -   element is visible, enabled and stable
      -   scrolling into view if needed
      -   done scrolling
      -   <mat-label _ngcontent-ng-c2013501738="" class="ng-tns-c3736…>Search Patient name , mrn</mat-label> from <div matformfieldnotchedoutline="" class="mdc-notched…>…</div> subtree intercepts pointer events
      - retrying click action, attempt #115
      -   waiting 500ms
      -   waiting for element to be visible, enabled and stable
      -   element is visible, enabled and stable
      -   scrolling into view if needed
      -   done scrolling
      -   <mat-label _ngcontent-ng-c2013501738="" class="ng-tns-c3736…>Search Patient name , mrn</mat-label> from <div matformfieldnotchedoutline="" class="mdc-notched…>…</div> subtree intercepts pointer events
      - retrying click action, attempt #116
      -   waiting 500ms
      -   waiting for element to be visible, enabled and stable
      -   element is visible, enabled and stable
      -   scrolling into view if needed
      -   done scrolling
      -   <mat-label _ngcontent-ng-c2013501738="" class="ng-tns-c3736…>Search Patient name , mrn</mat-label> from <div matformfieldnotchedoutline="" class="mdc-notched…>…</div> subtree intercepts pointer events
      - retrying click action, attempt #117
      -   waiting 500ms
      -   waiting for element to be visible, enabled and stable
      -   element is visible, enabled and stable
      -   scrolling into view if needed
      -   done scrolling
      -   <mat-label _ngcontent-ng-c2013501738="" class="ng-tns-c3736…>Search Patient name , mrn</mat-label> from <div matformfieldnotchedoutline="" class="mdc-notched…>…</div> subtree intercepts pointer events
      - retrying click action, attempt #118
      -   waiting 500ms
      -   waiting for element to be visible, enabled and stable
      -   element is visible, enabled and stable
      -   scrolling into view if needed
      -   done scrolling
      -   <mat-label _ngcontent-ng-c2013501738="" class="ng-tns-c3736…>Search Patient name , mrn</mat-label> from <div matformfieldnotchedoutline="" class="mdc-notched…>…</div> subtree intercepts pointer events
      - retrying click action, attempt #119
      -   waiting 500ms
      -   waiting for element to be visible, enabled and stable
      -   element is visible, enabled and stable
      -   scrolling into view if needed
      -   done scrolling
      -   <mat-label _ngcontent-ng-c2013501738="" class="ng-tns-c3736…>Search Patient name , mrn</mat-label> from <div matformfieldnotchedoutline="" class="mdc-notched…>…</div> subtree intercepts pointer events
      - retrying click action, attempt #120
      -   waiting 500ms
      -   waiting for element to be visible, enabled and stable
      -   element is visible, enabled and stable
      -   scrolling into view if needed
      -   done scrolling
      -   <mat-label _ngcontent-ng-c2013501738="" class="ng-tns-c3736…>Search Patient name , mrn</mat-label> from <div matformfieldnotchedoutline="" class="mdc-notched…>…</div> subtree intercepts pointer events
      - retrying click action, attempt #121
      -   waiting 500ms
      -   waiting for element to be visible, enabled and stable
      -   element is visible, enabled and stable
      -   scrolling into view if needed
      -   done scrolling
      -   <mat-label _ngcontent-ng-c2013501738="" class="ng-tns-c3736…>Search Patient name , mrn</mat-label> from <div matformfieldnotchedoutline="" class="mdc-notched…>…</div> subtree intercepts pointer events
      - retrying click action, attempt #122
      -   waiting 500ms
      -   waiting for element to be visible, enabled and stable
      -   element is visible, enabled and stable
      -   scrolling into view if needed
      -   done scrolling
      -   <mat-label _ngcontent-ng-c2013501738="" class="ng-tns-c3736…>Search Patient name , mrn</mat-label> from <div matformfieldnotchedoutline="" class="mdc-notched…>…</div> subtree intercepts pointer events
      - retrying click action, attempt #123
      -   waiting 500ms
      -   waiting for element to be visible, enabled and stable
      -   element is visible, enabled and stable
      -   scrolling into view if needed
      -   done scrolling
      -   <mat-label _ngcontent-ng-c2013501738="" class="ng-tns-c3736…>Search Patient name , mrn</mat-label> from <div matformfieldnotchedoutline="" class="mdc-notched…>…</div> subtree intercepts pointer events
      - retrying click action, attempt #124
      -   waiting 500ms
      -   waiting for element to be visible, enabled and stable
      -   element is visible, enabled and stable
      -   scrolling into view if needed
      -   done scrolling
      -   <mat-label _ngcontent-ng-c2013501738="" class="ng-tns-c3736…>Search Patient name , mrn</mat-label> from <div matformfieldnotchedoutline="" class="mdc-notched…>…</div> subtree intercepts pointer events
      - retrying click action, attempt #125
      -   waiting 500ms
      -   waiting for element to be visible, enabled and stable
      -   element is visible, enabled and stable
      -   scrolling into view if needed
      -   done scrolling
      -   <mat-label _ngcontent-ng-c2013501738="" class="ng-tns-c3736…>Search Patient name , mrn</mat-label> from <div matformfieldnotchedoutline="" class="mdc-notched…>…</div> subtree intercepts pointer events
      - retrying click action, attempt #126
      -   waiting 500ms
      -   waiting for element to be visible, enabled and stable
      -   element is visible, enabled and stable
      -   scrolling into view if needed
      -   done scrolling
      -   <mat-label _ngcontent-ng-c2013501738="" class="ng-tns-c3736…>Search Patient name , mrn</mat-label> from <div matformfieldnotchedoutline="" class="mdc-notched…>…</div> subtree intercepts pointer events
      - retrying click action, attempt #127
      -   waiting 500ms
      -   waiting for element to be visible, enabled and stable
      -   element is visible, enabled and stable
      -   scrolling into view if needed
      -   done scrolling
      -   <mat-label _ngcontent-ng-c2013501738="" class="ng-tns-c3736…>Search Patient name , mrn</mat-label> from <div matformfieldnotchedoutline="" class="mdc-notched…>…</div> subtree intercepts pointer events
      - retrying click action, attempt #128
      -   waiting 500ms
      -   waiting for element to be visible, enabled and stable
      -   element is visible, enabled and stable
      -   scrolling into view if needed
      -   done scrolling
      -   <mat-label _ngcontent-ng-c2013501738="" class="ng-tns-c3736…>Search Patient name , mrn</mat-label> from <div matformfieldnotchedoutline="" class="mdc-notched…>…</div> subtree intercepts pointer events
      - retrying click action, attempt #129
      -   waiting 500ms
      -   waiting for element to be visible, enabled and stable
      -   element is visible, enabled and stable
      -   scrolling into view if needed
      -   done scrolling
      -   <mat-label _ngcontent-ng-c2013501738="" class="ng-tns-c3736…>Search Patient name , mrn</mat-label> from <div matformfieldnotchedoutline="" class="mdc-notched…>…</div> subtree intercepts pointer events
      - retrying click action, attempt #130
      -   waiting 500ms
      -   waiting for element to be visible, enabled and stable
      -   element is visible, enabled and stable
      -   scrolling into view if needed
      -   done scrolling
      -   <mat-label _ngcontent-ng-c2013501738="" class="ng-tns-c3736…>Search Patient name , mrn</mat-label> from <div matformfieldnotchedoutline="" class="mdc-notched…>…</div> subtree intercepts pointer events
      - retrying click action, attempt #131
      -   waiting 500ms
      -   waiting for element to be visible, enabled and stable
      -   element is visible, enabled and stable
      -   scrolling into view if needed
      -   done scrolling
      -   <mat-label _ngcontent-ng-c2013501738="" class="ng-tns-c3736…>Search Patient name , mrn</mat-label> from <div matformfieldnotchedoutline="" class="mdc-notched…>…</div> subtree intercepts pointer events
      - retrying click action, attempt #132
      -   waiting 500ms
      -   waiting for element to be visible, enabled and stable
      -   element is visible, enabled and stable
      -   scrolling into view if needed
      -   done scrolling
      -   <mat-label _ngcontent-ng-c2013501738="" class="ng-tns-c3736…>Search Patient name , mrn</mat-label> from <div matformfieldnotchedoutline="" class="mdc-notched…>…</div> subtree intercepts pointer events
      - retrying click action, attempt #133
      -   waiting 500ms
      -   waiting for element to be visible, enabled and stable
      -   element is visible, enabled and stable
      -   scrolling into view if needed
      -   done scrolling
      -   <mat-label _ngcontent-ng-c2013501738="" class="ng-tns-c3736…>Search Patient name , mrn</mat-label> from <div matformfieldnotchedoutline="" class="mdc-notched…>…</div> subtree intercepts pointer events
      - retrying click action, attempt #134
      -   waiting 500ms
      -   waiting for element to be visible, enabled and stable
      -   element is visible, enabled and stable
      -   scrolling into view if needed
      -   done scrolling
      -   <mat-label _ngcontent-ng-c2013501738="" class="ng-tns-c3736…>Search Patient name , mrn</mat-label> from <div matformfieldnotchedoutline="" class="mdc-notched…>…</div> subtree intercepts pointer events
      - retrying click action, attempt #135
      -   waiting 500ms
      -   waiting for element to be visible, enabled and stable
      -   element is visible, enabled and stable
      -   scrolling into view if needed
      -   done scrolling
      -   <mat-label _ngcontent-ng-c2013501738="" class="ng-tns-c3736…>Search Patient name , mrn</mat-label> from <div matformfieldnotchedoutline="" class="mdc-notched…>…</div> subtree intercepts pointer events
      - retrying click action, attempt #136
      -   waiting 500ms
      -   waiting for element to be visible, enabled and stable
      -   element is visible, enabled and stable
      -   scrolling into view if needed
      -   done scrolling
      -   <mat-label _ngcontent-ng-c2013501738="" class="ng-tns-c3736…>Search Patient name , mrn</mat-label> from <div matformfieldnotchedoutline="" class="mdc-notched…>…</div> subtree intercepts pointer events
      - retrying click action, attempt #137
      -   waiting 500ms
      -   waiting for element to be visible, enabled and stable
      -   element is visible, enabled and stable
      -   scrolling into view if needed
      -   done scrolling
      -   <mat-label _ngcontent-ng-c2013501738="" class="ng-tns-c3736…>Search Patient name , mrn</mat-label> from <div matformfieldnotchedoutline="" class="mdc-notched…>…</div> subtree intercepts pointer events
      - retrying click action, attempt #138
      -   waiting 500ms
      -   waiting for element to be visible, enabled and stable
      -   element is visible, enabled and stable
      -   scrolling into view if needed
      -   done scrolling
      -   <mat-label _ngcontent-ng-c2013501738="" class="ng-tns-c3736…>Search Patient name , mrn</mat-label> from <div matformfieldnotchedoutline="" class="mdc-notched…>…</div> subtree intercepts pointer events
      - retrying click action, attempt #139
      -   waiting 500ms
      -   waiting for element to be visible, enabled and stable
      -   element is visible, enabled and stable
      -   scrolling into view if needed
      -   done scrolling
      -   <mat-label _ngcontent-ng-c2013501738="" class="ng-tns-c3736…>Search Patient name , mrn</mat-label> from <div matformfieldnotchedoutline="" class="mdc-notched…>…</div> subtree intercepts pointer events
      - retrying click action, attempt #140
      -   waiting 500ms
      -   waiting for element to be visible, enabled and stable
      -   element is visible, enabled and stable
      -   scrolling into view if needed
      -   done scrolling
      -   <mat-label _ngcontent-ng-c2013501738="" class="ng-tns-c3736…>Search Patient name , mrn</mat-label> from <div matformfieldnotchedoutline="" class="mdc-notched…>…</div> subtree intercepts pointer events
      - retrying click action, attempt #141
      -   waiting 500ms
      -   waiting for element to be visible, enabled and stable
      -   element is visible, enabled and stable
      -   scrolling into view if needed
      -   done scrolling
      -   <mat-label _ngcontent-ng-c2013501738="" class="ng-tns-c3736…>Search Patient name , mrn</mat-label> from <div matformfieldnotchedoutline="" class="mdc-notched…>…</div> subtree intercepts pointer events
      - retrying click action, attempt #142
      -   waiting 500ms
      -   waiting for element to be visible, enabled and stable
      -   element is visible, enabled and stable
      -   scrolling into view if needed
      -   done scrolling
      -   <mat-label _ngcontent-ng-c2013501738="" class="ng-tns-c3736…>Search Patient name , mrn</mat-label> from <div matformfieldnotchedoutline="" class="mdc-notched…>…</div> subtree intercepts pointer events
      - retrying click action, attempt #143
      -   waiting 500ms
      -   waiting for element to be visible, enabled and stable
      -   element is visible, enabled and stable
      -   scrolling into view if needed
      -   done scrolling
      -   <mat-label _ngcontent-ng-c2013501738="" class="ng-tns-c3736…>Search Patient name , mrn</mat-label> from <div matformfieldnotchedoutline="" class="mdc-notched…>…</div> subtree intercepts pointer events
      - retrying click action, attempt #144
      -   waiting 500ms
      -   waiting for element to be visible, enabled and stable
      -   element is visible, enabled and stable
      -   scrolling into view if needed
      -   done scrolling
      -   <mat-label _ngcontent-ng-c2013501738="" class="ng-tns-c3736…>Search Patient name , mrn</mat-label> from <div matformfieldnotchedoutline="" class="mdc-notched…>…</div> subtree intercepts pointer events
      - retrying click action, attempt #145
      -   waiting 500ms
      -   waiting for element to be visible, enabled and stable
      -   element is visible, enabled and stable
      -   scrolling into view if needed
      -   done scrolling
      -   <mat-label _ngcontent-ng-c2013501738="" class="ng-tns-c3736…>Search Patient name , mrn</mat-label> from <div matformfieldnotchedoutline="" class="mdc-notched…>…</div> subtree intercepts pointer events
      - retrying click action, attempt #146
      -   waiting 500ms
      -   waiting for element to be visible, enabled and stable
      -   element is visible, enabled and stable
      -   scrolling into view if needed
      -   done scrolling
      -   <mat-label _ngcontent-ng-c2013501738="" class="ng-tns-c3736…>Search Patient name , mrn</mat-label> from <div matformfieldnotchedoutline="" class="mdc-notched…>…</div> subtree intercepts pointer events
      - retrying click action, attempt #147
      -   waiting 500ms
      -   waiting for element to be visible, enabled and stable
      -   element is visible, enabled and stable
      -   scrolling into view if needed
      -   done scrolling
      -   <mat-label _ngcontent-ng-c2013501738="" class="ng-tns-c3736…>Search Patient name , mrn</mat-label> from <div matformfieldnotchedoutline="" class="mdc-notched…>…</div> subtree intercepts pointer events
      - retrying click action, attempt #148
      -   waiting 500ms
      -   waiting for element to be visible, enabled and stable
      -   element is visible, enabled and stable
      -   scrolling into view if needed
      -   done scrolling
      -   <mat-label _ngcontent-ng-c2013501738="" class="ng-tns-c3736…>Search Patient name , mrn</mat-label> from <div matformfieldnotchedoutline="" class="mdc-notched…>…</div> subtree intercepts pointer events
      - retrying click action, attempt #149
      -   waiting 500ms
      -   waiting for element to be visible, enabled and stable
      -   element is visible, enabled and stable
      -   scrolling into view if needed
      -   done scrolling
      -   <mat-label _ngcontent-ng-c2013501738="" class="ng-tns-c3736…>Search Patient name , mrn</mat-label> from <div matformfieldnotchedoutline="" class="mdc-notched…>…</div> subtree intercepts pointer events
      - retrying click action, attempt #150
      -   waiting 500ms


       at classes\patientsPage.ts:54

      52 |     //search patient name (fillable)
      53 |     async searchPatient(patient){
    > 54 |         await this.page.getByLabel('Search Patient name , mrn').click();
         |                                                                 ^
      55 |         await this.page.getByLabel('Search Patient name , mrn').fill(patient);
      56 |         await this.page.getByLabel('Search Patient name , mrn').press('Enter');
      57 |     }

        at PatientsPage.searchPatient (C:\Users\white\work\mbh-playwright\classes\patientsPage.ts:54:65)
        at C:\Users\white\work\mbh-playwright\mbhpatientschvisit.mbhpages.ts:86:20

    attachment #1: screenshot (image/png) ──────────────────────────────────────────────────────────
    test-results\mbhpatientschvisit.mbhpages.ts-unassign-visit-chrome\test-failed-1.png
    ────────────────────────────────────────────────────────────────────────────────────────────────

    attachment #2: video (video/webm) ──────────────────────────────────────────────────────────────
    test-results\mbhpatientschvisit.mbhpages.ts-unassign-visit-chrome\video.webm
    ────────────────────────────────────────────────────────────────────────────────────────────────
]]>
</failure>
<system-out>
<![CDATA[
[[ATTACHMENT|test-results\mbhpatientschvisit.mbhpages.ts-unassign-visit-chrome\test-failed-1.png]]

[[ATTACHMENT|test-results\mbhpatientschvisit.mbhpages.ts-unassign-visit-chrome\video.webm]]
]]>
</system-out>
</testcase>
<testcase name="edit visit pcp/surgeon/treatment center/facility" classname="mbhpatientschvisit.mbhpages.ts" time="96.059">
<properties>
<property name="slow" value="">
</property>
</properties>
<failure message="mbhpatientschvisit.mbhpages.ts:99:5 edit visit pcp/surgeon/treatment center/facility" type="FAILURE">
<![CDATA[  [chrome] › mbhpatientschvisit.mbhpages.ts:99:5 › edit visit pcp/surgeon/treatment center/facility 

    Test timeout of 90000ms exceeded.

    Error: locator.click: Test timeout of 90000ms exceeded.
    Call log:
      - waiting for getByLabel('Search Patient name , mrn')
      -   locator resolved to <input matinput="" id="mat-input-0" aria-invalid="false…/>
      - attempting click action
      -   waiting for element to be visible, enabled and stable
      -   element is visible, enabled and stable
      -   scrolling into view if needed
      -   done scrolling
      -   <mat-label _ngcontent-ng-c2013501738="" class="ng-tns-c3736…>Search Patient name , mrn</mat-label> from <div matformfieldnotchedoutline="" class="mdc-notched…>…</div> subtree intercepts pointer events
      - retrying click action, attempt #1
      -   waiting for element to be visible, enabled and stable
      -   element is visible, enabled and stable
      -   scrolling into view if needed
      -   done scrolling
      -   <mat-label _ngcontent-ng-c2013501738="" class="ng-tns-c3736…>Search Patient name , mrn</mat-label> from <div matformfieldnotchedoutline="" class="mdc-notched…>…</div> subtree intercepts pointer events
      - retrying click action, attempt #2
      -   waiting 20ms
      -   waiting for element to be visible, enabled and stable
      -   element is visible, enabled and stable
      -   scrolling into view if needed
      -   done scrolling
      -   <mat-label _ngcontent-ng-c2013501738="" class="ng-tns-c3736…>Search Patient name , mrn</mat-label> from <div matformfieldnotchedoutline="" class="mdc-notched…>…</div> subtree intercepts pointer events
      - retrying click action, attempt #3
      -   waiting 100ms
      -   waiting for element to be visible, enabled and stable
      -   element is visible, enabled and stable
      -   scrolling into view if needed
      -   done scrolling
      -   <mat-label _ngcontent-ng-c2013501738="" class="ng-tns-c3736…>Search Patient name , mrn</mat-label> from <div matformfieldnotchedoutline="" class="mdc-notched…>…</div> subtree intercepts pointer events
      - retrying click action, attempt #4
      -   waiting 100ms
      -   waiting for element to be visible, enabled and stable
      -   element is visible, enabled and stable
      -   scrolling into view if needed
      -   done scrolling
      -   <mat-label _ngcontent-ng-c2013501738="" class="ng-tns-c3736…>Search Patient name , mrn</mat-label> from <div matformfieldnotchedoutline="" class="mdc-notched…>…</div> subtree intercepts pointer events
      - retrying click action, attempt #5
      -   waiting 500ms
      -   waiting for element to be visible, enabled and stable
      -   element is visible, enabled and stable
      -   scrolling into view if needed
      -   done scrolling
      -   <mat-label _ngcontent-ng-c2013501738="" class="ng-tns-c3736…>Search Patient name , mrn</mat-label> from <div matformfieldnotchedoutline="" class="mdc-notched…>…</div> subtree intercepts pointer events
      - retrying click action, attempt #6
      -   waiting 500ms
      -   waiting for element to be visible, enabled and stable
      -   element is visible, enabled and stable
      -   scrolling into view if needed
      -   done scrolling
      -   <mat-label _ngcontent-ng-c2013501738="" class="ng-tns-c3736…>Search Patient name , mrn</mat-label> from <div matformfieldnotchedoutline="" class="mdc-notched…>…</div> subtree intercepts pointer events
      - retrying click action, attempt #7
      -   waiting 500ms
      -   waiting for element to be visible, enabled and stable
      -   element is visible, enabled and stable
      -   scrolling into view if needed
      -   done scrolling
      -   <mat-label _ngcontent-ng-c2013501738="" class="ng-tns-c3736…>Search Patient name , mrn</mat-label> from <div matformfieldnotchedoutline="" class="mdc-notched…>…</div> subtree intercepts pointer events
      - retrying click action, attempt #8
      -   waiting 500ms
      -   waiting for element to be visible, enabled and stable
      -   element is visible, enabled and stable
      -   scrolling into view if needed
      -   done scrolling
      -   <mat-label _ngcontent-ng-c2013501738="" class="ng-tns-c3736…>Search Patient name , mrn</mat-label> from <div matformfieldnotchedoutline="" class="mdc-notched…>…</div> subtree intercepts pointer events
      - retrying click action, attempt #9
      -   waiting 500ms
      -   waiting for element to be visible, enabled and stable
      -   element is visible, enabled and stable
      -   scrolling into view if needed
      -   done scrolling
      -   <mat-label _ngcontent-ng-c2013501738="" class="ng-tns-c3736…>Search Patient name , mrn</mat-label> from <div matformfieldnotchedoutline="" class="mdc-notched…>…</div> subtree intercepts pointer events
      - retrying click action, attempt #10
      -   waiting 500ms
      -   waiting for element to be visible, enabled and stable
      -   element is visible, enabled and stable
      -   scrolling into view if needed
      -   done scrolling
      -   <mat-label _ngcontent-ng-c2013501738="" class="ng-tns-c3736…>Search Patient name , mrn</mat-label> from <div matformfieldnotchedoutline="" class="mdc-notched…>…</div> subtree intercepts pointer events
      - retrying click action, attempt #11
      -   waiting 500ms
      -   waiting for element to be visible, enabled and stable
      -   element is visible, enabled and stable
      -   scrolling into view if needed
      -   done scrolling
      -   <mat-label _ngcontent-ng-c2013501738="" class="ng-tns-c3736…>Search Patient name , mrn</mat-label> from <div matformfieldnotchedoutline="" class="mdc-notched…>…</div> subtree intercepts pointer events
      - retrying click action, attempt #12
      -   waiting 500ms
      -   waiting for element to be visible, enabled and stable
      -   element is visible, enabled and stable
      -   scrolling into view if needed
      -   done scrolling
      -   <mat-label _ngcontent-ng-c2013501738="" class="ng-tns-c3736…>Search Patient name , mrn</mat-label> from <div matformfieldnotchedoutline="" class="mdc-notched…>…</div> subtree intercepts pointer events
      - retrying click action, attempt #13
      -   waiting 500ms
      -   waiting for element to be visible, enabled and stable
      -   element is visible, enabled and stable
      -   scrolling into view if needed
      -   done scrolling
      -   <mat-label _ngcontent-ng-c2013501738="" class="ng-tns-c3736…>Search Patient name , mrn</mat-label> from <div matformfieldnotchedoutline="" class="mdc-notched…>…</div> subtree intercepts pointer events
      - retrying click action, attempt #14
      -   waiting 500ms
      -   waiting for element to be visible, enabled and stable
      -   element is visible, enabled and stable
      -   scrolling into view if needed
      -   done scrolling
      -   <mat-label _ngcontent-ng-c2013501738="" class="ng-tns-c3736…>Search Patient name , mrn</mat-label> from <div matformfieldnotchedoutline="" class="mdc-notched…>…</div> subtree intercepts pointer events
      - retrying click action, attempt #15
      -   waiting 500ms
      -   waiting for element to be visible, enabled and stable
      -   element is visible, enabled and stable
      -   scrolling into view if needed
      -   done scrolling
      -   <mat-label _ngcontent-ng-c2013501738="" class="ng-tns-c3736…>Search Patient name , mrn</mat-label> from <div matformfieldnotchedoutline="" class="mdc-notched…>…</div> subtree intercepts pointer events
      - retrying click action, attempt #16
      -   waiting 500ms
      -   waiting for element to be visible, enabled and stable
      -   element is visible, enabled and stable
      -   scrolling into view if needed
      -   done scrolling
      -   <mat-label _ngcontent-ng-c2013501738="" class="ng-tns-c3736…>Search Patient name , mrn</mat-label> from <div matformfieldnotchedoutline="" class="mdc-notched…>…</div> subtree intercepts pointer events
      - retrying click action, attempt #17
      -   waiting 500ms
      -   waiting for element to be visible, enabled and stable
      -   element is visible, enabled and stable
      -   scrolling into view if needed
      -   done scrolling
      -   <mat-label _ngcontent-ng-c2013501738="" class="ng-tns-c3736…>Search Patient name , mrn</mat-label> from <div matformfieldnotchedoutline="" class="mdc-notched…>…</div> subtree intercepts pointer events
      - retrying click action, attempt #18
      -   waiting 500ms
      -   waiting for element to be visible, enabled and stable
      -   element is visible, enabled and stable
      -   scrolling into view if needed
      -   done scrolling
      -   <mat-label _ngcontent-ng-c2013501738="" class="ng-tns-c3736…>Search Patient name , mrn</mat-label> from <div matformfieldnotchedoutline="" class="mdc-notched…>…</div> subtree intercepts pointer events
      - retrying click action, attempt #19
      -   waiting 500ms
      -   waiting for element to be visible, enabled and stable
      -   element is visible, enabled and stable
      -   scrolling into view if needed
      -   done scrolling
      -   <mat-label _ngcontent-ng-c2013501738="" class="ng-tns-c3736…>Search Patient name , mrn</mat-label> from <div matformfieldnotchedoutline="" class="mdc-notched…>…</div> subtree intercepts pointer events
      - retrying click action, attempt #20
      -   waiting 500ms
      -   waiting for element to be visible, enabled and stable
      -   element is visible, enabled and stable
      -   scrolling into view if needed
      -   done scrolling
      -   <mat-label _ngcontent-ng-c2013501738="" class="ng-tns-c3736…>Search Patient name , mrn</mat-label> from <div matformfieldnotchedoutline="" class="mdc-notched…>…</div> subtree intercepts pointer events
      - retrying click action, attempt #21
      -   waiting 500ms
      -   waiting for element to be visible, enabled and stable
      -   element is visible, enabled and stable
      -   scrolling into view if needed
      -   done scrolling
      -   <mat-label _ngcontent-ng-c2013501738="" class="ng-tns-c3736…>Search Patient name , mrn</mat-label> from <div matformfieldnotchedoutline="" class="mdc-notched…>…</div> subtree intercepts pointer events
      - retrying click action, attempt #22
      -   waiting 500ms
      -   waiting for element to be visible, enabled and stable
      -   element is visible, enabled and stable
      -   scrolling into view if needed
      -   done scrolling
      -   <mat-label _ngcontent-ng-c2013501738="" class="ng-tns-c3736…>Search Patient name , mrn</mat-label> from <div matformfieldnotchedoutline="" class="mdc-notched…>…</div> subtree intercepts pointer events
      - retrying click action, attempt #23
      -   waiting 500ms
      -   waiting for element to be visible, enabled and stable
      -   element is visible, enabled and stable
      -   scrolling into view if needed
      -   done scrolling
      -   <mat-label _ngcontent-ng-c2013501738="" class="ng-tns-c3736…>Search Patient name , mrn</mat-label> from <div matformfieldnotchedoutline="" class="mdc-notched…>…</div> subtree intercepts pointer events
      - retrying click action, attempt #24
      -   waiting 500ms
      -   waiting for element to be visible, enabled and stable
      -   element is visible, enabled and stable
      -   scrolling into view if needed
      -   done scrolling
      -   <mat-label _ngcontent-ng-c2013501738="" class="ng-tns-c3736…>Search Patient name , mrn</mat-label> from <div matformfieldnotchedoutline="" class="mdc-notched…>…</div> subtree intercepts pointer events
      - retrying click action, attempt #25
      -   waiting 500ms
      -   waiting for element to be visible, enabled and stable
      -   element is visible, enabled and stable
      -   scrolling into view if needed
      -   done scrolling
      -   <mat-label _ngcontent-ng-c2013501738="" class="ng-tns-c3736…>Search Patient name , mrn</mat-label> from <div matformfieldnotchedoutline="" class="mdc-notched…>…</div> subtree intercepts pointer events
      - retrying click action, attempt #26
      -   waiting 500ms
      -   waiting for element to be visible, enabled and stable
      -   element is visible, enabled and stable
      -   scrolling into view if needed
      -   done scrolling
      -   <mat-label _ngcontent-ng-c2013501738="" class="ng-tns-c3736…>Search Patient name , mrn</mat-label> from <div matformfieldnotchedoutline="" class="mdc-notched…>…</div> subtree intercepts pointer events
      - retrying click action, attempt #27
      -   waiting 500ms
      -   waiting for element to be visible, enabled and stable
      -   element is visible, enabled and stable
      -   scrolling into view if needed
      -   done scrolling
      -   <mat-label _ngcontent-ng-c2013501738="" class="ng-tns-c3736…>Search Patient name , mrn</mat-label> from <div matformfieldnotchedoutline="" class="mdc-notched…>…</div> subtree intercepts pointer events
      - retrying click action, attempt #28
      -   waiting 500ms
      -   waiting for element to be visible, enabled and stable
      -   element is visible, enabled and stable
      -   scrolling into view if needed
      -   done scrolling
      -   <mat-label _ngcontent-ng-c2013501738="" class="ng-tns-c3736…>Search Patient name , mrn</mat-label> from <div matformfieldnotchedoutline="" class="mdc-notched…>…</div> subtree intercepts pointer events
      - retrying click action, attempt #29
      -   waiting 500ms
      -   waiting for element to be visible, enabled and stable
      -   element is visible, enabled and stable
      -   scrolling into view if needed
      -   done scrolling
      -   <mat-label _ngcontent-ng-c2013501738="" class="ng-tns-c3736…>Search Patient name , mrn</mat-label> from <div matformfieldnotchedoutline="" class="mdc-notched…>…</div> subtree intercepts pointer events
      - retrying click action, attempt #30
      -   waiting 500ms
      -   waiting for element to be visible, enabled and stable
      -   element is visible, enabled and stable
      -   scrolling into view if needed
      -   done scrolling
      -   <mat-label _ngcontent-ng-c2013501738="" class="ng-tns-c3736…>Search Patient name , mrn</mat-label> from <div matformfieldnotchedoutline="" class="mdc-notched…>…</div> subtree intercepts pointer events
      - retrying click action, attempt #31
      -   waiting 500ms
      -   waiting for element to be visible, enabled and stable
      -   element is visible, enabled and stable
      -   scrolling into view if needed
      -   done scrolling
      -   <mat-label _ngcontent-ng-c2013501738="" class="ng-tns-c3736…>Search Patient name , mrn</mat-label> from <div matformfieldnotchedoutline="" class="mdc-notched…>…</div> subtree intercepts pointer events
      - retrying click action, attempt #32
      -   waiting 500ms
      -   waiting for element to be visible, enabled and stable
      -   element is visible, enabled and stable
      -   scrolling into view if needed
      -   done scrolling
      -   <mat-label _ngcontent-ng-c2013501738="" class="ng-tns-c3736…>Search Patient name , mrn</mat-label> from <div matformfieldnotchedoutline="" class="mdc-notched…>…</div> subtree intercepts pointer events
      - retrying click action, attempt #33
      -   waiting 500ms
      -   waiting for element to be visible, enabled and stable
      -   element is visible, enabled and stable
      -   scrolling into view if needed
      -   done scrolling
      -   <mat-label _ngcontent-ng-c2013501738="" class="ng-tns-c3736…>Search Patient name , mrn</mat-label> from <div matformfieldnotchedoutline="" class="mdc-notched…>…</div> subtree intercepts pointer events
      - retrying click action, attempt #34
      -   waiting 500ms
      -   waiting for element to be visible, enabled and stable
      -   element is visible, enabled and stable
      -   scrolling into view if needed
      -   done scrolling
      -   <mat-label _ngcontent-ng-c2013501738="" class="ng-tns-c3736…>Search Patient name , mrn</mat-label> from <div matformfieldnotchedoutline="" class="mdc-notched…>…</div> subtree intercepts pointer events
      - retrying click action, attempt #35
      -   waiting 500ms
      -   waiting for element to be visible, enabled and stable
      -   element is visible, enabled and stable
      -   scrolling into view if needed
      -   done scrolling
      -   <mat-label _ngcontent-ng-c2013501738="" class="ng-tns-c3736…>Search Patient name , mrn</mat-label> from <div matformfieldnotchedoutline="" class="mdc-notched…>…</div> subtree intercepts pointer events
      - retrying click action, attempt #36
      -   waiting 500ms
      -   waiting for element to be visible, enabled and stable
      -   element is visible, enabled and stable
      -   scrolling into view if needed
      -   done scrolling
      -   <mat-label _ngcontent-ng-c2013501738="" class="ng-tns-c3736…>Search Patient name , mrn</mat-label> from <div matformfieldnotchedoutline="" class="mdc-notched…>…</div> subtree intercepts pointer events
      - retrying click action, attempt #37
      -   waiting 500ms
      -   waiting for element to be visible, enabled and stable
      -   element is visible, enabled and stable
      -   scrolling into view if needed
      -   done scrolling
      -   <mat-label _ngcontent-ng-c2013501738="" class="ng-tns-c3736…>Search Patient name , mrn</mat-label> from <div matformfieldnotchedoutline="" class="mdc-notched…>…</div> subtree intercepts pointer events
      - retrying click action, attempt #38
      -   waiting 500ms
      -   waiting for element to be visible, enabled and stable
      -   element is visible, enabled and stable
      -   scrolling into view if needed
      -   done scrolling
      -   <mat-label _ngcontent-ng-c2013501738="" class="ng-tns-c3736…>Search Patient name , mrn</mat-label> from <div matformfieldnotchedoutline="" class="mdc-notched…>…</div> subtree intercepts pointer events
      - retrying click action, attempt #39
      -   waiting 500ms
      -   waiting for element to be visible, enabled and stable
      -   element is visible, enabled and stable
      -   scrolling into view if needed
      -   done scrolling
      -   <mat-label _ngcontent-ng-c2013501738="" class="ng-tns-c3736…>Search Patient name , mrn</mat-label> from <div matformfieldnotchedoutline="" class="mdc-notched…>…</div> subtree intercepts pointer events
      - retrying click action, attempt #40
      -   waiting 500ms
      -   waiting for element to be visible, enabled and stable
      -   element is visible, enabled and stable
      -   scrolling into view if needed
      -   done scrolling
      -   <mat-label _ngcontent-ng-c2013501738="" class="ng-tns-c3736…>Search Patient name , mrn</mat-label> from <div matformfieldnotchedoutline="" class="mdc-notched…>…</div> subtree intercepts pointer events
      - retrying click action, attempt #41
      -   waiting 500ms
      -   waiting for element to be visible, enabled and stable
      -   element is visible, enabled and stable
      -   scrolling into view if needed
      -   done scrolling
      -   <mat-label _ngcontent-ng-c2013501738="" class="ng-tns-c3736…>Search Patient name , mrn</mat-label> from <div matformfieldnotchedoutline="" class="mdc-notched…>…</div> subtree intercepts pointer events
      - retrying click action, attempt #42
      -   waiting 500ms
      -   waiting for element to be visible, enabled and stable
      -   element is visible, enabled and stable
      -   scrolling into view if needed
      -   done scrolling
      -   <mat-label _ngcontent-ng-c2013501738="" class="ng-tns-c3736…>Search Patient name , mrn</mat-label> from <div matformfieldnotchedoutline="" class="mdc-notched…>…</div> subtree intercepts pointer events
      - retrying click action, attempt #43
      -   waiting 500ms
      -   waiting for element to be visible, enabled and stable
      -   element is visible, enabled and stable
      -   scrolling into view if needed
      -   done scrolling
      -   <mat-label _ngcontent-ng-c2013501738="" class="ng-tns-c3736…>Search Patient name , mrn</mat-label> from <div matformfieldnotchedoutline="" class="mdc-notched…>…</div> subtree intercepts pointer events
      - retrying click action, attempt #44
      -   waiting 500ms
      -   waiting for element to be visible, enabled and stable
      -   element is visible, enabled and stable
      -   scrolling into view if needed
      -   done scrolling
      -   <mat-label _ngcontent-ng-c2013501738="" class="ng-tns-c3736…>Search Patient name , mrn</mat-label> from <div matformfieldnotchedoutline="" class="mdc-notched…>…</div> subtree intercepts pointer events
      - retrying click action, attempt #45
      -   waiting 500ms
      -   waiting for element to be visible, enabled and stable
      -   element is visible, enabled and stable
      -   scrolling into view if needed
      -   done scrolling
      -   <mat-label _ngcontent-ng-c2013501738="" class="ng-tns-c3736…>Search Patient name , mrn</mat-label> from <div matformfieldnotchedoutline="" class="mdc-notched…>…</div> subtree intercepts pointer events
      - retrying click action, attempt #46
      -   waiting 500ms
      -   waiting for element to be visible, enabled and stable
      -   element is visible, enabled and stable
      -   scrolling into view if needed
      -   done scrolling
      -   <mat-label _ngcontent-ng-c2013501738="" class="ng-tns-c3736…>Search Patient name , mrn</mat-label> from <div matformfieldnotchedoutline="" class="mdc-notched…>…</div> subtree intercepts pointer events
      - retrying click action, attempt #47
      -   waiting 500ms
      -   waiting for element to be visible, enabled and stable
      -   element is visible, enabled and stable
      -   scrolling into view if needed
      -   done scrolling
      -   <mat-label _ngcontent-ng-c2013501738="" class="ng-tns-c3736…>Search Patient name , mrn</mat-label> from <div matformfieldnotchedoutline="" class="mdc-notched…>…</div> subtree intercepts pointer events
      - retrying click action, attempt #48
      -   waiting 500ms
      -   waiting for element to be visible, enabled and stable
      -   element is visible, enabled and stable
      -   scrolling into view if needed
      -   done scrolling
      -   <mat-label _ngcontent-ng-c2013501738="" class="ng-tns-c3736…>Search Patient name , mrn</mat-label> from <div matformfieldnotchedoutline="" class="mdc-notched…>…</div> subtree intercepts pointer events
      - retrying click action, attempt #49
      -   waiting 500ms
      -   waiting for element to be visible, enabled and stable
      -   element is visible, enabled and stable
      -   scrolling into view if needed
      -   done scrolling
      -   <mat-label _ngcontent-ng-c2013501738="" class="ng-tns-c3736…>Search Patient name , mrn</mat-label> from <div matformfieldnotchedoutline="" class="mdc-notched…>…</div> subtree intercepts pointer events
      - retrying click action, attempt #50
      -   waiting 500ms
      -   waiting for element to be visible, enabled and stable
      -   element is visible, enabled and stable
      -   scrolling into view if needed
      -   done scrolling
      -   <mat-label _ngcontent-ng-c2013501738="" class="ng-tns-c3736…>Search Patient name , mrn</mat-label> from <div matformfieldnotchedoutline="" class="mdc-notched…>…</div> subtree intercepts pointer events
      - retrying click action, attempt #51
      -   waiting 500ms
      -   waiting for element to be visible, enabled and stable
      -   element is visible, enabled and stable
      -   scrolling into view if needed
      -   done scrolling
      -   <mat-label _ngcontent-ng-c2013501738="" class="ng-tns-c3736…>Search Patient name , mrn</mat-label> from <div matformfieldnotchedoutline="" class="mdc-notched…>…</div> subtree intercepts pointer events
      - retrying click action, attempt #52
      -   waiting 500ms
      -   waiting for element to be visible, enabled and stable
      -   element is visible, enabled and stable
      -   scrolling into view if needed
      -   done scrolling
      -   <mat-label _ngcontent-ng-c2013501738="" class="ng-tns-c3736…>Search Patient name , mrn</mat-label> from <div matformfieldnotchedoutline="" class="mdc-notched…>…</div> subtree intercepts pointer events
      - retrying click action, attempt #53
      -   waiting 500ms
      -   waiting for element to be visible, enabled and stable
      -   element is visible, enabled and stable
      -   scrolling into view if needed
      -   done scrolling
      -   <mat-label _ngcontent-ng-c2013501738="" class="ng-tns-c3736…>Search Patient name , mrn</mat-label> from <div matformfieldnotchedoutline="" class="mdc-notched…>…</div> subtree intercepts pointer events
      - retrying click action, attempt #54
      -   waiting 500ms
      -   waiting for element to be visible, enabled and stable
      -   element is visible, enabled and stable
      -   scrolling into view if needed
      -   done scrolling
      -   <mat-label _ngcontent-ng-c2013501738="" class="ng-tns-c3736…>Search Patient name , mrn</mat-label> from <div matformfieldnotchedoutline="" class="mdc-notched…>…</div> subtree intercepts pointer events
      - retrying click action, attempt #55
      -   waiting 500ms
      -   waiting for element to be visible, enabled and stable
      -   element is visible, enabled and stable
      -   scrolling into view if needed
      -   done scrolling
      -   <mat-label _ngcontent-ng-c2013501738="" class="ng-tns-c3736…>Search Patient name , mrn</mat-label> from <div matformfieldnotchedoutline="" class="mdc-notched…>…</div> subtree intercepts pointer events
      - retrying click action, attempt #56
      -   waiting 500ms
      -   waiting for element to be visible, enabled and stable
      -   element is visible, enabled and stable
      -   scrolling into view if needed
      -   done scrolling
      -   <mat-label _ngcontent-ng-c2013501738="" class="ng-tns-c3736…>Search Patient name , mrn</mat-label> from <div matformfieldnotchedoutline="" class="mdc-notched…>…</div> subtree intercepts pointer events
      - retrying click action, attempt #57
      -   waiting 500ms
      -   waiting for element to be visible, enabled and stable
      -   element is visible, enabled and stable
      -   scrolling into view if needed
      -   done scrolling
      -   <mat-label _ngcontent-ng-c2013501738="" class="ng-tns-c3736…>Search Patient name , mrn</mat-label> from <div matformfieldnotchedoutline="" class="mdc-notched…>…</div> subtree intercepts pointer events
      - retrying click action, attempt #58
      -   waiting 500ms
      -   waiting for element to be visible, enabled and stable
      -   element is visible, enabled and stable
      -   scrolling into view if needed
      -   done scrolling
      -   <mat-label _ngcontent-ng-c2013501738="" class="ng-tns-c3736…>Search Patient name , mrn</mat-label> from <div matformfieldnotchedoutline="" class="mdc-notched…>…</div> subtree intercepts pointer events
      - retrying click action, attempt #59
      -   waiting 500ms
      -   waiting for element to be visible, enabled and stable
      -   element is visible, enabled and stable
      -   scrolling into view if needed
      -   done scrolling
      -   <mat-label _ngcontent-ng-c2013501738="" class="ng-tns-c3736…>Search Patient name , mrn</mat-label> from <div matformfieldnotchedoutline="" class="mdc-notched…>…</div> subtree intercepts pointer events
      - retrying click action, attempt #60
      -   waiting 500ms
      -   waiting for element to be visible, enabled and stable
      -   element is visible, enabled and stable
      -   scrolling into view if needed
      -   done scrolling
      -   <mat-label _ngcontent-ng-c2013501738="" class="ng-tns-c3736…>Search Patient name , mrn</mat-label> from <div matformfieldnotchedoutline="" class="mdc-notched…>…</div> subtree intercepts pointer events
      - retrying click action, attempt #61
      -   waiting 500ms
      -   waiting for element to be visible, enabled and stable
      -   element is visible, enabled and stable
      -   scrolling into view if needed
      -   done scrolling
      -   <mat-label _ngcontent-ng-c2013501738="" class="ng-tns-c3736…>Search Patient name , mrn</mat-label> from <div matformfieldnotchedoutline="" class="mdc-notched…>…</div> subtree intercepts pointer events
      - retrying click action, attempt #62
      -   waiting 500ms
      -   waiting for element to be visible, enabled and stable
      -   element is visible, enabled and stable
      -   scrolling into view if needed
      -   done scrolling
      -   <mat-label _ngcontent-ng-c2013501738="" class="ng-tns-c3736…>Search Patient name , mrn</mat-label> from <div matformfieldnotchedoutline="" class="mdc-notched…>…</div> subtree intercepts pointer events
      - retrying click action, attempt #63
      -   waiting 500ms
      -   waiting for element to be visible, enabled and stable
      -   element is visible, enabled and stable
      -   scrolling into view if needed
      -   done scrolling
      -   <mat-label _ngcontent-ng-c2013501738="" class="ng-tns-c3736…>Search Patient name , mrn</mat-label> from <div matformfieldnotchedoutline="" class="mdc-notched…>…</div> subtree intercepts pointer events
      - retrying click action, attempt #64
      -   waiting 500ms
      -   waiting for element to be visible, enabled and stable
      -   element is visible, enabled and stable
      -   scrolling into view if needed
      -   done scrolling
      -   <mat-label _ngcontent-ng-c2013501738="" class="ng-tns-c3736…>Search Patient name , mrn</mat-label> from <div matformfieldnotchedoutline="" class="mdc-notched…>…</div> subtree intercepts pointer events
      - retrying click action, attempt #65
      -   waiting 500ms
      -   waiting for element to be visible, enabled and stable
      -   element is visible, enabled and stable
      -   scrolling into view if needed
      -   done scrolling
      -   <mat-label _ngcontent-ng-c2013501738="" class="ng-tns-c3736…>Search Patient name , mrn</mat-label> from <div matformfieldnotchedoutline="" class="mdc-notched…>…</div> subtree intercepts pointer events
      - retrying click action, attempt #66
      -   waiting 500ms
      -   waiting for element to be visible, enabled and stable
      -   element is visible, enabled and stable
      -   scrolling into view if needed
      -   done scrolling
      -   <mat-label _ngcontent-ng-c2013501738="" class="ng-tns-c3736…>Search Patient name , mrn</mat-label> from <div matformfieldnotchedoutline="" class="mdc-notched…>…</div> subtree intercepts pointer events
      - retrying click action, attempt #67
      -   waiting 500ms
      -   waiting for element to be visible, enabled and stable
      -   element is visible, enabled and stable
      -   scrolling into view if needed
      -   done scrolling
      -   <mat-label _ngcontent-ng-c2013501738="" class="ng-tns-c3736…>Search Patient name , mrn</mat-label> from <div matformfieldnotchedoutline="" class="mdc-notched…>…</div> subtree intercepts pointer events
      - retrying click action, attempt #68
      -   waiting 500ms
      -   waiting for element to be visible, enabled and stable
      -   element is visible, enabled and stable
      -   scrolling into view if needed
      -   done scrolling
      -   <mat-label _ngcontent-ng-c2013501738="" class="ng-tns-c3736…>Search Patient name , mrn</mat-label> from <div matformfieldnotchedoutline="" class="mdc-notched…>…</div> subtree intercepts pointer events
      - retrying click action, attempt #69
      -   waiting 500ms
      -   waiting for element to be visible, enabled and stable
      -   element is visible, enabled and stable
      -   scrolling into view if needed
      -   done scrolling
      -   <mat-label _ngcontent-ng-c2013501738="" class="ng-tns-c3736…>Search Patient name , mrn</mat-label> from <div matformfieldnotchedoutline="" class="mdc-notched…>…</div> subtree intercepts pointer events
      - retrying click action, attempt #70
      -   waiting 500ms
      -   waiting for element to be visible, enabled and stable
      -   element is visible, enabled and stable
      -   scrolling into view if needed
      -   done scrolling
      -   <mat-label _ngcontent-ng-c2013501738="" class="ng-tns-c3736…>Search Patient name , mrn</mat-label> from <div matformfieldnotchedoutline="" class="mdc-notched…>…</div> subtree intercepts pointer events
      - retrying click action, attempt #71
      -   waiting 500ms
      -   waiting for element to be visible, enabled and stable
      -   element is visible, enabled and stable
      -   scrolling into view if needed
      -   done scrolling
      -   <mat-label _ngcontent-ng-c2013501738="" class="ng-tns-c3736…>Search Patient name , mrn</mat-label> from <div matformfieldnotchedoutline="" class="mdc-notched…>…</div> subtree intercepts pointer events
      - retrying click action, attempt #72
      -   waiting 500ms
      -   waiting for element to be visible, enabled and stable
      -   element is visible, enabled and stable
      -   scrolling into view if needed
      -   done scrolling
      -   <mat-label _ngcontent-ng-c2013501738="" class="ng-tns-c3736…>Search Patient name , mrn</mat-label> from <div matformfieldnotchedoutline="" class="mdc-notched…>…</div> subtree intercepts pointer events
      - retrying click action, attempt #73
      -   waiting 500ms
      -   waiting for element to be visible, enabled and stable
      -   element is visible, enabled and stable
      -   scrolling into view if needed
      -   done scrolling
      -   <mat-label _ngcontent-ng-c2013501738="" class="ng-tns-c3736…>Search Patient name , mrn</mat-label> from <div matformfieldnotchedoutline="" class="mdc-notched…>…</div> subtree intercepts pointer events
      - retrying click action, attempt #74
      -   waiting 500ms
      -   waiting for element to be visible, enabled and stable
      -   element is visible, enabled and stable
      -   scrolling into view if needed
      -   done scrolling
      -   <mat-label _ngcontent-ng-c2013501738="" class="ng-tns-c3736…>Search Patient name , mrn</mat-label> from <div matformfieldnotchedoutline="" class="mdc-notched…>…</div> subtree intercepts pointer events
      - retrying click action, attempt #75
      -   waiting 500ms
      -   waiting for element to be visible, enabled and stable
      -   element is visible, enabled and stable
      -   scrolling into view if needed
      -   done scrolling
      -   <mat-label _ngcontent-ng-c2013501738="" class="ng-tns-c3736…>Search Patient name , mrn</mat-label> from <div matformfieldnotchedoutline="" class="mdc-notched…>…</div> subtree intercepts pointer events
      - retrying click action, attempt #76
      -   waiting 500ms
      -   waiting for element to be visible, enabled and stable
      -   element is visible, enabled and stable
      -   scrolling into view if needed
      -   done scrolling
      -   <mat-label _ngcontent-ng-c2013501738="" class="ng-tns-c3736…>Search Patient name , mrn</mat-label> from <div matformfieldnotchedoutline="" class="mdc-notched…>…</div> subtree intercepts pointer events
      - retrying click action, attempt #77
      -   waiting 500ms
      -   waiting for element to be visible, enabled and stable
      -   element is visible, enabled and stable
      -   scrolling into view if needed
      -   done scrolling
      -   <mat-label _ngcontent-ng-c2013501738="" class="ng-tns-c3736…>Search Patient name , mrn</mat-label> from <div matformfieldnotchedoutline="" class="mdc-notched…>…</div> subtree intercepts pointer events
      - retrying click action, attempt #78
      -   waiting 500ms
      -   waiting for element to be visible, enabled and stable
      -   element is visible, enabled and stable
      -   scrolling into view if needed
      -   done scrolling
      -   <mat-label _ngcontent-ng-c2013501738="" class="ng-tns-c3736…>Search Patient name , mrn</mat-label> from <div matformfieldnotchedoutline="" class="mdc-notched…>…</div> subtree intercepts pointer events
      - retrying click action, attempt #79
      -   waiting 500ms
      -   waiting for element to be visible, enabled and stable
      -   element is visible, enabled and stable
      -   scrolling into view if needed
      -   done scrolling
      -   <mat-label _ngcontent-ng-c2013501738="" class="ng-tns-c3736…>Search Patient name , mrn</mat-label> from <div matformfieldnotchedoutline="" class="mdc-notched…>…</div> subtree intercepts pointer events
      - retrying click action, attempt #80
      -   waiting 500ms
      -   waiting for element to be visible, enabled and stable
      -   element is visible, enabled and stable
      -   scrolling into view if needed
      -   done scrolling
      -   <mat-label _ngcontent-ng-c2013501738="" class="ng-tns-c3736…>Search Patient name , mrn</mat-label> from <div matformfieldnotchedoutline="" class="mdc-notched…>…</div> subtree intercepts pointer events
      - retrying click action, attempt #81
      -   waiting 500ms
      -   waiting for element to be visible, enabled and stable
      -   element is visible, enabled and stable
      -   scrolling into view if needed
      -   done scrolling
      -   <mat-label _ngcontent-ng-c2013501738="" class="ng-tns-c3736…>Search Patient name , mrn</mat-label> from <div matformfieldnotchedoutline="" class="mdc-notched…>…</div> subtree intercepts pointer events
      - retrying click action, attempt #82
      -   waiting 500ms
      -   waiting for element to be visible, enabled and stable
      -   element is visible, enabled and stable
      -   scrolling into view if needed
      -   done scrolling
      -   <mat-label _ngcontent-ng-c2013501738="" class="ng-tns-c3736…>Search Patient name , mrn</mat-label> from <div matformfieldnotchedoutline="" class="mdc-notched…>…</div> subtree intercepts pointer events
      - retrying click action, attempt #83
      -   waiting 500ms
      -   waiting for element to be visible, enabled and stable
      -   element is visible, enabled and stable
      -   scrolling into view if needed
      -   done scrolling
      -   <mat-label _ngcontent-ng-c2013501738="" class="ng-tns-c3736…>Search Patient name , mrn</mat-label> from <div matformfieldnotchedoutline="" class="mdc-notched…>…</div> subtree intercepts pointer events
      - retrying click action, attempt #84
      -   waiting 500ms
      -   waiting for element to be visible, enabled and stable
      -   element is visible, enabled and stable
      -   scrolling into view if needed
      -   done scrolling
      -   <mat-label _ngcontent-ng-c2013501738="" class="ng-tns-c3736…>Search Patient name , mrn</mat-label> from <div matformfieldnotchedoutline="" class="mdc-notched…>…</div> subtree intercepts pointer events
      - retrying click action, attempt #85
      -   waiting 500ms
      -   waiting for element to be visible, enabled and stable
      -   element is visible, enabled and stable
      -   scrolling into view if needed
      -   done scrolling
      -   <mat-label _ngcontent-ng-c2013501738="" class="ng-tns-c3736…>Search Patient name , mrn</mat-label> from <div matformfieldnotchedoutline="" class="mdc-notched…>…</div> subtree intercepts pointer events
      - retrying click action, attempt #86
      -   waiting 500ms
      -   waiting for element to be visible, enabled and stable
      -   element is visible, enabled and stable
      -   scrolling into view if needed
      -   done scrolling
      -   <mat-label _ngcontent-ng-c2013501738="" class="ng-tns-c3736…>Search Patient name , mrn</mat-label> from <div matformfieldnotchedoutline="" class="mdc-notched…>…</div> subtree intercepts pointer events
      - retrying click action, attempt #87
      -   waiting 500ms
      -   waiting for element to be visible, enabled and stable
      -   element is visible, enabled and stable
      -   scrolling into view if needed
      -   done scrolling
      -   <mat-label _ngcontent-ng-c2013501738="" class="ng-tns-c3736…>Search Patient name , mrn</mat-label> from <div matformfieldnotchedoutline="" class="mdc-notched…>…</div> subtree intercepts pointer events
      - retrying click action, attempt #88
      -   waiting 500ms
      -   waiting for element to be visible, enabled and stable
      -   element is visible, enabled and stable
      -   scrolling into view if needed
      -   done scrolling
      -   <mat-label _ngcontent-ng-c2013501738="" class="ng-tns-c3736…>Search Patient name , mrn</mat-label> from <div matformfieldnotchedoutline="" class="mdc-notched…>…</div> subtree intercepts pointer events
      - retrying click action, attempt #89
      -   waiting 500ms
      -   waiting for element to be visible, enabled and stable
      -   element is visible, enabled and stable
      -   scrolling into view if needed
      -   done scrolling
      -   <mat-label _ngcontent-ng-c2013501738="" class="ng-tns-c3736…>Search Patient name , mrn</mat-label> from <div matformfieldnotchedoutline="" class="mdc-notched…>…</div> subtree intercepts pointer events
      - retrying click action, attempt #90
      -   waiting 500ms
      -   waiting for element to be visible, enabled and stable
      -   element is visible, enabled and stable
      -   scrolling into view if needed
      -   done scrolling
      -   <mat-label _ngcontent-ng-c2013501738="" class="ng-tns-c3736…>Search Patient name , mrn</mat-label> from <div matformfieldnotchedoutline="" class="mdc-notched…>…</div> subtree intercepts pointer events
      - retrying click action, attempt #91
      -   waiting 500ms
      -   waiting for element to be visible, enabled and stable
      -   element is visible, enabled and stable
      -   scrolling into view if needed
      -   done scrolling
      -   <mat-label _ngcontent-ng-c2013501738="" class="ng-tns-c3736…>Search Patient name , mrn</mat-label> from <div matformfieldnotchedoutline="" class="mdc-notched…>…</div> subtree intercepts pointer events
      - retrying click action, attempt #92
      -   waiting 500ms
      -   waiting for element to be visible, enabled and stable
      -   element is visible, enabled and stable
      -   scrolling into view if needed
      -   done scrolling
      -   <mat-label _ngcontent-ng-c2013501738="" class="ng-tns-c3736…>Search Patient name , mrn</mat-label> from <div matformfieldnotchedoutline="" class="mdc-notched…>…</div> subtree intercepts pointer events
      - retrying click action, attempt #93
      -   waiting 500ms
      -   waiting for element to be visible, enabled and stable
      -   element is visible, enabled and stable
      -   scrolling into view if needed
      -   done scrolling
      -   <mat-label _ngcontent-ng-c2013501738="" class="ng-tns-c3736…>Search Patient name , mrn</mat-label> from <div matformfieldnotchedoutline="" class="mdc-notched…>…</div> subtree intercepts pointer events
      - retrying click action, attempt #94
      -   waiting 500ms
      -   waiting for element to be visible, enabled and stable
      -   element is visible, enabled and stable
      -   scrolling into view if needed
      -   done scrolling
      -   <mat-label _ngcontent-ng-c2013501738="" class="ng-tns-c3736…>Search Patient name , mrn</mat-label> from <div matformfieldnotchedoutline="" class="mdc-notched…>…</div> subtree intercepts pointer events
      - retrying click action, attempt #95
      -   waiting 500ms
      -   waiting for element to be visible, enabled and stable
      -   element is visible, enabled and stable
      -   scrolling into view if needed
      -   done scrolling
      -   <mat-label _ngcontent-ng-c2013501738="" class="ng-tns-c3736…>Search Patient name , mrn</mat-label> from <div matformfieldnotchedoutline="" class="mdc-notched…>…</div> subtree intercepts pointer events
      - retrying click action, attempt #96
      -   waiting 500ms
      -   waiting for element to be visible, enabled and stable
      -   element is visible, enabled and stable
      -   scrolling into view if needed
      -   done scrolling
      -   <mat-label _ngcontent-ng-c2013501738="" class="ng-tns-c3736…>Search Patient name , mrn</mat-label> from <div matformfieldnotchedoutline="" class="mdc-notched…>…</div> subtree intercepts pointer events
      - retrying click action, attempt #97
      -   waiting 500ms
      -   waiting for element to be visible, enabled and stable
      -   element is visible, enabled and stable
      -   scrolling into view if needed
      -   done scrolling
      -   <mat-label _ngcontent-ng-c2013501738="" class="ng-tns-c3736…>Search Patient name , mrn</mat-label> from <div matformfieldnotchedoutline="" class="mdc-notched…>…</div> subtree intercepts pointer events
      - retrying click action, attempt #98
      -   waiting 500ms
      -   waiting for element to be visible, enabled and stable
      -   element is visible, enabled and stable
      -   scrolling into view if needed
      -   done scrolling
      -   <mat-label _ngcontent-ng-c2013501738="" class="ng-tns-c3736…>Search Patient name , mrn</mat-label> from <div matformfieldnotchedoutline="" class="mdc-notched…>…</div> subtree intercepts pointer events
      - retrying click action, attempt #99
      -   waiting 500ms
      -   waiting for element to be visible, enabled and stable
      -   element is visible, enabled and stable
      -   scrolling into view if needed
      -   done scrolling
      -   <mat-label _ngcontent-ng-c2013501738="" class="ng-tns-c3736…>Search Patient name , mrn</mat-label> from <div matformfieldnotchedoutline="" class="mdc-notched…>…</div> subtree intercepts pointer events
      - retrying click action, attempt #100
      -   waiting 500ms
      -   waiting for element to be visible, enabled and stable
      -   element is visible, enabled and stable
      -   scrolling into view if needed
      -   done scrolling
      -   <mat-label _ngcontent-ng-c2013501738="" class="ng-tns-c3736…>Search Patient name , mrn</mat-label> from <div matformfieldnotchedoutline="" class="mdc-notched…>…</div> subtree intercepts pointer events
      - retrying click action, attempt #101
      -   waiting 500ms
      -   waiting for element to be visible, enabled and stable
      -   element is visible, enabled and stable
      -   scrolling into view if needed
      -   done scrolling
      -   <mat-label _ngcontent-ng-c2013501738="" class="ng-tns-c3736…>Search Patient name , mrn</mat-label> from <div matformfieldnotchedoutline="" class="mdc-notched…>…</div> subtree intercepts pointer events
      - retrying click action, attempt #102
      -   waiting 500ms
      -   waiting for element to be visible, enabled and stable
      -   element is visible, enabled and stable
      -   scrolling into view if needed
      -   done scrolling
      -   <mat-label _ngcontent-ng-c2013501738="" class="ng-tns-c3736…>Search Patient name , mrn</mat-label> from <div matformfieldnotchedoutline="" class="mdc-notched…>…</div> subtree intercepts pointer events
      - retrying click action, attempt #103
      -   waiting 500ms
      -   waiting for element to be visible, enabled and stable
      -   element is visible, enabled and stable
      -   scrolling into view if needed
      -   done scrolling
      -   <mat-label _ngcontent-ng-c2013501738="" class="ng-tns-c3736…>Search Patient name , mrn</mat-label> from <div matformfieldnotchedoutline="" class="mdc-notched…>…</div> subtree intercepts pointer events
      - retrying click action, attempt #104
      -   waiting 500ms
      -   waiting for element to be visible, enabled and stable
      -   element is visible, enabled and stable
      -   scrolling into view if needed
      -   done scrolling
      -   <mat-label _ngcontent-ng-c2013501738="" class="ng-tns-c3736…>Search Patient name , mrn</mat-label> from <div matformfieldnotchedoutline="" class="mdc-notched…>…</div> subtree intercepts pointer events
      - retrying click action, attempt #105
      -   waiting 500ms
      -   waiting for element to be visible, enabled and stable
      -   element is visible, enabled and stable
      -   scrolling into view if needed
      -   done scrolling
      -   <mat-label _ngcontent-ng-c2013501738="" class="ng-tns-c3736…>Search Patient name , mrn</mat-label> from <div matformfieldnotchedoutline="" class="mdc-notched…>…</div> subtree intercepts pointer events
      - retrying click action, attempt #106
      -   waiting 500ms
      -   waiting for element to be visible, enabled and stable
      -   element is visible, enabled and stable
      -   scrolling into view if needed
      -   done scrolling
      -   <mat-label _ngcontent-ng-c2013501738="" class="ng-tns-c3736…>Search Patient name , mrn</mat-label> from <div matformfieldnotchedoutline="" class="mdc-notched…>…</div> subtree intercepts pointer events
      - retrying click action, attempt #107
      -   waiting 500ms
      -   waiting for element to be visible, enabled and stable
      -   element is visible, enabled and stable
      -   scrolling into view if needed
      -   done scrolling
      -   <mat-label _ngcontent-ng-c2013501738="" class="ng-tns-c3736…>Search Patient name , mrn</mat-label> from <div matformfieldnotchedoutline="" class="mdc-notched…>…</div> subtree intercepts pointer events
      - retrying click action, attempt #108
      -   waiting 500ms
      -   waiting for element to be visible, enabled and stable
      -   element is visible, enabled and stable
      -   scrolling into view if needed
      -   done scrolling
      -   <mat-label _ngcontent-ng-c2013501738="" class="ng-tns-c3736…>Search Patient name , mrn</mat-label> from <div matformfieldnotchedoutline="" class="mdc-notched…>…</div> subtree intercepts pointer events
      - retrying click action, attempt #109
      -   waiting 500ms
      -   waiting for element to be visible, enabled and stable
      -   element is visible, enabled and stable
      -   scrolling into view if needed
      -   done scrolling
      -   <mat-label _ngcontent-ng-c2013501738="" class="ng-tns-c3736…>Search Patient name , mrn</mat-label> from <div matformfieldnotchedoutline="" class="mdc-notched…>…</div> subtree intercepts pointer events
      - retrying click action, attempt #110
      -   waiting 500ms
      -   waiting for element to be visible, enabled and stable
      -   element is visible, enabled and stable
      -   scrolling into view if needed
      -   done scrolling
      -   <mat-label _ngcontent-ng-c2013501738="" class="ng-tns-c3736…>Search Patient name , mrn</mat-label> from <div matformfieldnotchedoutline="" class="mdc-notched…>…</div> subtree intercepts pointer events
      - retrying click action, attempt #111
      -   waiting 500ms
      -   waiting for element to be visible, enabled and stable
      -   element is visible, enabled and stable
      -   scrolling into view if needed
      -   done scrolling
      -   <mat-label _ngcontent-ng-c2013501738="" class="ng-tns-c3736…>Search Patient name , mrn</mat-label> from <div matformfieldnotchedoutline="" class="mdc-notched…>…</div> subtree intercepts pointer events
      - retrying click action, attempt #112
      -   waiting 500ms
      -   waiting for element to be visible, enabled and stable
      -   element is visible, enabled and stable
      -   scrolling into view if needed
      -   done scrolling
      -   <mat-label _ngcontent-ng-c2013501738="" class="ng-tns-c3736…>Search Patient name , mrn</mat-label> from <div matformfieldnotchedoutline="" class="mdc-notched…>…</div> subtree intercepts pointer events
      - retrying click action, attempt #113
      -   waiting 500ms
      -   waiting for element to be visible, enabled and stable
      -   element is visible, enabled and stable
      -   scrolling into view if needed
      -   done scrolling
      -   <mat-label _ngcontent-ng-c2013501738="" class="ng-tns-c3736…>Search Patient name , mrn</mat-label> from <div matformfieldnotchedoutline="" class="mdc-notched…>…</div> subtree intercepts pointer events
      - retrying click action, attempt #114
      -   waiting 500ms
      -   waiting for element to be visible, enabled and stable
      -   element is visible, enabled and stable
      -   scrolling into view if needed
      -   done scrolling
      -   <mat-label _ngcontent-ng-c2013501738="" class="ng-tns-c3736…>Search Patient name , mrn</mat-label> from <div matformfieldnotchedoutline="" class="mdc-notched…>…</div> subtree intercepts pointer events
      - retrying click action, attempt #115
      -   waiting 500ms
      -   waiting for element to be visible, enabled and stable
      -   element is visible, enabled and stable
      -   scrolling into view if needed
      -   done scrolling
      -   <mat-label _ngcontent-ng-c2013501738="" class="ng-tns-c3736…>Search Patient name , mrn</mat-label> from <div matformfieldnotchedoutline="" class="mdc-notched…>…</div> subtree intercepts pointer events
      - retrying click action, attempt #116
      -   waiting 500ms
      -   waiting for element to be visible, enabled and stable
      -   element is visible, enabled and stable
      -   scrolling into view if needed
      -   done scrolling
      -   <mat-label _ngcontent-ng-c2013501738="" class="ng-tns-c3736…>Search Patient name , mrn</mat-label> from <div matformfieldnotchedoutline="" class="mdc-notched…>…</div> subtree intercepts pointer events
      - retrying click action, attempt #117
      -   waiting 500ms
      -   waiting for element to be visible, enabled and stable
      -   element is visible, enabled and stable
      -   scrolling into view if needed
      -   done scrolling
      -   <mat-label _ngcontent-ng-c2013501738="" class="ng-tns-c3736…>Search Patient name , mrn</mat-label> from <div matformfieldnotchedoutline="" class="mdc-notched…>…</div> subtree intercepts pointer events
      - retrying click action, attempt #118
      -   waiting 500ms
      -   waiting for element to be visible, enabled and stable
      -   element is visible, enabled and stable
      -   scrolling into view if needed
      -   done scrolling
      -   <mat-label _ngcontent-ng-c2013501738="" class="ng-tns-c3736…>Search Patient name , mrn</mat-label> from <div matformfieldnotchedoutline="" class="mdc-notched…>…</div> subtree intercepts pointer events
      - retrying click action, attempt #119
      -   waiting 500ms
      -   waiting for element to be visible, enabled and stable
      -   element is visible, enabled and stable
      -   scrolling into view if needed
      -   done scrolling
      -   <mat-label _ngcontent-ng-c2013501738="" class="ng-tns-c3736…>Search Patient name , mrn</mat-label> from <div matformfieldnotchedoutline="" class="mdc-notched…>…</div> subtree intercepts pointer events
      - retrying click action, attempt #120
      -   waiting 500ms
      -   waiting for element to be visible, enabled and stable
      -   element is visible, enabled and stable
      -   scrolling into view if needed
      -   done scrolling
      -   <mat-label _ngcontent-ng-c2013501738="" class="ng-tns-c3736…>Search Patient name , mrn</mat-label> from <div matformfieldnotchedoutline="" class="mdc-notched…>…</div> subtree intercepts pointer events
      - retrying click action, attempt #121
      -   waiting 500ms
      -   waiting for element to be visible, enabled and stable
      -   element is visible, enabled and stable
      -   scrolling into view if needed
      -   done scrolling
      -   <mat-label _ngcontent-ng-c2013501738="" class="ng-tns-c3736…>Search Patient name , mrn</mat-label> from <div matformfieldnotchedoutline="" class="mdc-notched…>…</div> subtree intercepts pointer events
      - retrying click action, attempt #122
      -   waiting 500ms
      -   waiting for element to be visible, enabled and stable
      -   element is visible, enabled and stable
      -   scrolling into view if needed
      -   done scrolling
      -   <mat-label _ngcontent-ng-c2013501738="" class="ng-tns-c3736…>Search Patient name , mrn</mat-label> from <div matformfieldnotchedoutline="" class="mdc-notched…>…</div> subtree intercepts pointer events
      - retrying click action, attempt #123
      -   waiting 500ms
      -   waiting for element to be visible, enabled and stable
      -   element is visible, enabled and stable
      -   scrolling into view if needed
      -   done scrolling
      -   <mat-label _ngcontent-ng-c2013501738="" class="ng-tns-c3736…>Search Patient name , mrn</mat-label> from <div matformfieldnotchedoutline="" class="mdc-notched…>…</div> subtree intercepts pointer events
      - retrying click action, attempt #124
      -   waiting 500ms
      -   waiting for element to be visible, enabled and stable
      -   element is visible, enabled and stable
      -   scrolling into view if needed
      -   done scrolling
      -   <mat-label _ngcontent-ng-c2013501738="" class="ng-tns-c3736…>Search Patient name , mrn</mat-label> from <div matformfieldnotchedoutline="" class="mdc-notched…>…</div> subtree intercepts pointer events
      - retrying click action, attempt #125
      -   waiting 500ms
      -   waiting for element to be visible, enabled and stable
      -   element is visible, enabled and stable
      -   scrolling into view if needed
      -   done scrolling
      -   <mat-label _ngcontent-ng-c2013501738="" class="ng-tns-c3736…>Search Patient name , mrn</mat-label> from <div matformfieldnotchedoutline="" class="mdc-notched…>…</div> subtree intercepts pointer events
      - retrying click action, attempt #126
      -   waiting 500ms
      -   waiting for element to be visible, enabled and stable
      -   element is visible, enabled and stable
      -   scrolling into view if needed
      -   done scrolling
      -   <mat-label _ngcontent-ng-c2013501738="" class="ng-tns-c3736…>Search Patient name , mrn</mat-label> from <div matformfieldnotchedoutline="" class="mdc-notched…>…</div> subtree intercepts pointer events
      - retrying click action, attempt #127
      -   waiting 500ms
      -   waiting for element to be visible, enabled and stable
      -   element is visible, enabled and stable
      -   scrolling into view if needed
      -   done scrolling
      -   <mat-label _ngcontent-ng-c2013501738="" class="ng-tns-c3736…>Search Patient name , mrn</mat-label> from <div matformfieldnotchedoutline="" class="mdc-notched…>…</div> subtree intercepts pointer events
      - retrying click action, attempt #128
      -   waiting 500ms
      -   waiting for element to be visible, enabled and stable
      -   element is visible, enabled and stable
      -   scrolling into view if needed
      -   done scrolling
      -   <mat-label _ngcontent-ng-c2013501738="" class="ng-tns-c3736…>Search Patient name , mrn</mat-label> from <div matformfieldnotchedoutline="" class="mdc-notched…>…</div> subtree intercepts pointer events
      - retrying click action, attempt #129
      -   waiting 500ms
      -   waiting for element to be visible, enabled and stable
      -   element is visible, enabled and stable
      -   scrolling into view if needed
      -   done scrolling
      -   <mat-label _ngcontent-ng-c2013501738="" class="ng-tns-c3736…>Search Patient name , mrn</mat-label> from <div matformfieldnotchedoutline="" class="mdc-notched…>…</div> subtree intercepts pointer events
      - retrying click action, attempt #130
      -   waiting 500ms
      -   waiting for element to be visible, enabled and stable
      -   element is visible, enabled and stable
      -   scrolling into view if needed
      -   done scrolling
      -   <mat-label _ngcontent-ng-c2013501738="" class="ng-tns-c3736…>Search Patient name , mrn</mat-label> from <div matformfieldnotchedoutline="" class="mdc-notched…>…</div> subtree intercepts pointer events
      - retrying click action, attempt #131
      -   waiting 500ms
      -   waiting for element to be visible, enabled and stable
      -   element is visible, enabled and stable
      -   scrolling into view if needed
      -   done scrolling
      -   <mat-label _ngcontent-ng-c2013501738="" class="ng-tns-c3736…>Search Patient name , mrn</mat-label> from <div matformfieldnotchedoutline="" class="mdc-notched…>…</div> subtree intercepts pointer events
      - retrying click action, attempt #132
      -   waiting 500ms
      -   waiting for element to be visible, enabled and stable
      -   element is visible, enabled and stable
      -   scrolling into view if needed
      -   done scrolling
      -   <mat-label _ngcontent-ng-c2013501738="" class="ng-tns-c3736…>Search Patient name , mrn</mat-label> from <div matformfieldnotchedoutline="" class="mdc-notched…>…</div> subtree intercepts pointer events
      - retrying click action, attempt #133
      -   waiting 500ms
      -   waiting for element to be visible, enabled and stable
      -   element is visible, enabled and stable
      -   scrolling into view if needed
      -   done scrolling
      -   <mat-label _ngcontent-ng-c2013501738="" class="ng-tns-c3736…>Search Patient name , mrn</mat-label> from <div matformfieldnotchedoutline="" class="mdc-notched…>…</div> subtree intercepts pointer events
      - retrying click action, attempt #134
      -   waiting 500ms
      -   waiting for element to be visible, enabled and stable
      -   element is visible, enabled and stable
      -   scrolling into view if needed
      -   done scrolling
      -   <mat-label _ngcontent-ng-c2013501738="" class="ng-tns-c3736…>Search Patient name , mrn</mat-label> from <div matformfieldnotchedoutline="" class="mdc-notched…>…</div> subtree intercepts pointer events
      - retrying click action, attempt #135
      -   waiting 500ms
      -   waiting for element to be visible, enabled and stable
      -   element is visible, enabled and stable
      -   scrolling into view if needed
      -   done scrolling
      -   <mat-label _ngcontent-ng-c2013501738="" class="ng-tns-c3736…>Search Patient name , mrn</mat-label> from <div matformfieldnotchedoutline="" class="mdc-notched…>…</div> subtree intercepts pointer events
      - retrying click action, attempt #136
      -   waiting 500ms
      -   waiting for element to be visible, enabled and stable
      -   element is visible, enabled and stable
      -   scrolling into view if needed
      -   done scrolling
      -   <mat-label _ngcontent-ng-c2013501738="" class="ng-tns-c3736…>Search Patient name , mrn</mat-label> from <div matformfieldnotchedoutline="" class="mdc-notched…>…</div> subtree intercepts pointer events
      - retrying click action, attempt #137
      -   waiting 500ms
      -   waiting for element to be visible, enabled and stable
      -   element is visible, enabled and stable
      -   scrolling into view if needed
      -   done scrolling
      -   <mat-label _ngcontent-ng-c2013501738="" class="ng-tns-c3736…>Search Patient name , mrn</mat-label> from <div matformfieldnotchedoutline="" class="mdc-notched…>…</div> subtree intercepts pointer events
      - retrying click action, attempt #138
      -   waiting 500ms
      -   waiting for element to be visible, enabled and stable
      -   element is visible, enabled and stable
      -   scrolling into view if needed
      -   done scrolling
      -   <mat-label _ngcontent-ng-c2013501738="" class="ng-tns-c3736…>Search Patient name , mrn</mat-label> from <div matformfieldnotchedoutline="" class="mdc-notched…>…</div> subtree intercepts pointer events
      - retrying click action, attempt #139
      -   waiting 500ms
      -   waiting for element to be visible, enabled and stable
      -   element is visible, enabled and stable
      -   scrolling into view if needed
      -   done scrolling
      -   <mat-label _ngcontent-ng-c2013501738="" class="ng-tns-c3736…>Search Patient name , mrn</mat-label> from <div matformfieldnotchedoutline="" class="mdc-notched…>…</div> subtree intercepts pointer events
      - retrying click action, attempt #140
      -   waiting 500ms
      -   waiting for element to be visible, enabled and stable
      -   element is visible, enabled and stable
      -   scrolling into view if needed
      -   done scrolling
      -   <mat-label _ngcontent-ng-c2013501738="" class="ng-tns-c3736…>Search Patient name , mrn</mat-label> from <div matformfieldnotchedoutline="" class="mdc-notched…>…</div> subtree intercepts pointer events
      - retrying click action, attempt #141
      -   waiting 500ms
      -   waiting for element to be visible, enabled and stable
      -   element is visible, enabled and stable
      -   scrolling into view if needed
      -   done scrolling
      -   <mat-label _ngcontent-ng-c2013501738="" class="ng-tns-c3736…>Search Patient name , mrn</mat-label> from <div matformfieldnotchedoutline="" class="mdc-notched…>…</div> subtree intercepts pointer events
      - retrying click action, attempt #142
      -   waiting 500ms
      -   waiting for element to be visible, enabled and stable
      -   element is visible, enabled and stable
      -   scrolling into view if needed
      -   done scrolling
      -   <mat-label _ngcontent-ng-c2013501738="" class="ng-tns-c3736…>Search Patient name , mrn</mat-label> from <div matformfieldnotchedoutline="" class="mdc-notched…>…</div> subtree intercepts pointer events
      - retrying click action, attempt #143
      -   waiting 500ms
      -   waiting for element to be visible, enabled and stable
      -   element is visible, enabled and stable
      -   scrolling into view if needed
      -   done scrolling
      -   <mat-label _ngcontent-ng-c2013501738="" class="ng-tns-c3736…>Search Patient name , mrn</mat-label> from <div matformfieldnotchedoutline="" class="mdc-notched…>…</div> subtree intercepts pointer events
      - retrying click action, attempt #144
      -   waiting 500ms
      -   waiting for element to be visible, enabled and stable
      -   element is visible, enabled and stable
      -   scrolling into view if needed
      -   done scrolling
      -   <mat-label _ngcontent-ng-c2013501738="" class="ng-tns-c3736…>Search Patient name , mrn</mat-label> from <div matformfieldnotchedoutline="" class="mdc-notched…>…</div> subtree intercepts pointer events
      - retrying click action, attempt #145
      -   waiting 500ms
      -   waiting for element to be visible, enabled and stable
      -   element is visible, enabled and stable
      -   scrolling into view if needed
      -   done scrolling
      -   <mat-label _ngcontent-ng-c2013501738="" class="ng-tns-c3736…>Search Patient name , mrn</mat-label> from <div matformfieldnotchedoutline="" class="mdc-notched…>…</div> subtree intercepts pointer events
      - retrying click action, attempt #146
      -   waiting 500ms
      -   waiting for element to be visible, enabled and stable
      -   element is visible, enabled and stable
      -   scrolling into view if needed
      -   done scrolling
      -   <mat-label _ngcontent-ng-c2013501738="" class="ng-tns-c3736…>Search Patient name , mrn</mat-label> from <div matformfieldnotchedoutline="" class="mdc-notched…>…</div> subtree intercepts pointer events
      - retrying click action, attempt #147
      -   waiting 500ms
      -   waiting for element to be visible, enabled and stable
      -   element is visible, enabled and stable
      -   scrolling into view if needed
      -   done scrolling
      -   <mat-label _ngcontent-ng-c2013501738="" class="ng-tns-c3736…>Search Patient name , mrn</mat-label> from <div matformfieldnotchedoutline="" class="mdc-notched…>…</div> subtree intercepts pointer events
      - retrying click action, attempt #148
      -   waiting 500ms
      -   waiting for element to be visible, enabled and stable
      -   element is visible, enabled and stable
      -   scrolling into view if needed
      -   done scrolling
      -   <mat-label _ngcontent-ng-c2013501738="" class="ng-tns-c3736…>Search Patient name , mrn</mat-label> from <div matformfieldnotchedoutline="" class="mdc-notched…>…</div> subtree intercepts pointer events
      - retrying click action, attempt #149
      -   waiting 500ms
      -   waiting for element to be visible, enabled and stable
      -   element is visible, enabled and stable
      -   scrolling into view if needed
      -   done scrolling
      -   <mat-label _ngcontent-ng-c2013501738="" class="ng-tns-c3736…>Search Patient name , mrn</mat-label> from <div matformfieldnotchedoutline="" class="mdc-notched…>…</div> subtree intercepts pointer events
      - retrying click action, attempt #150
      -   waiting 500ms
      -   waiting for element to be visible, enabled and stable
      -   element is visible, enabled and stable
      -   scrolling into view if needed
      -   done scrolling
      -   <mat-label _ngcontent-ng-c2013501738="" class="ng-tns-c3736…>Search Patient name , mrn</mat-label> from <div matformfieldnotchedoutline="" class="mdc-notched…>…</div> subtree intercepts pointer events
      - retrying click action, attempt #151
      -   waiting 500ms


       at classes\patientsPage.ts:54

      52 |     //search patient name (fillable)
      53 |     async searchPatient(patient){
    > 54 |         await this.page.getByLabel('Search Patient name , mrn').click();
         |                                                                 ^
      55 |         await this.page.getByLabel('Search Patient name , mrn').fill(patient);
      56 |         await this.page.getByLabel('Search Patient name , mrn').press('Enter');
      57 |     }

        at PatientsPage.searchPatient (C:\Users\white\work\mbh-playwright\classes\patientsPage.ts:54:65)
        at C:\Users\white\work\mbh-playwright\mbhpatientschvisit.mbhpages.ts:114:20

    attachment #1: screenshot (image/png) ──────────────────────────────────────────────────────────
    test-results\mbhpatientschvisit.mbhpage-7ed9a-n-treatment-center-facility-chrome\test-failed-1.png
    ────────────────────────────────────────────────────────────────────────────────────────────────

    attachment #2: video (video/webm) ──────────────────────────────────────────────────────────────
    test-results\mbhpatientschvisit.mbhpage-7ed9a-n-treatment-center-facility-chrome\video.webm
    ────────────────────────────────────────────────────────────────────────────────────────────────
]]>
</failure>
<system-out>
<![CDATA[
[[ATTACHMENT|test-results\mbhpatientschvisit.mbhpage-7ed9a-n-treatment-center-facility-chrome\test-failed-1.png]]

[[ATTACHMENT|test-results\mbhpatientschvisit.mbhpage-7ed9a-n-treatment-center-facility-chrome\video.webm]]
]]>
</system-out>
</testcase>
<testcase name="open drop downs on patient visit" classname="mbhpatientschvisit.mbhpages.ts" time="95.888">
<properties>
<property name="slow" value="">
</property>
</properties>
<failure message="mbhpatientschvisit.mbhpages.ts:123:5 open drop downs on patient visit" type="FAILURE">
<![CDATA[  [chrome] › mbhpatientschvisit.mbhpages.ts:123:5 › open drop downs on patient visit ───────────────

    Test timeout of 90000ms exceeded.

    Error: locator.click: Test timeout of 90000ms exceeded.
    Call log:
      - waiting for getByLabel('Search Patient name , mrn')
      -   locator resolved to <input matinput="" id="mat-input-0" aria-invalid="false…/>
      - attempting click action
      -   waiting for element to be visible, enabled and stable
      -   element is visible, enabled and stable
      -   scrolling into view if needed
      -   done scrolling
      -   <mat-label _ngcontent-ng-c2013501738="" class="ng-tns-c3736…>Search Patient name , mrn</mat-label> from <div matformfieldnotchedoutline="" class="mdc-notched…>…</div> subtree intercepts pointer events
      - retrying click action, attempt #1
      -   waiting for element to be visible, enabled and stable
      -   element is visible, enabled and stable
      -   scrolling into view if needed
      -   done scrolling
      -   <mat-label _ngcontent-ng-c2013501738="" class="ng-tns-c3736…>Search Patient name , mrn</mat-label> from <div matformfieldnotchedoutline="" class="mdc-notched…>…</div> subtree intercepts pointer events
      - retrying click action, attempt #2
      -   waiting 20ms
      -   waiting for element to be visible, enabled and stable
      -   element is visible, enabled and stable
      -   scrolling into view if needed
      -   done scrolling
      -   <mat-label _ngcontent-ng-c2013501738="" class="ng-tns-c3736…>Search Patient name , mrn</mat-label> from <div matformfieldnotchedoutline="" class="mdc-notched…>…</div> subtree intercepts pointer events
      - retrying click action, attempt #3
      -   waiting 100ms
      -   waiting for element to be visible, enabled and stable
      -   element is visible, enabled and stable
      -   scrolling into view if needed
      -   done scrolling
      -   <mat-label _ngcontent-ng-c2013501738="" class="ng-tns-c3736…>Search Patient name , mrn</mat-label> from <div matformfieldnotchedoutline="" class="mdc-notched…>…</div> subtree intercepts pointer events
      - retrying click action, attempt #4
      -   waiting 100ms
      -   waiting for element to be visible, enabled and stable
      -   element is visible, enabled and stable
      -   scrolling into view if needed
      -   done scrolling
      -   <mat-label _ngcontent-ng-c2013501738="" class="ng-tns-c3736…>Search Patient name , mrn</mat-label> from <div matformfieldnotchedoutline="" class="mdc-notched…>…</div> subtree intercepts pointer events
      - retrying click action, attempt #5
      -   waiting 500ms
      -   waiting for element to be visible, enabled and stable
      -   element is visible, enabled and stable
      -   scrolling into view if needed
      -   done scrolling
      -   <mat-label _ngcontent-ng-c2013501738="" class="ng-tns-c3736…>Search Patient name , mrn</mat-label> from <div matformfieldnotchedoutline="" class="mdc-notched…>…</div> subtree intercepts pointer events
      - retrying click action, attempt #6
      -   waiting 500ms
      -   waiting for element to be visible, enabled and stable
      -   element is visible, enabled and stable
      -   scrolling into view if needed
      -   done scrolling
      -   <mat-label _ngcontent-ng-c2013501738="" class="ng-tns-c3736…>Search Patient name , mrn</mat-label> from <div matformfieldnotchedoutline="" class="mdc-notched…>…</div> subtree intercepts pointer events
      - retrying click action, attempt #7
      -   waiting 500ms
      -   waiting for element to be visible, enabled and stable
      -   element is visible, enabled and stable
      -   scrolling into view if needed
      -   done scrolling
      -   <mat-label _ngcontent-ng-c2013501738="" class="ng-tns-c3736…>Search Patient name , mrn</mat-label> from <div matformfieldnotchedoutline="" class="mdc-notched…>…</div> subtree intercepts pointer events
      - retrying click action, attempt #8
      -   waiting 500ms
      -   waiting for element to be visible, enabled and stable
      -   element is visible, enabled and stable
      -   scrolling into view if needed
      -   done scrolling
      -   <mat-label _ngcontent-ng-c2013501738="" class="ng-tns-c3736…>Search Patient name , mrn</mat-label> from <div matformfieldnotchedoutline="" class="mdc-notched…>…</div> subtree intercepts pointer events
      - retrying click action, attempt #9
      -   waiting 500ms
      -   waiting for element to be visible, enabled and stable
      -   element is visible, enabled and stable
      -   scrolling into view if needed
      -   done scrolling
      -   <mat-label _ngcontent-ng-c2013501738="" class="ng-tns-c3736…>Search Patient name , mrn</mat-label> from <div matformfieldnotchedoutline="" class="mdc-notched…>…</div> subtree intercepts pointer events
      - retrying click action, attempt #10
      -   waiting 500ms
      -   waiting for element to be visible, enabled and stable
      -   element is visible, enabled and stable
      -   scrolling into view if needed
      -   done scrolling
      -   <mat-label _ngcontent-ng-c2013501738="" class="ng-tns-c3736…>Search Patient name , mrn</mat-label> from <div matformfieldnotchedoutline="" class="mdc-notched…>…</div> subtree intercepts pointer events
      - retrying click action, attempt #11
      -   waiting 500ms
      -   waiting for element to be visible, enabled and stable
      -   element is visible, enabled and stable
      -   scrolling into view if needed
      -   done scrolling
      -   <mat-label _ngcontent-ng-c2013501738="" class="ng-tns-c3736…>Search Patient name , mrn</mat-label> from <div matformfieldnotchedoutline="" class="mdc-notched…>…</div> subtree intercepts pointer events
      - retrying click action, attempt #12
      -   waiting 500ms
      -   waiting for element to be visible, enabled and stable
      -   element is visible, enabled and stable
      -   scrolling into view if needed
      -   done scrolling
      -   <mat-label _ngcontent-ng-c2013501738="" class="ng-tns-c3736…>Search Patient name , mrn</mat-label> from <div matformfieldnotchedoutline="" class="mdc-notched…>…</div> subtree intercepts pointer events
      - retrying click action, attempt #13
      -   waiting 500ms
      -   waiting for element to be visible, enabled and stable
      -   element is visible, enabled and stable
      -   scrolling into view if needed
      -   done scrolling
      -   <mat-label _ngcontent-ng-c2013501738="" class="ng-tns-c3736…>Search Patient name , mrn</mat-label> from <div matformfieldnotchedoutline="" class="mdc-notched…>…</div> subtree intercepts pointer events
      - retrying click action, attempt #14
      -   waiting 500ms
      -   waiting for element to be visible, enabled and stable
      -   element is visible, enabled and stable
      -   scrolling into view if needed
      -   done scrolling
      -   <mat-label _ngcontent-ng-c2013501738="" class="ng-tns-c3736…>Search Patient name , mrn</mat-label> from <div matformfieldnotchedoutline="" class="mdc-notched…>…</div> subtree intercepts pointer events
      - retrying click action, attempt #15
      -   waiting 500ms
      -   waiting for element to be visible, enabled and stable
      -   element is visible, enabled and stable
      -   scrolling into view if needed
      -   done scrolling
      -   <mat-label _ngcontent-ng-c2013501738="" class="ng-tns-c3736…>Search Patient name , mrn</mat-label> from <div matformfieldnotchedoutline="" class="mdc-notched…>…</div> subtree intercepts pointer events
      - retrying click action, attempt #16
      -   waiting 500ms
      -   waiting for element to be visible, enabled and stable
      -   element is visible, enabled and stable
      -   scrolling into view if needed
      -   done scrolling
      -   <mat-label _ngcontent-ng-c2013501738="" class="ng-tns-c3736…>Search Patient name , mrn</mat-label> from <div matformfieldnotchedoutline="" class="mdc-notched…>…</div> subtree intercepts pointer events
      - retrying click action, attempt #17
      -   waiting 500ms
      -   waiting for element to be visible, enabled and stable
      -   element is visible, enabled and stable
      -   scrolling into view if needed
      -   done scrolling
      -   <mat-label _ngcontent-ng-c2013501738="" class="ng-tns-c3736…>Search Patient name , mrn</mat-label> from <div matformfieldnotchedoutline="" class="mdc-notched…>…</div> subtree intercepts pointer events
      - retrying click action, attempt #18
      -   waiting 500ms
      -   waiting for element to be visible, enabled and stable
      -   element is visible, enabled and stable
      -   scrolling into view if needed
      -   done scrolling
      -   <mat-label _ngcontent-ng-c2013501738="" class="ng-tns-c3736…>Search Patient name , mrn</mat-label> from <div matformfieldnotchedoutline="" class="mdc-notched…>…</div> subtree intercepts pointer events
      - retrying click action, attempt #19
      -   waiting 500ms
      -   waiting for element to be visible, enabled and stable
      -   element is visible, enabled and stable
      -   scrolling into view if needed
      -   done scrolling
      -   <mat-label _ngcontent-ng-c2013501738="" class="ng-tns-c3736…>Search Patient name , mrn</mat-label> from <div matformfieldnotchedoutline="" class="mdc-notched…>…</div> subtree intercepts pointer events
      - retrying click action, attempt #20
      -   waiting 500ms
      -   waiting for element to be visible, enabled and stable
      -   element is visible, enabled and stable
      -   scrolling into view if needed
      -   done scrolling
      -   <mat-label _ngcontent-ng-c2013501738="" class="ng-tns-c3736…>Search Patient name , mrn</mat-label> from <div matformfieldnotchedoutline="" class="mdc-notched…>…</div> subtree intercepts pointer events
      - retrying click action, attempt #21
      -   waiting 500ms
      -   waiting for element to be visible, enabled and stable
      -   element is visible, enabled and stable
      -   scrolling into view if needed
      -   done scrolling
      -   <mat-label _ngcontent-ng-c2013501738="" class="ng-tns-c3736…>Search Patient name , mrn</mat-label> from <div matformfieldnotchedoutline="" class="mdc-notched…>…</div> subtree intercepts pointer events
      - retrying click action, attempt #22
      -   waiting 500ms
      -   waiting for element to be visible, enabled and stable
      -   element is visible, enabled and stable
      -   scrolling into view if needed
      -   done scrolling
      -   <mat-label _ngcontent-ng-c2013501738="" class="ng-tns-c3736…>Search Patient name , mrn</mat-label> from <div matformfieldnotchedoutline="" class="mdc-notched…>…</div> subtree intercepts pointer events
      - retrying click action, attempt #23
      -   waiting 500ms
      -   waiting for element to be visible, enabled and stable
      -   element is visible, enabled and stable
      -   scrolling into view if needed
      -   done scrolling
      -   <mat-label _ngcontent-ng-c2013501738="" class="ng-tns-c3736…>Search Patient name , mrn</mat-label> from <div matformfieldnotchedoutline="" class="mdc-notched…>…</div> subtree intercepts pointer events
      - retrying click action, attempt #24
      -   waiting 500ms
      -   waiting for element to be visible, enabled and stable
      -   element is visible, enabled and stable
      -   scrolling into view if needed
      -   done scrolling
      -   <mat-label _ngcontent-ng-c2013501738="" class="ng-tns-c3736…>Search Patient name , mrn</mat-label> from <div matformfieldnotchedoutline="" class="mdc-notched…>…</div> subtree intercepts pointer events
      - retrying click action, attempt #25
      -   waiting 500ms
      -   waiting for element to be visible, enabled and stable
      -   element is visible, enabled and stable
      -   scrolling into view if needed
      -   done scrolling
      -   <mat-label _ngcontent-ng-c2013501738="" class="ng-tns-c3736…>Search Patient name , mrn</mat-label> from <div matformfieldnotchedoutline="" class="mdc-notched…>…</div> subtree intercepts pointer events
      - retrying click action, attempt #26
      -   waiting 500ms
      -   waiting for element to be visible, enabled and stable
      -   element is visible, enabled and stable
      -   scrolling into view if needed
      -   done scrolling
      -   <mat-label _ngcontent-ng-c2013501738="" class="ng-tns-c3736…>Search Patient name , mrn</mat-label> from <div matformfieldnotchedoutline="" class="mdc-notched…>…</div> subtree intercepts pointer events
      - retrying click action, attempt #27
      -   waiting 500ms
      -   waiting for element to be visible, enabled and stable
      -   element is visible, enabled and stable
      -   scrolling into view if needed
      -   done scrolling
      -   <mat-label _ngcontent-ng-c2013501738="" class="ng-tns-c3736…>Search Patient name , mrn</mat-label> from <div matformfieldnotchedoutline="" class="mdc-notched…>…</div> subtree intercepts pointer events
      - retrying click action, attempt #28
      -   waiting 500ms
      -   waiting for element to be visible, enabled and stable
      -   element is visible, enabled and stable
      -   scrolling into view if needed
      -   done scrolling
      -   <mat-label _ngcontent-ng-c2013501738="" class="ng-tns-c3736…>Search Patient name , mrn</mat-label> from <div matformfieldnotchedoutline="" class="mdc-notched…>…</div> subtree intercepts pointer events
      - retrying click action, attempt #29
      -   waiting 500ms
      -   waiting for element to be visible, enabled and stable
      -   element is visible, enabled and stable
      -   scrolling into view if needed
      -   done scrolling
      -   <mat-label _ngcontent-ng-c2013501738="" class="ng-tns-c3736…>Search Patient name , mrn</mat-label> from <div matformfieldnotchedoutline="" class="mdc-notched…>…</div> subtree intercepts pointer events
      - retrying click action, attempt #30
      -   waiting 500ms
      -   waiting for element to be visible, enabled and stable
      -   element is visible, enabled and stable
      -   scrolling into view if needed
      -   done scrolling
      -   <mat-label _ngcontent-ng-c2013501738="" class="ng-tns-c3736…>Search Patient name , mrn</mat-label> from <div matformfieldnotchedoutline="" class="mdc-notched…>…</div> subtree intercepts pointer events
      - retrying click action, attempt #31
      -   waiting 500ms
      -   waiting for element to be visible, enabled and stable
      -   element is visible, enabled and stable
      -   scrolling into view if needed
      -   done scrolling
      -   <mat-label _ngcontent-ng-c2013501738="" class="ng-tns-c3736…>Search Patient name , mrn</mat-label> from <div matformfieldnotchedoutline="" class="mdc-notched…>…</div> subtree intercepts pointer events
      - retrying click action, attempt #32
      -   waiting 500ms
      -   waiting for element to be visible, enabled and stable
      -   element is visible, enabled and stable
      -   scrolling into view if needed
      -   done scrolling
      -   <mat-label _ngcontent-ng-c2013501738="" class="ng-tns-c3736…>Search Patient name , mrn</mat-label> from <div matformfieldnotchedoutline="" class="mdc-notched…>…</div> subtree intercepts pointer events
      - retrying click action, attempt #33
      -   waiting 500ms
      -   waiting for element to be visible, enabled and stable
      -   element is visible, enabled and stable
      -   scrolling into view if needed
      -   done scrolling
      -   <mat-label _ngcontent-ng-c2013501738="" class="ng-tns-c3736…>Search Patient name , mrn</mat-label> from <div matformfieldnotchedoutline="" class="mdc-notched…>…</div> subtree intercepts pointer events
      - retrying click action, attempt #34
      -   waiting 500ms
      -   waiting for element to be visible, enabled and stable
      -   element is visible, enabled and stable
      -   scrolling into view if needed
      -   done scrolling
      -   <mat-label _ngcontent-ng-c2013501738="" class="ng-tns-c3736…>Search Patient name , mrn</mat-label> from <div matformfieldnotchedoutline="" class="mdc-notched…>…</div> subtree intercepts pointer events
      - retrying click action, attempt #35
      -   waiting 500ms
      -   waiting for element to be visible, enabled and stable
      -   element is visible, enabled and stable
      -   scrolling into view if needed
      -   done scrolling
      -   <mat-label _ngcontent-ng-c2013501738="" class="ng-tns-c3736…>Search Patient name , mrn</mat-label> from <div matformfieldnotchedoutline="" class="mdc-notched…>…</div> subtree intercepts pointer events
      - retrying click action, attempt #36
      -   waiting 500ms
      -   waiting for element to be visible, enabled and stable
      -   element is visible, enabled and stable
      -   scrolling into view if needed
      -   done scrolling
      -   <mat-label _ngcontent-ng-c2013501738="" class="ng-tns-c3736…>Search Patient name , mrn</mat-label> from <div matformfieldnotchedoutline="" class="mdc-notched…>…</div> subtree intercepts pointer events
      - retrying click action, attempt #37
      -   waiting 500ms
      -   waiting for element to be visible, enabled and stable
      -   element is visible, enabled and stable
      -   scrolling into view if needed
      -   done scrolling
      -   <mat-label _ngcontent-ng-c2013501738="" class="ng-tns-c3736…>Search Patient name , mrn</mat-label> from <div matformfieldnotchedoutline="" class="mdc-notched…>…</div> subtree intercepts pointer events
      - retrying click action, attempt #38
      -   waiting 500ms
      -   waiting for element to be visible, enabled and stable
      -   element is visible, enabled and stable
      -   scrolling into view if needed
      -   done scrolling
      -   <mat-label _ngcontent-ng-c2013501738="" class="ng-tns-c3736…>Search Patient name , mrn</mat-label> from <div matformfieldnotchedoutline="" class="mdc-notched…>…</div> subtree intercepts pointer events
      - retrying click action, attempt #39
      -   waiting 500ms
      -   waiting for element to be visible, enabled and stable
      -   element is visible, enabled and stable
      -   scrolling into view if needed
      -   done scrolling
      -   <mat-label _ngcontent-ng-c2013501738="" class="ng-tns-c3736…>Search Patient name , mrn</mat-label> from <div matformfieldnotchedoutline="" class="mdc-notched…>…</div> subtree intercepts pointer events
      - retrying click action, attempt #40
      -   waiting 500ms
      -   waiting for element to be visible, enabled and stable
      -   element is visible, enabled and stable
      -   scrolling into view if needed
      -   done scrolling
      -   <mat-label _ngcontent-ng-c2013501738="" class="ng-tns-c3736…>Search Patient name , mrn</mat-label> from <div matformfieldnotchedoutline="" class="mdc-notched…>…</div> subtree intercepts pointer events
      - retrying click action, attempt #41
      -   waiting 500ms
      -   waiting for element to be visible, enabled and stable
      -   element is visible, enabled and stable
      -   scrolling into view if needed
      -   done scrolling
      -   <mat-label _ngcontent-ng-c2013501738="" class="ng-tns-c3736…>Search Patient name , mrn</mat-label> from <div matformfieldnotchedoutline="" class="mdc-notched…>…</div> subtree intercepts pointer events
      - retrying click action, attempt #42
      -   waiting 500ms
      -   waiting for element to be visible, enabled and stable
      -   element is visible, enabled and stable
      -   scrolling into view if needed
      -   done scrolling
      -   <mat-label _ngcontent-ng-c2013501738="" class="ng-tns-c3736…>Search Patient name , mrn</mat-label> from <div matformfieldnotchedoutline="" class="mdc-notched…>…</div> subtree intercepts pointer events
      - retrying click action, attempt #43
      -   waiting 500ms
      -   waiting for element to be visible, enabled and stable
      -   element is visible, enabled and stable
      -   scrolling into view if needed
      -   done scrolling
      -   <mat-label _ngcontent-ng-c2013501738="" class="ng-tns-c3736…>Search Patient name , mrn</mat-label> from <div matformfieldnotchedoutline="" class="mdc-notched…>…</div> subtree intercepts pointer events
      - retrying click action, attempt #44
      -   waiting 500ms
      -   waiting for element to be visible, enabled and stable
      -   element is visible, enabled and stable
      -   scrolling into view if needed
      -   done scrolling
      -   <mat-label _ngcontent-ng-c2013501738="" class="ng-tns-c3736…>Search Patient name , mrn</mat-label> from <div matformfieldnotchedoutline="" class="mdc-notched…>…</div> subtree intercepts pointer events
      - retrying click action, attempt #45
      -   waiting 500ms
      -   waiting for element to be visible, enabled and stable
      -   element is visible, enabled and stable
      -   scrolling into view if needed
      -   done scrolling
      -   <mat-label _ngcontent-ng-c2013501738="" class="ng-tns-c3736…>Search Patient name , mrn</mat-label> from <div matformfieldnotchedoutline="" class="mdc-notched…>…</div> subtree intercepts pointer events
      - retrying click action, attempt #46
      -   waiting 500ms
      -   waiting for element to be visible, enabled and stable
      -   element is visible, enabled and stable
      -   scrolling into view if needed
      -   done scrolling
      -   <mat-label _ngcontent-ng-c2013501738="" class="ng-tns-c3736…>Search Patient name , mrn</mat-label> from <div matformfieldnotchedoutline="" class="mdc-notched…>…</div> subtree intercepts pointer events
      - retrying click action, attempt #47
      -   waiting 500ms
      -   waiting for element to be visible, enabled and stable
      -   element is visible, enabled and stable
      -   scrolling into view if needed
      -   done scrolling
      -   <mat-label _ngcontent-ng-c2013501738="" class="ng-tns-c3736…>Search Patient name , mrn</mat-label> from <div matformfieldnotchedoutline="" class="mdc-notched…>…</div> subtree intercepts pointer events
      - retrying click action, attempt #48
      -   waiting 500ms
      -   waiting for element to be visible, enabled and stable
      -   element is visible, enabled and stable
      -   scrolling into view if needed
      -   done scrolling
      -   <mat-label _ngcontent-ng-c2013501738="" class="ng-tns-c3736…>Search Patient name , mrn</mat-label> from <div matformfieldnotchedoutline="" class="mdc-notched…>…</div> subtree intercepts pointer events
      - retrying click action, attempt #49
      -   waiting 500ms
      -   waiting for element to be visible, enabled and stable
      -   element is visible, enabled and stable
      -   scrolling into view if needed
      -   done scrolling
      -   <mat-label _ngcontent-ng-c2013501738="" class="ng-tns-c3736…>Search Patient name , mrn</mat-label> from <div matformfieldnotchedoutline="" class="mdc-notched…>…</div> subtree intercepts pointer events
      - retrying click action, attempt #50
      -   waiting 500ms
      -   waiting for element to be visible, enabled and stable
      -   element is visible, enabled and stable
      -   scrolling into view if needed
      -   done scrolling
      -   <mat-label _ngcontent-ng-c2013501738="" class="ng-tns-c3736…>Search Patient name , mrn</mat-label> from <div matformfieldnotchedoutline="" class="mdc-notched…>…</div> subtree intercepts pointer events
      - retrying click action, attempt #51
      -   waiting 500ms
      -   waiting for element to be visible, enabled and stable
      -   element is visible, enabled and stable
      -   scrolling into view if needed
      -   done scrolling
      -   <mat-label _ngcontent-ng-c2013501738="" class="ng-tns-c3736…>Search Patient name , mrn</mat-label> from <div matformfieldnotchedoutline="" class="mdc-notched…>…</div> subtree intercepts pointer events
      - retrying click action, attempt #52
      -   waiting 500ms
      -   waiting for element to be visible, enabled and stable
      -   element is visible, enabled and stable
      -   scrolling into view if needed
      -   done scrolling
      -   <mat-label _ngcontent-ng-c2013501738="" class="ng-tns-c3736…>Search Patient name , mrn</mat-label> from <div matformfieldnotchedoutline="" class="mdc-notched…>…</div> subtree intercepts pointer events
      - retrying click action, attempt #53
      -   waiting 500ms
      -   waiting for element to be visible, enabled and stable
      -   element is visible, enabled and stable
      -   scrolling into view if needed
      -   done scrolling
      -   <mat-label _ngcontent-ng-c2013501738="" class="ng-tns-c3736…>Search Patient name , mrn</mat-label> from <div matformfieldnotchedoutline="" class="mdc-notched…>…</div> subtree intercepts pointer events
      - retrying click action, attempt #54
      -   waiting 500ms
      -   waiting for element to be visible, enabled and stable
      -   element is visible, enabled and stable
      -   scrolling into view if needed
      -   done scrolling
      -   <mat-label _ngcontent-ng-c2013501738="" class="ng-tns-c3736…>Search Patient name , mrn</mat-label> from <div matformfieldnotchedoutline="" class="mdc-notched…>…</div> subtree intercepts pointer events
      - retrying click action, attempt #55
      -   waiting 500ms
      -   waiting for element to be visible, enabled and stable
      -   element is visible, enabled and stable
      -   scrolling into view if needed
      -   done scrolling
      -   <mat-label _ngcontent-ng-c2013501738="" class="ng-tns-c3736…>Search Patient name , mrn</mat-label> from <div matformfieldnotchedoutline="" class="mdc-notched…>…</div> subtree intercepts pointer events
      - retrying click action, attempt #56
      -   waiting 500ms
      -   waiting for element to be visible, enabled and stable
      -   element is visible, enabled and stable
      -   scrolling into view if needed
      -   done scrolling
      -   <mat-label _ngcontent-ng-c2013501738="" class="ng-tns-c3736…>Search Patient name , mrn</mat-label> from <div matformfieldnotchedoutline="" class="mdc-notched…>…</div> subtree intercepts pointer events
      - retrying click action, attempt #57
      -   waiting 500ms
      -   waiting for element to be visible, enabled and stable
      -   element is visible, enabled and stable
      -   scrolling into view if needed
      -   done scrolling
      -   <mat-label _ngcontent-ng-c2013501738="" class="ng-tns-c3736…>Search Patient name , mrn</mat-label> from <div matformfieldnotchedoutline="" class="mdc-notched…>…</div> subtree intercepts pointer events
      - retrying click action, attempt #58
      -   waiting 500ms
      -   waiting for element to be visible, enabled and stable
      -   element is visible, enabled and stable
      -   scrolling into view if needed
      -   done scrolling
      -   <mat-label _ngcontent-ng-c2013501738="" class="ng-tns-c3736…>Search Patient name , mrn</mat-label> from <div matformfieldnotchedoutline="" class="mdc-notched…>…</div> subtree intercepts pointer events
      - retrying click action, attempt #59
      -   waiting 500ms
      -   waiting for element to be visible, enabled and stable
      -   element is visible, enabled and stable
      -   scrolling into view if needed
      -   done scrolling
      -   <mat-label _ngcontent-ng-c2013501738="" class="ng-tns-c3736…>Search Patient name , mrn</mat-label> from <div matformfieldnotchedoutline="" class="mdc-notched…>…</div> subtree intercepts pointer events
      - retrying click action, attempt #60
      -   waiting 500ms
      -   waiting for element to be visible, enabled and stable
      -   element is visible, enabled and stable
      -   scrolling into view if needed
      -   done scrolling
      -   <mat-label _ngcontent-ng-c2013501738="" class="ng-tns-c3736…>Search Patient name , mrn</mat-label> from <div matformfieldnotchedoutline="" class="mdc-notched…>…</div> subtree intercepts pointer events
      - retrying click action, attempt #61
      -   waiting 500ms
      -   waiting for element to be visible, enabled and stable
      -   element is visible, enabled and stable
      -   scrolling into view if needed
      -   done scrolling
      -   <mat-label _ngcontent-ng-c2013501738="" class="ng-tns-c3736…>Search Patient name , mrn</mat-label> from <div matformfieldnotchedoutline="" class="mdc-notched…>…</div> subtree intercepts pointer events
      - retrying click action, attempt #62
      -   waiting 500ms
      -   waiting for element to be visible, enabled and stable
      -   element is visible, enabled and stable
      -   scrolling into view if needed
      -   done scrolling
      -   <mat-label _ngcontent-ng-c2013501738="" class="ng-tns-c3736…>Search Patient name , mrn</mat-label> from <div matformfieldnotchedoutline="" class="mdc-notched…>…</div> subtree intercepts pointer events
      - retrying click action, attempt #63
      -   waiting 500ms
      -   waiting for element to be visible, enabled and stable
      -   element is visible, enabled and stable
      -   scrolling into view if needed
      -   done scrolling
      -   <mat-label _ngcontent-ng-c2013501738="" class="ng-tns-c3736…>Search Patient name , mrn</mat-label> from <div matformfieldnotchedoutline="" class="mdc-notched…>…</div> subtree intercepts pointer events
      - retrying click action, attempt #64
      -   waiting 500ms
      -   waiting for element to be visible, enabled and stable
      -   element is visible, enabled and stable
      -   scrolling into view if needed
      -   done scrolling
      -   <mat-label _ngcontent-ng-c2013501738="" class="ng-tns-c3736…>Search Patient name , mrn</mat-label> from <div matformfieldnotchedoutline="" class="mdc-notched…>…</div> subtree intercepts pointer events
      - retrying click action, attempt #65
      -   waiting 500ms
      -   waiting for element to be visible, enabled and stable
      -   element is visible, enabled and stable
      -   scrolling into view if needed
      -   done scrolling
      -   <mat-label _ngcontent-ng-c2013501738="" class="ng-tns-c3736…>Search Patient name , mrn</mat-label> from <div matformfieldnotchedoutline="" class="mdc-notched…>…</div> subtree intercepts pointer events
      - retrying click action, attempt #66
      -   waiting 500ms
      -   waiting for element to be visible, enabled and stable
      -   element is visible, enabled and stable
      -   scrolling into view if needed
      -   done scrolling
      -   <mat-label _ngcontent-ng-c2013501738="" class="ng-tns-c3736…>Search Patient name , mrn</mat-label> from <div matformfieldnotchedoutline="" class="mdc-notched…>…</div> subtree intercepts pointer events
      - retrying click action, attempt #67
      -   waiting 500ms
      -   waiting for element to be visible, enabled and stable
      -   element is visible, enabled and stable
      -   scrolling into view if needed
      -   done scrolling
      -   <mat-label _ngcontent-ng-c2013501738="" class="ng-tns-c3736…>Search Patient name , mrn</mat-label> from <div matformfieldnotchedoutline="" class="mdc-notched…>…</div> subtree intercepts pointer events
      - retrying click action, attempt #68
      -   waiting 500ms
      -   waiting for element to be visible, enabled and stable
      -   element is visible, enabled and stable
      -   scrolling into view if needed
      -   done scrolling
      -   <mat-label _ngcontent-ng-c2013501738="" class="ng-tns-c3736…>Search Patient name , mrn</mat-label> from <div matformfieldnotchedoutline="" class="mdc-notched…>…</div> subtree intercepts pointer events
      - retrying click action, attempt #69
      -   waiting 500ms
      -   waiting for element to be visible, enabled and stable
      -   element is visible, enabled and stable
      -   scrolling into view if needed
      -   done scrolling
      -   <mat-label _ngcontent-ng-c2013501738="" class="ng-tns-c3736…>Search Patient name , mrn</mat-label> from <div matformfieldnotchedoutline="" class="mdc-notched…>…</div> subtree intercepts pointer events
      - retrying click action, attempt #70
      -   waiting 500ms
      -   waiting for element to be visible, enabled and stable
      -   element is visible, enabled and stable
      -   scrolling into view if needed
      -   done scrolling
      -   <mat-label _ngcontent-ng-c2013501738="" class="ng-tns-c3736…>Search Patient name , mrn</mat-label> from <div matformfieldnotchedoutline="" class="mdc-notched…>…</div> subtree intercepts pointer events
      - retrying click action, attempt #71
      -   waiting 500ms
      -   waiting for element to be visible, enabled and stable
      -   element is visible, enabled and stable
      -   scrolling into view if needed
      -   done scrolling
      -   <mat-label _ngcontent-ng-c2013501738="" class="ng-tns-c3736…>Search Patient name , mrn</mat-label> from <div matformfieldnotchedoutline="" class="mdc-notched…>…</div> subtree intercepts pointer events
      - retrying click action, attempt #72
      -   waiting 500ms
      -   waiting for element to be visible, enabled and stable
      -   element is visible, enabled and stable
      -   scrolling into view if needed
      -   done scrolling
      -   <mat-label _ngcontent-ng-c2013501738="" class="ng-tns-c3736…>Search Patient name , mrn</mat-label> from <div matformfieldnotchedoutline="" class="mdc-notched…>…</div> subtree intercepts pointer events
      - retrying click action, attempt #73
      -   waiting 500ms
      -   waiting for element to be visible, enabled and stable
      -   element is visible, enabled and stable
      -   scrolling into view if needed
      -   done scrolling
      -   <mat-label _ngcontent-ng-c2013501738="" class="ng-tns-c3736…>Search Patient name , mrn</mat-label> from <div matformfieldnotchedoutline="" class="mdc-notched…>…</div> subtree intercepts pointer events
      - retrying click action, attempt #74
      -   waiting 500ms
      -   waiting for element to be visible, enabled and stable
      -   element is visible, enabled and stable
      -   scrolling into view if needed
      -   done scrolling
      -   <mat-label _ngcontent-ng-c2013501738="" class="ng-tns-c3736…>Search Patient name , mrn</mat-label> from <div matformfieldnotchedoutline="" class="mdc-notched…>…</div> subtree intercepts pointer events
      - retrying click action, attempt #75
      -   waiting 500ms
      -   waiting for element to be visible, enabled and stable
      -   element is visible, enabled and stable
      -   scrolling into view if needed
      -   done scrolling
      -   <mat-label _ngcontent-ng-c2013501738="" class="ng-tns-c3736…>Search Patient name , mrn</mat-label> from <div matformfieldnotchedoutline="" class="mdc-notched…>…</div> subtree intercepts pointer events
      - retrying click action, attempt #76
      -   waiting 500ms
      -   waiting for element to be visible, enabled and stable
      -   element is visible, enabled and stable
      -   scrolling into view if needed
      -   done scrolling
      -   <mat-label _ngcontent-ng-c2013501738="" class="ng-tns-c3736…>Search Patient name , mrn</mat-label> from <div matformfieldnotchedoutline="" class="mdc-notched…>…</div> subtree intercepts pointer events
      - retrying click action, attempt #77
      -   waiting 500ms
      -   waiting for element to be visible, enabled and stable
      -   element is visible, enabled and stable
      -   scrolling into view if needed
      -   done scrolling
      -   <mat-label _ngcontent-ng-c2013501738="" class="ng-tns-c3736…>Search Patient name , mrn</mat-label> from <div matformfieldnotchedoutline="" class="mdc-notched…>…</div> subtree intercepts pointer events
      - retrying click action, attempt #78
      -   waiting 500ms
      -   waiting for element to be visible, enabled and stable
      -   element is visible, enabled and stable
      -   scrolling into view if needed
      -   done scrolling
      -   <mat-label _ngcontent-ng-c2013501738="" class="ng-tns-c3736…>Search Patient name , mrn</mat-label> from <div matformfieldnotchedoutline="" class="mdc-notched…>…</div> subtree intercepts pointer events
      - retrying click action, attempt #79
      -   waiting 500ms
      -   waiting for element to be visible, enabled and stable
      -   element is visible, enabled and stable
      -   scrolling into view if needed
      -   done scrolling
      -   <mat-label _ngcontent-ng-c2013501738="" class="ng-tns-c3736…>Search Patient name , mrn</mat-label> from <div matformfieldnotchedoutline="" class="mdc-notched…>…</div> subtree intercepts pointer events
      - retrying click action, attempt #80
      -   waiting 500ms
      -   waiting for element to be visible, enabled and stable
      -   element is visible, enabled and stable
      -   scrolling into view if needed
      -   done scrolling
      -   <mat-label _ngcontent-ng-c2013501738="" class="ng-tns-c3736…>Search Patient name , mrn</mat-label> from <div matformfieldnotchedoutline="" class="mdc-notched…>…</div> subtree intercepts pointer events
      - retrying click action, attempt #81
      -   waiting 500ms
      -   waiting for element to be visible, enabled and stable
      -   element is visible, enabled and stable
      -   scrolling into view if needed
      -   done scrolling
      -   <mat-label _ngcontent-ng-c2013501738="" class="ng-tns-c3736…>Search Patient name , mrn</mat-label> from <div matformfieldnotchedoutline="" class="mdc-notched…>…</div> subtree intercepts pointer events
      - retrying click action, attempt #82
      -   waiting 500ms
      -   waiting for element to be visible, enabled and stable
      -   element is visible, enabled and stable
      -   scrolling into view if needed
      -   done scrolling
      -   <mat-label _ngcontent-ng-c2013501738="" class="ng-tns-c3736…>Search Patient name , mrn</mat-label> from <div matformfieldnotchedoutline="" class="mdc-notched…>…</div> subtree intercepts pointer events
      - retrying click action, attempt #83
      -   waiting 500ms
      -   waiting for element to be visible, enabled and stable
      -   element is visible, enabled and stable
      -   scrolling into view if needed
      -   done scrolling
      -   <mat-label _ngcontent-ng-c2013501738="" class="ng-tns-c3736…>Search Patient name , mrn</mat-label> from <div matformfieldnotchedoutline="" class="mdc-notched…>…</div> subtree intercepts pointer events
      - retrying click action, attempt #84
      -   waiting 500ms
      -   waiting for element to be visible, enabled and stable
      -   element is visible, enabled and stable
      -   scrolling into view if needed
      -   done scrolling
      -   <mat-label _ngcontent-ng-c2013501738="" class="ng-tns-c3736…>Search Patient name , mrn</mat-label> from <div matformfieldnotchedoutline="" class="mdc-notched…>…</div> subtree intercepts pointer events
      - retrying click action, attempt #85
      -   waiting 500ms
      -   waiting for element to be visible, enabled and stable
      -   element is visible, enabled and stable
      -   scrolling into view if needed
      -   done scrolling
      -   <mat-label _ngcontent-ng-c2013501738="" class="ng-tns-c3736…>Search Patient name , mrn</mat-label> from <div matformfieldnotchedoutline="" class="mdc-notched…>…</div> subtree intercepts pointer events
      - retrying click action, attempt #86
      -   waiting 500ms
      -   waiting for element to be visible, enabled and stable
      -   element is visible, enabled and stable
      -   scrolling into view if needed
      -   done scrolling
      -   <mat-label _ngcontent-ng-c2013501738="" class="ng-tns-c3736…>Search Patient name , mrn</mat-label> from <div matformfieldnotchedoutline="" class="mdc-notched…>…</div> subtree intercepts pointer events
      - retrying click action, attempt #87
      -   waiting 500ms
      -   waiting for element to be visible, enabled and stable
      -   element is visible, enabled and stable
      -   scrolling into view if needed
      -   done scrolling
      -   <mat-label _ngcontent-ng-c2013501738="" class="ng-tns-c3736…>Search Patient name , mrn</mat-label> from <div matformfieldnotchedoutline="" class="mdc-notched…>…</div> subtree intercepts pointer events
      - retrying click action, attempt #88
      -   waiting 500ms
      -   waiting for element to be visible, enabled and stable
      -   element is visible, enabled and stable
      -   scrolling into view if needed
      -   done scrolling
      -   <mat-label _ngcontent-ng-c2013501738="" class="ng-tns-c3736…>Search Patient name , mrn</mat-label> from <div matformfieldnotchedoutline="" class="mdc-notched…>…</div> subtree intercepts pointer events
      - retrying click action, attempt #89
      -   waiting 500ms
      -   waiting for element to be visible, enabled and stable
      -   element is visible, enabled and stable
      -   scrolling into view if needed
      -   done scrolling
      -   <mat-label _ngcontent-ng-c2013501738="" class="ng-tns-c3736…>Search Patient name , mrn</mat-label> from <div matformfieldnotchedoutline="" class="mdc-notched…>…</div> subtree intercepts pointer events
      - retrying click action, attempt #90
      -   waiting 500ms
      -   waiting for element to be visible, enabled and stable
      -   element is visible, enabled and stable
      -   scrolling into view if needed
      -   done scrolling
      -   <mat-label _ngcontent-ng-c2013501738="" class="ng-tns-c3736…>Search Patient name , mrn</mat-label> from <div matformfieldnotchedoutline="" class="mdc-notched…>…</div> subtree intercepts pointer events
      - retrying click action, attempt #91
      -   waiting 500ms
      -   waiting for element to be visible, enabled and stable
      -   element is visible, enabled and stable
      -   scrolling into view if needed
      -   done scrolling
      -   <mat-label _ngcontent-ng-c2013501738="" class="ng-tns-c3736…>Search Patient name , mrn</mat-label> from <div matformfieldnotchedoutline="" class="mdc-notched…>…</div> subtree intercepts pointer events
      - retrying click action, attempt #92
      -   waiting 500ms
      -   waiting for element to be visible, enabled and stable
      -   element is visible, enabled and stable
      -   scrolling into view if needed
      -   done scrolling
      -   <mat-label _ngcontent-ng-c2013501738="" class="ng-tns-c3736…>Search Patient name , mrn</mat-label> from <div matformfieldnotchedoutline="" class="mdc-notched…>…</div> subtree intercepts pointer events
      - retrying click action, attempt #93
      -   waiting 500ms
      -   waiting for element to be visible, enabled and stable
      -   element is visible, enabled and stable
      -   scrolling into view if needed
      -   done scrolling
      -   <mat-label _ngcontent-ng-c2013501738="" class="ng-tns-c3736…>Search Patient name , mrn</mat-label> from <div matformfieldnotchedoutline="" class="mdc-notched…>…</div> subtree intercepts pointer events
      - retrying click action, attempt #94
      -   waiting 500ms
      -   waiting for element to be visible, enabled and stable
      -   element is visible, enabled and stable
      -   scrolling into view if needed
      -   done scrolling
      -   <mat-label _ngcontent-ng-c2013501738="" class="ng-tns-c3736…>Search Patient name , mrn</mat-label> from <div matformfieldnotchedoutline="" class="mdc-notched…>…</div> subtree intercepts pointer events
      - retrying click action, attempt #95
      -   waiting 500ms
      -   waiting for element to be visible, enabled and stable
      -   element is visible, enabled and stable
      -   scrolling into view if needed
      -   done scrolling
      -   <mat-label _ngcontent-ng-c2013501738="" class="ng-tns-c3736…>Search Patient name , mrn</mat-label> from <div matformfieldnotchedoutline="" class="mdc-notched…>…</div> subtree intercepts pointer events
      - retrying click action, attempt #96
      -   waiting 500ms
      -   waiting for element to be visible, enabled and stable
      -   element is visible, enabled and stable
      -   scrolling into view if needed
      -   done scrolling
      -   <mat-label _ngcontent-ng-c2013501738="" class="ng-tns-c3736…>Search Patient name , mrn</mat-label> from <div matformfieldnotchedoutline="" class="mdc-notched…>…</div> subtree intercepts pointer events
      - retrying click action, attempt #97
      -   waiting 500ms
      -   waiting for element to be visible, enabled and stable
      -   element is visible, enabled and stable
      -   scrolling into view if needed
      -   done scrolling
      -   <mat-label _ngcontent-ng-c2013501738="" class="ng-tns-c3736…>Search Patient name , mrn</mat-label> from <div matformfieldnotchedoutline="" class="mdc-notched…>…</div> subtree intercepts pointer events
      - retrying click action, attempt #98
      -   waiting 500ms
      -   waiting for element to be visible, enabled and stable
      -   element is visible, enabled and stable
      -   scrolling into view if needed
      -   done scrolling
      -   <mat-label _ngcontent-ng-c2013501738="" class="ng-tns-c3736…>Search Patient name , mrn</mat-label> from <div matformfieldnotchedoutline="" class="mdc-notched…>…</div> subtree intercepts pointer events
      - retrying click action, attempt #99
      -   waiting 500ms
      -   waiting for element to be visible, enabled and stable
      -   element is visible, enabled and stable
      -   scrolling into view if needed
      -   done scrolling
      -   <mat-label _ngcontent-ng-c2013501738="" class="ng-tns-c3736…>Search Patient name , mrn</mat-label> from <div matformfieldnotchedoutline="" class="mdc-notched…>…</div> subtree intercepts pointer events
      - retrying click action, attempt #100
      -   waiting 500ms
      -   waiting for element to be visible, enabled and stable
      -   element is visible, enabled and stable
      -   scrolling into view if needed
      -   done scrolling
      -   <mat-label _ngcontent-ng-c2013501738="" class="ng-tns-c3736…>Search Patient name , mrn</mat-label> from <div matformfieldnotchedoutline="" class="mdc-notched…>…</div> subtree intercepts pointer events
      - retrying click action, attempt #101
      -   waiting 500ms
      -   waiting for element to be visible, enabled and stable
      -   element is visible, enabled and stable
      -   scrolling into view if needed
      -   done scrolling
      -   <mat-label _ngcontent-ng-c2013501738="" class="ng-tns-c3736…>Search Patient name , mrn</mat-label> from <div matformfieldnotchedoutline="" class="mdc-notched…>…</div> subtree intercepts pointer events
      - retrying click action, attempt #102
      -   waiting 500ms
      -   waiting for element to be visible, enabled and stable
      -   element is visible, enabled and stable
      -   scrolling into view if needed
      -   done scrolling
      -   <mat-label _ngcontent-ng-c2013501738="" class="ng-tns-c3736…>Search Patient name , mrn</mat-label> from <div matformfieldnotchedoutline="" class="mdc-notched…>…</div> subtree intercepts pointer events
      - retrying click action, attempt #103
      -   waiting 500ms
      -   waiting for element to be visible, enabled and stable
      -   element is visible, enabled and stable
      -   scrolling into view if needed
      -   done scrolling
      -   <mat-label _ngcontent-ng-c2013501738="" class="ng-tns-c3736…>Search Patient name , mrn</mat-label> from <div matformfieldnotchedoutline="" class="mdc-notched…>…</div> subtree intercepts pointer events
      - retrying click action, attempt #104
      -   waiting 500ms
      -   waiting for element to be visible, enabled and stable
      -   element is visible, enabled and stable
      -   scrolling into view if needed
      -   done scrolling
      -   <mat-label _ngcontent-ng-c2013501738="" class="ng-tns-c3736…>Search Patient name , mrn</mat-label> from <div matformfieldnotchedoutline="" class="mdc-notched…>…</div> subtree intercepts pointer events
      - retrying click action, attempt #105
      -   waiting 500ms
      -   waiting for element to be visible, enabled and stable
      -   element is visible, enabled and stable
      -   scrolling into view if needed
      -   done scrolling
      -   <mat-label _ngcontent-ng-c2013501738="" class="ng-tns-c3736…>Search Patient name , mrn</mat-label> from <div matformfieldnotchedoutline="" class="mdc-notched…>…</div> subtree intercepts pointer events
      - retrying click action, attempt #106
      -   waiting 500ms
      -   waiting for element to be visible, enabled and stable
      -   element is visible, enabled and stable
      -   scrolling into view if needed
      -   done scrolling
      -   <mat-label _ngcontent-ng-c2013501738="" class="ng-tns-c3736…>Search Patient name , mrn</mat-label> from <div matformfieldnotchedoutline="" class="mdc-notched…>…</div> subtree intercepts pointer events
      - retrying click action, attempt #107
      -   waiting 500ms
      -   waiting for element to be visible, enabled and stable
      -   element is visible, enabled and stable
      -   scrolling into view if needed
      -   done scrolling
      -   <mat-label _ngcontent-ng-c2013501738="" class="ng-tns-c3736…>Search Patient name , mrn</mat-label> from <div matformfieldnotchedoutline="" class="mdc-notched…>…</div> subtree intercepts pointer events
      - retrying click action, attempt #108
      -   waiting 500ms
      -   waiting for element to be visible, enabled and stable
      -   element is visible, enabled and stable
      -   scrolling into view if needed
      -   done scrolling
      -   <mat-label _ngcontent-ng-c2013501738="" class="ng-tns-c3736…>Search Patient name , mrn</mat-label> from <div matformfieldnotchedoutline="" class="mdc-notched…>…</div> subtree intercepts pointer events
      - retrying click action, attempt #109
      -   waiting 500ms
      -   waiting for element to be visible, enabled and stable
      -   element is visible, enabled and stable
      -   scrolling into view if needed
      -   done scrolling
      -   <mat-label _ngcontent-ng-c2013501738="" class="ng-tns-c3736…>Search Patient name , mrn</mat-label> from <div matformfieldnotchedoutline="" class="mdc-notched…>…</div> subtree intercepts pointer events
      - retrying click action, attempt #110
      -   waiting 500ms
      -   waiting for element to be visible, enabled and stable
      -   element is visible, enabled and stable
      -   scrolling into view if needed
      -   done scrolling
      -   <mat-label _ngcontent-ng-c2013501738="" class="ng-tns-c3736…>Search Patient name , mrn</mat-label> from <div matformfieldnotchedoutline="" class="mdc-notched…>…</div> subtree intercepts pointer events
      - retrying click action, attempt #111
      -   waiting 500ms
      -   waiting for element to be visible, enabled and stable
      -   element is visible, enabled and stable
      -   scrolling into view if needed
      -   done scrolling
      -   <mat-label _ngcontent-ng-c2013501738="" class="ng-tns-c3736…>Search Patient name , mrn</mat-label> from <div matformfieldnotchedoutline="" class="mdc-notched…>…</div> subtree intercepts pointer events
      - retrying click action, attempt #112
      -   waiting 500ms
      -   waiting for element to be visible, enabled and stable
      -   element is visible, enabled and stable
      -   scrolling into view if needed
      -   done scrolling
      -   <mat-label _ngcontent-ng-c2013501738="" class="ng-tns-c3736…>Search Patient name , mrn</mat-label> from <div matformfieldnotchedoutline="" class="mdc-notched…>…</div> subtree intercepts pointer events
      - retrying click action, attempt #113
      -   waiting 500ms
      -   waiting for element to be visible, enabled and stable
      -   element is visible, enabled and stable
      -   scrolling into view if needed
      -   done scrolling
      -   <mat-label _ngcontent-ng-c2013501738="" class="ng-tns-c3736…>Search Patient name , mrn</mat-label> from <div matformfieldnotchedoutline="" class="mdc-notched…>…</div> subtree intercepts pointer events
      - retrying click action, attempt #114
      -   waiting 500ms
      -   waiting for element to be visible, enabled and stable
      -   element is visible, enabled and stable
      -   scrolling into view if needed
      -   done scrolling
      -   <mat-label _ngcontent-ng-c2013501738="" class="ng-tns-c3736…>Search Patient name , mrn</mat-label> from <div matformfieldnotchedoutline="" class="mdc-notched…>…</div> subtree intercepts pointer events
      - retrying click action, attempt #115
      -   waiting 500ms
      -   waiting for element to be visible, enabled and stable
      -   element is visible, enabled and stable
      -   scrolling into view if needed
      -   done scrolling
      -   <mat-label _ngcontent-ng-c2013501738="" class="ng-tns-c3736…>Search Patient name , mrn</mat-label> from <div matformfieldnotchedoutline="" class="mdc-notched…>…</div> subtree intercepts pointer events
      - retrying click action, attempt #116
      -   waiting 500ms
      -   waiting for element to be visible, enabled and stable
      -   element is visible, enabled and stable
      -   scrolling into view if needed
      -   done scrolling
      -   <mat-label _ngcontent-ng-c2013501738="" class="ng-tns-c3736…>Search Patient name , mrn</mat-label> from <div matformfieldnotchedoutline="" class="mdc-notched…>…</div> subtree intercepts pointer events
      - retrying click action, attempt #117
      -   waiting 500ms
      -   waiting for element to be visible, enabled and stable
      -   element is visible, enabled and stable
      -   scrolling into view if needed
      -   done scrolling
      -   <mat-label _ngcontent-ng-c2013501738="" class="ng-tns-c3736…>Search Patient name , mrn</mat-label> from <div matformfieldnotchedoutline="" class="mdc-notched…>…</div> subtree intercepts pointer events
      - retrying click action, attempt #118
      -   waiting 500ms
      -   waiting for element to be visible, enabled and stable
      -   element is visible, enabled and stable
      -   scrolling into view if needed
      -   done scrolling
      -   <mat-label _ngcontent-ng-c2013501738="" class="ng-tns-c3736…>Search Patient name , mrn</mat-label> from <div matformfieldnotchedoutline="" class="mdc-notched…>…</div> subtree intercepts pointer events
      - retrying click action, attempt #119
      -   waiting 500ms
      -   waiting for element to be visible, enabled and stable
      -   element is visible, enabled and stable
      -   scrolling into view if needed
      -   done scrolling
      -   <mat-label _ngcontent-ng-c2013501738="" class="ng-tns-c3736…>Search Patient name , mrn</mat-label> from <div matformfieldnotchedoutline="" class="mdc-notched…>…</div> subtree intercepts pointer events
      - retrying click action, attempt #120
      -   waiting 500ms
      -   waiting for element to be visible, enabled and stable
      -   element is visible, enabled and stable
      -   scrolling into view if needed
      -   done scrolling
      -   <mat-label _ngcontent-ng-c2013501738="" class="ng-tns-c3736…>Search Patient name , mrn</mat-label> from <div matformfieldnotchedoutline="" class="mdc-notched…>…</div> subtree intercepts pointer events
      - retrying click action, attempt #121
      -   waiting 500ms
      -   waiting for element to be visible, enabled and stable
      -   element is visible, enabled and stable
      -   scrolling into view if needed
      -   done scrolling
      -   <mat-label _ngcontent-ng-c2013501738="" class="ng-tns-c3736…>Search Patient name , mrn</mat-label> from <div matformfieldnotchedoutline="" class="mdc-notched…>…</div> subtree intercepts pointer events
      - retrying click action, attempt #122
      -   waiting 500ms
      -   waiting for element to be visible, enabled and stable
      -   element is visible, enabled and stable
      -   scrolling into view if needed
      -   done scrolling
      -   <mat-label _ngcontent-ng-c2013501738="" class="ng-tns-c3736…>Search Patient name , mrn</mat-label> from <div matformfieldnotchedoutline="" class="mdc-notched…>…</div> subtree intercepts pointer events
      - retrying click action, attempt #123
      -   waiting 500ms
      -   waiting for element to be visible, enabled and stable
      -   element is visible, enabled and stable
      -   scrolling into view if needed
      -   done scrolling
      -   <mat-label _ngcontent-ng-c2013501738="" class="ng-tns-c3736…>Search Patient name , mrn</mat-label> from <div matformfieldnotchedoutline="" class="mdc-notched…>…</div> subtree intercepts pointer events
      - retrying click action, attempt #124
      -   waiting 500ms
      -   waiting for element to be visible, enabled and stable
      -   element is visible, enabled and stable
      -   scrolling into view if needed
      -   done scrolling
      -   <mat-label _ngcontent-ng-c2013501738="" class="ng-tns-c3736…>Search Patient name , mrn</mat-label> from <div matformfieldnotchedoutline="" class="mdc-notched…>…</div> subtree intercepts pointer events
      - retrying click action, attempt #125
      -   waiting 500ms
      -   waiting for element to be visible, enabled and stable
      -   element is visible, enabled and stable
      -   scrolling into view if needed
      -   done scrolling
      -   <mat-label _ngcontent-ng-c2013501738="" class="ng-tns-c3736…>Search Patient name , mrn</mat-label> from <div matformfieldnotchedoutline="" class="mdc-notched…>…</div> subtree intercepts pointer events
      - retrying click action, attempt #126
      -   waiting 500ms
      -   waiting for element to be visible, enabled and stable
      -   element is visible, enabled and stable
      -   scrolling into view if needed
      -   done scrolling
      -   <mat-label _ngcontent-ng-c2013501738="" class="ng-tns-c3736…>Search Patient name , mrn</mat-label> from <div matformfieldnotchedoutline="" class="mdc-notched…>…</div> subtree intercepts pointer events
      - retrying click action, attempt #127
      -   waiting 500ms
      -   waiting for element to be visible, enabled and stable
      -   element is visible, enabled and stable
      -   scrolling into view if needed
      -   done scrolling
      -   <mat-label _ngcontent-ng-c2013501738="" class="ng-tns-c3736…>Search Patient name , mrn</mat-label> from <div matformfieldnotchedoutline="" class="mdc-notched…>…</div> subtree intercepts pointer events
      - retrying click action, attempt #128
      -   waiting 500ms
      -   waiting for element to be visible, enabled and stable
      -   element is visible, enabled and stable
      -   scrolling into view if needed
      -   done scrolling
      -   <mat-label _ngcontent-ng-c2013501738="" class="ng-tns-c3736…>Search Patient name , mrn</mat-label> from <div matformfieldnotchedoutline="" class="mdc-notched…>…</div> subtree intercepts pointer events
      - retrying click action, attempt #129
      -   waiting 500ms
      -   waiting for element to be visible, enabled and stable
      -   element is visible, enabled and stable
      -   scrolling into view if needed
      -   done scrolling
      -   <mat-label _ngcontent-ng-c2013501738="" class="ng-tns-c3736…>Search Patient name , mrn</mat-label> from <div matformfieldnotchedoutline="" class="mdc-notched…>…</div> subtree intercepts pointer events
      - retrying click action, attempt #130
      -   waiting 500ms
      -   waiting for element to be visible, enabled and stable
      -   element is visible, enabled and stable
      -   scrolling into view if needed
      -   done scrolling
      -   <mat-label _ngcontent-ng-c2013501738="" class="ng-tns-c3736…>Search Patient name , mrn</mat-label> from <div matformfieldnotchedoutline="" class="mdc-notched…>…</div> subtree intercepts pointer events
      - retrying click action, attempt #131
      -   waiting 500ms
      -   waiting for element to be visible, enabled and stable
      -   element is visible, enabled and stable
      -   scrolling into view if needed
      -   done scrolling
      -   <mat-label _ngcontent-ng-c2013501738="" class="ng-tns-c3736…>Search Patient name , mrn</mat-label> from <div matformfieldnotchedoutline="" class="mdc-notched…>…</div> subtree intercepts pointer events
      - retrying click action, attempt #132
      -   waiting 500ms
      -   waiting for element to be visible, enabled and stable
      -   element is visible, enabled and stable
      -   scrolling into view if needed
      -   done scrolling
      -   <mat-label _ngcontent-ng-c2013501738="" class="ng-tns-c3736…>Search Patient name , mrn</mat-label> from <div matformfieldnotchedoutline="" class="mdc-notched…>…</div> subtree intercepts pointer events
      - retrying click action, attempt #133
      -   waiting 500ms
      -   waiting for element to be visible, enabled and stable
      -   element is visible, enabled and stable
      -   scrolling into view if needed
      -   done scrolling
      -   <mat-label _ngcontent-ng-c2013501738="" class="ng-tns-c3736…>Search Patient name , mrn</mat-label> from <div matformfieldnotchedoutline="" class="mdc-notched…>…</div> subtree intercepts pointer events
      - retrying click action, attempt #134
      -   waiting 500ms
      -   waiting for element to be visible, enabled and stable
      -   element is visible, enabled and stable
      -   scrolling into view if needed
      -   done scrolling
      -   <mat-label _ngcontent-ng-c2013501738="" class="ng-tns-c3736…>Search Patient name , mrn</mat-label> from <div matformfieldnotchedoutline="" class="mdc-notched…>…</div> subtree intercepts pointer events
      - retrying click action, attempt #135
      -   waiting 500ms
      -   waiting for element to be visible, enabled and stable
      -   element is visible, enabled and stable
      -   scrolling into view if needed
      -   done scrolling
      -   <mat-label _ngcontent-ng-c2013501738="" class="ng-tns-c3736…>Search Patient name , mrn</mat-label> from <div matformfieldnotchedoutline="" class="mdc-notched…>…</div> subtree intercepts pointer events
      - retrying click action, attempt #136
      -   waiting 500ms
      -   waiting for element to be visible, enabled and stable
      -   element is visible, enabled and stable
      -   scrolling into view if needed
      -   done scrolling
      -   <mat-label _ngcontent-ng-c2013501738="" class="ng-tns-c3736…>Search Patient name , mrn</mat-label> from <div matformfieldnotchedoutline="" class="mdc-notched…>…</div> subtree intercepts pointer events
      - retrying click action, attempt #137
      -   waiting 500ms
      -   waiting for element to be visible, enabled and stable
      -   element is visible, enabled and stable
      -   scrolling into view if needed
      -   done scrolling
      -   <mat-label _ngcontent-ng-c2013501738="" class="ng-tns-c3736…>Search Patient name , mrn</mat-label> from <div matformfieldnotchedoutline="" class="mdc-notched…>…</div> subtree intercepts pointer events
      - retrying click action, attempt #138
      -   waiting 500ms
      -   waiting for element to be visible, enabled and stable
      -   element is visible, enabled and stable
      -   scrolling into view if needed
      -   done scrolling
      -   <mat-label _ngcontent-ng-c2013501738="" class="ng-tns-c3736…>Search Patient name , mrn</mat-label> from <div matformfieldnotchedoutline="" class="mdc-notched…>…</div> subtree intercepts pointer events
      - retrying click action, attempt #139
      -   waiting 500ms
      -   waiting for element to be visible, enabled and stable
      -   element is visible, enabled and stable
      -   scrolling into view if needed
      -   done scrolling
      -   <mat-label _ngcontent-ng-c2013501738="" class="ng-tns-c3736…>Search Patient name , mrn</mat-label> from <div matformfieldnotchedoutline="" class="mdc-notched…>…</div> subtree intercepts pointer events
      - retrying click action, attempt #140
      -   waiting 500ms
      -   waiting for element to be visible, enabled and stable
      -   element is visible, enabled and stable
      -   scrolling into view if needed
      -   done scrolling
      -   <mat-label _ngcontent-ng-c2013501738="" class="ng-tns-c3736…>Search Patient name , mrn</mat-label> from <div matformfieldnotchedoutline="" class="mdc-notched…>…</div> subtree intercepts pointer events
      - retrying click action, attempt #141
      -   waiting 500ms
      -   waiting for element to be visible, enabled and stable
      -   element is visible, enabled and stable
      -   scrolling into view if needed
      -   done scrolling
      -   <mat-label _ngcontent-ng-c2013501738="" class="ng-tns-c3736…>Search Patient name , mrn</mat-label> from <div matformfieldnotchedoutline="" class="mdc-notched…>…</div> subtree intercepts pointer events
      - retrying click action, attempt #142
      -   waiting 500ms
      -   waiting for element to be visible, enabled and stable
      -   element is visible, enabled and stable
      -   scrolling into view if needed
      -   done scrolling
      -   <mat-label _ngcontent-ng-c2013501738="" class="ng-tns-c3736…>Search Patient name , mrn</mat-label> from <div matformfieldnotchedoutline="" class="mdc-notched…>…</div> subtree intercepts pointer events
      - retrying click action, attempt #143
      -   waiting 500ms
      -   waiting for element to be visible, enabled and stable
      -   element is visible, enabled and stable
      -   scrolling into view if needed
      -   done scrolling
      -   <mat-label _ngcontent-ng-c2013501738="" class="ng-tns-c3736…>Search Patient name , mrn</mat-label> from <div matformfieldnotchedoutline="" class="mdc-notched…>…</div> subtree intercepts pointer events
      - retrying click action, attempt #144
      -   waiting 500ms
      -   waiting for element to be visible, enabled and stable
      -   element is visible, enabled and stable
      -   scrolling into view if needed
      -   done scrolling
      -   <mat-label _ngcontent-ng-c2013501738="" class="ng-tns-c3736…>Search Patient name , mrn</mat-label> from <div matformfieldnotchedoutline="" class="mdc-notched…>…</div> subtree intercepts pointer events
      - retrying click action, attempt #145
      -   waiting 500ms
      -   waiting for element to be visible, enabled and stable
      -   element is visible, enabled and stable
      -   scrolling into view if needed
      -   done scrolling
      -   <mat-label _ngcontent-ng-c2013501738="" class="ng-tns-c3736…>Search Patient name , mrn</mat-label> from <div matformfieldnotchedoutline="" class="mdc-notched…>…</div> subtree intercepts pointer events
      - retrying click action, attempt #146
      -   waiting 500ms
      -   waiting for element to be visible, enabled and stable
      -   element is visible, enabled and stable
      -   scrolling into view if needed
      -   done scrolling
      -   <mat-label _ngcontent-ng-c2013501738="" class="ng-tns-c3736…>Search Patient name , mrn</mat-label> from <div matformfieldnotchedoutline="" class="mdc-notched…>…</div> subtree intercepts pointer events
      - retrying click action, attempt #147
      -   waiting 500ms
      -   waiting for element to be visible, enabled and stable
      -   element is visible, enabled and stable
      -   scrolling into view if needed
      -   done scrolling
      -   <mat-label _ngcontent-ng-c2013501738="" class="ng-tns-c3736…>Search Patient name , mrn</mat-label> from <div matformfieldnotchedoutline="" class="mdc-notched…>…</div> subtree intercepts pointer events
      - retrying click action, attempt #148
      -   waiting 500ms
      -   waiting for element to be visible, enabled and stable
      -   element is visible, enabled and stable
      -   scrolling into view if needed
      -   done scrolling
      -   <mat-label _ngcontent-ng-c2013501738="" class="ng-tns-c3736…>Search Patient name , mrn</mat-label> from <div matformfieldnotchedoutline="" class="mdc-notched…>…</div> subtree intercepts pointer events
      - retrying click action, attempt #149
      -   waiting 500ms
      -   waiting for element to be visible, enabled and stable
      -   element is visible, enabled and stable
      -   scrolling into view if needed
      -   done scrolling
      -   <mat-label _ngcontent-ng-c2013501738="" class="ng-tns-c3736…>Search Patient name , mrn</mat-label> from <div matformfieldnotchedoutline="" class="mdc-notched…>…</div> subtree intercepts pointer events
      - retrying click action, attempt #150
      -   waiting 500ms


       at classes\patientsPage.ts:54

      52 |     //search patient name (fillable)
      53 |     async searchPatient(patient){
    > 54 |         await this.page.getByLabel('Search Patient name , mrn').click();
         |                                                                 ^
      55 |         await this.page.getByLabel('Search Patient name , mrn').fill(patient);
      56 |         await this.page.getByLabel('Search Patient name , mrn').press('Enter');
      57 |     }

        at PatientsPage.searchPatient (C:\Users\white\work\mbh-playwright\classes\patientsPage.ts:54:65)
        at C:\Users\white\work\mbh-playwright\mbhpatientschvisit.mbhpages.ts:138:20

    attachment #1: screenshot (image/png) ──────────────────────────────────────────────────────────
    test-results\mbhpatientschvisit.mbhpage-6d70f-drop-downs-on-patient-visit-chrome\test-failed-1.png
    ────────────────────────────────────────────────────────────────────────────────────────────────

    attachment #2: video (video/webm) ──────────────────────────────────────────────────────────────
    test-results\mbhpatientschvisit.mbhpage-6d70f-drop-downs-on-patient-visit-chrome\video.webm
    ────────────────────────────────────────────────────────────────────────────────────────────────
]]>
</failure>
<system-out>
<![CDATA[
[[ATTACHMENT|test-results\mbhpatientschvisit.mbhpage-6d70f-drop-downs-on-patient-visit-chrome\test-failed-1.png]]

[[ATTACHMENT|test-results\mbhpatientschvisit.mbhpage-6d70f-drop-downs-on-patient-visit-chrome\video.webm]]
]]>
</system-out>
</testcase>
</testsuite>
<testsuite name="mbhqualitymetricupdates.mbhpages.ts" timestamp="2024-06-14T15:04:44.957Z" hostname="chrome" tests="1" failures="0" skipped="0" time="18.751" errors="0">
<testcase name="quality metric update" classname="mbhqualitymetricupdates.mbhpages.ts" time="18.751">
<properties>
<property name="slow" value="">
</property>
</properties>
<system-out>
<![CDATA[
[[ATTACHMENT|test-results\mbhqualitymetricupdates.mbhpages.ts-quality-metric-update-chrome\test-finished-1.png]]

[[ATTACHMENT|test-results\mbhqualitymetricupdates.mbhpages.ts-quality-metric-update-chrome\video.webm]]
]]>
</system-out>
</testcase>
</testsuite>
<testsuite name="mbhregiontest.mbhpages.ts" timestamp="2024-06-14T15:04:44.957Z" hostname="chrome" tests="1" failures="1" skipped="0" time="95.945" errors="0">
<testcase name="region regression testing" classname="mbhregiontest.mbhpages.ts" time="95.945">
<properties>
<property name="slow" value="">
</property>
</properties>
<failure message="mbhregiontest.mbhpages.ts:12:5 region regression testing" type="FAILURE">
<![CDATA[  [chrome] › mbhregiontest.mbhpages.ts:12:5 › region regression testing ────────────────────────────

    Test timeout of 90000ms exceeded.

    Error: locator.click: Test timeout of 90000ms exceeded.
    Call log:
      - waiting for getByLabel('Region Name *')


       at classes\regionsPage.ts:55

      53 |     async newRegion(regionName,regionCode,regionStatus){
      54 |         //add region name (fillable)
    > 55 |         await this.page.getByLabel('Region Name *').click();
         |                                                     ^
      56 |         await this.page.getByLabel('Region Name *').fill(regionName);
      57 |         //add region code (fillable)
      58 |         await this.page.getByLabel('Region Code *').click();

        at CasetypesmappingPage.newRegion (C:\Users\white\work\mbh-playwright\classes\regionsPage.ts:55:53)
        at C:\Users\white\work\mbh-playwright\mbhregiontest.mbhpages.ts:28:18

    attachment #1: screenshot (image/png) ──────────────────────────────────────────────────────────
    test-results\mbhregiontest.mbhpages.ts-region-regression-testing-chrome\test-failed-1.png
    ────────────────────────────────────────────────────────────────────────────────────────────────

    attachment #2: video (video/webm) ──────────────────────────────────────────────────────────────
    test-results\mbhregiontest.mbhpages.ts-region-regression-testing-chrome\video.webm
    ────────────────────────────────────────────────────────────────────────────────────────────────
]]>
</failure>
<system-out>
<![CDATA[
[[ATTACHMENT|test-results\mbhregiontest.mbhpages.ts-region-regression-testing-chrome\test-failed-1.png]]

[[ATTACHMENT|test-results\mbhregiontest.mbhpages.ts-region-regression-testing-chrome\video.webm]]
]]>
</system-out>
</testcase>
</testsuite>
<testsuite name="mbhreporttitle.mbhpages.ts" timestamp="2024-06-14T15:04:44.957Z" hostname="chrome" tests="2" failures="1" skipped="0" time="117.426" errors="0">
<testcase name="verify report title" classname="mbhreporttitle.mbhpages.ts" time="21.87">
<properties>
<property name="slow" value="">
</property>
</properties>
<system-out>
<![CDATA[
[[ATTACHMENT|test-results\mbhreporttitle.mbhpages.ts-verify-report-title-chrome\test-finished-1.png]]

[[ATTACHMENT|test-results\mbhreporttitle.mbhpages.ts-verify-report-title-chrome\video.webm]]
]]>
</system-out>
</testcase>
<testcase name="verify report data shows" classname="mbhreporttitle.mbhpages.ts" time="95.556">
<properties>
<property name="slow" value="">
</property>
</properties>
<failure message="mbhreporttitle.mbhpages.ts:29:5 verify report data shows" type="FAILURE">
<![CDATA[  [chrome] › mbhreporttitle.mbhpages.ts:29:5 › verify report data shows ────────────────────────────

    Test timeout of 90000ms exceeded.

    Error: locator.click: Test timeout of 90000ms exceeded.
    Call log:
      - waiting for getByLabel('Date range *').locator('div').nth(2)


       at classes\reportsPage.ts:85

      83 |         //date range (drop down)
      84 |     async selectDateRange(dateRange,startyear?,startMonth?,startDay?,endyear?,endMonth?,endDay?){
    > 85 |         await this.page.getByLabel('Date range *').locator('div').nth(2).click();
         |                                                                          ^
      86 |         await this.page.getByText(dateRange).click();
      87 |             /**date range
      88 |              * Last 3 Months

        at ReportsPage.selectDateRange (C:\Users\white\work\mbh-playwright\classes\reportsPage.ts:85:74)
        at C:\Users\white\work\mbh-playwright\mbhreporttitle.mbhpages.ts:46:19

    attachment #1: screenshot (image/png) ──────────────────────────────────────────────────────────
    test-results\mbhreporttitle.mbhpages.ts-verify-report-data-shows-chrome\test-failed-1.png
    ────────────────────────────────────────────────────────────────────────────────────────────────

    attachment #2: video (video/webm) ──────────────────────────────────────────────────────────────
    test-results\mbhreporttitle.mbhpages.ts-verify-report-data-shows-chrome\video.webm
    ────────────────────────────────────────────────────────────────────────────────────────────────
]]>
</failure>
<system-out>
<![CDATA[
[[ATTACHMENT|test-results\mbhreporttitle.mbhpages.ts-verify-report-data-shows-chrome\test-failed-1.png]]

[[ATTACHMENT|test-results\mbhreporttitle.mbhpages.ts-verify-report-data-shows-chrome\video.webm]]
]]>
</system-out>
</testcase>
</testsuite>
<testsuite name="mbhschchronic.mbhpages.ts" timestamp="2024-06-14T15:04:44.957Z" hostname="chrome" tests="1" failures="1" skipped="0" time="95.341" errors="0">
<testcase name="chronic visit" classname="mbhschchronic.mbhpages.ts" time="95.341">
<properties>
<property name="slow" value="">
</property>
</properties>
<failure message="mbhschchronic.mbhpages.ts:7:5 chronic visit" type="FAILURE">
<![CDATA[  [chrome] › mbhschchronic.mbhpages.ts:7:5 › chronic visit ─────────────────────────────────────────

    Test timeout of 90000ms exceeded.

    Error: locator.click: Test timeout of 90000ms exceeded.
    Call log:
      - waiting for locator('.mat-checkbox-inner-container').first()


       at classes\worklistPage.ts:475

      473 |          //*New */
      474 |          //select the new check box
    > 475 |          await this.page.locator('.mat-checkbox-inner-container').first().click();
          |                                                                           ^
      476 |          //first name
      477 |          await this.page.getByLabel('First Name *').click();
      478 |          await this.page.getByLabel('First Name *').fill(fname);

        at WorklistPage.scheduleChronicVisit (C:\Users\white\work\mbh-playwright\classes\worklistPage.ts:475:75)
        at C:\Users\white\work\mbh-playwright\mbhschchronic.mbhpages.ts:22:5

    attachment #1: screenshot (image/png) ──────────────────────────────────────────────────────────
    test-results\mbhschchronic.mbhpages.ts-chronic-visit-chrome\test-failed-1.png
    ────────────────────────────────────────────────────────────────────────────────────────────────

    attachment #2: video (video/webm) ──────────────────────────────────────────────────────────────
    test-results\mbhschchronic.mbhpages.ts-chronic-visit-chrome\video.webm
    ────────────────────────────────────────────────────────────────────────────────────────────────
]]>
</failure>
<system-out>
<![CDATA[
[[ATTACHMENT|test-results\mbhschchronic.mbhpages.ts-chronic-visit-chrome\test-failed-1.png]]

[[ATTACHMENT|test-results\mbhschchronic.mbhpages.ts-chronic-visit-chrome\video.webm]]
]]>
</system-out>
</testcase>
</testsuite>
<testsuite name="mbhschsurgical.mbhpages.ts" timestamp="2024-06-14T15:04:44.957Z" hostname="chrome" tests="1" failures="1" skipped="0" time="95.438" errors="0">
<testcase name="surgical visit" classname="mbhschsurgical.mbhpages.ts" time="95.438">
<properties>
<property name="slow" value="">
</property>
</properties>
<failure message="mbhschsurgical.mbhpages.ts:7:5 surgical visit" type="FAILURE">
<![CDATA[  [chrome] › mbhschsurgical.mbhpages.ts:7:5 › surgical visit ───────────────────────────────────────

    Test timeout of 90000ms exceeded.

    Error: locator.click: Test timeout of 90000ms exceeded.
    Call log:
      - waiting for locator('.mat-checkbox-inner-container').first()


       at classes\worklistPage.ts:245

      243 |          //*New */
      244 |          //select the new check box
    > 245 |          await this.page.locator('.mat-checkbox-inner-container').first().click();
          |                                                                           ^
      246 |          //first name
      247 |          await this.page.getByLabel('First Name *').click();
      248 |          await this.page.getByLabel('First Name *').fill(fname);

        at WorklistPage.scheduleSurgicalVisit (C:\Users\white\work\mbh-playwright\classes\worklistPage.ts:245:75)
        at C:\Users\white\work\mbh-playwright\mbhschsurgical.mbhpages.ts:22:5

    attachment #1: screenshot (image/png) ──────────────────────────────────────────────────────────
    test-results\mbhschsurgical.mbhpages.ts-surgical-visit-chrome\test-failed-1.png
    ────────────────────────────────────────────────────────────────────────────────────────────────

    attachment #2: video (video/webm) ──────────────────────────────────────────────────────────────
    test-results\mbhschsurgical.mbhpages.ts-surgical-visit-chrome\video.webm
    ────────────────────────────────────────────────────────────────────────────────────────────────
]]>
</failure>
<system-out>
<![CDATA[
[[ATTACHMENT|test-results\mbhschsurgical.mbhpages.ts-surgical-visit-chrome\test-failed-1.png]]

[[ATTACHMENT|test-results\mbhschsurgical.mbhpages.ts-surgical-visit-chrome\video.webm]]
]]>
</system-out>
</testcase>
</testsuite>
<testsuite name="mbhsmartsections.mbhpages.ts" timestamp="2024-06-14T15:04:44.957Z" hostname="chrome" tests="2" failures="2" skipped="0" time="186.332" errors="0">
<testcase name="add smart section" classname="mbhsmartsections.mbhpages.ts" time="96.213">
<properties>
<property name="slow" value="">
</property>
</properties>
<failure message="mbhsmartsections.mbhpages.ts:7:5 add smart section" type="FAILURE">
<![CDATA[  [chrome] › mbhsmartsections.mbhpages.ts:7:5 › add smart section ──────────────────────────────────

    Test timeout of 90000ms exceeded.

    Error: locator.click: Test timeout of 90000ms exceeded.
    Call log:
      - waiting for getByRole('button', { name: '' })


       at classes\smartsectionsPage.ts:118

      116 |         //back arrow button
      117 |         async backArrow(){
    > 118 |             await this.page.getByRole('button',{name:''}).click();
          |                                                            ^
      119 |         }
      120 |
      121 |         //delete

        at SmartsectionsPage.backArrow (C:\Users\white\work\mbh-playwright\classes\smartsectionsPage.ts:118:60)
        at C:\Users\white\work\mbh-playwright\mbhsmartsections.mbhpages.ts:22:17

    attachment #1: screenshot (image/png) ──────────────────────────────────────────────────────────
    test-results\mbhsmartsections.mbhpages.ts-add-smart-section-chrome\test-failed-1.png
    ────────────────────────────────────────────────────────────────────────────────────────────────

    attachment #2: video (video/webm) ──────────────────────────────────────────────────────────────
    test-results\mbhsmartsections.mbhpages.ts-add-smart-section-chrome\video.webm
    ────────────────────────────────────────────────────────────────────────────────────────────────
]]>
</failure>
<system-out>
<![CDATA[
[[ATTACHMENT|test-results\mbhsmartsections.mbhpages.ts-add-smart-section-chrome\test-failed-1.png]]

[[ATTACHMENT|test-results\mbhsmartsections.mbhpages.ts-add-smart-section-chrome\video.webm]]
]]>
</system-out>
</testcase>
<testcase name="edit smart section" classname="mbhsmartsections.mbhpages.ts" time="90.119">
<properties>
<property name="slow" value="">
</property>
</properties>
<failure message="mbhsmartsections.mbhpages.ts:34:5 edit smart section" type="FAILURE">
<![CDATA[  [chrome] › mbhsmartsections.mbhpages.ts:34:5 › edit smart section ────────────────────────────────

    Test timeout of 90000ms exceeded.

    attachment #1: screenshot (image/png) ──────────────────────────────────────────────────────────
    test-results\mbhsmartsections.mbhpages.ts-edit-smart-section-chrome\test-failed-1.png
    ────────────────────────────────────────────────────────────────────────────────────────────────

    attachment #2: video (video/webm) ──────────────────────────────────────────────────────────────
    test-results\mbhsmartsections.mbhpages.ts-edit-smart-section-chrome\video.webm
    ────────────────────────────────────────────────────────────────────────────────────────────────
]]>
</failure>
<system-out>
<![CDATA[
[[ATTACHMENT|test-results\mbhsmartsections.mbhpages.ts-edit-smart-section-chrome\test-failed-1.png]]

[[ATTACHMENT|test-results\mbhsmartsections.mbhpages.ts-edit-smart-section-chrome\video.webm]]
]]>
</system-out>
</testcase>
</testsuite>
<testsuite name="mbhswitchworklist.mbhpages.ts" timestamp="2024-06-14T15:04:44.957Z" hostname="chrome" tests="3" failures="1" skipped="0" time="141.305" errors="0">
<testcase name="switch worklist" classname="mbhswitchworklist.mbhpages.ts" time="18.521">
<properties>
<property name="slow" value="">
</property>
</properties>
<system-out>
<![CDATA[
[[ATTACHMENT|test-results\mbhswitchworklist.mbhpages.ts-switch-worklist-chrome\test-finished-1.png]]

[[ATTACHMENT|test-results\mbhswitchworklist.mbhpages.ts-switch-worklist-chrome\video.webm]]
]]>
</system-out>
</testcase>
<testcase name="switch worklist paitent visit" classname="mbhswitchworklist.mbhpages.ts" time="95.349">
<properties>
<property name="slow" value="">
</property>
</properties>
<failure message="mbhswitchworklist.mbhpages.ts:26:5 switch worklist paitent visit" type="FAILURE">
<![CDATA[  [chrome] › mbhswitchworklist.mbhpages.ts:26:5 › switch worklist paitent visit ────────────────────

    Test timeout of 90000ms exceeded.

    Error: locator.focus: Test timeout of 90000ms exceeded.
    Call log:
      - waiting for getByText('Jack Black', { exact: true }).first()


       at classes\worklistPage.ts:190

      188 |     // select patient visit from worklist
      189 |     async selectPatientfromSearch(patient){
    > 190 |         await this.page.getByText(patient,{exact:true}).first().focus();
          |                                                                 ^
      191 |         await this.page.getByText(patient,{exact:true}).first().click();
      192 |     }
      193 |     async backarrow(){

        at WorklistPage.selectPatientfromSearch (C:\Users\white\work\mbh-playwright\classes\worklistPage.ts:190:65)
        at C:\Users\white\work\mbh-playwright\mbhswitchworklist.mbhpages.ts:41:20

    attachment #1: screenshot (image/png) ──────────────────────────────────────────────────────────
    test-results\mbhswitchworklist.mbhpages.ts-switch-worklist-paitent-visit-chrome\test-failed-1.png
    ────────────────────────────────────────────────────────────────────────────────────────────────

    attachment #2: video (video/webm) ──────────────────────────────────────────────────────────────
    test-results\mbhswitchworklist.mbhpages.ts-switch-worklist-paitent-visit-chrome\video.webm
    ────────────────────────────────────────────────────────────────────────────────────────────────
]]>
</failure>
<system-out>
<![CDATA[
[[ATTACHMENT|test-results\mbhswitchworklist.mbhpages.ts-switch-worklist-paitent-visit-chrome\test-failed-1.png]]

[[ATTACHMENT|test-results\mbhswitchworklist.mbhpages.ts-switch-worklist-paitent-visit-chrome\video.webm]]
]]>
</system-out>
</testcase>
<testcase name="switch worklist pagination" classname="mbhswitchworklist.mbhpages.ts" time="27.435">
<properties>
<property name="slow" value="">
</property>
</properties>
<system-out>
<![CDATA[
[[ATTACHMENT|test-results\mbhswitchworklist.mbhpages.ts-switch-worklist-pagination-chrome\test-finished-1.png]]

[[ATTACHMENT|test-results\mbhswitchworklist.mbhpages.ts-switch-worklist-pagination-chrome\video.webm]]
]]>
</system-out>
</testcase>
</testsuite>
<testsuite name="mbhuserpermissions.mbhpages.ts" timestamp="2024-06-14T15:04:44.957Z" hostname="chrome" tests="1" failures="1" skipped="0" time="96.812" errors="0">
<testcase name="test user permission for region" classname="mbhuserpermissions.mbhpages.ts" time="96.812">
<properties>
<property name="slow" value="">
</property>
</properties>
<failure message="mbhuserpermissions.mbhpages.ts:5:5 test user permission for region" type="FAILURE">
<![CDATA[  [chrome] › mbhuserpermissions.mbhpages.ts:5:5 › test user permission for region ──────────────────

    Test timeout of 90000ms exceeded.

    Error: locator.click: Test timeout of 90000ms exceeded.
    Call log:
      - waiting for getByRole('link', { name: 'Reports' })


       at classes\reportsPage.ts:22

      20 |     //select reports from navigation menu
      21 |     async selectReports(){
    > 22 |         await this.page.getByRole('link',{name:'Reports'}).click();
         |                                                            ^
      23 |     }    
      24 |
      25 |     //search report name (fillable)

        at ReportsPage.selectReports (C:\Users\white\work\mbh-playwright\classes\reportsPage.ts:22:60)
        at C:\Users\white\work\mbh-playwright\mbhuserpermissions.mbhpages.ts:15:19

    attachment #1: screenshot (image/png) ──────────────────────────────────────────────────────────
    test-results\mbhuserpermissions.mbhpage-3f460--user-permission-for-region-chrome\test-failed-1.png
    ────────────────────────────────────────────────────────────────────────────────────────────────

    attachment #2: video (video/webm) ──────────────────────────────────────────────────────────────
    test-results\mbhuserpermissions.mbhpage-3f460--user-permission-for-region-chrome\video.webm
    ────────────────────────────────────────────────────────────────────────────────────────────────
]]>
</failure>
<system-out>
<![CDATA[
[[ATTACHMENT|test-results\mbhuserpermissions.mbhpage-3f460--user-permission-for-region-chrome\test-failed-1.png]]

[[ATTACHMENT|test-results\mbhuserpermissions.mbhpage-3f460--user-permission-for-region-chrome\video.webm]]
]]>
</system-out>
</testcase>
</testsuite>
<testsuite name="mbhuserstest.mbhpages.ts" timestamp="2024-06-14T15:04:44.957Z" hostname="chrome" tests="1" failures="1" skipped="0" time="96.09" errors="0">
<testcase name="test user permission for region" classname="mbhuserstest.mbhpages.ts" time="96.09">
<properties>
<property name="slow" value="">
</property>
</properties>
<failure message="mbhuserstest.mbhpages.ts:18:5 test user permission for region" type="FAILURE">
<![CDATA[  [chrome] › mbhuserstest.mbhpages.ts:18:5 › test user permission for region ───────────────────────

    Test timeout of 90000ms exceeded.

    Error: locator.click: Test timeout of 90000ms exceeded.
    Call log:
      - waiting for getByLabel('First Name *')


       at classes\usersPage.ts:44

      42 |     async newUser(fname,lname,email,cadmin,contents,users,clinical,reports,mapping,ustatus){
      43 |         //first name
    > 44 |         await this.page.getByLabel('First Name *').click();
         |                                                    ^
      45 |         await this.page.getByLabel('First Name *').fill(fname);
      46 |         //last name
      47 |         await this.page.getByLabel('Last Name *').click();

        at UsersPage.newUser (C:\Users\white\work\mbh-playwright\classes\usersPage.ts:44:52)
        at C:\Users\white\work\mbh-playwright\mbhuserstest.mbhpages.ts:30:16

    attachment #1: screenshot (image/png) ──────────────────────────────────────────────────────────
    test-results\mbhuserstest.mbhpages.ts-test-user-permission-for-region-chrome\test-failed-1.png
    ────────────────────────────────────────────────────────────────────────────────────────────────

    attachment #2: video (video/webm) ──────────────────────────────────────────────────────────────
    test-results\mbhuserstest.mbhpages.ts-test-user-permission-for-region-chrome\video.webm
    ────────────────────────────────────────────────────────────────────────────────────────────────
]]>
</failure>
<system-out>
<![CDATA[
[[ATTACHMENT|test-results\mbhuserstest.mbhpages.ts-test-user-permission-for-region-chrome\test-failed-1.png]]

[[ATTACHMENT|test-results\mbhuserstest.mbhpages.ts-test-user-permission-for-region-chrome\video.webm]]
]]>
</system-out>
</testcase>
</testsuite>
<testsuite name="mbhverifydoc.mbhpages.ts" timestamp="2024-06-14T15:04:44.957Z" hostname="chrome" tests="1" failures="1" skipped="0" time="95.2" errors="0">
<testcase name="verify document type" classname="mbhverifydoc.mbhpages.ts" time="95.2">
<properties>
<property name="slow" value="">
</property>
</properties>
<failure message="mbhverifydoc.mbhpages.ts:7:5 verify document type" type="FAILURE">
<![CDATA[  [chrome] › mbhverifydoc.mbhpages.ts:7:5 › verify document type ───────────────────────────────────

    Test timeout of 90000ms exceeded.

    Error: locator.focus: Test timeout of 90000ms exceeded.
    Call log:
      - waiting for getByText('Sam Smyth', { exact: true }).first()


       at classes\worklistPage.ts:190

      188 |     // select patient visit from worklist
      189 |     async selectPatientfromSearch(patient){
    > 190 |         await this.page.getByText(patient,{exact:true}).first().focus();
          |                                                                 ^
      191 |         await this.page.getByText(patient,{exact:true}).first().click();
      192 |     }
      193 |     async backarrow(){

        at WorklistPage.selectPatientfromSearch (C:\Users\white\work\mbh-playwright\classes\worklistPage.ts:190:65)
        at C:\Users\white\work\mbh-playwright\mbhverifydoc.mbhpages.ts:22:20

    attachment #1: screenshot (image/png) ──────────────────────────────────────────────────────────
    test-results\mbhverifydoc.mbhpages.ts-verify-document-type-chrome\test-failed-1.png
    ────────────────────────────────────────────────────────────────────────────────────────────────

    attachment #2: video (video/webm) ──────────────────────────────────────────────────────────────
    test-results\mbhverifydoc.mbhpages.ts-verify-document-type-chrome\video.webm
    ────────────────────────────────────────────────────────────────────────────────────────────────
]]>
</failure>
<system-out>
<![CDATA[
[[ATTACHMENT|test-results\mbhverifydoc.mbhpages.ts-verify-document-type-chrome\test-failed-1.png]]

[[ATTACHMENT|test-results\mbhverifydoc.mbhpages.ts-verify-document-type-chrome\video.webm]]
]]>
</system-out>
</testcase>
</testsuite>
<testsuite name="mbhworklist.mbhpages.ts" timestamp="2024-06-14T15:04:44.957Z" hostname="chrome" tests="3" failures="3" skipped="0" time="275.668" errors="0">
<testcase name="worklist" classname="mbhworklist.mbhpages.ts" time="95.422">
<properties>
<property name="slow" value="">
</property>
</properties>
<failure message="mbhworklist.mbhpages.ts:7:5 worklist" type="FAILURE">
<![CDATA[  [chrome] › mbhworklist.mbhpages.ts:7:5 › worklist ────────────────────────────────────────────────

    Test timeout of 90000ms exceeded.

    Error: locator.click: Test timeout of 90000ms exceeded.
    Call log:
      - waiting for locator('.mat-checkbox-inner-container')


       at classes\worklistPage.ts:81

      79 |     async unselectAllCaseTypes(){
      80 |         await this.page.getByLabel('Case Type').locator('div').nth(3).click();//selects the case type drop down
    > 81 |         await this.page.locator('.mat-checkbox-inner-container').click({delay:100}); //deselects the select all case type
         |                                                                  ^
      82 |     }
      83 |     //Select Case Type function
      84 |     async selectCaseType(casetype: string){

        at WorklistPage.unselectAllCaseTypes (C:\Users\white\work\mbh-playwright\classes\worklistPage.ts:81:66)
        at C:\Users\white\work\mbh-playwright\mbhworklist.mbhpages.ts:23:3

    attachment #1: screenshot (image/png) ──────────────────────────────────────────────────────────
    test-results\mbhworklist.mbhpages.ts-worklist-chrome\test-failed-1.png
    ────────────────────────────────────────────────────────────────────────────────────────────────

    attachment #2: video (video/webm) ──────────────────────────────────────────────────────────────
    test-results\mbhworklist.mbhpages.ts-worklist-chrome\video.webm
    ────────────────────────────────────────────────────────────────────────────────────────────────
]]>
</failure>
<system-out>
<![CDATA[
[[ATTACHMENT|test-results\mbhworklist.mbhpages.ts-worklist-chrome\test-failed-1.png]]

[[ATTACHMENT|test-results\mbhworklist.mbhpages.ts-worklist-chrome\video.webm]]
]]>
</system-out>
</testcase>
<testcase name="add communication" classname="mbhworklist.mbhpages.ts" time="90.133">
<properties>
<property name="slow" value="">
</property>
</properties>
<failure message="mbhworklist.mbhpages.ts:31:5 add communication" type="FAILURE">
<![CDATA[  [chrome] › mbhworklist.mbhpages.ts:31:5 › add communication ──────────────────────────────────────

    Test timeout of 90000ms exceeded.

    attachment #1: screenshot (image/png) ──────────────────────────────────────────────────────────
    test-results\mbhworklist.mbhpages.ts-add-communication-chrome\test-failed-1.png
    ────────────────────────────────────────────────────────────────────────────────────────────────

    attachment #2: video (video/webm) ──────────────────────────────────────────────────────────────
    test-results\mbhworklist.mbhpages.ts-add-communication-chrome\video.webm
    ────────────────────────────────────────────────────────────────────────────────────────────────
]]>
</failure>
<system-out>
<![CDATA[
[[ATTACHMENT|test-results\mbhworklist.mbhpages.ts-add-communication-chrome\test-failed-1.png]]

[[ATTACHMENT|test-results\mbhworklist.mbhpages.ts-add-communication-chrome\video.webm]]
]]>
</system-out>
</testcase>
<testcase name="edit communication" classname="mbhworklist.mbhpages.ts" time="90.113">
<properties>
<property name="slow" value="">
</property>
</properties>
<failure message="mbhworklist.mbhpages.ts:53:5 edit communication" type="FAILURE">
<![CDATA[  [chrome] › mbhworklist.mbhpages.ts:53:5 › edit communication ─────────────────────────────────────

    Test timeout of 90000ms exceeded.

    attachment #1: screenshot (image/png) ──────────────────────────────────────────────────────────
    test-results\mbhworklist.mbhpages.ts-edit-communication-chrome\test-failed-1.png
    ────────────────────────────────────────────────────────────────────────────────────────────────

    attachment #2: video (video/webm) ──────────────────────────────────────────────────────────────
    test-results\mbhworklist.mbhpages.ts-edit-communication-chrome\video.webm
    ────────────────────────────────────────────────────────────────────────────────────────────────
]]>
</failure>
<system-out>
<![CDATA[
[[ATTACHMENT|test-results\mbhworklist.mbhpages.ts-edit-communication-chrome\test-failed-1.png]]

[[ATTACHMENT|test-results\mbhworklist.mbhpages.ts-edit-communication-chrome\video.webm]]
]]>
</system-out>
</testcase>
</testsuite>
<testsuite name="mbhworklistfilter.mbhpages.ts" timestamp="2024-06-14T15:04:44.957Z" hostname="chrome" tests="6" failures="5" skipped="0" time="512.171" errors="0">
<testcase name="worklist filter date range test" classname="mbhworklistfilter.mbhpages.ts" time="35.486">
<properties>
<property name="slow" value="">
</property>
</properties>
<system-out>
<![CDATA[
[[ATTACHMENT|test-results\mbhworklistfilter.mbhpages-328d4-list-filter-date-range-test-chrome\test-finished-1.png]]

[[ATTACHMENT|test-results\mbhworklistfilter.mbhpages-328d4-list-filter-date-range-test-chrome\video.webm]]
]]>
</system-out>
</testcase>
<testcase name="worklist filter case type test" classname="mbhworklistfilter.mbhpages.ts" time="95.418">
<properties>
<property name="slow" value="">
</property>
</properties>
<failure message="mbhworklistfilter.mbhpages.ts:28:5 worklist filter case type test" type="FAILURE">
<![CDATA[  [chrome] › mbhworklistfilter.mbhpages.ts:28:5 › worklist filter case type test ───────────────────

    Test timeout of 90000ms exceeded.

    Error: locator.click: Test timeout of 90000ms exceeded.
    Call log:
      - waiting for locator('.mat-checkbox-inner-container')


       at classes\worklistPage.ts:81

      79 |     async unselectAllCaseTypes(){
      80 |         await this.page.getByLabel('Case Type').locator('div').nth(3).click();//selects the case type drop down
    > 81 |         await this.page.locator('.mat-checkbox-inner-container').click({delay:100}); //deselects the select all case type
         |                                                                  ^
      82 |     }
      83 |     //Select Case Type function
      84 |     async selectCaseType(casetype: string){

        at WorklistPage.unselectAllCaseTypes (C:\Users\white\work\mbh-playwright\classes\worklistPage.ts:81:66)
        at C:\Users\white\work\mbh-playwright\mbhworklistfilter.mbhpages.ts:43:3

    attachment #1: screenshot (image/png) ──────────────────────────────────────────────────────────
    test-results\mbhworklistfilter.mbhpages.ts-worklist-filter-case-type-test-chrome\test-failed-1.png
    ────────────────────────────────────────────────────────────────────────────────────────────────

    attachment #2: video (video/webm) ──────────────────────────────────────────────────────────────
    test-results\mbhworklistfilter.mbhpages.ts-worklist-filter-case-type-test-chrome\video.webm
    ────────────────────────────────────────────────────────────────────────────────────────────────
]]>
</failure>
<system-out>
<![CDATA[
[[ATTACHMENT|test-results\mbhworklistfilter.mbhpages.ts-worklist-filter-case-type-test-chrome\test-failed-1.png]]

[[ATTACHMENT|test-results\mbhworklistfilter.mbhpages.ts-worklist-filter-case-type-test-chrome\video.webm]]
]]>
</system-out>
</testcase>
<testcase name="retain worklist filter test" classname="mbhworklistfilter.mbhpages.ts" time="95.357">
<properties>
<property name="slow" value="">
</property>
</properties>
<failure message="mbhworklistfilter.mbhpages.ts:48:5 retain worklist filter test" type="FAILURE">
<![CDATA[  [chrome] › mbhworklistfilter.mbhpages.ts:48:5 › retain worklist filter test ──────────────────────

    Test timeout of 90000ms exceeded.

    Error: locator.click: Test timeout of 90000ms exceeded.
    Call log:
      - waiting for locator('.mat-checkbox-inner-container')


       at classes\worklistPage.ts:81

      79 |     async unselectAllCaseTypes(){
      80 |         await this.page.getByLabel('Case Type').locator('div').nth(3).click();//selects the case type drop down
    > 81 |         await this.page.locator('.mat-checkbox-inner-container').click({delay:100}); //deselects the select all case type
         |                                                                  ^
      82 |     }
      83 |     //Select Case Type function
      84 |     async selectCaseType(casetype: string){

        at WorklistPage.unselectAllCaseTypes (C:\Users\white\work\mbh-playwright\classes\worklistPage.ts:81:66)
        at C:\Users\white\work\mbh-playwright\mbhworklistfilter.mbhpages.ts:63:3

    attachment #1: screenshot (image/png) ──────────────────────────────────────────────────────────
    test-results\mbhworklistfilter.mbhpages.ts-retain-worklist-filter-test-chrome\test-failed-1.png
    ────────────────────────────────────────────────────────────────────────────────────────────────

    attachment #2: video (video/webm) ──────────────────────────────────────────────────────────────
    test-results\mbhworklistfilter.mbhpages.ts-retain-worklist-filter-test-chrome\video.webm
    ────────────────────────────────────────────────────────────────────────────────────────────────
]]>
</failure>
<system-out>
<![CDATA[
[[ATTACHMENT|test-results\mbhworklistfilter.mbhpages.ts-retain-worklist-filter-test-chrome\test-failed-1.png]]

[[ATTACHMENT|test-results\mbhworklistfilter.mbhpages.ts-retain-worklist-filter-test-chrome\video.webm]]
]]>
</system-out>
</testcase>
<testcase name="retain surgical worklist filter test" classname="mbhworklistfilter.mbhpages.ts" time="95.278">
<properties>
<property name="slow" value="">
</property>
</properties>
<failure message="mbhworklistfilter.mbhpages.ts:71:5 retain surgical worklist filter test" type="FAILURE">
<![CDATA[  [chrome] › mbhworklistfilter.mbhpages.ts:71:5 › retain surgical worklist filter test ─────────────

    Test timeout of 90000ms exceeded.

    Error: locator.click: Test timeout of 90000ms exceeded.
    Call log:
      - waiting for locator('.mat-checkbox-inner-container')


       at classes\worklistPage.ts:81

      79 |     async unselectAllCaseTypes(){
      80 |         await this.page.getByLabel('Case Type').locator('div').nth(3).click();//selects the case type drop down
    > 81 |         await this.page.locator('.mat-checkbox-inner-container').click({delay:100}); //deselects the select all case type
         |                                                                  ^
      82 |     }
      83 |     //Select Case Type function
      84 |     async selectCaseType(casetype: string){

        at WorklistPage.unselectAllCaseTypes (C:\Users\white\work\mbh-playwright\classes\worklistPage.ts:81:66)
        at C:\Users\white\work\mbh-playwright\mbhworklistfilter.mbhpages.ts:86:3

    attachment #1: screenshot (image/png) ──────────────────────────────────────────────────────────
    test-results\mbhworklistfilter.mbhpages-d0ef3-rgical-worklist-filter-test-chrome\test-failed-1.png
    ────────────────────────────────────────────────────────────────────────────────────────────────

    attachment #2: video (video/webm) ──────────────────────────────────────────────────────────────
    test-results\mbhworklistfilter.mbhpages-d0ef3-rgical-worklist-filter-test-chrome\video.webm
    ────────────────────────────────────────────────────────────────────────────────────────────────
]]>
</failure>
<system-out>
<![CDATA[
[[ATTACHMENT|test-results\mbhworklistfilter.mbhpages-d0ef3-rgical-worklist-filter-test-chrome\test-failed-1.png]]

[[ATTACHMENT|test-results\mbhworklistfilter.mbhpages-d0ef3-rgical-worklist-filter-test-chrome\video.webm]]
]]>
</system-out>
</testcase>
<testcase name="retain non surgical worklist filter test" classname="mbhworklistfilter.mbhpages.ts" time="95.311">
<properties>
<property name="slow" value="">
</property>
</properties>
<failure message="mbhworklistfilter.mbhpages.ts:92:5 retain non surgical worklist filter test" type="FAILURE">
<![CDATA[  [chrome] › mbhworklistfilter.mbhpages.ts:92:5 › retain non surgical worklist filter test ─────────

    Test timeout of 90000ms exceeded.

    Error: locator.click: Test timeout of 90000ms exceeded.
    Call log:
      - waiting for locator('.mat-checkbox-inner-container')


       at classes\worklistPage.ts:81

      79 |     async unselectAllCaseTypes(){
      80 |         await this.page.getByLabel('Case Type').locator('div').nth(3).click();//selects the case type drop down
    > 81 |         await this.page.locator('.mat-checkbox-inner-container').click({delay:100}); //deselects the select all case type
         |                                                                  ^
      82 |     }
      83 |     //Select Case Type function
      84 |     async selectCaseType(casetype: string){

        at WorklistPage.unselectAllCaseTypes (C:\Users\white\work\mbh-playwright\classes\worklistPage.ts:81:66)
        at C:\Users\white\work\mbh-playwright\mbhworklistfilter.mbhpages.ts:107:3

    attachment #1: screenshot (image/png) ──────────────────────────────────────────────────────────
    test-results\mbhworklistfilter.mbhpages-ccebf-rgical-worklist-filter-test-chrome\test-failed-1.png
    ────────────────────────────────────────────────────────────────────────────────────────────────

    attachment #2: video (video/webm) ──────────────────────────────────────────────────────────────
    test-results\mbhworklistfilter.mbhpages-ccebf-rgical-worklist-filter-test-chrome\video.webm
    ────────────────────────────────────────────────────────────────────────────────────────────────
]]>
</failure>
<system-out>
<![CDATA[
[[ATTACHMENT|test-results\mbhworklistfilter.mbhpages-ccebf-rgical-worklist-filter-test-chrome\test-failed-1.png]]

[[ATTACHMENT|test-results\mbhworklistfilter.mbhpages-ccebf-rgical-worklist-filter-test-chrome\video.webm]]
]]>
</system-out>
</testcase>
<testcase name="Worklist pagination" classname="mbhworklistfilter.mbhpages.ts" time="95.321">
<properties>
<property name="slow" value="">
</property>
</properties>
<failure message="mbhworklistfilter.mbhpages.ts:113:5 Worklist pagination" type="FAILURE">
<![CDATA[  [chrome] › mbhworklistfilter.mbhpages.ts:113:5 › Worklist pagination ─────────────────────────────

    Test timeout of 90000ms exceeded.

    Error: locator.scrollIntoViewIfNeeded: Test timeout of 90000ms exceeded.
    Call log:
      - waiting for getByText('›', { exact: true })


       at classes\worklistPage.ts:943

      941 |
      942 |     async worklistPagination(num){
    > 943 |         await this.page.getByText('›',{exact:true}).scrollIntoViewIfNeeded();
          |                                                     ^
      944 |         await this.page.getByRole('link', { name: num }).click({delay:1000});
      945 |     }
      946 |

        at WorklistPage.worklistPagination (C:\Users\white\work\mbh-playwright\classes\worklistPage.ts:943:53)
        at C:\Users\white\work\mbh-playwright\mbhworklistfilter.mbhpages.ts:128:18

    attachment #1: screenshot (image/png) ──────────────────────────────────────────────────────────
    test-results\mbhworklistfilter.mbhpages.ts-Worklist-pagination-chrome\test-failed-1.png
    ────────────────────────────────────────────────────────────────────────────────────────────────

    attachment #2: video (video/webm) ──────────────────────────────────────────────────────────────
    test-results\mbhworklistfilter.mbhpages.ts-Worklist-pagination-chrome\video.webm
    ────────────────────────────────────────────────────────────────────────────────────────────────
]]>
</failure>
<system-out>
<![CDATA[
[[ATTACHMENT|test-results\mbhworklistfilter.mbhpages.ts-Worklist-pagination-chrome\test-failed-1.png]]

[[ATTACHMENT|test-results\mbhworklistfilter.mbhpages.ts-Worklist-pagination-chrome\video.webm]]
]]>
</system-out>
</testcase>
</testsuite>
<testsuite name="sampleTest.mbhpages.ts" timestamp="2024-06-14T15:04:44.957Z" hostname="chrome" tests="1" failures="1" skipped="0" time="96.898" errors="0">
<testcase name="Sample test" classname="sampleTest.mbhpages.ts" time="96.898">
<properties>
<property name="slow" value="">
</property>
</properties>
<failure message="sampleTest.mbhpages.ts:19:5 Sample test" type="FAILURE">
<![CDATA[  [chrome] › sampleTest.mbhpages.ts:19:5 › Sample test ─────────────────────────────────────────────

    Test timeout of 90000ms exceeded.

    Error: locator.click: Test timeout of 90000ms exceeded.
    Call log:
      - waiting for getByRole('button', { name: 'MBH' })


       at classes\dashboardPage.ts:19

      17 |     //change button
      18 |     async clickClientDropDown(optionClient: string){
    > 19 |         await this.page.getByRole('button', {name:'MBH'}).click()
         |                                                           ^
      20 |         await this.page.getByLabel('MBH').locator('div').nth(3).click();//this selects the "drop down" for the client list
      21 |         /**
      22 |          * optionClient key for below 

        at DashboardPage.clickClientDropDown (C:\Users\white\work\mbh-playwright\classes\dashboardPage.ts:19:59)
        at C:\Users\white\work\mbh-playwright\sampleTest.mbhpages.ts:29:22

    attachment #1: screenshot (image/png) ──────────────────────────────────────────────────────────
    test-results\sampleTest.mbhpages.ts-Sample-test-chrome\test-failed-1.png
    ────────────────────────────────────────────────────────────────────────────────────────────────

    attachment #2: video (video/webm) ──────────────────────────────────────────────────────────────
    test-results\sampleTest.mbhpages.ts-Sample-test-chrome\video.webm
    ────────────────────────────────────────────────────────────────────────────────────────────────
]]>
</failure>
<system-out>
<![CDATA[
[[ATTACHMENT|test-results\sampleTest.mbhpages.ts-Sample-test-chrome\test-failed-1.png]]

[[ATTACHMENT|test-results\sampleTest.mbhpages.ts-Sample-test-chrome\video.webm]]
]]>
</system-out>
</testcase>
</testsuite>
<testsuite name="worklistFilterTest.mbhpages.ts" timestamp="2024-06-14T15:04:44.957Z" hostname="chrome" tests="1" failures="1" skipped="0" time="93.8" errors="0">
<testcase name="Worklist Filter Test" classname="worklistFilterTest.mbhpages.ts" time="93.8">
<properties>
<property name="slow" value="">
</property>
</properties>
<failure message="worklistFilterTest.mbhpages.ts:7:5 Worklist Filter Test" type="FAILURE">
<![CDATA[  [chrome] › worklistFilterTest.mbhpages.ts:7:5 › Worklist Filter Test ─────────────────────────────

    Test timeout of 90000ms exceeded.

    Error: locator.click: Test timeout of 90000ms exceeded.
    Call log:
      - waiting for getByRole('link', { name: 'Surgical', exact: true })


       at classes\worklistPage.ts:58

      56 |     //surgical menu option
      57 |     async clickSurgical(){
    > 58 |         await this.page.getByRole('link', {name: 'Surgical', exact:true}).click({delay:1000});// clicks the Surgical submenu from the worklist
         |                                                                           ^
      59 |     }
      60 |     //chronic menu option
      61 |     async clickChronic(){ //change name to clickNonSurgical?

        at WorklistPage.clickSurgical (C:\Users\white\work\mbh-playwright\classes\worklistPage.ts:58:75)
        at C:\Users\white\work\mbh-playwright\worklistFilterTest.mbhpages.ts:19:20

    attachment #1: screenshot (image/png) ──────────────────────────────────────────────────────────
    test-results\worklistFilterTest.mbhpages.ts-Worklist-Filter-Test-chrome\test-failed-1.png
    ────────────────────────────────────────────────────────────────────────────────────────────────

    attachment #2: video (video/webm) ──────────────────────────────────────────────────────────────
    test-results\worklistFilterTest.mbhpages.ts-Worklist-Filter-Test-chrome\video.webm
    ────────────────────────────────────────────────────────────────────────────────────────────────
]]>
</failure>
<system-out>
<![CDATA[
[[ATTACHMENT|test-results\worklistFilterTest.mbhpages.ts-Worklist-Filter-Test-chrome\test-failed-1.png]]

[[ATTACHMENT|test-results\worklistFilterTest.mbhpages.ts-Worklist-Filter-Test-chrome\video.webm]]
]]>
</system-out>
</testcase>
</testsuite>
</testsuites>